2025-07-29 01:45:48.267 [INFO    ] Variable 'SWC_F_MDS_10' might be missing from headers of file: /global/scratch/users/sytoanngo/data/RoundRobin_input/RR-005/99_fluxnet2015/FLX_RR-005_FLUXNET2015_FULLSET_YY_2010-2022_1-RR.csv [oneflux.pipeline.common]
2025-07-29 01:45:48.267 [INFO    ] Variable 'SWC_F_MDS_11' might be missing from headers of file: /global/scratch/users/sytoanngo/data/RoundRobin_input/RR-005/99_fluxnet2015/FLX_RR-005_FLUXNET2015_FULLSET_YY_2010-2022_1-RR.csv [oneflux.pipeline.common]
2025-07-29 01:45:48.267 [INFO    ] Variable 'SWC_F_MDS_12' might be missing from headers of file: /global/scratch/users/sytoanngo/data/RoundRobin_input/RR-005/99_fluxnet2015/FLX_RR-005_FLUXNET2015_FULLSET_YY_2010-2022_1-RR.csv [oneflux.pipeline.common]
2025-07-29 01:45:48.267 [INFO    ] Variable 'SWC_F_MDS_13' might be missing from headers of file: /global/scratch/users/sytoanngo/data/RoundRobin_input/RR-005/99_fluxnet2015/FLX_RR-005_FLUXNET2015_FULLSET_YY_2010-2022_1-RR.csv [oneflux.pipeline.common]
2025-07-29 01:45:48.267 [INFO    ] Variable 'SWC_F_MDS_14' might be missing from headers of file: /global/scratch/users/sytoanngo/data/RoundRobin_input/RR-005/99_fluxnet2015/FLX_RR-005_FLUXNET2015_FULLSET_YY_2010-2022_1-RR.csv [oneflux.pipeline.common]
2025-07-29 01:45:48.267 [INFO    ] Variable 'SWC_F_MDS_15' might be missing from headers of file: /global/scratch/users/sytoanngo/data/RoundRobin_input/RR-005/99_fluxnet2015/FLX_RR-005_FLUXNET2015_FULLSET_YY_2010-2022_1-RR.csv [oneflux.pipeline.common]
2025-07-29 01:45:48.267 [INFO    ] Variable 'SWC_F_MDS_16' might be missing from headers of file: /global/scratch/users/sytoanngo/data/RoundRobin_input/RR-005/99_fluxnet2015/FLX_RR-005_FLUXNET2015_FULLSET_YY_2010-2022_1-RR.csv [oneflux.pipeline.common]
2025-07-29 01:45:48.267 [INFO    ] Variable 'SWC_F_MDS_17' might be missing from headers of file: /global/scratch/users/sytoanngo/data/RoundRobin_input/RR-005/99_fluxnet2015/FLX_RR-005_FLUXNET2015_FULLSET_YY_2010-2022_1-RR.csv [oneflux.pipeline.common]
2025-07-29 01:45:48.267 [INFO    ] Variable 'SWC_F_MDS_18' might be missing from headers of file: /global/scratch/users/sytoanngo/data/RoundRobin_input/RR-005/99_fluxnet2015/FLX_RR-005_FLUXNET2015_FULLSET_YY_2010-2022_1-RR.csv [oneflux.pipeline.common]
2025-07-29 01:45:48.267 [INFO    ] Variable 'SWC_F_MDS_19' might be missing from headers of file: /global/scratch/users/sytoanngo/data/RoundRobin_input/RR-005/99_fluxnet2015/FLX_RR-005_FLUXNET2015_FULLSET_YY_2010-2022_1-RR.csv [oneflux.pipeline.common]
2025-07-29 01:45:48.268 [INFO    ] Variable 'SWC_F_MDS_7_QC' might be missing from headers of file: /global/scratch/users/sytoanngo/data/RoundRobin_input/RR-005/99_fluxnet2015/FLX_RR-005_FLUXNET2015_FULLSET_YY_2010-2022_1-RR.csv [oneflux.pipeline.common]
2025-07-29 01:45:48.268 [INFO    ] Variable 'SWC_F_MDS_8_QC' might be missing from headers of file: /global/scratch/users/sytoanngo/data/RoundRobin_input/RR-005/99_fluxnet2015/FLX_RR-005_FLUXNET2015_FULLSET_YY_2010-2022_1-RR.csv [oneflux.pipeline.common]
2025-07-29 01:45:48.268 [INFO    ] Variable 'SWC_F_MDS_9_QC' might be missing from headers of file: /global/scratch/users/sytoanngo/data/RoundRobin_input/RR-005/99_fluxnet2015/FLX_RR-005_FLUXNET2015_FULLSET_YY_2010-2022_1-RR.csv [oneflux.pipeline.common]
2025-07-29 01:45:48.268 [INFO    ] Variable 'SWC_F_MDS_10_QC' might be missing from headers of file: /global/scratch/users/sytoanngo/data/RoundRobin_input/RR-005/99_fluxnet2015/FLX_RR-005_FLUXNET2015_FULLSET_YY_2010-2022_1-RR.csv [oneflux.pipeline.common]
2025-07-29 01:45:48.268 [INFO    ] Variable 'SWC_F_MDS_11_QC' might be missing from headers of file: /global/scratch/users/sytoanngo/data/RoundRobin_input/RR-005/99_fluxnet2015/FLX_RR-005_FLUXNET2015_FULLSET_YY_2010-2022_1-RR.csv [oneflux.pipeline.common]
2025-07-29 01:45:48.268 [INFO    ] Variable 'SWC_F_MDS_12_QC' might be missing from headers of file: /global/scratch/users/sytoanngo/data/RoundRobin_input/RR-005/99_fluxnet2015/FLX_RR-005_FLUXNET2015_FULLSET_YY_2010-2022_1-RR.csv [oneflux.pipeline.common]
2025-07-29 01:45:48.268 [INFO    ] Variable 'SWC_F_MDS_13_QC' might be missing from headers of file: /global/scratch/users/sytoanngo/data/RoundRobin_input/RR-005/99_fluxnet2015/FLX_RR-005_FLUXNET2015_FULLSET_YY_2010-2022_1-RR.csv [oneflux.pipeline.common]
2025-07-29 01:45:48.268 [INFO    ] Variable 'SWC_F_MDS_14_QC' might be missing from headers of file: /global/scratch/users/sytoanngo/data/RoundRobin_input/RR-005/99_fluxnet2015/FLX_RR-005_FLUXNET2015_FULLSET_YY_2010-2022_1-RR.csv [oneflux.pipeline.common]
2025-07-29 01:45:48.268 [INFO    ] Variable 'SWC_F_MDS_15_QC' might be missing from headers of file: /global/scratch/users/sytoanngo/data/RoundRobin_input/RR-005/99_fluxnet2015/FLX_RR-005_FLUXNET2015_FULLSET_YY_2010-2022_1-RR.csv [oneflux.pipeline.common]
2025-07-29 01:45:48.269 [INFO    ] Variable 'SWC_F_MDS_16_QC' might be missing from headers of file: /global/scratch/users/sytoanngo/data/RoundRobin_input/RR-005/99_fluxnet2015/FLX_RR-005_FLUXNET2015_FULLSET_YY_2010-2022_1-RR.csv [oneflux.pipeline.common]
2025-07-29 01:45:48.269 [INFO    ] Variable 'SWC_F_MDS_17_QC' might be missing from headers of file: /global/scratch/users/sytoanngo/data/RoundRobin_input/RR-005/99_fluxnet2015/FLX_RR-005_FLUXNET2015_FULLSET_YY_2010-2022_1-RR.csv [oneflux.pipeline.common]
2025-07-29 01:45:48.269 [INFO    ] Variable 'SWC_F_MDS_18_QC' might be missing from headers of file: /global/scratch/users/sytoanngo/data/RoundRobin_input/RR-005/99_fluxnet2015/FLX_RR-005_FLUXNET2015_FULLSET_YY_2010-2022_1-RR.csv [oneflux.pipeline.common]
2025-07-29 01:45:48.269 [INFO    ] Variable 'SWC_F_MDS_19_QC' might be missing from headers of file: /global/scratch/users/sytoanngo/data/RoundRobin_input/RR-005/99_fluxnet2015/FLX_RR-005_FLUXNET2015_FULLSET_YY_2010-2022_1-RR.csv [oneflux.pipeline.common]
2025-07-29 01:45:48.270 [INFO    ] Variable 'PPFD_DIF' might be missing from headers of file: /global/scratch/users/sytoanngo/data/RoundRobin_input/RR-005/99_fluxnet2015/FLX_RR-005_FLUXNET2015_FULLSET_YY_2010-2022_1-RR.csv [oneflux.pipeline.common]
2025-07-29 01:45:48.271 [INFO    ] Variable 'PPFD_DIF_QC' might be missing from headers of file: /global/scratch/users/sytoanngo/data/RoundRobin_input/RR-005/99_fluxnet2015/FLX_RR-005_FLUXNET2015_FULLSET_YY_2010-2022_1-RR.csv [oneflux.pipeline.common]
2025-07-29 01:45:48.271 [INFO    ] Variable 'SW_DIF' might be missing from headers of file: /global/scratch/users/sytoanngo/data/RoundRobin_input/RR-005/99_fluxnet2015/FLX_RR-005_FLUXNET2015_FULLSET_YY_2010-2022_1-RR.csv [oneflux.pipeline.common]
2025-07-29 01:45:48.271 [INFO    ] Variable 'SW_DIF_QC' might be missing from headers of file: /global/scratch/users/sytoanngo/data/RoundRobin_input/RR-005/99_fluxnet2015/FLX_RR-005_FLUXNET2015_FULLSET_YY_2010-2022_1-RR.csv [oneflux.pipeline.common]
2025-07-29 01:45:48.271 [INFO    ] Variable 'PA' might be missing from headers of file: /global/scratch/users/sytoanngo/data/RoundRobin_input/RR-005/99_fluxnet2015/FLX_RR-005_FLUXNET2015_FULLSET_YY_2010-2022_1-RR.csv [oneflux.pipeline.common]
2025-07-29 01:45:48.271 [INFO    ] Variable 'SW_IN_POT' might be missing from headers of file: /global/scratch/users/sytoanngo/data/RoundRobin_input/RR-005/99_fluxnet2015/FLX_RR-005_FLUXNET2015_FULLSET_YY_2010-2022_1-RR.csv [oneflux.pipeline.common]
2025-07-29 01:45:48.271 [INFO    ] Variable 'P' might be missing from headers of file: /global/scratch/users/sytoanngo/data/RoundRobin_input/RR-005/99_fluxnet2015/FLX_RR-005_FLUXNET2015_FULLSET_YY_2010-2022_1-RR.csv [oneflux.pipeline.common]
2025-07-29 01:45:48.271 [INFO    ] Variable 'WS' might be missing from headers of file: /global/scratch/users/sytoanngo/data/RoundRobin_input/RR-005/99_fluxnet2015/FLX_RR-005_FLUXNET2015_FULLSET_YY_2010-2022_1-RR.csv [oneflux.pipeline.common]
2025-07-29 01:45:48.271 [INFO    ] Variable 'WD' might be missing from headers of file: /global/scratch/users/sytoanngo/data/RoundRobin_input/RR-005/99_fluxnet2015/FLX_RR-005_FLUXNET2015_FULLSET_YY_2010-2022_1-RR.csv [oneflux.pipeline.common]
2025-07-29 01:45:48.271 [INFO    ] Variable 'RH' might be missing from headers of file: /global/scratch/users/sytoanngo/data/RoundRobin_input/RR-005/99_fluxnet2015/FLX_RR-005_FLUXNET2015_FULLSET_YY_2010-2022_1-RR.csv [oneflux.pipeline.common]
2025-07-29 01:45:48.272 [INFO    ] Variable 'LE_CORR_25' might be missing from headers of file: /global/scratch/users/sytoanngo/data/RoundRobin_input/RR-005/99_fluxnet2015/FLX_RR-005_FLUXNET2015_FULLSET_YY_2010-2022_1-RR.csv [oneflux.pipeline.common]
2025-07-29 01:45:48.272 [INFO    ] Variable 'LE_CORR_75' might be missing from headers of file: /global/scratch/users/sytoanngo/data/RoundRobin_input/RR-005/99_fluxnet2015/FLX_RR-005_FLUXNET2015_FULLSET_YY_2010-2022_1-RR.csv [oneflux.pipeline.common]
2025-07-29 01:45:48.272 [INFO    ] Variable 'LE_RANDUNC_METHOD' might be missing from headers of file: /global/scratch/users/sytoanngo/data/RoundRobin_input/RR-005/99_fluxnet2015/FLX_RR-005_FLUXNET2015_FULLSET_YY_2010-2022_1-RR.csv [oneflux.pipeline.common]
2025-07-29 01:45:48.272 [INFO    ] Variable 'LE_RANDUNC_N' might be missing from headers of file: /global/scratch/users/sytoanngo/data/RoundRobin_input/RR-005/99_fluxnet2015/FLX_RR-005_FLUXNET2015_FULLSET_YY_2010-2022_1-RR.csv [oneflux.pipeline.common]
2025-07-29 01:45:48.272 [INFO    ] Variable 'LE_CORR_JOINTUNC' might be missing from headers of file: /global/scratch/users/sytoanngo/data/RoundRobin_input/RR-005/99_fluxnet2015/FLX_RR-005_FLUXNET2015_FULLSET_YY_2010-2022_1-RR.csv [oneflux.pipeline.common]
2025-07-29 01:45:48.272 [INFO    ] Variable 'H_CORR_25' might be missing from headers of file: /global/scratch/users/sytoanngo/data/RoundRobin_input/RR-005/99_fluxnet2015/FLX_RR-005_FLUXNET2015_FULLSET_YY_2010-2022_1-RR.csv [oneflux.pipeline.common]
2025-07-29 01:45:48.272 [INFO    ] Variable 'H_CORR_75' might be missing from headers of file: /global/scratch/users/sytoanngo/data/RoundRobin_input/RR-005/99_fluxnet2015/FLX_RR-005_FLUXNET2015_FULLSET_YY_2010-2022_1-RR.csv [oneflux.pipeline.common]
2025-07-29 01:45:48.272 [INFO    ] Variable 'H_RANDUNC_METHOD' might be missing from headers of file: /global/scratch/users/sytoanngo/data/RoundRobin_input/RR-005/99_fluxnet2015/FLX_RR-005_FLUXNET2015_FULLSET_YY_2010-2022_1-RR.csv [oneflux.pipeline.common]
2025-07-29 01:45:48.272 [INFO    ] Variable 'H_RANDUNC_N' might be missing from headers of file: /global/scratch/users/sytoanngo/data/RoundRobin_input/RR-005/99_fluxnet2015/FLX_RR-005_FLUXNET2015_FULLSET_YY_2010-2022_1-RR.csv [oneflux.pipeline.common]
2025-07-29 01:45:48.273 [INFO    ] Variable 'H_CORR_JOINTUNC' might be missing from headers of file: /global/scratch/users/sytoanngo/data/RoundRobin_input/RR-005/99_fluxnet2015/FLX_RR-005_FLUXNET2015_FULLSET_YY_2010-2022_1-RR.csv [oneflux.pipeline.common]
2025-07-29 01:45:48.273 [INFO    ] Variable 'TS_F_MDS_7' might be missing from headers of file: /global/scratch/users/sytoanngo/data/RoundRobin_input/RR-005/99_fluxnet2015/FLX_RR-005_FLUXNET2015_FULLSET_YY_2010-2022_1-RR.csv [oneflux.pipeline.common]
2025-07-29 01:45:48.273 [INFO    ] Variable 'TS_F_MDS_8' might be missing from headers of file: /global/scratch/users/sytoanngo/data/RoundRobin_input/RR-005/99_fluxnet2015/FLX_RR-005_FLUXNET2015_FULLSET_YY_2010-2022_1-RR.csv [oneflux.pipeline.common]
2025-07-29 01:45:48.273 [INFO    ] Variable 'TS_F_MDS_9' might be missing from headers of file: /global/scratch/users/sytoanngo/data/RoundRobin_input/RR-005/99_fluxnet2015/FLX_RR-005_FLUXNET2015_FULLSET_YY_2010-2022_1-RR.csv [oneflux.pipeline.common]
2025-07-29 01:45:48.273 [INFO    ] Variable 'TS_F_MDS_10' might be missing from headers of file: /global/scratch/users/sytoanngo/data/RoundRobin_input/RR-005/99_fluxnet2015/FLX_RR-005_FLUXNET2015_FULLSET_YY_2010-2022_1-RR.csv [oneflux.pipeline.common]
2025-07-29 01:45:48.273 [INFO    ] Variable 'TS_F_MDS_11' might be missing from headers of file: /global/scratch/users/sytoanngo/data/RoundRobin_input/RR-005/99_fluxnet2015/FLX_RR-005_FLUXNET2015_FULLSET_YY_2010-2022_1-RR.csv [oneflux.pipeline.common]
2025-07-29 01:45:48.273 [INFO    ] Variable 'TS_F_MDS_12' might be missing from headers of file: /global/scratch/users/sytoanngo/data/RoundRobin_input/RR-005/99_fluxnet2015/FLX_RR-005_FLUXNET2015_FULLSET_YY_2010-2022_1-RR.csv [oneflux.pipeline.common]
2025-07-29 01:45:48.273 [INFO    ] Variable 'TS_F_MDS_13' might be missing from headers of file: /global/scratch/users/sytoanngo/data/RoundRobin_input/RR-005/99_fluxnet2015/FLX_RR-005_FLUXNET2015_FULLSET_YY_2010-2022_1-RR.csv [oneflux.pipeline.common]
2025-07-29 01:45:48.273 [INFO    ] Variable 'TS_F_MDS_14' might be missing from headers of file: /global/scratch/users/sytoanngo/data/RoundRobin_input/RR-005/99_fluxnet2015/FLX_RR-005_FLUXNET2015_FULLSET_YY_2010-2022_1-RR.csv [oneflux.pipeline.common]
2025-07-29 01:45:48.273 [INFO    ] Variable 'TS_F_MDS_15' might be missing from headers of file: /global/scratch/users/sytoanngo/data/RoundRobin_input/RR-005/99_fluxnet2015/FLX_RR-005_FLUXNET2015_FULLSET_YY_2010-2022_1-RR.csv [oneflux.pipeline.common]
2025-07-29 01:45:48.274 [INFO    ] Variable 'TS_F_MDS_16' might be missing from headers of file: /global/scratch/users/sytoanngo/data/RoundRobin_input/RR-005/99_fluxnet2015/FLX_RR-005_FLUXNET2015_FULLSET_YY_2010-2022_1-RR.csv [oneflux.pipeline.common]
2025-07-29 01:45:48.274 [INFO    ] Variable 'TS_F_MDS_17' might be missing from headers of file: /global/scratch/users/sytoanngo/data/RoundRobin_input/RR-005/99_fluxnet2015/FLX_RR-005_FLUXNET2015_FULLSET_YY_2010-2022_1-RR.csv [oneflux.pipeline.common]
2025-07-29 01:45:48.274 [INFO    ] Variable 'TS_F_MDS_18' might be missing from headers of file: /global/scratch/users/sytoanngo/data/RoundRobin_input/RR-005/99_fluxnet2015/FLX_RR-005_FLUXNET2015_FULLSET_YY_2010-2022_1-RR.csv [oneflux.pipeline.common]
2025-07-29 01:45:48.274 [INFO    ] Variable 'TS_F_MDS_19' might be missing from headers of file: /global/scratch/users/sytoanngo/data/RoundRobin_input/RR-005/99_fluxnet2015/FLX_RR-005_FLUXNET2015_FULLSET_YY_2010-2022_1-RR.csv [oneflux.pipeline.common]
2025-07-29 01:45:48.274 [INFO    ] Variable 'TS_F_MDS_7_QC' might be missing from headers of file: /global/scratch/users/sytoanngo/data/RoundRobin_input/RR-005/99_fluxnet2015/FLX_RR-005_FLUXNET2015_FULLSET_YY_2010-2022_1-RR.csv [oneflux.pipeline.common]
2025-07-29 01:45:48.274 [INFO    ] Variable 'TS_F_MDS_8_QC' might be missing from headers of file: /global/scratch/users/sytoanngo/data/RoundRobin_input/RR-005/99_fluxnet2015/FLX_RR-005_FLUXNET2015_FULLSET_YY_2010-2022_1-RR.csv [oneflux.pipeline.common]
2025-07-29 01:45:48.274 [INFO    ] Variable 'TS_F_MDS_9_QC' might be missing from headers of file: /global/scratch/users/sytoanngo/data/RoundRobin_input/RR-005/99_fluxnet2015/FLX_RR-005_FLUXNET2015_FULLSET_YY_2010-2022_1-RR.csv [oneflux.pipeline.common]
2025-07-29 01:45:48.274 [INFO    ] Variable 'TS_F_MDS_10_QC' might be missing from headers of file: /global/scratch/users/sytoanngo/data/RoundRobin_input/RR-005/99_fluxnet2015/FLX_RR-005_FLUXNET2015_FULLSET_YY_2010-2022_1-RR.csv [oneflux.pipeline.common]
2025-07-29 01:45:48.274 [INFO    ] Variable 'TS_F_MDS_11_QC' might be missing from headers of file: /global/scratch/users/sytoanngo/data/RoundRobin_input/RR-005/99_fluxnet2015/FLX_RR-005_FLUXNET2015_FULLSET_YY_2010-2022_1-RR.csv [oneflux.pipeline.common]
2025-07-29 01:45:48.275 [INFO    ] Variable 'TS_F_MDS_12_QC' might be missing from headers of file: /global/scratch/users/sytoanngo/data/RoundRobin_input/RR-005/99_fluxnet2015/FLX_RR-005_FLUXNET2015_FULLSET_YY_2010-2022_1-RR.csv [oneflux.pipeline.common]
2025-07-29 01:45:48.275 [INFO    ] Variable 'TS_F_MDS_13_QC' might be missing from headers of file: /global/scratch/users/sytoanngo/data/RoundRobin_input/RR-005/99_fluxnet2015/FLX_RR-005_FLUXNET2015_FULLSET_YY_2010-2022_1-RR.csv [oneflux.pipeline.common]
2025-07-29 01:45:48.275 [INFO    ] Variable 'TS_F_MDS_14_QC' might be missing from headers of file: /global/scratch/users/sytoanngo/data/RoundRobin_input/RR-005/99_fluxnet2015/FLX_RR-005_FLUXNET2015_FULLSET_YY_2010-2022_1-RR.csv [oneflux.pipeline.common]
2025-07-29 01:45:48.275 [INFO    ] Variable 'TS_F_MDS_15_QC' might be missing from headers of file: /global/scratch/users/sytoanngo/data/RoundRobin_input/RR-005/99_fluxnet2015/FLX_RR-005_FLUXNET2015_FULLSET_YY_2010-2022_1-RR.csv [oneflux.pipeline.common]
2025-07-29 01:45:48.275 [INFO    ] Variable 'TS_F_MDS_16_QC' might be missing from headers of file: /global/scratch/users/sytoanngo/data/RoundRobin_input/RR-005/99_fluxnet2015/FLX_RR-005_FLUXNET2015_FULLSET_YY_2010-2022_1-RR.csv [oneflux.pipeline.common]
2025-07-29 01:45:48.275 [INFO    ] Variable 'TS_F_MDS_17_QC' might be missing from headers of file: /global/scratch/users/sytoanngo/data/RoundRobin_input/RR-005/99_fluxnet2015/FLX_RR-005_FLUXNET2015_FULLSET_YY_2010-2022_1-RR.csv [oneflux.pipeline.common]
2025-07-29 01:45:48.275 [INFO    ] Variable 'TS_F_MDS_18_QC' might be missing from headers of file: /global/scratch/users/sytoanngo/data/RoundRobin_input/RR-005/99_fluxnet2015/FLX_RR-005_FLUXNET2015_FULLSET_YY_2010-2022_1-RR.csv [oneflux.pipeline.common]
2025-07-29 01:45:48.275 [INFO    ] Variable 'TS_F_MDS_19_QC' might be missing from headers of file: /global/scratch/users/sytoanngo/data/RoundRobin_input/RR-005/99_fluxnet2015/FLX_RR-005_FLUXNET2015_FULLSET_YY_2010-2022_1-RR.csv [oneflux.pipeline.common]
2025-07-29 01:45:48.275 [INFO    ] Variable 'SWC_F_MDS_7' might be missing from headers of file: /global/scratch/users/sytoanngo/data/RoundRobin_input/RR-005/99_fluxnet2015/FLX_RR-005_FLUXNET2015_FULLSET_YY_2010-2022_1-RR.csv [oneflux.pipeline.common]
2025-07-29 01:45:48.275 [INFO    ] Variable 'SWC_F_MDS_8' might be missing from headers of file: /global/scratch/users/sytoanngo/data/RoundRobin_input/RR-005/99_fluxnet2015/FLX_RR-005_FLUXNET2015_FULLSET_YY_2010-2022_1-RR.csv [oneflux.pipeline.common]
2025-07-29 01:45:48.276 [INFO    ] Variable 'SWC_F_MDS_9' might be missing from headers of file: /global/scratch/users/sytoanngo/data/RoundRobin_input/RR-005/99_fluxnet2015/FLX_RR-005_FLUXNET2015_FULLSET_YY_2010-2022_1-RR.csv [oneflux.pipeline.common]
2025-07-29 01:45:48.276 [INFO    ] Variable 'SWC_F_MDS_10' might be missing from headers of file: /global/scratch/users/sytoanngo/data/RoundRobin_input/RR-005/99_fluxnet2015/FLX_RR-005_FLUXNET2015_FULLSET_YY_2010-2022_1-RR.csv [oneflux.pipeline.common]
2025-07-29 01:45:48.276 [INFO    ] Variable 'SWC_F_MDS_11' might be missing from headers of file: /global/scratch/users/sytoanngo/data/RoundRobin_input/RR-005/99_fluxnet2015/FLX_RR-005_FLUXNET2015_FULLSET_YY_2010-2022_1-RR.csv [oneflux.pipeline.common]
2025-07-29 01:45:48.276 [INFO    ] Variable 'SWC_F_MDS_12' might be missing from headers of file: /global/scratch/users/sytoanngo/data/RoundRobin_input/RR-005/99_fluxnet2015/FLX_RR-005_FLUXNET2015_FULLSET_YY_2010-2022_1-RR.csv [oneflux.pipeline.common]
2025-07-29 01:45:48.276 [INFO    ] Variable 'SWC_F_MDS_13' might be missing from headers of file: /global/scratch/users/sytoanngo/data/RoundRobin_input/RR-005/99_fluxnet2015/FLX_RR-005_FLUXNET2015_FULLSET_YY_2010-2022_1-RR.csv [oneflux.pipeline.common]
2025-07-29 01:45:48.276 [INFO    ] Variable 'SWC_F_MDS_14' might be missing from headers of file: /global/scratch/users/sytoanngo/data/RoundRobin_input/RR-005/99_fluxnet2015/FLX_RR-005_FLUXNET2015_FULLSET_YY_2010-2022_1-RR.csv [oneflux.pipeline.common]
2025-07-29 01:45:48.276 [INFO    ] Variable 'SWC_F_MDS_15' might be missing from headers of file: /global/scratch/users/sytoanngo/data/RoundRobin_input/RR-005/99_fluxnet2015/FLX_RR-005_FLUXNET2015_FULLSET_YY_2010-2022_1-RR.csv [oneflux.pipeline.common]
2025-07-29 01:45:48.276 [INFO    ] Variable 'SWC_F_MDS_16' might be missing from headers of file: /global/scratch/users/sytoanngo/data/RoundRobin_input/RR-005/99_fluxnet2015/FLX_RR-005_FLUXNET2015_FULLSET_YY_2010-2022_1-RR.csv [oneflux.pipeline.common]
2025-07-29 01:45:48.276 [INFO    ] Variable 'SWC_F_MDS_17' might be missing from headers of file: /global/scratch/users/sytoanngo/data/RoundRobin_input/RR-005/99_fluxnet2015/FLX_RR-005_FLUXNET2015_FULLSET_YY_2010-2022_1-RR.csv [oneflux.pipeline.common]
2025-07-29 01:45:48.277 [INFO    ] Variable 'SWC_F_MDS_18' might be missing from headers of file: /global/scratch/users/sytoanngo/data/RoundRobin_input/RR-005/99_fluxnet2015/FLX_RR-005_FLUXNET2015_FULLSET_YY_2010-2022_1-RR.csv [oneflux.pipeline.common]
2025-07-29 01:45:48.277 [INFO    ] Variable 'SWC_F_MDS_19' might be missing from headers of file: /global/scratch/users/sytoanngo/data/RoundRobin_input/RR-005/99_fluxnet2015/FLX_RR-005_FLUXNET2015_FULLSET_YY_2010-2022_1-RR.csv [oneflux.pipeline.common]
2025-07-29 01:45:48.277 [INFO    ] Variable 'SWC_F_MDS_7_QC' might be missing from headers of file: /global/scratch/users/sytoanngo/data/RoundRobin_input/RR-005/99_fluxnet2015/FLX_RR-005_FLUXNET2015_FULLSET_YY_2010-2022_1-RR.csv [oneflux.pipeline.common]
2025-07-29 01:45:48.277 [INFO    ] Variable 'SWC_F_MDS_8_QC' might be missing from headers of file: /global/scratch/users/sytoanngo/data/RoundRobin_input/RR-005/99_fluxnet2015/FLX_RR-005_FLUXNET2015_FULLSET_YY_2010-2022_1-RR.csv [oneflux.pipeline.common]
2025-07-29 01:45:48.277 [INFO    ] Variable 'SWC_F_MDS_9_QC' might be missing from headers of file: /global/scratch/users/sytoanngo/data/RoundRobin_input/RR-005/99_fluxnet2015/FLX_RR-005_FLUXNET2015_FULLSET_YY_2010-2022_1-RR.csv [oneflux.pipeline.common]
2025-07-29 01:45:48.277 [INFO    ] Variable 'SWC_F_MDS_10_QC' might be missing from headers of file: /global/scratch/users/sytoanngo/data/RoundRobin_input/RR-005/99_fluxnet2015/FLX_RR-005_FLUXNET2015_FULLSET_YY_2010-2022_1-RR.csv [oneflux.pipeline.common]
2025-07-29 01:45:48.277 [INFO    ] Variable 'SWC_F_MDS_11_QC' might be missing from headers of file: /global/scratch/users/sytoanngo/data/RoundRobin_input/RR-005/99_fluxnet2015/FLX_RR-005_FLUXNET2015_FULLSET_YY_2010-2022_1-RR.csv [oneflux.pipeline.common]
2025-07-29 01:45:48.277 [INFO    ] Variable 'SWC_F_MDS_12_QC' might be missing from headers of file: /global/scratch/users/sytoanngo/data/RoundRobin_input/RR-005/99_fluxnet2015/FLX_RR-005_FLUXNET2015_FULLSET_YY_2010-2022_1-RR.csv [oneflux.pipeline.common]
2025-07-29 01:45:48.277 [INFO    ] Variable 'SWC_F_MDS_13_QC' might be missing from headers of file: /global/scratch/users/sytoanngo/data/RoundRobin_input/RR-005/99_fluxnet2015/FLX_RR-005_FLUXNET2015_FULLSET_YY_2010-2022_1-RR.csv [oneflux.pipeline.common]
2025-07-29 01:45:48.277 [INFO    ] Variable 'SWC_F_MDS_14_QC' might be missing from headers of file: /global/scratch/users/sytoanngo/data/RoundRobin_input/RR-005/99_fluxnet2015/FLX_RR-005_FLUXNET2015_FULLSET_YY_2010-2022_1-RR.csv [oneflux.pipeline.common]
2025-07-29 01:45:48.278 [INFO    ] Variable 'SWC_F_MDS_15_QC' might be missing from headers of file: /global/scratch/users/sytoanngo/data/RoundRobin_input/RR-005/99_fluxnet2015/FLX_RR-005_FLUXNET2015_FULLSET_YY_2010-2022_1-RR.csv [oneflux.pipeline.common]
2025-07-29 01:45:48.278 [INFO    ] Variable 'SWC_F_MDS_16_QC' might be missing from headers of file: /global/scratch/users/sytoanngo/data/RoundRobin_input/RR-005/99_fluxnet2015/FLX_RR-005_FLUXNET2015_FULLSET_YY_2010-2022_1-RR.csv [oneflux.pipeline.common]
2025-07-29 01:45:48.278 [INFO    ] Variable 'SWC_F_MDS_17_QC' might be missing from headers of file: /global/scratch/users/sytoanngo/data/RoundRobin_input/RR-005/99_fluxnet2015/FLX_RR-005_FLUXNET2015_FULLSET_YY_2010-2022_1-RR.csv [oneflux.pipeline.common]
2025-07-29 01:45:48.278 [INFO    ] Variable 'SWC_F_MDS_18_QC' might be missing from headers of file: /global/scratch/users/sytoanngo/data/RoundRobin_input/RR-005/99_fluxnet2015/FLX_RR-005_FLUXNET2015_FULLSET_YY_2010-2022_1-RR.csv [oneflux.pipeline.common]
2025-07-29 01:45:48.278 [INFO    ] Variable 'SWC_F_MDS_19_QC' might be missing from headers of file: /global/scratch/users/sytoanngo/data/RoundRobin_input/RR-005/99_fluxnet2015/FLX_RR-005_FLUXNET2015_FULLSET_YY_2010-2022_1-RR.csv [oneflux.pipeline.common]
2025-07-29 01:45:48.278 [INFO    ] Pipeline fluxnet2015 execution finished [oneflux.pipeline.wrappers]
2025-07-29 01:45:48.278 [INFO    ] RR-005 Pipeline run time 13:27:23.350242 (2025-07-28 12:18:24.928507 --- 2025-07-29 01:45:48.278749) [oneflux.pipeline.wrappers]
2025-07-29 01:45:48.279 [INFO    ] RR-005 Pipeline: execution finished [oneflux.pipeline.wrappers]
2025-07-29 01:45:48.279 [INFO    ] Finished processing site dir /global/scratch/users/sytoanngo/data/RoundRobin_input/RR-005 [oneflux.tools.pipeline]
2025-07-29 01:45:48.279 [INFO    ] Finished execution: all [__main__]
