2025-07-23 22:01:36.233 [INFO    ] Variable 'SWC_F_MDS_10' might be missing from headers of file: /home/portnoy/u0/sytoanngo/ONEFlux/data/RoundRobin_input/RR-005/99_fluxnet2015/FLX_RR-005_FLUXNET2015_FULLSET_YY_2010-2022_1-RR.csv [oneflux.pipeline.common]
2025-07-23 22:01:36.233 [INFO    ] Variable 'SWC_F_MDS_11' might be missing from headers of file: /home/portnoy/u0/sytoanngo/ONEFlux/data/RoundRobin_input/RR-005/99_fluxnet2015/FLX_RR-005_FLUXNET2015_FULLSET_YY_2010-2022_1-RR.csv [oneflux.pipeline.common]
2025-07-23 22:01:36.233 [INFO    ] Variable 'SWC_F_MDS_12' might be missing from headers of file: /home/portnoy/u0/sytoanngo/ONEFlux/data/RoundRobin_input/RR-005/99_fluxnet2015/FLX_RR-005_FLUXNET2015_FULLSET_YY_2010-2022_1-RR.csv [oneflux.pipeline.common]
2025-07-23 22:01:36.233 [INFO    ] Variable 'SWC_F_MDS_13' might be missing from headers of file: /home/portnoy/u0/sytoanngo/ONEFlux/data/RoundRobin_input/RR-005/99_fluxnet2015/FLX_RR-005_FLUXNET2015_FULLSET_YY_2010-2022_1-RR.csv [oneflux.pipeline.common]
2025-07-23 22:01:36.233 [INFO    ] Variable 'SWC_F_MDS_14' might be missing from headers of file: /home/portnoy/u0/sytoanngo/ONEFlux/data/RoundRobin_input/RR-005/99_fluxnet2015/FLX_RR-005_FLUXNET2015_FULLSET_YY_2010-2022_1-RR.csv [oneflux.pipeline.common]
2025-07-23 22:01:36.233 [INFO    ] Variable 'SWC_F_MDS_15' might be missing from headers of file: /home/portnoy/u0/sytoanngo/ONEFlux/data/RoundRobin_input/RR-005/99_fluxnet2015/FLX_RR-005_FLUXNET2015_FULLSET_YY_2010-2022_1-RR.csv [oneflux.pipeline.common]
2025-07-23 22:01:36.234 [INFO    ] Variable 'SWC_F_MDS_16' might be missing from headers of file: /home/portnoy/u0/sytoanngo/ONEFlux/data/RoundRobin_input/RR-005/99_fluxnet2015/FLX_RR-005_FLUXNET2015_FULLSET_YY_2010-2022_1-RR.csv [oneflux.pipeline.common]
2025-07-23 22:01:36.234 [INFO    ] Variable 'SWC_F_MDS_17' might be missing from headers of file: /home/portnoy/u0/sytoanngo/ONEFlux/data/RoundRobin_input/RR-005/99_fluxnet2015/FLX_RR-005_FLUXNET2015_FULLSET_YY_2010-2022_1-RR.csv [oneflux.pipeline.common]
2025-07-23 22:01:36.234 [INFO    ] Variable 'SWC_F_MDS_18' might be missing from headers of file: /home/portnoy/u0/sytoanngo/ONEFlux/data/RoundRobin_input/RR-005/99_fluxnet2015/FLX_RR-005_FLUXNET2015_FULLSET_YY_2010-2022_1-RR.csv [oneflux.pipeline.common]
2025-07-23 22:01:36.234 [INFO    ] Variable 'SWC_F_MDS_19' might be missing from headers of file: /home/portnoy/u0/sytoanngo/ONEFlux/data/RoundRobin_input/RR-005/99_fluxnet2015/FLX_RR-005_FLUXNET2015_FULLSET_YY_2010-2022_1-RR.csv [oneflux.pipeline.common]
2025-07-23 22:01:36.234 [INFO    ] Variable 'SWC_F_MDS_7_QC' might be missing from headers of file: /home/portnoy/u0/sytoanngo/ONEFlux/data/RoundRobin_input/RR-005/99_fluxnet2015/FLX_RR-005_FLUXNET2015_FULLSET_YY_2010-2022_1-RR.csv [oneflux.pipeline.common]
2025-07-23 22:01:36.234 [INFO    ] Variable 'SWC_F_MDS_8_QC' might be missing from headers of file: /home/portnoy/u0/sytoanngo/ONEFlux/data/RoundRobin_input/RR-005/99_fluxnet2015/FLX_RR-005_FLUXNET2015_FULLSET_YY_2010-2022_1-RR.csv [oneflux.pipeline.common]
2025-07-23 22:01:36.234 [INFO    ] Variable 'SWC_F_MDS_9_QC' might be missing from headers of file: /home/portnoy/u0/sytoanngo/ONEFlux/data/RoundRobin_input/RR-005/99_fluxnet2015/FLX_RR-005_FLUXNET2015_FULLSET_YY_2010-2022_1-RR.csv [oneflux.pipeline.common]
2025-07-23 22:01:36.234 [INFO    ] Variable 'SWC_F_MDS_10_QC' might be missing from headers of file: /home/portnoy/u0/sytoanngo/ONEFlux/data/RoundRobin_input/RR-005/99_fluxnet2015/FLX_RR-005_FLUXNET2015_FULLSET_YY_2010-2022_1-RR.csv [oneflux.pipeline.common]
2025-07-23 22:01:36.235 [INFO    ] Variable 'SWC_F_MDS_11_QC' might be missing from headers of file: /home/portnoy/u0/sytoanngo/ONEFlux/data/RoundRobin_input/RR-005/99_fluxnet2015/FLX_RR-005_FLUXNET2015_FULLSET_YY_2010-2022_1-RR.csv [oneflux.pipeline.common]
2025-07-23 22:01:36.235 [INFO    ] Variable 'SWC_F_MDS_12_QC' might be missing from headers of file: /home/portnoy/u0/sytoanngo/ONEFlux/data/RoundRobin_input/RR-005/99_fluxnet2015/FLX_RR-005_FLUXNET2015_FULLSET_YY_2010-2022_1-RR.csv [oneflux.pipeline.common]
2025-07-23 22:01:36.235 [INFO    ] Variable 'SWC_F_MDS_13_QC' might be missing from headers of file: /home/portnoy/u0/sytoanngo/ONEFlux/data/RoundRobin_input/RR-005/99_fluxnet2015/FLX_RR-005_FLUXNET2015_FULLSET_YY_2010-2022_1-RR.csv [oneflux.pipeline.common]
2025-07-23 22:01:36.235 [INFO    ] Variable 'SWC_F_MDS_14_QC' might be missing from headers of file: /home/portnoy/u0/sytoanngo/ONEFlux/data/RoundRobin_input/RR-005/99_fluxnet2015/FLX_RR-005_FLUXNET2015_FULLSET_YY_2010-2022_1-RR.csv [oneflux.pipeline.common]
2025-07-23 22:01:36.235 [INFO    ] Variable 'SWC_F_MDS_15_QC' might be missing from headers of file: /home/portnoy/u0/sytoanngo/ONEFlux/data/RoundRobin_input/RR-005/99_fluxnet2015/FLX_RR-005_FLUXNET2015_FULLSET_YY_2010-2022_1-RR.csv [oneflux.pipeline.common]
2025-07-23 22:01:36.235 [INFO    ] Variable 'SWC_F_MDS_16_QC' might be missing from headers of file: /home/portnoy/u0/sytoanngo/ONEFlux/data/RoundRobin_input/RR-005/99_fluxnet2015/FLX_RR-005_FLUXNET2015_FULLSET_YY_2010-2022_1-RR.csv [oneflux.pipeline.common]
2025-07-23 22:01:36.235 [INFO    ] Variable 'SWC_F_MDS_17_QC' might be missing from headers of file: /home/portnoy/u0/sytoanngo/ONEFlux/data/RoundRobin_input/RR-005/99_fluxnet2015/FLX_RR-005_FLUXNET2015_FULLSET_YY_2010-2022_1-RR.csv [oneflux.pipeline.common]
2025-07-23 22:01:36.235 [INFO    ] Variable 'SWC_F_MDS_18_QC' might be missing from headers of file: /home/portnoy/u0/sytoanngo/ONEFlux/data/RoundRobin_input/RR-005/99_fluxnet2015/FLX_RR-005_FLUXNET2015_FULLSET_YY_2010-2022_1-RR.csv [oneflux.pipeline.common]
2025-07-23 22:01:36.235 [INFO    ] Variable 'SWC_F_MDS_19_QC' might be missing from headers of file: /home/portnoy/u0/sytoanngo/ONEFlux/data/RoundRobin_input/RR-005/99_fluxnet2015/FLX_RR-005_FLUXNET2015_FULLSET_YY_2010-2022_1-RR.csv [oneflux.pipeline.common]
2025-07-23 22:01:36.236 [INFO    ] Variable 'PPFD_DIF' might be missing from headers of file: /home/portnoy/u0/sytoanngo/ONEFlux/data/RoundRobin_input/RR-005/99_fluxnet2015/FLX_RR-005_FLUXNET2015_FULLSET_YY_2010-2022_1-RR.csv [oneflux.pipeline.common]
2025-07-23 22:01:36.236 [INFO    ] Variable 'PPFD_DIF_QC' might be missing from headers of file: /home/portnoy/u0/sytoanngo/ONEFlux/data/RoundRobin_input/RR-005/99_fluxnet2015/FLX_RR-005_FLUXNET2015_FULLSET_YY_2010-2022_1-RR.csv [oneflux.pipeline.common]
2025-07-23 22:01:36.237 [INFO    ] Variable 'SW_DIF' might be missing from headers of file: /home/portnoy/u0/sytoanngo/ONEFlux/data/RoundRobin_input/RR-005/99_fluxnet2015/FLX_RR-005_FLUXNET2015_FULLSET_YY_2010-2022_1-RR.csv [oneflux.pipeline.common]
2025-07-23 22:01:36.237 [INFO    ] Variable 'SW_DIF_QC' might be missing from headers of file: /home/portnoy/u0/sytoanngo/ONEFlux/data/RoundRobin_input/RR-005/99_fluxnet2015/FLX_RR-005_FLUXNET2015_FULLSET_YY_2010-2022_1-RR.csv [oneflux.pipeline.common]
2025-07-23 22:01:36.237 [INFO    ] Variable 'PA' might be missing from headers of file: /home/portnoy/u0/sytoanngo/ONEFlux/data/RoundRobin_input/RR-005/99_fluxnet2015/FLX_RR-005_FLUXNET2015_FULLSET_YY_2010-2022_1-RR.csv [oneflux.pipeline.common]
2025-07-23 22:01:36.237 [INFO    ] Variable 'SW_IN_POT' might be missing from headers of file: /home/portnoy/u0/sytoanngo/ONEFlux/data/RoundRobin_input/RR-005/99_fluxnet2015/FLX_RR-005_FLUXNET2015_FULLSET_YY_2010-2022_1-RR.csv [oneflux.pipeline.common]
2025-07-23 22:01:36.237 [INFO    ] Variable 'P' might be missing from headers of file: /home/portnoy/u0/sytoanngo/ONEFlux/data/RoundRobin_input/RR-005/99_fluxnet2015/FLX_RR-005_FLUXNET2015_FULLSET_YY_2010-2022_1-RR.csv [oneflux.pipeline.common]
2025-07-23 22:01:36.237 [INFO    ] Variable 'WS' might be missing from headers of file: /home/portnoy/u0/sytoanngo/ONEFlux/data/RoundRobin_input/RR-005/99_fluxnet2015/FLX_RR-005_FLUXNET2015_FULLSET_YY_2010-2022_1-RR.csv [oneflux.pipeline.common]
2025-07-23 22:01:36.237 [INFO    ] Variable 'WD' might be missing from headers of file: /home/portnoy/u0/sytoanngo/ONEFlux/data/RoundRobin_input/RR-005/99_fluxnet2015/FLX_RR-005_FLUXNET2015_FULLSET_YY_2010-2022_1-RR.csv [oneflux.pipeline.common]
2025-07-23 22:01:36.237 [INFO    ] Variable 'RH' might be missing from headers of file: /home/portnoy/u0/sytoanngo/ONEFlux/data/RoundRobin_input/RR-005/99_fluxnet2015/FLX_RR-005_FLUXNET2015_FULLSET_YY_2010-2022_1-RR.csv [oneflux.pipeline.common]
2025-07-23 22:01:36.238 [INFO    ] Variable 'LE_CORR_25' might be missing from headers of file: /home/portnoy/u0/sytoanngo/ONEFlux/data/RoundRobin_input/RR-005/99_fluxnet2015/FLX_RR-005_FLUXNET2015_FULLSET_YY_2010-2022_1-RR.csv [oneflux.pipeline.common]
2025-07-23 22:01:36.238 [INFO    ] Variable 'LE_CORR_75' might be missing from headers of file: /home/portnoy/u0/sytoanngo/ONEFlux/data/RoundRobin_input/RR-005/99_fluxnet2015/FLX_RR-005_FLUXNET2015_FULLSET_YY_2010-2022_1-RR.csv [oneflux.pipeline.common]
2025-07-23 22:01:36.238 [INFO    ] Variable 'LE_RANDUNC_METHOD' might be missing from headers of file: /home/portnoy/u0/sytoanngo/ONEFlux/data/RoundRobin_input/RR-005/99_fluxnet2015/FLX_RR-005_FLUXNET2015_FULLSET_YY_2010-2022_1-RR.csv [oneflux.pipeline.common]
2025-07-23 22:01:36.238 [INFO    ] Variable 'LE_RANDUNC_N' might be missing from headers of file: /home/portnoy/u0/sytoanngo/ONEFlux/data/RoundRobin_input/RR-005/99_fluxnet2015/FLX_RR-005_FLUXNET2015_FULLSET_YY_2010-2022_1-RR.csv [oneflux.pipeline.common]
2025-07-23 22:01:36.238 [INFO    ] Variable 'LE_CORR_JOINTUNC' might be missing from headers of file: /home/portnoy/u0/sytoanngo/ONEFlux/data/RoundRobin_input/RR-005/99_fluxnet2015/FLX_RR-005_FLUXNET2015_FULLSET_YY_2010-2022_1-RR.csv [oneflux.pipeline.common]
2025-07-23 22:01:36.238 [INFO    ] Variable 'H_CORR_25' might be missing from headers of file: /home/portnoy/u0/sytoanngo/ONEFlux/data/RoundRobin_input/RR-005/99_fluxnet2015/FLX_RR-005_FLUXNET2015_FULLSET_YY_2010-2022_1-RR.csv [oneflux.pipeline.common]
2025-07-23 22:01:36.238 [INFO    ] Variable 'H_CORR_75' might be missing from headers of file: /home/portnoy/u0/sytoanngo/ONEFlux/data/RoundRobin_input/RR-005/99_fluxnet2015/FLX_RR-005_FLUXNET2015_FULLSET_YY_2010-2022_1-RR.csv [oneflux.pipeline.common]
2025-07-23 22:01:36.238 [INFO    ] Variable 'H_RANDUNC_METHOD' might be missing from headers of file: /home/portnoy/u0/sytoanngo/ONEFlux/data/RoundRobin_input/RR-005/99_fluxnet2015/FLX_RR-005_FLUXNET2015_FULLSET_YY_2010-2022_1-RR.csv [oneflux.pipeline.common]
2025-07-23 22:01:36.239 [INFO    ] Variable 'H_RANDUNC_N' might be missing from headers of file: /home/portnoy/u0/sytoanngo/ONEFlux/data/RoundRobin_input/RR-005/99_fluxnet2015/FLX_RR-005_FLUXNET2015_FULLSET_YY_2010-2022_1-RR.csv [oneflux.pipeline.common]
2025-07-23 22:01:36.239 [INFO    ] Variable 'H_CORR_JOINTUNC' might be missing from headers of file: /home/portnoy/u0/sytoanngo/ONEFlux/data/RoundRobin_input/RR-005/99_fluxnet2015/FLX_RR-005_FLUXNET2015_FULLSET_YY_2010-2022_1-RR.csv [oneflux.pipeline.common]
2025-07-23 22:01:36.239 [INFO    ] Variable 'TS_F_MDS_7' might be missing from headers of file: /home/portnoy/u0/sytoanngo/ONEFlux/data/RoundRobin_input/RR-005/99_fluxnet2015/FLX_RR-005_FLUXNET2015_FULLSET_YY_2010-2022_1-RR.csv [oneflux.pipeline.common]
2025-07-23 22:01:36.239 [INFO    ] Variable 'TS_F_MDS_8' might be missing from headers of file: /home/portnoy/u0/sytoanngo/ONEFlux/data/RoundRobin_input/RR-005/99_fluxnet2015/FLX_RR-005_FLUXNET2015_FULLSET_YY_2010-2022_1-RR.csv [oneflux.pipeline.common]
2025-07-23 22:01:36.239 [INFO    ] Variable 'TS_F_MDS_9' might be missing from headers of file: /home/portnoy/u0/sytoanngo/ONEFlux/data/RoundRobin_input/RR-005/99_fluxnet2015/FLX_RR-005_FLUXNET2015_FULLSET_YY_2010-2022_1-RR.csv [oneflux.pipeline.common]
2025-07-23 22:01:36.239 [INFO    ] Variable 'TS_F_MDS_10' might be missing from headers of file: /home/portnoy/u0/sytoanngo/ONEFlux/data/RoundRobin_input/RR-005/99_fluxnet2015/FLX_RR-005_FLUXNET2015_FULLSET_YY_2010-2022_1-RR.csv [oneflux.pipeline.common]
2025-07-23 22:01:36.239 [INFO    ] Variable 'TS_F_MDS_11' might be missing from headers of file: /home/portnoy/u0/sytoanngo/ONEFlux/data/RoundRobin_input/RR-005/99_fluxnet2015/FLX_RR-005_FLUXNET2015_FULLSET_YY_2010-2022_1-RR.csv [oneflux.pipeline.common]
2025-07-23 22:01:36.239 [INFO    ] Variable 'TS_F_MDS_12' might be missing from headers of file: /home/portnoy/u0/sytoanngo/ONEFlux/data/RoundRobin_input/RR-005/99_fluxnet2015/FLX_RR-005_FLUXNET2015_FULLSET_YY_2010-2022_1-RR.csv [oneflux.pipeline.common]
2025-07-23 22:01:36.240 [INFO    ] Variable 'TS_F_MDS_13' might be missing from headers of file: /home/portnoy/u0/sytoanngo/ONEFlux/data/RoundRobin_input/RR-005/99_fluxnet2015/FLX_RR-005_FLUXNET2015_FULLSET_YY_2010-2022_1-RR.csv [oneflux.pipeline.common]
2025-07-23 22:01:36.240 [INFO    ] Variable 'TS_F_MDS_14' might be missing from headers of file: /home/portnoy/u0/sytoanngo/ONEFlux/data/RoundRobin_input/RR-005/99_fluxnet2015/FLX_RR-005_FLUXNET2015_FULLSET_YY_2010-2022_1-RR.csv [oneflux.pipeline.common]
2025-07-23 22:01:36.240 [INFO    ] Variable 'TS_F_MDS_15' might be missing from headers of file: /home/portnoy/u0/sytoanngo/ONEFlux/data/RoundRobin_input/RR-005/99_fluxnet2015/FLX_RR-005_FLUXNET2015_FULLSET_YY_2010-2022_1-RR.csv [oneflux.pipeline.common]
2025-07-23 22:01:36.240 [INFO    ] Variable 'TS_F_MDS_16' might be missing from headers of file: /home/portnoy/u0/sytoanngo/ONEFlux/data/RoundRobin_input/RR-005/99_fluxnet2015/FLX_RR-005_FLUXNET2015_FULLSET_YY_2010-2022_1-RR.csv [oneflux.pipeline.common]
2025-07-23 22:01:36.240 [INFO    ] Variable 'TS_F_MDS_17' might be missing from headers of file: /home/portnoy/u0/sytoanngo/ONEFlux/data/RoundRobin_input/RR-005/99_fluxnet2015/FLX_RR-005_FLUXNET2015_FULLSET_YY_2010-2022_1-RR.csv [oneflux.pipeline.common]
2025-07-23 22:01:36.240 [INFO    ] Variable 'TS_F_MDS_18' might be missing from headers of file: /home/portnoy/u0/sytoanngo/ONEFlux/data/RoundRobin_input/RR-005/99_fluxnet2015/FLX_RR-005_FLUXNET2015_FULLSET_YY_2010-2022_1-RR.csv [oneflux.pipeline.common]
2025-07-23 22:01:36.240 [INFO    ] Variable 'TS_F_MDS_19' might be missing from headers of file: /home/portnoy/u0/sytoanngo/ONEFlux/data/RoundRobin_input/RR-005/99_fluxnet2015/FLX_RR-005_FLUXNET2015_FULLSET_YY_2010-2022_1-RR.csv [oneflux.pipeline.common]
2025-07-23 22:01:36.240 [INFO    ] Variable 'TS_F_MDS_7_QC' might be missing from headers of file: /home/portnoy/u0/sytoanngo/ONEFlux/data/RoundRobin_input/RR-005/99_fluxnet2015/FLX_RR-005_FLUXNET2015_FULLSET_YY_2010-2022_1-RR.csv [oneflux.pipeline.common]
2025-07-23 22:01:36.240 [INFO    ] Variable 'TS_F_MDS_8_QC' might be missing from headers of file: /home/portnoy/u0/sytoanngo/ONEFlux/data/RoundRobin_input/RR-005/99_fluxnet2015/FLX_RR-005_FLUXNET2015_FULLSET_YY_2010-2022_1-RR.csv [oneflux.pipeline.common]
2025-07-23 22:01:36.241 [INFO    ] Variable 'TS_F_MDS_9_QC' might be missing from headers of file: /home/portnoy/u0/sytoanngo/ONEFlux/data/RoundRobin_input/RR-005/99_fluxnet2015/FLX_RR-005_FLUXNET2015_FULLSET_YY_2010-2022_1-RR.csv [oneflux.pipeline.common]
2025-07-23 22:01:36.241 [INFO    ] Variable 'TS_F_MDS_10_QC' might be missing from headers of file: /home/portnoy/u0/sytoanngo/ONEFlux/data/RoundRobin_input/RR-005/99_fluxnet2015/FLX_RR-005_FLUXNET2015_FULLSET_YY_2010-2022_1-RR.csv [oneflux.pipeline.common]
2025-07-23 22:01:36.241 [INFO    ] Variable 'TS_F_MDS_11_QC' might be missing from headers of file: /home/portnoy/u0/sytoanngo/ONEFlux/data/RoundRobin_input/RR-005/99_fluxnet2015/FLX_RR-005_FLUXNET2015_FULLSET_YY_2010-2022_1-RR.csv [oneflux.pipeline.common]
2025-07-23 22:01:36.241 [INFO    ] Variable 'TS_F_MDS_12_QC' might be missing from headers of file: /home/portnoy/u0/sytoanngo/ONEFlux/data/RoundRobin_input/RR-005/99_fluxnet2015/FLX_RR-005_FLUXNET2015_FULLSET_YY_2010-2022_1-RR.csv [oneflux.pipeline.common]
2025-07-23 22:01:36.241 [INFO    ] Variable 'TS_F_MDS_13_QC' might be missing from headers of file: /home/portnoy/u0/sytoanngo/ONEFlux/data/RoundRobin_input/RR-005/99_fluxnet2015/FLX_RR-005_FLUXNET2015_FULLSET_YY_2010-2022_1-RR.csv [oneflux.pipeline.common]
2025-07-23 22:01:36.241 [INFO    ] Variable 'TS_F_MDS_14_QC' might be missing from headers of file: /home/portnoy/u0/sytoanngo/ONEFlux/data/RoundRobin_input/RR-005/99_fluxnet2015/FLX_RR-005_FLUXNET2015_FULLSET_YY_2010-2022_1-RR.csv [oneflux.pipeline.common]
2025-07-23 22:01:36.241 [INFO    ] Variable 'TS_F_MDS_15_QC' might be missing from headers of file: /home/portnoy/u0/sytoanngo/ONEFlux/data/RoundRobin_input/RR-005/99_fluxnet2015/FLX_RR-005_FLUXNET2015_FULLSET_YY_2010-2022_1-RR.csv [oneflux.pipeline.common]
2025-07-23 22:01:36.241 [INFO    ] Variable 'TS_F_MDS_16_QC' might be missing from headers of file: /home/portnoy/u0/sytoanngo/ONEFlux/data/RoundRobin_input/RR-005/99_fluxnet2015/FLX_RR-005_FLUXNET2015_FULLSET_YY_2010-2022_1-RR.csv [oneflux.pipeline.common]
2025-07-23 22:01:36.242 [INFO    ] Variable 'TS_F_MDS_17_QC' might be missing from headers of file: /home/portnoy/u0/sytoanngo/ONEFlux/data/RoundRobin_input/RR-005/99_fluxnet2015/FLX_RR-005_FLUXNET2015_FULLSET_YY_2010-2022_1-RR.csv [oneflux.pipeline.common]
2025-07-23 22:01:36.242 [INFO    ] Variable 'TS_F_MDS_18_QC' might be missing from headers of file: /home/portnoy/u0/sytoanngo/ONEFlux/data/RoundRobin_input/RR-005/99_fluxnet2015/FLX_RR-005_FLUXNET2015_FULLSET_YY_2010-2022_1-RR.csv [oneflux.pipeline.common]
2025-07-23 22:01:36.242 [INFO    ] Variable 'TS_F_MDS_19_QC' might be missing from headers of file: /home/portnoy/u0/sytoanngo/ONEFlux/data/RoundRobin_input/RR-005/99_fluxnet2015/FLX_RR-005_FLUXNET2015_FULLSET_YY_2010-2022_1-RR.csv [oneflux.pipeline.common]
2025-07-23 22:01:36.242 [INFO    ] Variable 'SWC_F_MDS_7' might be missing from headers of file: /home/portnoy/u0/sytoanngo/ONEFlux/data/RoundRobin_input/RR-005/99_fluxnet2015/FLX_RR-005_FLUXNET2015_FULLSET_YY_2010-2022_1-RR.csv [oneflux.pipeline.common]
2025-07-23 22:01:36.242 [INFO    ] Variable 'SWC_F_MDS_8' might be missing from headers of file: /home/portnoy/u0/sytoanngo/ONEFlux/data/RoundRobin_input/RR-005/99_fluxnet2015/FLX_RR-005_FLUXNET2015_FULLSET_YY_2010-2022_1-RR.csv [oneflux.pipeline.common]
2025-07-23 22:01:36.242 [INFO    ] Variable 'SWC_F_MDS_9' might be missing from headers of file: /home/portnoy/u0/sytoanngo/ONEFlux/data/RoundRobin_input/RR-005/99_fluxnet2015/FLX_RR-005_FLUXNET2015_FULLSET_YY_2010-2022_1-RR.csv [oneflux.pipeline.common]
2025-07-23 22:01:36.242 [INFO    ] Variable 'SWC_F_MDS_10' might be missing from headers of file: /home/portnoy/u0/sytoanngo/ONEFlux/data/RoundRobin_input/RR-005/99_fluxnet2015/FLX_RR-005_FLUXNET2015_FULLSET_YY_2010-2022_1-RR.csv [oneflux.pipeline.common]
2025-07-23 22:01:36.242 [INFO    ] Variable 'SWC_F_MDS_11' might be missing from headers of file: /home/portnoy/u0/sytoanngo/ONEFlux/data/RoundRobin_input/RR-005/99_fluxnet2015/FLX_RR-005_FLUXNET2015_FULLSET_YY_2010-2022_1-RR.csv [oneflux.pipeline.common]
2025-07-23 22:01:36.243 [INFO    ] Variable 'SWC_F_MDS_12' might be missing from headers of file: /home/portnoy/u0/sytoanngo/ONEFlux/data/RoundRobin_input/RR-005/99_fluxnet2015/FLX_RR-005_FLUXNET2015_FULLSET_YY_2010-2022_1-RR.csv [oneflux.pipeline.common]
2025-07-23 22:01:36.243 [INFO    ] Variable 'SWC_F_MDS_13' might be missing from headers of file: /home/portnoy/u0/sytoanngo/ONEFlux/data/RoundRobin_input/RR-005/99_fluxnet2015/FLX_RR-005_FLUXNET2015_FULLSET_YY_2010-2022_1-RR.csv [oneflux.pipeline.common]
2025-07-23 22:01:36.243 [INFO    ] Variable 'SWC_F_MDS_14' might be missing from headers of file: /home/portnoy/u0/sytoanngo/ONEFlux/data/RoundRobin_input/RR-005/99_fluxnet2015/FLX_RR-005_FLUXNET2015_FULLSET_YY_2010-2022_1-RR.csv [oneflux.pipeline.common]
2025-07-23 22:01:36.243 [INFO    ] Variable 'SWC_F_MDS_15' might be missing from headers of file: /home/portnoy/u0/sytoanngo/ONEFlux/data/RoundRobin_input/RR-005/99_fluxnet2015/FLX_RR-005_FLUXNET2015_FULLSET_YY_2010-2022_1-RR.csv [oneflux.pipeline.common]
2025-07-23 22:01:36.243 [INFO    ] Variable 'SWC_F_MDS_16' might be missing from headers of file: /home/portnoy/u0/sytoanngo/ONEFlux/data/RoundRobin_input/RR-005/99_fluxnet2015/FLX_RR-005_FLUXNET2015_FULLSET_YY_2010-2022_1-RR.csv [oneflux.pipeline.common]
2025-07-23 22:01:36.243 [INFO    ] Variable 'SWC_F_MDS_17' might be missing from headers of file: /home/portnoy/u0/sytoanngo/ONEFlux/data/RoundRobin_input/RR-005/99_fluxnet2015/FLX_RR-005_FLUXNET2015_FULLSET_YY_2010-2022_1-RR.csv [oneflux.pipeline.common]
2025-07-23 22:01:36.243 [INFO    ] Variable 'SWC_F_MDS_18' might be missing from headers of file: /home/portnoy/u0/sytoanngo/ONEFlux/data/RoundRobin_input/RR-005/99_fluxnet2015/FLX_RR-005_FLUXNET2015_FULLSET_YY_2010-2022_1-RR.csv [oneflux.pipeline.common]
2025-07-23 22:01:36.243 [INFO    ] Variable 'SWC_F_MDS_19' might be missing from headers of file: /home/portnoy/u0/sytoanngo/ONEFlux/data/RoundRobin_input/RR-005/99_fluxnet2015/FLX_RR-005_FLUXNET2015_FULLSET_YY_2010-2022_1-RR.csv [oneflux.pipeline.common]
2025-07-23 22:01:36.243 [INFO    ] Variable 'SWC_F_MDS_7_QC' might be missing from headers of file: /home/portnoy/u0/sytoanngo/ONEFlux/data/RoundRobin_input/RR-005/99_fluxnet2015/FLX_RR-005_FLUXNET2015_FULLSET_YY_2010-2022_1-RR.csv [oneflux.pipeline.common]
2025-07-23 22:01:36.244 [INFO    ] Variable 'SWC_F_MDS_8_QC' might be missing from headers of file: /home/portnoy/u0/sytoanngo/ONEFlux/data/RoundRobin_input/RR-005/99_fluxnet2015/FLX_RR-005_FLUXNET2015_FULLSET_YY_2010-2022_1-RR.csv [oneflux.pipeline.common]
2025-07-23 22:01:36.244 [INFO    ] Variable 'SWC_F_MDS_9_QC' might be missing from headers of file: /home/portnoy/u0/sytoanngo/ONEFlux/data/RoundRobin_input/RR-005/99_fluxnet2015/FLX_RR-005_FLUXNET2015_FULLSET_YY_2010-2022_1-RR.csv [oneflux.pipeline.common]
2025-07-23 22:01:36.244 [INFO    ] Variable 'SWC_F_MDS_10_QC' might be missing from headers of file: /home/portnoy/u0/sytoanngo/ONEFlux/data/RoundRobin_input/RR-005/99_fluxnet2015/FLX_RR-005_FLUXNET2015_FULLSET_YY_2010-2022_1-RR.csv [oneflux.pipeline.common]
2025-07-23 22:01:36.244 [INFO    ] Variable 'SWC_F_MDS_11_QC' might be missing from headers of file: /home/portnoy/u0/sytoanngo/ONEFlux/data/RoundRobin_input/RR-005/99_fluxnet2015/FLX_RR-005_FLUXNET2015_FULLSET_YY_2010-2022_1-RR.csv [oneflux.pipeline.common]
2025-07-23 22:01:36.244 [INFO    ] Variable 'SWC_F_MDS_12_QC' might be missing from headers of file: /home/portnoy/u0/sytoanngo/ONEFlux/data/RoundRobin_input/RR-005/99_fluxnet2015/FLX_RR-005_FLUXNET2015_FULLSET_YY_2010-2022_1-RR.csv [oneflux.pipeline.common]
2025-07-23 22:01:36.244 [INFO    ] Variable 'SWC_F_MDS_13_QC' might be missing from headers of file: /home/portnoy/u0/sytoanngo/ONEFlux/data/RoundRobin_input/RR-005/99_fluxnet2015/FLX_RR-005_FLUXNET2015_FULLSET_YY_2010-2022_1-RR.csv [oneflux.pipeline.common]
2025-07-23 22:01:36.244 [INFO    ] Variable 'SWC_F_MDS_14_QC' might be missing from headers of file: /home/portnoy/u0/sytoanngo/ONEFlux/data/RoundRobin_input/RR-005/99_fluxnet2015/FLX_RR-005_FLUXNET2015_FULLSET_YY_2010-2022_1-RR.csv [oneflux.pipeline.common]
2025-07-23 22:01:36.244 [INFO    ] Variable 'SWC_F_MDS_15_QC' might be missing from headers of file: /home/portnoy/u0/sytoanngo/ONEFlux/data/RoundRobin_input/RR-005/99_fluxnet2015/FLX_RR-005_FLUXNET2015_FULLSET_YY_2010-2022_1-RR.csv [oneflux.pipeline.common]
2025-07-23 22:01:36.245 [INFO    ] Variable 'SWC_F_MDS_16_QC' might be missing from headers of file: /home/portnoy/u0/sytoanngo/ONEFlux/data/RoundRobin_input/RR-005/99_fluxnet2015/FLX_RR-005_FLUXNET2015_FULLSET_YY_2010-2022_1-RR.csv [oneflux.pipeline.common]
2025-07-23 22:01:36.245 [INFO    ] Variable 'SWC_F_MDS_17_QC' might be missing from headers of file: /home/portnoy/u0/sytoanngo/ONEFlux/data/RoundRobin_input/RR-005/99_fluxnet2015/FLX_RR-005_FLUXNET2015_FULLSET_YY_2010-2022_1-RR.csv [oneflux.pipeline.common]
2025-07-23 22:01:36.245 [INFO    ] Variable 'SWC_F_MDS_18_QC' might be missing from headers of file: /home/portnoy/u0/sytoanngo/ONEFlux/data/RoundRobin_input/RR-005/99_fluxnet2015/FLX_RR-005_FLUXNET2015_FULLSET_YY_2010-2022_1-RR.csv [oneflux.pipeline.common]
2025-07-23 22:01:36.245 [INFO    ] Variable 'SWC_F_MDS_19_QC' might be missing from headers of file: /home/portnoy/u0/sytoanngo/ONEFlux/data/RoundRobin_input/RR-005/99_fluxnet2015/FLX_RR-005_FLUXNET2015_FULLSET_YY_2010-2022_1-RR.csv [oneflux.pipeline.common]
2025-07-23 22:01:36.245 [INFO    ] Pipeline fluxnet2015 execution finished [oneflux.pipeline.wrappers]
2025-07-23 22:01:36.246 [INFO    ] RR-005 Pipeline run time 13:36:34.716706 (2025-07-23 08:25:01.529146 --- 2025-07-23 22:01:36.245852) [oneflux.pipeline.wrappers]
2025-07-23 22:01:36.250 [INFO    ] RR-005 Pipeline: execution finished [oneflux.pipeline.wrappers]
2025-07-23 22:01:36.250 [INFO    ] Finished processing site dir /home/portnoy/u0/sytoanngo/ONEFlux/data/RoundRobin_input/RR-005 [oneflux.tools.pipeline]
2025-07-23 22:01:36.250 [INFO    ] Finished execution: all [__main__]
