2025-07-30 10:29:20.204 [INFO    ] Logging started [root]
2025-07-30 10:29:20.204 [DEBUG   ] Using:command (all), data-dir (/home/portnoy/u0/sytoanngo/ONEFlux/data), site-id (RR-010), site-dir (/home/portnoy/u0/sytoanngo/ONEFlux/data/RoundRobin_input/RR-010), first-year (2014), last-year (2019), perc (['1.25', '3.75', '6.25', '8.75', '11.25', '13.75', '16.25', '18.75', '21.25', '23.75', '26.25', '28.75', '31.25', '33.75', '36.25', '38.75', '41.25', '43.75', '46.25', '48.75', '51.25', '53.75', '56.25', '58.75', '61.25', '63.75', '66.25', '68.75', '71.25', '73.75', '76.25', '78.75', '81.25', '83.75', '86.25', '88.75', '91.25', '93.75', '96.25', '98.75', '50']), prod (['c', 'y']), log-file (/home/portnoy/u0/sytoanngo/ONEFlux/06b07bdd-e51b-4db7-9ad2-4284697a0035.log), force-py (False), versionp (RR), versiond (1), era-fy (1981), era-ly (2024) [__main__]
2025-07-30 10:29:20.205 [INFO    ] Starting execution: all [__main__]
2025-07-30 10:29:20.205 [INFO    ] Namespace(command='all', datadir='/home/portnoy/u0/sytoanngo/ONEFlux/data', erafy=1981, eraly=2024, erasource='/home/portnoy/u0/sytoanngo/ONEFlux/data/RoundRobin_input/RR-010/06_meteo_era__input', firstyear=2014, forcepy=False, lastyear=2019, logfile='/home/portnoy/u0/sytoanngo/ONEFlux/06b07bdd-e51b-4db7-9ad2-4284697a0035.log', mcr_directory='/home/portnoy/u0/sytoanngo/ONEFlux/matlab/matlab_runtime/v94', perc=None, prod=None, recint='hh', sitedir='/home/portnoy/u0/sytoanngo/ONEFlux/data/RoundRobin_input/RR-010', siteid='RR-010', timestamp='20250730T102920', versiond='1', versionp='RR') [__main__]
2025-07-30 10:29:20.205 [INFO    ] Started processing site dir /home/portnoy/u0/sytoanngo/ONEFlux/data/RoundRobin_input/RR-010 [oneflux.tools.pipeline]
2025-07-30 10:29:20.206 [INFO    ] ONEFlux Pipeline: initialization started [oneflux.pipeline.wrappers]
2025-07-30 10:29:20.206 [DEBUG   ] ONEFlux Pipeline: keyword arguments: {'nee_partition_nt_execute': True, 'energy_proc_execute': True, 'prepare_ure_execute': True, 'perc_to_compare': ['1.25', '3.75', '6.25', '8.75', '11.25', '13.75', '16.25', '18.75', '21.25', '23.75', '26.25', '28.75', '31.25', '33.75', '36.25', '38.75', '41.25', '43.75', '46.25', '48.75', '51.25', '53.75', '56.25', '58.75', '61.25', '63.75', '66.25', '68.75', '71.25', '73.75', '76.25', '78.75', '81.25', '83.75', '86.25', '88.75', '91.25', '93.75', '96.25', '98.75', '50'], 'prod_to_compare': ['c', 'y'], 'fluxnet2015_version_processing': 'RR', 'data_dir': '/home/portnoy/u0/sytoanngo/ONEFlux/data/RoundRobin_input/RR-010', 'era_first_timestamp_start': '198101010000', 'era_source_dir': '/home/portnoy/u0/sytoanngo/ONEFlux/data/RoundRobin_input/RR-010/06_meteo_era__input', 'meteo_proc_execute': True, 'tool_dir': '/home/portnoy/u0/sytoanngo/bin/oneflux', 'ustar_mp_execute': True, 'fluxnet2015_version_data': '1', 'ustar_cp_execute': True, 'nee_proc_execute': True, 'ure_execute': True, 'site_dir': '/home/portnoy/u0/sytoanngo/ONEFlux/data/RoundRobin_input/RR-010', 'qc_auto_execute': True, 'fluxnet2015_first_t1': 2014, 'fluxnet2015_last_t1': 2019, 'ustar_cp_mcr_dir': '/home/portnoy/u0/sytoanngo/ONEFlux/matlab/matlab_runtime/v94', 'fluxnet2015_site_plots': True, 'data_dir_main': '/home/portnoy/u0/sytoanngo/ONEFlux/data', 'record_interval': 'hh', 'meteo_era_execute': True, 'era_last_timestamp_start': '202412312330', 'simulation': False, 'first_year': 2014, 'last_year': 2019, 'nee_partition_dt_execute': True, 'fluxnet2015_execute': True} [oneflux.pipeline.wrappers]
2025-07-30 10:29:20.207 [ERROR   ] Pipeline: unknown config attribute: 'era_first_timestamp_start' [oneflux.pipeline.wrappers]
2025-07-30 10:29:20.207 [ERROR   ] Pipeline: unknown config attribute: 'era_source_dir' [oneflux.pipeline.wrappers]
2025-07-30 10:29:20.207 [ERROR   ] Pipeline: unknown config attribute: 'site_dir' [oneflux.pipeline.wrappers]
2025-07-30 10:29:20.207 [ERROR   ] Pipeline: unknown config attribute: 'era_last_timestamp_start' [oneflux.pipeline.wrappers]
2025-07-30 10:29:20.207 [DEBUG   ] ONEFlux Pipeline: setting up for site 'RR-010' [oneflux.pipeline.wrappers]
2025-07-30 10:29:20.207 [DEBUG   ] ONEFlux Pipeline: using data dir '/home/portnoy/u0/sytoanngo/ONEFlux/data/RoundRobin_input/RR-010' [oneflux.pipeline.wrappers]
2025-07-30 10:29:20.208 [DEBUG   ] ONEFlux Pipeline: using ERA dir '/home/portnoy/u0/sytoanngo/ONEFlux/data/RoundRobin_input/RR-010/06_meteo_era__input' [oneflux.pipeline.wrappers]
2025-07-30 10:29:20.208 [DEBUG   ] ONEFlux Pipeline: using tool dir '/home/portnoy/u0/sytoanngo/bin/oneflux' [oneflux.pipeline.wrappers]
2025-07-30 10:29:20.208 [DEBUG   ] ONEFlux Pipeline: using record interval 'hh' [oneflux.pipeline.wrappers]
2025-07-30 10:29:20.208 [DEBUG   ] ONEFlux Pipeline: using validate on create 'False' [oneflux.pipeline.wrappers]
2025-07-30 10:29:20.208 [DEBUG   ] ONEFlux Pipeline: using simulation 'False' [oneflux.pipeline.wrappers]
2025-07-30 10:29:20.208 [DEBUG   ] ONEFlux Pipeline, skip NT config: 'False' [oneflux.pipeline.wrappers]
2025-07-30 10:29:20.209 [DEBUG   ] ONEFlux Pipeline, skip DT config: 'False' [oneflux.pipeline.wrappers]
2025-07-30 10:29:20.209 [DEBUG   ] ONEFlux Pipeline: using ERA first timestamp start '198101010000' [oneflux.pipeline.wrappers]
2025-07-30 10:29:20.209 [DEBUG   ] ONEFlux Pipeline: using ERA last timestamp start '202412312330' [oneflux.pipeline.wrappers]
2025-07-30 10:29:20.210 [INFO    ] ONEFlux Pipeline: initialization finished [oneflux.pipeline.wrappers]
2025-07-30 10:29:20.210 [INFO    ] RR-010 [oneflux.pipeline.wrappers]
2025-07-30 10:29:20.210 [INFO    ] RR-010 Pipeline: execution started [oneflux.pipeline.wrappers]
2025-07-30 10:29:20.210 [DEBUG   ] Pipeline data directory is '/home/portnoy/u0/sytoanngo/ONEFlux/data/RoundRobin_input/RR-010' [oneflux.pipeline.common]
2025-07-30 10:29:20.210 [DEBUG   ] Pipeline tool directory is '/home/portnoy/u0/sytoanngo/bin/oneflux' [oneflux.pipeline.common]
2025-07-30 10:29:20.211 [INFO    ] Pipeline logging started [root]
2025-07-30 10:29:20.211 [INFO    ] Pipeline qc_auto execution started [oneflux.pipeline.wrappers]
2025-07-30 10:29:20.225 [DEBUG   ] Pipeline qc_auto.pre_validate file is '/home/portnoy/u0/sytoanngo/bin/oneflux/qc_auto' [oneflux.pipeline.common]
2025-07-30 10:29:20.226 [CRITICAL] Pipeline qc_visual.post_validate directory not found in '/home/portnoy/u0/sytoanngo/ONEFlux/data/RoundRobin_input/RR-010/01_qc_visual' [oneflux.pipeline.common]
2025-07-30 10:29:20.226 [CRITICAL] RR-010 an error occurred (/home/portnoy/u0/sytoanngo/ONEFlux/data/RoundRobin_input/RR-010): Pipeline qc_visual.post_validate directory not found in '/home/portnoy/u0/sytoanngo/ONEFlux/data/RoundRobin_input/RR-010/01_qc_visual' [oneflux.pipeline.wrappers]
2025-07-30 10:29:20.241 [CRITICAL] ['Traceback (most recent call last):\n', '  File "/home/portnoy/u0/sytoanngo/ONEFlux/oneflux/pipeline/wrappers.py", line 272, in run\n    driver.run()\n', '  File "/home/portnoy/u0/sytoanngo/ONEFlux/oneflux/pipeline/wrappers.py", line 494, in run\n    self.pre_validate()\n', '  File "/home/portnoy/u0/sytoanngo/ONEFlux/oneflux/pipeline/wrappers.py", line 476, in pre_validate\n    self.pipeline.qc_visual.post_validate()\n', '  File "/home/portnoy/u0/sytoanngo/ONEFlux/oneflux/pipeline/wrappers.py", line 409, in post_validate\n    test_dir(tdir=self.qc_visual_dir, label=\'qc_visual.post_validate\')\n', '  File "/home/portnoy/u0/sytoanngo/ONEFlux/oneflux/pipeline/common.py", line 195, in test_dir\n    raise ONEFluxPipelineError(msg)\n', "ONEFluxPipelineError: Pipeline qc_visual.post_validate directory not found in '/home/portnoy/u0/sytoanngo/ONEFlux/data/RoundRobin_input/RR-010/01_qc_visual'\n"] [oneflux]
2025-07-30 10:29:20.241 [INFO    ] RR-010 Pipeline run time 0:00:00.029791 (2025-07-30 10:29:20.211927 --- 2025-07-30 10:29:20.241718) [oneflux.pipeline.wrappers]
2025-07-30 10:29:20.242 [CRITICAL] ONEFlux Pipeline ERRORS processing site dir /home/portnoy/u0/sytoanngo/ONEFlux/data/RoundRobin_input/RR-010 [oneflux.tools.pipeline]
2025-07-30 10:29:20.243 [CRITICAL] ['Traceback (most recent call last):\n', '  File "/home/portnoy/u0/sytoanngo/ONEFlux/oneflux/tools/pipeline.py", line 88, in run_pipeline\n    pipeline.run()\n', '  File "/home/portnoy/u0/sytoanngo/ONEFlux/oneflux/pipeline/wrappers.py", line 272, in run\n    driver.run()\n', '  File "/home/portnoy/u0/sytoanngo/ONEFlux/oneflux/pipeline/wrappers.py", line 494, in run\n    self.pre_validate()\n', '  File "/home/portnoy/u0/sytoanngo/ONEFlux/oneflux/pipeline/wrappers.py", line 476, in pre_validate\n    self.pipeline.qc_visual.post_validate()\n', '  File "/home/portnoy/u0/sytoanngo/ONEFlux/oneflux/pipeline/wrappers.py", line 409, in post_validate\n    test_dir(tdir=self.qc_visual_dir, label=\'qc_visual.post_validate\')\n', '  File "/home/portnoy/u0/sytoanngo/ONEFlux/oneflux/pipeline/common.py", line 195, in test_dir\n    raise ONEFluxPipelineError(msg)\n', "ONEFluxPipelineError: Pipeline qc_visual.post_validate directory not found in '/home/portnoy/u0/sytoanngo/ONEFlux/data/RoundRobin_input/RR-010/01_qc_visual'\n"] [oneflux.tools.pipeline]
2025-07-30 10:29:20.244 [CRITICAL] ['Traceback (most recent call last):\n', '  File "/home/portnoy/u0/sytoanngo/ONEFlux/runoneflux_test.py", line 96, in <module>\n    era_first_year=args.erafy, era_last_year=args.eraly,\n', '  File "/home/portnoy/u0/sytoanngo/ONEFlux/oneflux/tools/pipeline.py", line 88, in run_pipeline\n    pipeline.run()\n', '  File "/home/portnoy/u0/sytoanngo/ONEFlux/oneflux/pipeline/wrappers.py", line 272, in run\n    driver.run()\n', '  File "/home/portnoy/u0/sytoanngo/ONEFlux/oneflux/pipeline/wrappers.py", line 494, in run\n    self.pre_validate()\n', '  File "/home/portnoy/u0/sytoanngo/ONEFlux/oneflux/pipeline/wrappers.py", line 476, in pre_validate\n    self.pipeline.qc_visual.post_validate()\n', '  File "/home/portnoy/u0/sytoanngo/ONEFlux/oneflux/pipeline/wrappers.py", line 409, in post_validate\n    test_dir(tdir=self.qc_visual_dir, label=\'qc_visual.post_validate\')\n', '  File "/home/portnoy/u0/sytoanngo/ONEFlux/oneflux/pipeline/common.py", line 195, in test_dir\n    raise ONEFluxPipelineError(msg)\n', "ONEFluxPipelineError: Pipeline qc_visual.post_validate directory not found in '/home/portnoy/u0/sytoanngo/ONEFlux/data/RoundRobin_input/RR-010/01_qc_visual'\n"] [__main__]
2025-07-30 10:29:20.244 [CRITICAL] ***Problem during execution*** Pipeline qc_visual.post_validate directory not found in '/home/portnoy/u0/sytoanngo/ONEFlux/data/RoundRobin_input/RR-010/01_qc_visual' [__main__]
2025-07-30 10:29:20.244 [CRITICAL] ***Problem traceback*** Traceback (most recent call last):
  File "/home/portnoy/u0/sytoanngo/ONEFlux/runoneflux_test.py", line 96, in <module>
    era_first_year=args.erafy, era_last_year=args.eraly,
  File "/home/portnoy/u0/sytoanngo/ONEFlux/oneflux/tools/pipeline.py", line 88, in run_pipeline
    pipeline.run()
  File "/home/portnoy/u0/sytoanngo/ONEFlux/oneflux/pipeline/wrappers.py", line 272, in run
    driver.run()
  File "/home/portnoy/u0/sytoanngo/ONEFlux/oneflux/pipeline/wrappers.py", line 494, in run
    self.pre_validate()
  File "/home/portnoy/u0/sytoanngo/ONEFlux/oneflux/pipeline/wrappers.py", line 476, in pre_validate
    self.pipeline.qc_visual.post_validate()
  File "/home/portnoy/u0/sytoanngo/ONEFlux/oneflux/pipeline/wrappers.py", line 409, in post_validate
    test_dir(tdir=self.qc_visual_dir, label='qc_visual.post_validate')
  File "/home/portnoy/u0/sytoanngo/ONEFlux/oneflux/pipeline/common.py", line 195, in test_dir
    raise ONEFluxPipelineError(msg)
ONEFluxPipelineError: Pipeline qc_visual.post_validate directory not found in '/home/portnoy/u0/sytoanngo/ONEFlux/data/RoundRobin_input/RR-010/01_qc_visual'
 [__main__]
