2025-07-23 12:29:58.490 [DEBUG   ] Pipeline ure.run file is '/home/portnoy/u0/sytoanngo/ONEFlux/data/RoundRobin_input/RR-001/11_nee_partition_dt/nee_y_13.75_RR-001_2023.csv' [oneflux.pipeline.common]
2025-07-23 12:29:58.822 [DEBUG   ] Pipeline ure.run file is '/home/portnoy/u0/sytoanngo/ONEFlux/data/RoundRobin_input/RR-001/11_nee_partition_dt/nee_y_16.25_RR-001_2023.csv' [oneflux.pipeline.common]
2025-07-23 12:29:59.052 [DEBUG   ] Pipeline ure.run file is '/home/portnoy/u0/sytoanngo/ONEFlux/data/RoundRobin_input/RR-001/11_nee_partition_dt/nee_y_18.75_RR-001_2023.csv' [oneflux.pipeline.common]
2025-07-23 12:29:59.215 [DEBUG   ] Pipeline ure.run file is '/home/portnoy/u0/sytoanngo/ONEFlux/data/RoundRobin_input/RR-001/11_nee_partition_dt/nee_y_21.25_RR-001_2023.csv' [oneflux.pipeline.common]
2025-07-23 12:29:59.480 [DEBUG   ] Pipeline ure.run file is '/home/portnoy/u0/sytoanngo/ONEFlux/data/RoundRobin_input/RR-001/11_nee_partition_dt/nee_y_23.75_RR-001_2023.csv' [oneflux.pipeline.common]
2025-07-23 12:29:59.733 [DEBUG   ] Pipeline ure.run file is '/home/portnoy/u0/sytoanngo/ONEFlux/data/RoundRobin_input/RR-001/11_nee_partition_dt/nee_y_26.25_RR-001_2023.csv' [oneflux.pipeline.common]
2025-07-23 12:30:00.061 [DEBUG   ] Pipeline ure.run file is '/home/portnoy/u0/sytoanngo/ONEFlux/data/RoundRobin_input/RR-001/11_nee_partition_dt/nee_y_28.75_RR-001_2023.csv' [oneflux.pipeline.common]
2025-07-23 12:30:00.395 [DEBUG   ] Pipeline ure.run file is '/home/portnoy/u0/sytoanngo/ONEFlux/data/RoundRobin_input/RR-001/11_nee_partition_dt/nee_y_31.25_RR-001_2023.csv' [oneflux.pipeline.common]
2025-07-23 12:30:00.729 [DEBUG   ] Pipeline ure.run file is '/home/portnoy/u0/sytoanngo/ONEFlux/data/RoundRobin_input/RR-001/11_nee_partition_dt/nee_y_33.75_RR-001_2023.csv' [oneflux.pipeline.common]
2025-07-23 12:30:01.206 [DEBUG   ] Pipeline ure.run file is '/home/portnoy/u0/sytoanngo/ONEFlux/data/RoundRobin_input/RR-001/11_nee_partition_dt/nee_y_36.25_RR-001_2023.csv' [oneflux.pipeline.common]
2025-07-23 12:30:01.395 [DEBUG   ] Pipeline ure.run file is '/home/portnoy/u0/sytoanngo/ONEFlux/data/RoundRobin_input/RR-001/11_nee_partition_dt/nee_y_38.75_RR-001_2023.csv' [oneflux.pipeline.common]
2025-07-23 12:30:01.556 [DEBUG   ] Pipeline ure.run file is '/home/portnoy/u0/sytoanngo/ONEFlux/data/RoundRobin_input/RR-001/11_nee_partition_dt/nee_y_41.25_RR-001_2023.csv' [oneflux.pipeline.common]
2025-07-23 12:30:01.792 [DEBUG   ] Pipeline ure.run file is '/home/portnoy/u0/sytoanngo/ONEFlux/data/RoundRobin_input/RR-001/11_nee_partition_dt/nee_y_43.75_RR-001_2023.csv' [oneflux.pipeline.common]
2025-07-23 12:30:01.973 [DEBUG   ] Pipeline ure.run file is '/home/portnoy/u0/sytoanngo/ONEFlux/data/RoundRobin_input/RR-001/11_nee_partition_dt/nee_y_46.25_RR-001_2023.csv' [oneflux.pipeline.common]
2025-07-23 12:30:02.279 [DEBUG   ] Pipeline ure.run file is '/home/portnoy/u0/sytoanngo/ONEFlux/data/RoundRobin_input/RR-001/11_nee_partition_dt/nee_y_48.75_RR-001_2023.csv' [oneflux.pipeline.common]
2025-07-23 12:30:02.614 [DEBUG   ] Pipeline ure.run file is '/home/portnoy/u0/sytoanngo/ONEFlux/data/RoundRobin_input/RR-001/11_nee_partition_dt/nee_y_51.25_RR-001_2023.csv' [oneflux.pipeline.common]
2025-07-23 12:30:02.951 [DEBUG   ] Pipeline ure.run file is '/home/portnoy/u0/sytoanngo/ONEFlux/data/RoundRobin_input/RR-001/11_nee_partition_dt/nee_y_53.75_RR-001_2023.csv' [oneflux.pipeline.common]
2025-07-23 12:30:03.286 [DEBUG   ] Pipeline ure.run file is '/home/portnoy/u0/sytoanngo/ONEFlux/data/RoundRobin_input/RR-001/11_nee_partition_dt/nee_y_56.25_RR-001_2023.csv' [oneflux.pipeline.common]
2025-07-23 12:30:03.622 [DEBUG   ] Pipeline ure.run file is '/home/portnoy/u0/sytoanngo/ONEFlux/data/RoundRobin_input/RR-001/11_nee_partition_dt/nee_y_58.75_RR-001_2023.csv' [oneflux.pipeline.common]
2025-07-23 12:30:03.955 [DEBUG   ] Pipeline ure.run file is '/home/portnoy/u0/sytoanngo/ONEFlux/data/RoundRobin_input/RR-001/11_nee_partition_dt/nee_y_61.25_RR-001_2023.csv' [oneflux.pipeline.common]
2025-07-23 12:30:04.269 [DEBUG   ] Pipeline ure.run file is '/home/portnoy/u0/sytoanngo/ONEFlux/data/RoundRobin_input/RR-001/11_nee_partition_dt/nee_y_63.75_RR-001_2023.csv' [oneflux.pipeline.common]
2025-07-23 12:30:04.510 [DEBUG   ] Pipeline ure.run file is '/home/portnoy/u0/sytoanngo/ONEFlux/data/RoundRobin_input/RR-001/11_nee_partition_dt/nee_y_66.25_RR-001_2023.csv' [oneflux.pipeline.common]
2025-07-23 12:30:04.851 [DEBUG   ] Pipeline ure.run file is '/home/portnoy/u0/sytoanngo/ONEFlux/data/RoundRobin_input/RR-001/11_nee_partition_dt/nee_y_68.75_RR-001_2023.csv' [oneflux.pipeline.common]
2025-07-23 12:30:05.194 [DEBUG   ] Pipeline ure.run file is '/home/portnoy/u0/sytoanngo/ONEFlux/data/RoundRobin_input/RR-001/11_nee_partition_dt/nee_y_71.25_RR-001_2023.csv' [oneflux.pipeline.common]
2025-07-23 12:30:05.541 [DEBUG   ] Pipeline ure.run file is '/home/portnoy/u0/sytoanngo/ONEFlux/data/RoundRobin_input/RR-001/11_nee_partition_dt/nee_y_73.75_RR-001_2023.csv' [oneflux.pipeline.common]
2025-07-23 12:30:05.887 [DEBUG   ] Pipeline ure.run file is '/home/portnoy/u0/sytoanngo/ONEFlux/data/RoundRobin_input/RR-001/11_nee_partition_dt/nee_y_76.25_RR-001_2023.csv' [oneflux.pipeline.common]
2025-07-23 12:30:06.229 [DEBUG   ] Pipeline ure.run file is '/home/portnoy/u0/sytoanngo/ONEFlux/data/RoundRobin_input/RR-001/11_nee_partition_dt/nee_y_78.75_RR-001_2023.csv' [oneflux.pipeline.common]
2025-07-23 12:30:06.571 [DEBUG   ] Pipeline ure.run file is '/home/portnoy/u0/sytoanngo/ONEFlux/data/RoundRobin_input/RR-001/11_nee_partition_dt/nee_y_81.25_RR-001_2023.csv' [oneflux.pipeline.common]
2025-07-23 12:30:06.802 [DEBUG   ] Pipeline ure.run file is '/home/portnoy/u0/sytoanngo/ONEFlux/data/RoundRobin_input/RR-001/11_nee_partition_dt/nee_y_83.75_RR-001_2023.csv' [oneflux.pipeline.common]
2025-07-23 12:30:06.980 [DEBUG   ] Pipeline ure.run file is '/home/portnoy/u0/sytoanngo/ONEFlux/data/RoundRobin_input/RR-001/11_nee_partition_dt/nee_y_86.25_RR-001_2023.csv' [oneflux.pipeline.common]
2025-07-23 12:30:07.143 [DEBUG   ] Pipeline ure.run file is '/home/portnoy/u0/sytoanngo/ONEFlux/data/RoundRobin_input/RR-001/11_nee_partition_dt/nee_y_88.75_RR-001_2023.csv' [oneflux.pipeline.common]
2025-07-23 12:30:07.304 [DEBUG   ] Pipeline ure.run file is '/home/portnoy/u0/sytoanngo/ONEFlux/data/RoundRobin_input/RR-001/11_nee_partition_dt/nee_y_91.25_RR-001_2023.csv' [oneflux.pipeline.common]
2025-07-23 12:30:07.464 [DEBUG   ] Pipeline ure.run file is '/home/portnoy/u0/sytoanngo/ONEFlux/data/RoundRobin_input/RR-001/11_nee_partition_dt/nee_y_93.75_RR-001_2023.csv' [oneflux.pipeline.common]
2025-07-23 12:30:07.776 [DEBUG   ] Pipeline ure.run file is '/home/portnoy/u0/sytoanngo/ONEFlux/data/RoundRobin_input/RR-001/11_nee_partition_dt/nee_y_96.25_RR-001_2023.csv' [oneflux.pipeline.common]
2025-07-23 12:30:08.138 [DEBUG   ] Pipeline ure.run file is '/home/portnoy/u0/sytoanngo/ONEFlux/data/RoundRobin_input/RR-001/11_nee_partition_dt/nee_y_98.75_RR-001_2023.csv' [oneflux.pipeline.common]
2025-07-23 12:30:08.517 [DEBUG   ] Pipeline ure.run file is '/home/portnoy/u0/sytoanngo/ONEFlux/data/RoundRobin_input/RR-001/11_nee_partition_dt/nee_y_50_RR-001_2023.csv' [oneflux.pipeline.common]
2025-07-23 12:30:11.184 [INFO    ] Pipeline prepare_ure: saved '/home/portnoy/u0/sytoanngo/ONEFlux/data/RoundRobin_input/RR-001/12_ure_input/RR-001_2023_DT_GPP.csv' [oneflux.pipeline.wrappers]
2025-07-23 12:30:13.279 [INFO    ] Pipeline prepare_ure: saved '/home/portnoy/u0/sytoanngo/ONEFlux/data/RoundRobin_input/RR-001/12_ure_input/RR-001_2023_DT_RECO.csv' [oneflux.pipeline.wrappers]
2025-07-23 12:30:13.473 [DEBUG   ] Pipeline ure.run file is '/home/portnoy/u0/sytoanngo/ONEFlux/data/RoundRobin_input/RR-001/11_nee_partition_dt/nee_c_1.25_RR-001_2024.csv' [oneflux.pipeline.common]
2025-07-23 12:30:13.813 [DEBUG   ] Pipeline ure.run file is '/home/portnoy/u0/sytoanngo/ONEFlux/data/RoundRobin_input/RR-001/11_nee_partition_dt/nee_c_3.75_RR-001_2024.csv' [oneflux.pipeline.common]
2025-07-23 12:30:14.151 [DEBUG   ] Pipeline ure.run file is '/home/portnoy/u0/sytoanngo/ONEFlux/data/RoundRobin_input/RR-001/11_nee_partition_dt/nee_c_6.25_RR-001_2024.csv' [oneflux.pipeline.common]
2025-07-23 12:30:14.492 [DEBUG   ] Pipeline ure.run file is '/home/portnoy/u0/sytoanngo/ONEFlux/data/RoundRobin_input/RR-001/11_nee_partition_dt/nee_c_8.75_RR-001_2024.csv' [oneflux.pipeline.common]
2025-07-23 12:30:14.763 [DEBUG   ] Pipeline ure.run file is '/home/portnoy/u0/sytoanngo/ONEFlux/data/RoundRobin_input/RR-001/11_nee_partition_dt/nee_c_11.25_RR-001_2024.csv' [oneflux.pipeline.common]
2025-07-23 12:30:15.019 [DEBUG   ] Pipeline ure.run file is '/home/portnoy/u0/sytoanngo/ONEFlux/data/RoundRobin_input/RR-001/11_nee_partition_dt/nee_c_13.75_RR-001_2024.csv' [oneflux.pipeline.common]
2025-07-23 12:30:15.193 [DEBUG   ] Pipeline ure.run file is '/home/portnoy/u0/sytoanngo/ONEFlux/data/RoundRobin_input/RR-001/11_nee_partition_dt/nee_c_16.25_RR-001_2024.csv' [oneflux.pipeline.common]
2025-07-23 12:30:15.355 [DEBUG   ] Pipeline ure.run file is '/home/portnoy/u0/sytoanngo/ONEFlux/data/RoundRobin_input/RR-001/11_nee_partition_dt/nee_c_18.75_RR-001_2024.csv' [oneflux.pipeline.common]
2025-07-23 12:30:15.517 [DEBUG   ] Pipeline ure.run file is '/home/portnoy/u0/sytoanngo/ONEFlux/data/RoundRobin_input/RR-001/11_nee_partition_dt/nee_c_21.25_RR-001_2024.csv' [oneflux.pipeline.common]
2025-07-23 12:30:15.680 [DEBUG   ] Pipeline ure.run file is '/home/portnoy/u0/sytoanngo/ONEFlux/data/RoundRobin_input/RR-001/11_nee_partition_dt/nee_c_23.75_RR-001_2024.csv' [oneflux.pipeline.common]
2025-07-23 12:30:15.843 [DEBUG   ] Pipeline ure.run file is '/home/portnoy/u0/sytoanngo/ONEFlux/data/RoundRobin_input/RR-001/11_nee_partition_dt/nee_c_26.25_RR-001_2024.csv' [oneflux.pipeline.common]
2025-07-23 12:30:16.005 [DEBUG   ] Pipeline ure.run file is '/home/portnoy/u0/sytoanngo/ONEFlux/data/RoundRobin_input/RR-001/11_nee_partition_dt/nee_c_28.75_RR-001_2024.csv' [oneflux.pipeline.common]
2025-07-23 12:30:16.167 [DEBUG   ] Pipeline ure.run file is '/home/portnoy/u0/sytoanngo/ONEFlux/data/RoundRobin_input/RR-001/11_nee_partition_dt/nee_c_31.25_RR-001_2024.csv' [oneflux.pipeline.common]
2025-07-23 12:30:16.330 [DEBUG   ] Pipeline ure.run file is '/home/portnoy/u0/sytoanngo/ONEFlux/data/RoundRobin_input/RR-001/11_nee_partition_dt/nee_c_33.75_RR-001_2024.csv' [oneflux.pipeline.common]
2025-07-23 12:30:16.491 [DEBUG   ] Pipeline ure.run file is '/home/portnoy/u0/sytoanngo/ONEFlux/data/RoundRobin_input/RR-001/11_nee_partition_dt/nee_c_36.25_RR-001_2024.csv' [oneflux.pipeline.common]
2025-07-23 12:30:16.654 [DEBUG   ] Pipeline ure.run file is '/home/portnoy/u0/sytoanngo/ONEFlux/data/RoundRobin_input/RR-001/11_nee_partition_dt/nee_c_38.75_RR-001_2024.csv' [oneflux.pipeline.common]
2025-07-23 12:30:16.816 [DEBUG   ] Pipeline ure.run file is '/home/portnoy/u0/sytoanngo/ONEFlux/data/RoundRobin_input/RR-001/11_nee_partition_dt/nee_c_41.25_RR-001_2024.csv' [oneflux.pipeline.common]
2025-07-23 12:30:16.977 [DEBUG   ] Pipeline ure.run file is '/home/portnoy/u0/sytoanngo/ONEFlux/data/RoundRobin_input/RR-001/11_nee_partition_dt/nee_c_43.75_RR-001_2024.csv' [oneflux.pipeline.common]
2025-07-23 12:30:17.139 [DEBUG   ] Pipeline ure.run file is '/home/portnoy/u0/sytoanngo/ONEFlux/data/RoundRobin_input/RR-001/11_nee_partition_dt/nee_c_46.25_RR-001_2024.csv' [oneflux.pipeline.common]
2025-07-23 12:30:17.301 [DEBUG   ] Pipeline ure.run file is '/home/portnoy/u0/sytoanngo/ONEFlux/data/RoundRobin_input/RR-001/11_nee_partition_dt/nee_c_48.75_RR-001_2024.csv' [oneflux.pipeline.common]
2025-07-23 12:30:17.462 [DEBUG   ] Pipeline ure.run file is '/home/portnoy/u0/sytoanngo/ONEFlux/data/RoundRobin_input/RR-001/11_nee_partition_dt/nee_c_51.25_RR-001_2024.csv' [oneflux.pipeline.common]
2025-07-23 12:30:17.624 [DEBUG   ] Pipeline ure.run file is '/home/portnoy/u0/sytoanngo/ONEFlux/data/RoundRobin_input/RR-001/11_nee_partition_dt/nee_c_53.75_RR-001_2024.csv' [oneflux.pipeline.common]
2025-07-23 12:30:17.786 [DEBUG   ] Pipeline ure.run file is '/home/portnoy/u0/sytoanngo/ONEFlux/data/RoundRobin_input/RR-001/11_nee_partition_dt/nee_c_56.25_RR-001_2024.csv' [oneflux.pipeline.common]
2025-07-23 12:30:17.947 [DEBUG   ] Pipeline ure.run file is '/home/portnoy/u0/sytoanngo/ONEFlux/data/RoundRobin_input/RR-001/11_nee_partition_dt/nee_c_58.75_RR-001_2024.csv' [oneflux.pipeline.common]
2025-07-23 12:30:18.109 [DEBUG   ] Pipeline ure.run file is '/home/portnoy/u0/sytoanngo/ONEFlux/data/RoundRobin_input/RR-001/11_nee_partition_dt/nee_c_61.25_RR-001_2024.csv' [oneflux.pipeline.common]
2025-07-23 12:30:18.271 [DEBUG   ] Pipeline ure.run file is '/home/portnoy/u0/sytoanngo/ONEFlux/data/RoundRobin_input/RR-001/11_nee_partition_dt/nee_c_63.75_RR-001_2024.csv' [oneflux.pipeline.common]
2025-07-23 12:30:18.433 [DEBUG   ] Pipeline ure.run file is '/home/portnoy/u0/sytoanngo/ONEFlux/data/RoundRobin_input/RR-001/11_nee_partition_dt/nee_c_66.25_RR-001_2024.csv' [oneflux.pipeline.common]
2025-07-23 12:30:18.596 [DEBUG   ] Pipeline ure.run file is '/home/portnoy/u0/sytoanngo/ONEFlux/data/RoundRobin_input/RR-001/11_nee_partition_dt/nee_c_68.75_RR-001_2024.csv' [oneflux.pipeline.common]
2025-07-23 12:30:18.758 [DEBUG   ] Pipeline ure.run file is '/home/portnoy/u0/sytoanngo/ONEFlux/data/RoundRobin_input/RR-001/11_nee_partition_dt/nee_c_71.25_RR-001_2024.csv' [oneflux.pipeline.common]
2025-07-23 12:30:18.921 [DEBUG   ] Pipeline ure.run file is '/home/portnoy/u0/sytoanngo/ONEFlux/data/RoundRobin_input/RR-001/11_nee_partition_dt/nee_c_73.75_RR-001_2024.csv' [oneflux.pipeline.common]
2025-07-23 12:30:19.083 [DEBUG   ] Pipeline ure.run file is '/home/portnoy/u0/sytoanngo/ONEFlux/data/RoundRobin_input/RR-001/11_nee_partition_dt/nee_c_76.25_RR-001_2024.csv' [oneflux.pipeline.common]
2025-07-23 12:30:19.246 [DEBUG   ] Pipeline ure.run file is '/home/portnoy/u0/sytoanngo/ONEFlux/data/RoundRobin_input/RR-001/11_nee_partition_dt/nee_c_78.75_RR-001_2024.csv' [oneflux.pipeline.common]
2025-07-23 12:30:19.408 [DEBUG   ] Pipeline ure.run file is '/home/portnoy/u0/sytoanngo/ONEFlux/data/RoundRobin_input/RR-001/11_nee_partition_dt/nee_c_81.25_RR-001_2024.csv' [oneflux.pipeline.common]
2025-07-23 12:30:19.571 [DEBUG   ] Pipeline ure.run file is '/home/portnoy/u0/sytoanngo/ONEFlux/data/RoundRobin_input/RR-001/11_nee_partition_dt/nee_c_83.75_RR-001_2024.csv' [oneflux.pipeline.common]
2025-07-23 12:30:19.734 [DEBUG   ] Pipeline ure.run file is '/home/portnoy/u0/sytoanngo/ONEFlux/data/RoundRobin_input/RR-001/11_nee_partition_dt/nee_c_86.25_RR-001_2024.csv' [oneflux.pipeline.common]
2025-07-23 12:30:19.896 [DEBUG   ] Pipeline ure.run file is '/home/portnoy/u0/sytoanngo/ONEFlux/data/RoundRobin_input/RR-001/11_nee_partition_dt/nee_c_88.75_RR-001_2024.csv' [oneflux.pipeline.common]
2025-07-23 12:30:20.058 [DEBUG   ] Pipeline ure.run file is '/home/portnoy/u0/sytoanngo/ONEFlux/data/RoundRobin_input/RR-001/11_nee_partition_dt/nee_c_91.25_RR-001_2024.csv' [oneflux.pipeline.common]
2025-07-23 12:30:20.190 [CRITICAL] RR-001 an error occurred (/home/portnoy/u0/sytoanngo/ONEFlux/data/RoundRobin_input/RR-001): Some errors were detected !
    Line #17570 (got 25 columns instead of 2) [oneflux.pipeline.wrappers]
2025-07-23 12:30:20.216 [CRITICAL] ['Traceback (most recent call last):\n', '  File "/home/portnoy/u0/sytoanngo/ONEFlux/oneflux/pipeline/wrappers.py", line 272, in run\n    driver.run()\n', '  File "/home/portnoy/u0/sytoanngo/ONEFlux/oneflux/pipeline/wrappers.py", line 2017, in run\n    self.convert_files_dt()\n', '  File "/home/portnoy/u0/sytoanngo/ONEFlux/oneflux/pipeline/wrappers.py", line 1991, in convert_files_dt\n    data = numpy.genfromtxt(fname=dt_filename, names=True, delimiter=\',\', skip_header=0, usemask=False, usecols=(reco_idx, gpp_idx,))\n', '  File "/home/portnoy/u0/sytoanngo/miniconda3/envs/oneflux/lib/python2.7/site-packages/numpy/lib/npyio.py", line 2031, in genfromtxt\n    raise ValueError(errmsg)\n', 'ValueError: Some errors were detected !\n    Line #17570 (got 25 columns instead of 2)\n'] [oneflux]
2025-07-23 12:30:20.221 [INFO    ] RR-001 Pipeline run time 4:33:34.663592 (2025-07-23 07:56:45.553488 --- 2025-07-23 12:30:20.217080) [oneflux.pipeline.wrappers]
2025-07-23 12:30:20.222 [CRITICAL] UNKNOWN ERRORS processing site dir /home/portnoy/u0/sytoanngo/ONEFlux/data/RoundRobin_input/RR-001 [oneflux.tools.pipeline]
2025-07-23 12:30:20.223 [CRITICAL] ['Traceback (most recent call last):\n', '  File "/home/portnoy/u0/sytoanngo/ONEFlux/oneflux/tools/pipeline.py", line 88, in run_pipeline\n    pipeline.run()\n', '  File "/home/portnoy/u0/sytoanngo/ONEFlux/oneflux/pipeline/wrappers.py", line 272, in run\n    driver.run()\n', '  File "/home/portnoy/u0/sytoanngo/ONEFlux/oneflux/pipeline/wrappers.py", line 2017, in run\n    self.convert_files_dt()\n', '  File "/home/portnoy/u0/sytoanngo/ONEFlux/oneflux/pipeline/wrappers.py", line 1991, in convert_files_dt\n    data = numpy.genfromtxt(fname=dt_filename, names=True, delimiter=\',\', skip_header=0, usemask=False, usecols=(reco_idx, gpp_idx,))\n', '  File "/home/portnoy/u0/sytoanngo/miniconda3/envs/oneflux/lib/python2.7/site-packages/numpy/lib/npyio.py", line 2031, in genfromtxt\n    raise ValueError(errmsg)\n', 'ValueError: Some errors were detected !\n    Line #17570 (got 25 columns instead of 2)\n'] [oneflux.tools.pipeline]
2025-07-23 12:30:20.223 [CRITICAL] ['Traceback (most recent call last):\n', '  File "/home/portnoy/u0/sytoanngo/ONEFlux/runoneflux_test.py", line 96, in <module>\n    era_first_year=args.erafy, era_last_year=args.eraly,\n', '  File "/home/portnoy/u0/sytoanngo/ONEFlux/oneflux/tools/pipeline.py", line 88, in run_pipeline\n    pipeline.run()\n', '  File "/home/portnoy/u0/sytoanngo/ONEFlux/oneflux/pipeline/wrappers.py", line 272, in run\n    driver.run()\n', '  File "/home/portnoy/u0/sytoanngo/ONEFlux/oneflux/pipeline/wrappers.py", line 2017, in run\n    self.convert_files_dt()\n', '  File "/home/portnoy/u0/sytoanngo/ONEFlux/oneflux/pipeline/wrappers.py", line 1991, in convert_files_dt\n    data = numpy.genfromtxt(fname=dt_filename, names=True, delimiter=\',\', skip_header=0, usemask=False, usecols=(reco_idx, gpp_idx,))\n', '  File "/home/portnoy/u0/sytoanngo/miniconda3/envs/oneflux/lib/python2.7/site-packages/numpy/lib/npyio.py", line 2031, in genfromtxt\n    raise ValueError(errmsg)\n', 'ValueError: Some errors were detected !\n    Line #17570 (got 25 columns instead of 2)\n'] [__main__]
2025-07-23 12:30:20.223 [CRITICAL] ***Problem during execution*** Some errors were detected !
    Line #17570 (got 25 columns instead of 2) [__main__]
2025-07-23 12:30:20.224 [CRITICAL] ***Problem traceback*** Traceback (most recent call last):
  File "/home/portnoy/u0/sytoanngo/ONEFlux/runoneflux_test.py", line 96, in <module>
    era_first_year=args.erafy, era_last_year=args.eraly,
  File "/home/portnoy/u0/sytoanngo/ONEFlux/oneflux/tools/pipeline.py", line 88, in run_pipeline
    pipeline.run()
  File "/home/portnoy/u0/sytoanngo/ONEFlux/oneflux/pipeline/wrappers.py", line 272, in run
    driver.run()
  File "/home/portnoy/u0/sytoanngo/ONEFlux/oneflux/pipeline/wrappers.py", line 2017, in run
    self.convert_files_dt()
  File "/home/portnoy/u0/sytoanngo/ONEFlux/oneflux/pipeline/wrappers.py", line 1991, in convert_files_dt
    data = numpy.genfromtxt(fname=dt_filename, names=True, delimiter=',', skip_header=0, usemask=False, usecols=(reco_idx, gpp_idx,))
  File "/home/portnoy/u0/sytoanngo/miniconda3/envs/oneflux/lib/python2.7/site-packages/numpy/lib/npyio.py", line 2031, in genfromtxt
    raise ValueError(errmsg)
ValueError: Some errors were detected !
    Line #17570 (got 25 columns instead of 2)
 [__main__]
