2025-07-28 14:15:34.410 [INFO    ] Variable 'SWC_F_MDS_11' might be missing from headers of file: /global/scratch/users/sytoanngo/data/RoundRobin_input/RR-001/99_fluxnet2015/FLX_RR-001_FLUXNET2015_FULLSET_YY_2020-2024_1-RR.csv [oneflux.pipeline.common]
2025-07-28 14:15:34.410 [INFO    ] Variable 'SWC_F_MDS_12' might be missing from headers of file: /global/scratch/users/sytoanngo/data/RoundRobin_input/RR-001/99_fluxnet2015/FLX_RR-001_FLUXNET2015_FULLSET_YY_2020-2024_1-RR.csv [oneflux.pipeline.common]
2025-07-28 14:15:34.410 [INFO    ] Variable 'SWC_F_MDS_13' might be missing from headers of file: /global/scratch/users/sytoanngo/data/RoundRobin_input/RR-001/99_fluxnet2015/FLX_RR-001_FLUXNET2015_FULLSET_YY_2020-2024_1-RR.csv [oneflux.pipeline.common]
2025-07-28 14:15:34.410 [INFO    ] Variable 'SWC_F_MDS_14' might be missing from headers of file: /global/scratch/users/sytoanngo/data/RoundRobin_input/RR-001/99_fluxnet2015/FLX_RR-001_FLUXNET2015_FULLSET_YY_2020-2024_1-RR.csv [oneflux.pipeline.common]
2025-07-28 14:15:34.410 [INFO    ] Variable 'SWC_F_MDS_15' might be missing from headers of file: /global/scratch/users/sytoanngo/data/RoundRobin_input/RR-001/99_fluxnet2015/FLX_RR-001_FLUXNET2015_FULLSET_YY_2020-2024_1-RR.csv [oneflux.pipeline.common]
2025-07-28 14:15:34.410 [INFO    ] Variable 'SWC_F_MDS_16' might be missing from headers of file: /global/scratch/users/sytoanngo/data/RoundRobin_input/RR-001/99_fluxnet2015/FLX_RR-001_FLUXNET2015_FULLSET_YY_2020-2024_1-RR.csv [oneflux.pipeline.common]
2025-07-28 14:15:34.411 [INFO    ] Variable 'SWC_F_MDS_17' might be missing from headers of file: /global/scratch/users/sytoanngo/data/RoundRobin_input/RR-001/99_fluxnet2015/FLX_RR-001_FLUXNET2015_FULLSET_YY_2020-2024_1-RR.csv [oneflux.pipeline.common]
2025-07-28 14:15:34.411 [INFO    ] Variable 'SWC_F_MDS_18' might be missing from headers of file: /global/scratch/users/sytoanngo/data/RoundRobin_input/RR-001/99_fluxnet2015/FLX_RR-001_FLUXNET2015_FULLSET_YY_2020-2024_1-RR.csv [oneflux.pipeline.common]
2025-07-28 14:15:34.411 [INFO    ] Variable 'SWC_F_MDS_19' might be missing from headers of file: /global/scratch/users/sytoanngo/data/RoundRobin_input/RR-001/99_fluxnet2015/FLX_RR-001_FLUXNET2015_FULLSET_YY_2020-2024_1-RR.csv [oneflux.pipeline.common]
2025-07-28 14:15:34.411 [INFO    ] Variable 'SWC_F_MDS_6_QC' might be missing from headers of file: /global/scratch/users/sytoanngo/data/RoundRobin_input/RR-001/99_fluxnet2015/FLX_RR-001_FLUXNET2015_FULLSET_YY_2020-2024_1-RR.csv [oneflux.pipeline.common]
2025-07-28 14:15:34.411 [INFO    ] Variable 'SWC_F_MDS_7_QC' might be missing from headers of file: /global/scratch/users/sytoanngo/data/RoundRobin_input/RR-001/99_fluxnet2015/FLX_RR-001_FLUXNET2015_FULLSET_YY_2020-2024_1-RR.csv [oneflux.pipeline.common]
2025-07-28 14:15:34.411 [INFO    ] Variable 'SWC_F_MDS_8_QC' might be missing from headers of file: /global/scratch/users/sytoanngo/data/RoundRobin_input/RR-001/99_fluxnet2015/FLX_RR-001_FLUXNET2015_FULLSET_YY_2020-2024_1-RR.csv [oneflux.pipeline.common]
2025-07-28 14:15:34.411 [INFO    ] Variable 'SWC_F_MDS_9_QC' might be missing from headers of file: /global/scratch/users/sytoanngo/data/RoundRobin_input/RR-001/99_fluxnet2015/FLX_RR-001_FLUXNET2015_FULLSET_YY_2020-2024_1-RR.csv [oneflux.pipeline.common]
2025-07-28 14:15:34.411 [INFO    ] Variable 'SWC_F_MDS_10_QC' might be missing from headers of file: /global/scratch/users/sytoanngo/data/RoundRobin_input/RR-001/99_fluxnet2015/FLX_RR-001_FLUXNET2015_FULLSET_YY_2020-2024_1-RR.csv [oneflux.pipeline.common]
2025-07-28 14:15:34.411 [INFO    ] Variable 'SWC_F_MDS_11_QC' might be missing from headers of file: /global/scratch/users/sytoanngo/data/RoundRobin_input/RR-001/99_fluxnet2015/FLX_RR-001_FLUXNET2015_FULLSET_YY_2020-2024_1-RR.csv [oneflux.pipeline.common]
2025-07-28 14:15:34.411 [INFO    ] Variable 'SWC_F_MDS_12_QC' might be missing from headers of file: /global/scratch/users/sytoanngo/data/RoundRobin_input/RR-001/99_fluxnet2015/FLX_RR-001_FLUXNET2015_FULLSET_YY_2020-2024_1-RR.csv [oneflux.pipeline.common]
2025-07-28 14:15:34.412 [INFO    ] Variable 'SWC_F_MDS_13_QC' might be missing from headers of file: /global/scratch/users/sytoanngo/data/RoundRobin_input/RR-001/99_fluxnet2015/FLX_RR-001_FLUXNET2015_FULLSET_YY_2020-2024_1-RR.csv [oneflux.pipeline.common]
2025-07-28 14:15:34.412 [INFO    ] Variable 'SWC_F_MDS_14_QC' might be missing from headers of file: /global/scratch/users/sytoanngo/data/RoundRobin_input/RR-001/99_fluxnet2015/FLX_RR-001_FLUXNET2015_FULLSET_YY_2020-2024_1-RR.csv [oneflux.pipeline.common]
2025-07-28 14:15:34.412 [INFO    ] Variable 'SWC_F_MDS_15_QC' might be missing from headers of file: /global/scratch/users/sytoanngo/data/RoundRobin_input/RR-001/99_fluxnet2015/FLX_RR-001_FLUXNET2015_FULLSET_YY_2020-2024_1-RR.csv [oneflux.pipeline.common]
2025-07-28 14:15:34.412 [INFO    ] Variable 'SWC_F_MDS_16_QC' might be missing from headers of file: /global/scratch/users/sytoanngo/data/RoundRobin_input/RR-001/99_fluxnet2015/FLX_RR-001_FLUXNET2015_FULLSET_YY_2020-2024_1-RR.csv [oneflux.pipeline.common]
2025-07-28 14:15:34.412 [INFO    ] Variable 'SWC_F_MDS_17_QC' might be missing from headers of file: /global/scratch/users/sytoanngo/data/RoundRobin_input/RR-001/99_fluxnet2015/FLX_RR-001_FLUXNET2015_FULLSET_YY_2020-2024_1-RR.csv [oneflux.pipeline.common]
2025-07-28 14:15:34.412 [INFO    ] Variable 'SWC_F_MDS_18_QC' might be missing from headers of file: /global/scratch/users/sytoanngo/data/RoundRobin_input/RR-001/99_fluxnet2015/FLX_RR-001_FLUXNET2015_FULLSET_YY_2020-2024_1-RR.csv [oneflux.pipeline.common]
2025-07-28 14:15:34.412 [INFO    ] Variable 'SWC_F_MDS_19_QC' might be missing from headers of file: /global/scratch/users/sytoanngo/data/RoundRobin_input/RR-001/99_fluxnet2015/FLX_RR-001_FLUXNET2015_FULLSET_YY_2020-2024_1-RR.csv [oneflux.pipeline.common]
2025-07-28 14:15:34.413 [INFO    ] Variable 'PPFD_DIF' might be missing from headers of file: /global/scratch/users/sytoanngo/data/RoundRobin_input/RR-001/99_fluxnet2015/FLX_RR-001_FLUXNET2015_FULLSET_YY_2020-2024_1-RR.csv [oneflux.pipeline.common]
2025-07-28 14:15:34.414 [INFO    ] Variable 'PPFD_DIF_QC' might be missing from headers of file: /global/scratch/users/sytoanngo/data/RoundRobin_input/RR-001/99_fluxnet2015/FLX_RR-001_FLUXNET2015_FULLSET_YY_2020-2024_1-RR.csv [oneflux.pipeline.common]
2025-07-28 14:15:34.414 [INFO    ] Variable 'PA' might be missing from headers of file: /global/scratch/users/sytoanngo/data/RoundRobin_input/RR-001/99_fluxnet2015/FLX_RR-001_FLUXNET2015_FULLSET_YY_2020-2024_1-RR.csv [oneflux.pipeline.common]
2025-07-28 14:15:34.414 [INFO    ] Variable 'SW_IN_POT' might be missing from headers of file: /global/scratch/users/sytoanngo/data/RoundRobin_input/RR-001/99_fluxnet2015/FLX_RR-001_FLUXNET2015_FULLSET_YY_2020-2024_1-RR.csv [oneflux.pipeline.common]
2025-07-28 14:15:34.414 [INFO    ] Variable 'P' might be missing from headers of file: /global/scratch/users/sytoanngo/data/RoundRobin_input/RR-001/99_fluxnet2015/FLX_RR-001_FLUXNET2015_FULLSET_YY_2020-2024_1-RR.csv [oneflux.pipeline.common]
2025-07-28 14:15:34.414 [INFO    ] Variable 'WS' might be missing from headers of file: /global/scratch/users/sytoanngo/data/RoundRobin_input/RR-001/99_fluxnet2015/FLX_RR-001_FLUXNET2015_FULLSET_YY_2020-2024_1-RR.csv [oneflux.pipeline.common]
2025-07-28 14:15:34.414 [INFO    ] Variable 'WD' might be missing from headers of file: /global/scratch/users/sytoanngo/data/RoundRobin_input/RR-001/99_fluxnet2015/FLX_RR-001_FLUXNET2015_FULLSET_YY_2020-2024_1-RR.csv [oneflux.pipeline.common]
2025-07-28 14:15:34.414 [INFO    ] Variable 'RH' might be missing from headers of file: /global/scratch/users/sytoanngo/data/RoundRobin_input/RR-001/99_fluxnet2015/FLX_RR-001_FLUXNET2015_FULLSET_YY_2020-2024_1-RR.csv [oneflux.pipeline.common]
2025-07-28 14:15:34.414 [INFO    ] Variable 'LE_CORR_25' might be missing from headers of file: /global/scratch/users/sytoanngo/data/RoundRobin_input/RR-001/99_fluxnet2015/FLX_RR-001_FLUXNET2015_FULLSET_YY_2020-2024_1-RR.csv [oneflux.pipeline.common]
2025-07-28 14:15:34.414 [INFO    ] Variable 'LE_CORR_75' might be missing from headers of file: /global/scratch/users/sytoanngo/data/RoundRobin_input/RR-001/99_fluxnet2015/FLX_RR-001_FLUXNET2015_FULLSET_YY_2020-2024_1-RR.csv [oneflux.pipeline.common]
2025-07-28 14:15:34.415 [INFO    ] Variable 'LE_RANDUNC_METHOD' might be missing from headers of file: /global/scratch/users/sytoanngo/data/RoundRobin_input/RR-001/99_fluxnet2015/FLX_RR-001_FLUXNET2015_FULLSET_YY_2020-2024_1-RR.csv [oneflux.pipeline.common]
2025-07-28 14:15:34.415 [INFO    ] Variable 'LE_RANDUNC_N' might be missing from headers of file: /global/scratch/users/sytoanngo/data/RoundRobin_input/RR-001/99_fluxnet2015/FLX_RR-001_FLUXNET2015_FULLSET_YY_2020-2024_1-RR.csv [oneflux.pipeline.common]
2025-07-28 14:15:34.415 [INFO    ] Variable 'LE_CORR_JOINTUNC' might be missing from headers of file: /global/scratch/users/sytoanngo/data/RoundRobin_input/RR-001/99_fluxnet2015/FLX_RR-001_FLUXNET2015_FULLSET_YY_2020-2024_1-RR.csv [oneflux.pipeline.common]
2025-07-28 14:15:34.415 [INFO    ] Variable 'H_CORR_25' might be missing from headers of file: /global/scratch/users/sytoanngo/data/RoundRobin_input/RR-001/99_fluxnet2015/FLX_RR-001_FLUXNET2015_FULLSET_YY_2020-2024_1-RR.csv [oneflux.pipeline.common]
2025-07-28 14:15:34.415 [INFO    ] Variable 'H_CORR_75' might be missing from headers of file: /global/scratch/users/sytoanngo/data/RoundRobin_input/RR-001/99_fluxnet2015/FLX_RR-001_FLUXNET2015_FULLSET_YY_2020-2024_1-RR.csv [oneflux.pipeline.common]
2025-07-28 14:15:34.415 [INFO    ] Variable 'H_RANDUNC_METHOD' might be missing from headers of file: /global/scratch/users/sytoanngo/data/RoundRobin_input/RR-001/99_fluxnet2015/FLX_RR-001_FLUXNET2015_FULLSET_YY_2020-2024_1-RR.csv [oneflux.pipeline.common]
2025-07-28 14:15:34.415 [INFO    ] Variable 'H_RANDUNC_N' might be missing from headers of file: /global/scratch/users/sytoanngo/data/RoundRobin_input/RR-001/99_fluxnet2015/FLX_RR-001_FLUXNET2015_FULLSET_YY_2020-2024_1-RR.csv [oneflux.pipeline.common]
2025-07-28 14:15:34.415 [INFO    ] Variable 'H_CORR_JOINTUNC' might be missing from headers of file: /global/scratch/users/sytoanngo/data/RoundRobin_input/RR-001/99_fluxnet2015/FLX_RR-001_FLUXNET2015_FULLSET_YY_2020-2024_1-RR.csv [oneflux.pipeline.common]
2025-07-28 14:15:34.415 [INFO    ] Variable 'TS_F_MDS_7' might be missing from headers of file: /global/scratch/users/sytoanngo/data/RoundRobin_input/RR-001/99_fluxnet2015/FLX_RR-001_FLUXNET2015_FULLSET_YY_2020-2024_1-RR.csv [oneflux.pipeline.common]
2025-07-28 14:15:34.416 [INFO    ] Variable 'TS_F_MDS_8' might be missing from headers of file: /global/scratch/users/sytoanngo/data/RoundRobin_input/RR-001/99_fluxnet2015/FLX_RR-001_FLUXNET2015_FULLSET_YY_2020-2024_1-RR.csv [oneflux.pipeline.common]
2025-07-28 14:15:34.416 [INFO    ] Variable 'TS_F_MDS_9' might be missing from headers of file: /global/scratch/users/sytoanngo/data/RoundRobin_input/RR-001/99_fluxnet2015/FLX_RR-001_FLUXNET2015_FULLSET_YY_2020-2024_1-RR.csv [oneflux.pipeline.common]
2025-07-28 14:15:34.416 [INFO    ] Variable 'TS_F_MDS_10' might be missing from headers of file: /global/scratch/users/sytoanngo/data/RoundRobin_input/RR-001/99_fluxnet2015/FLX_RR-001_FLUXNET2015_FULLSET_YY_2020-2024_1-RR.csv [oneflux.pipeline.common]
2025-07-28 14:15:34.416 [INFO    ] Variable 'TS_F_MDS_11' might be missing from headers of file: /global/scratch/users/sytoanngo/data/RoundRobin_input/RR-001/99_fluxnet2015/FLX_RR-001_FLUXNET2015_FULLSET_YY_2020-2024_1-RR.csv [oneflux.pipeline.common]
2025-07-28 14:15:34.416 [INFO    ] Variable 'TS_F_MDS_12' might be missing from headers of file: /global/scratch/users/sytoanngo/data/RoundRobin_input/RR-001/99_fluxnet2015/FLX_RR-001_FLUXNET2015_FULLSET_YY_2020-2024_1-RR.csv [oneflux.pipeline.common]
2025-07-28 14:15:34.416 [INFO    ] Variable 'TS_F_MDS_13' might be missing from headers of file: /global/scratch/users/sytoanngo/data/RoundRobin_input/RR-001/99_fluxnet2015/FLX_RR-001_FLUXNET2015_FULLSET_YY_2020-2024_1-RR.csv [oneflux.pipeline.common]
2025-07-28 14:15:34.416 [INFO    ] Variable 'TS_F_MDS_14' might be missing from headers of file: /global/scratch/users/sytoanngo/data/RoundRobin_input/RR-001/99_fluxnet2015/FLX_RR-001_FLUXNET2015_FULLSET_YY_2020-2024_1-RR.csv [oneflux.pipeline.common]
2025-07-28 14:15:34.416 [INFO    ] Variable 'TS_F_MDS_15' might be missing from headers of file: /global/scratch/users/sytoanngo/data/RoundRobin_input/RR-001/99_fluxnet2015/FLX_RR-001_FLUXNET2015_FULLSET_YY_2020-2024_1-RR.csv [oneflux.pipeline.common]
2025-07-28 14:15:34.416 [INFO    ] Variable 'TS_F_MDS_16' might be missing from headers of file: /global/scratch/users/sytoanngo/data/RoundRobin_input/RR-001/99_fluxnet2015/FLX_RR-001_FLUXNET2015_FULLSET_YY_2020-2024_1-RR.csv [oneflux.pipeline.common]
2025-07-28 14:15:34.416 [INFO    ] Variable 'TS_F_MDS_17' might be missing from headers of file: /global/scratch/users/sytoanngo/data/RoundRobin_input/RR-001/99_fluxnet2015/FLX_RR-001_FLUXNET2015_FULLSET_YY_2020-2024_1-RR.csv [oneflux.pipeline.common]
2025-07-28 14:15:34.417 [INFO    ] Variable 'TS_F_MDS_18' might be missing from headers of file: /global/scratch/users/sytoanngo/data/RoundRobin_input/RR-001/99_fluxnet2015/FLX_RR-001_FLUXNET2015_FULLSET_YY_2020-2024_1-RR.csv [oneflux.pipeline.common]
2025-07-28 14:15:34.417 [INFO    ] Variable 'TS_F_MDS_19' might be missing from headers of file: /global/scratch/users/sytoanngo/data/RoundRobin_input/RR-001/99_fluxnet2015/FLX_RR-001_FLUXNET2015_FULLSET_YY_2020-2024_1-RR.csv [oneflux.pipeline.common]
2025-07-28 14:15:34.417 [INFO    ] Variable 'TS_F_MDS_7_QC' might be missing from headers of file: /global/scratch/users/sytoanngo/data/RoundRobin_input/RR-001/99_fluxnet2015/FLX_RR-001_FLUXNET2015_FULLSET_YY_2020-2024_1-RR.csv [oneflux.pipeline.common]
2025-07-28 14:15:34.417 [INFO    ] Variable 'TS_F_MDS_8_QC' might be missing from headers of file: /global/scratch/users/sytoanngo/data/RoundRobin_input/RR-001/99_fluxnet2015/FLX_RR-001_FLUXNET2015_FULLSET_YY_2020-2024_1-RR.csv [oneflux.pipeline.common]
2025-07-28 14:15:34.417 [INFO    ] Variable 'TS_F_MDS_9_QC' might be missing from headers of file: /global/scratch/users/sytoanngo/data/RoundRobin_input/RR-001/99_fluxnet2015/FLX_RR-001_FLUXNET2015_FULLSET_YY_2020-2024_1-RR.csv [oneflux.pipeline.common]
2025-07-28 14:15:34.417 [INFO    ] Variable 'TS_F_MDS_10_QC' might be missing from headers of file: /global/scratch/users/sytoanngo/data/RoundRobin_input/RR-001/99_fluxnet2015/FLX_RR-001_FLUXNET2015_FULLSET_YY_2020-2024_1-RR.csv [oneflux.pipeline.common]
2025-07-28 14:15:34.417 [INFO    ] Variable 'TS_F_MDS_11_QC' might be missing from headers of file: /global/scratch/users/sytoanngo/data/RoundRobin_input/RR-001/99_fluxnet2015/FLX_RR-001_FLUXNET2015_FULLSET_YY_2020-2024_1-RR.csv [oneflux.pipeline.common]
2025-07-28 14:15:34.417 [INFO    ] Variable 'TS_F_MDS_12_QC' might be missing from headers of file: /global/scratch/users/sytoanngo/data/RoundRobin_input/RR-001/99_fluxnet2015/FLX_RR-001_FLUXNET2015_FULLSET_YY_2020-2024_1-RR.csv [oneflux.pipeline.common]
2025-07-28 14:15:34.417 [INFO    ] Variable 'TS_F_MDS_13_QC' might be missing from headers of file: /global/scratch/users/sytoanngo/data/RoundRobin_input/RR-001/99_fluxnet2015/FLX_RR-001_FLUXNET2015_FULLSET_YY_2020-2024_1-RR.csv [oneflux.pipeline.common]
2025-07-28 14:15:34.418 [INFO    ] Variable 'TS_F_MDS_14_QC' might be missing from headers of file: /global/scratch/users/sytoanngo/data/RoundRobin_input/RR-001/99_fluxnet2015/FLX_RR-001_FLUXNET2015_FULLSET_YY_2020-2024_1-RR.csv [oneflux.pipeline.common]
2025-07-28 14:15:34.418 [INFO    ] Variable 'TS_F_MDS_15_QC' might be missing from headers of file: /global/scratch/users/sytoanngo/data/RoundRobin_input/RR-001/99_fluxnet2015/FLX_RR-001_FLUXNET2015_FULLSET_YY_2020-2024_1-RR.csv [oneflux.pipeline.common]
2025-07-28 14:15:34.418 [INFO    ] Variable 'TS_F_MDS_16_QC' might be missing from headers of file: /global/scratch/users/sytoanngo/data/RoundRobin_input/RR-001/99_fluxnet2015/FLX_RR-001_FLUXNET2015_FULLSET_YY_2020-2024_1-RR.csv [oneflux.pipeline.common]
2025-07-28 14:15:34.418 [INFO    ] Variable 'TS_F_MDS_17_QC' might be missing from headers of file: /global/scratch/users/sytoanngo/data/RoundRobin_input/RR-001/99_fluxnet2015/FLX_RR-001_FLUXNET2015_FULLSET_YY_2020-2024_1-RR.csv [oneflux.pipeline.common]
2025-07-28 14:15:34.418 [INFO    ] Variable 'TS_F_MDS_18_QC' might be missing from headers of file: /global/scratch/users/sytoanngo/data/RoundRobin_input/RR-001/99_fluxnet2015/FLX_RR-001_FLUXNET2015_FULLSET_YY_2020-2024_1-RR.csv [oneflux.pipeline.common]
2025-07-28 14:15:34.418 [INFO    ] Variable 'TS_F_MDS_19_QC' might be missing from headers of file: /global/scratch/users/sytoanngo/data/RoundRobin_input/RR-001/99_fluxnet2015/FLX_RR-001_FLUXNET2015_FULLSET_YY_2020-2024_1-RR.csv [oneflux.pipeline.common]
2025-07-28 14:15:34.418 [INFO    ] Variable 'SWC_F_MDS_6' might be missing from headers of file: /global/scratch/users/sytoanngo/data/RoundRobin_input/RR-001/99_fluxnet2015/FLX_RR-001_FLUXNET2015_FULLSET_YY_2020-2024_1-RR.csv [oneflux.pipeline.common]
2025-07-28 14:15:34.418 [INFO    ] Variable 'SWC_F_MDS_7' might be missing from headers of file: /global/scratch/users/sytoanngo/data/RoundRobin_input/RR-001/99_fluxnet2015/FLX_RR-001_FLUXNET2015_FULLSET_YY_2020-2024_1-RR.csv [oneflux.pipeline.common]
2025-07-28 14:15:34.418 [INFO    ] Variable 'SWC_F_MDS_8' might be missing from headers of file: /global/scratch/users/sytoanngo/data/RoundRobin_input/RR-001/99_fluxnet2015/FLX_RR-001_FLUXNET2015_FULLSET_YY_2020-2024_1-RR.csv [oneflux.pipeline.common]
2025-07-28 14:15:34.419 [INFO    ] Variable 'SWC_F_MDS_9' might be missing from headers of file: /global/scratch/users/sytoanngo/data/RoundRobin_input/RR-001/99_fluxnet2015/FLX_RR-001_FLUXNET2015_FULLSET_YY_2020-2024_1-RR.csv [oneflux.pipeline.common]
2025-07-28 14:15:34.419 [INFO    ] Variable 'SWC_F_MDS_10' might be missing from headers of file: /global/scratch/users/sytoanngo/data/RoundRobin_input/RR-001/99_fluxnet2015/FLX_RR-001_FLUXNET2015_FULLSET_YY_2020-2024_1-RR.csv [oneflux.pipeline.common]
2025-07-28 14:15:34.419 [INFO    ] Variable 'SWC_F_MDS_11' might be missing from headers of file: /global/scratch/users/sytoanngo/data/RoundRobin_input/RR-001/99_fluxnet2015/FLX_RR-001_FLUXNET2015_FULLSET_YY_2020-2024_1-RR.csv [oneflux.pipeline.common]
2025-07-28 14:15:34.419 [INFO    ] Variable 'SWC_F_MDS_12' might be missing from headers of file: /global/scratch/users/sytoanngo/data/RoundRobin_input/RR-001/99_fluxnet2015/FLX_RR-001_FLUXNET2015_FULLSET_YY_2020-2024_1-RR.csv [oneflux.pipeline.common]
2025-07-28 14:15:34.419 [INFO    ] Variable 'SWC_F_MDS_13' might be missing from headers of file: /global/scratch/users/sytoanngo/data/RoundRobin_input/RR-001/99_fluxnet2015/FLX_RR-001_FLUXNET2015_FULLSET_YY_2020-2024_1-RR.csv [oneflux.pipeline.common]
2025-07-28 14:15:34.419 [INFO    ] Variable 'SWC_F_MDS_14' might be missing from headers of file: /global/scratch/users/sytoanngo/data/RoundRobin_input/RR-001/99_fluxnet2015/FLX_RR-001_FLUXNET2015_FULLSET_YY_2020-2024_1-RR.csv [oneflux.pipeline.common]
2025-07-28 14:15:34.419 [INFO    ] Variable 'SWC_F_MDS_15' might be missing from headers of file: /global/scratch/users/sytoanngo/data/RoundRobin_input/RR-001/99_fluxnet2015/FLX_RR-001_FLUXNET2015_FULLSET_YY_2020-2024_1-RR.csv [oneflux.pipeline.common]
2025-07-28 14:15:34.419 [INFO    ] Variable 'SWC_F_MDS_16' might be missing from headers of file: /global/scratch/users/sytoanngo/data/RoundRobin_input/RR-001/99_fluxnet2015/FLX_RR-001_FLUXNET2015_FULLSET_YY_2020-2024_1-RR.csv [oneflux.pipeline.common]
2025-07-28 14:15:34.419 [INFO    ] Variable 'SWC_F_MDS_17' might be missing from headers of file: /global/scratch/users/sytoanngo/data/RoundRobin_input/RR-001/99_fluxnet2015/FLX_RR-001_FLUXNET2015_FULLSET_YY_2020-2024_1-RR.csv [oneflux.pipeline.common]
2025-07-28 14:15:34.419 [INFO    ] Variable 'SWC_F_MDS_18' might be missing from headers of file: /global/scratch/users/sytoanngo/data/RoundRobin_input/RR-001/99_fluxnet2015/FLX_RR-001_FLUXNET2015_FULLSET_YY_2020-2024_1-RR.csv [oneflux.pipeline.common]
2025-07-28 14:15:34.420 [INFO    ] Variable 'SWC_F_MDS_19' might be missing from headers of file: /global/scratch/users/sytoanngo/data/RoundRobin_input/RR-001/99_fluxnet2015/FLX_RR-001_FLUXNET2015_FULLSET_YY_2020-2024_1-RR.csv [oneflux.pipeline.common]
2025-07-28 14:15:34.420 [INFO    ] Variable 'SWC_F_MDS_6_QC' might be missing from headers of file: /global/scratch/users/sytoanngo/data/RoundRobin_input/RR-001/99_fluxnet2015/FLX_RR-001_FLUXNET2015_FULLSET_YY_2020-2024_1-RR.csv [oneflux.pipeline.common]
2025-07-28 14:15:34.420 [INFO    ] Variable 'SWC_F_MDS_7_QC' might be missing from headers of file: /global/scratch/users/sytoanngo/data/RoundRobin_input/RR-001/99_fluxnet2015/FLX_RR-001_FLUXNET2015_FULLSET_YY_2020-2024_1-RR.csv [oneflux.pipeline.common]
2025-07-28 14:15:34.420 [INFO    ] Variable 'SWC_F_MDS_8_QC' might be missing from headers of file: /global/scratch/users/sytoanngo/data/RoundRobin_input/RR-001/99_fluxnet2015/FLX_RR-001_FLUXNET2015_FULLSET_YY_2020-2024_1-RR.csv [oneflux.pipeline.common]
2025-07-28 14:15:34.420 [INFO    ] Variable 'SWC_F_MDS_9_QC' might be missing from headers of file: /global/scratch/users/sytoanngo/data/RoundRobin_input/RR-001/99_fluxnet2015/FLX_RR-001_FLUXNET2015_FULLSET_YY_2020-2024_1-RR.csv [oneflux.pipeline.common]
2025-07-28 14:15:34.420 [INFO    ] Variable 'SWC_F_MDS_10_QC' might be missing from headers of file: /global/scratch/users/sytoanngo/data/RoundRobin_input/RR-001/99_fluxnet2015/FLX_RR-001_FLUXNET2015_FULLSET_YY_2020-2024_1-RR.csv [oneflux.pipeline.common]
2025-07-28 14:15:34.420 [INFO    ] Variable 'SWC_F_MDS_11_QC' might be missing from headers of file: /global/scratch/users/sytoanngo/data/RoundRobin_input/RR-001/99_fluxnet2015/FLX_RR-001_FLUXNET2015_FULLSET_YY_2020-2024_1-RR.csv [oneflux.pipeline.common]
2025-07-28 14:15:34.420 [INFO    ] Variable 'SWC_F_MDS_12_QC' might be missing from headers of file: /global/scratch/users/sytoanngo/data/RoundRobin_input/RR-001/99_fluxnet2015/FLX_RR-001_FLUXNET2015_FULLSET_YY_2020-2024_1-RR.csv [oneflux.pipeline.common]
2025-07-28 14:15:34.420 [INFO    ] Variable 'SWC_F_MDS_13_QC' might be missing from headers of file: /global/scratch/users/sytoanngo/data/RoundRobin_input/RR-001/99_fluxnet2015/FLX_RR-001_FLUXNET2015_FULLSET_YY_2020-2024_1-RR.csv [oneflux.pipeline.common]
2025-07-28 14:15:34.420 [INFO    ] Variable 'SWC_F_MDS_14_QC' might be missing from headers of file: /global/scratch/users/sytoanngo/data/RoundRobin_input/RR-001/99_fluxnet2015/FLX_RR-001_FLUXNET2015_FULLSET_YY_2020-2024_1-RR.csv [oneflux.pipeline.common]
2025-07-28 14:15:34.421 [INFO    ] Variable 'SWC_F_MDS_15_QC' might be missing from headers of file: /global/scratch/users/sytoanngo/data/RoundRobin_input/RR-001/99_fluxnet2015/FLX_RR-001_FLUXNET2015_FULLSET_YY_2020-2024_1-RR.csv [oneflux.pipeline.common]
2025-07-28 14:15:34.421 [INFO    ] Variable 'SWC_F_MDS_16_QC' might be missing from headers of file: /global/scratch/users/sytoanngo/data/RoundRobin_input/RR-001/99_fluxnet2015/FLX_RR-001_FLUXNET2015_FULLSET_YY_2020-2024_1-RR.csv [oneflux.pipeline.common]
2025-07-28 14:15:34.421 [INFO    ] Variable 'SWC_F_MDS_17_QC' might be missing from headers of file: /global/scratch/users/sytoanngo/data/RoundRobin_input/RR-001/99_fluxnet2015/FLX_RR-001_FLUXNET2015_FULLSET_YY_2020-2024_1-RR.csv [oneflux.pipeline.common]
2025-07-28 14:15:34.421 [INFO    ] Variable 'SWC_F_MDS_18_QC' might be missing from headers of file: /global/scratch/users/sytoanngo/data/RoundRobin_input/RR-001/99_fluxnet2015/FLX_RR-001_FLUXNET2015_FULLSET_YY_2020-2024_1-RR.csv [oneflux.pipeline.common]
2025-07-28 14:15:34.421 [INFO    ] Variable 'SWC_F_MDS_19_QC' might be missing from headers of file: /global/scratch/users/sytoanngo/data/RoundRobin_input/RR-001/99_fluxnet2015/FLX_RR-001_FLUXNET2015_FULLSET_YY_2020-2024_1-RR.csv [oneflux.pipeline.common]
2025-07-28 14:15:34.421 [INFO    ] Pipeline fluxnet2015 execution finished [oneflux.pipeline.wrappers]
2025-07-28 14:15:34.421 [INFO    ] RR-001 Pipeline run time 1:57:09.782677 (2025-07-28 12:18:24.639121 --- 2025-07-28 14:15:34.421798) [oneflux.pipeline.wrappers]
2025-07-28 14:15:34.423 [INFO    ] RR-001 Pipeline: execution finished [oneflux.pipeline.wrappers]
2025-07-28 14:15:34.423 [INFO    ] Finished processing site dir /global/scratch/users/sytoanngo/data/RoundRobin_input/RR-001 [oneflux.tools.pipeline]
2025-07-28 14:15:34.423 [INFO    ] Finished execution: all [__main__]
