2025-07-08 17:03:13.906 [ERROR   ] Variable 'GPP_DT_VUT_75' missing from headers of file: /home/portnoy/u0/sytoanngo/ONEFlux/data/RoundRobin_input/RR-008/99_fluxnet2015/FLX_RR-008_FLUXNET2015_FULLSET_YY_2020-2024_1-RR.csv [oneflux.pipeline.common]
2025-07-08 17:03:13.906 [ERROR   ] Variable 'GPP_DT_VUT_84' missing from headers of file: /home/portnoy/u0/sytoanngo/ONEFlux/data/RoundRobin_input/RR-008/99_fluxnet2015/FLX_RR-008_FLUXNET2015_FULLSET_YY_2020-2024_1-RR.csv [oneflux.pipeline.common]
2025-07-08 17:03:13.906 [ERROR   ] Variable 'GPP_DT_VUT_95' missing from headers of file: /home/portnoy/u0/sytoanngo/ONEFlux/data/RoundRobin_input/RR-008/99_fluxnet2015/FLX_RR-008_FLUXNET2015_FULLSET_YY_2020-2024_1-RR.csv [oneflux.pipeline.common]
2025-07-08 17:03:13.907 [INFO    ] Variable 'NETRAD_QC' might be missing from headers of file: /home/portnoy/u0/sytoanngo/ONEFlux/data/RoundRobin_input/RR-008/99_fluxnet2015/FLX_RR-008_FLUXNET2015_FULLSET_YY_2020-2024_1-RR.csv [oneflux.pipeline.common]
2025-07-08 17:03:13.907 [INFO    ] Variable 'PPFD_DIF' might be missing from headers of file: /home/portnoy/u0/sytoanngo/ONEFlux/data/RoundRobin_input/RR-008/99_fluxnet2015/FLX_RR-008_FLUXNET2015_FULLSET_YY_2020-2024_1-RR.csv [oneflux.pipeline.common]
2025-07-08 17:03:13.907 [INFO    ] Variable 'PPFD_DIF_QC' might be missing from headers of file: /home/portnoy/u0/sytoanngo/ONEFlux/data/RoundRobin_input/RR-008/99_fluxnet2015/FLX_RR-008_FLUXNET2015_FULLSET_YY_2020-2024_1-RR.csv [oneflux.pipeline.common]
2025-07-08 17:03:13.907 [INFO    ] Variable 'PPFD_OUT' might be missing from headers of file: /home/portnoy/u0/sytoanngo/ONEFlux/data/RoundRobin_input/RR-008/99_fluxnet2015/FLX_RR-008_FLUXNET2015_FULLSET_YY_2020-2024_1-RR.csv [oneflux.pipeline.common]
2025-07-08 17:03:13.908 [INFO    ] Variable 'PPFD_OUT_QC' might be missing from headers of file: /home/portnoy/u0/sytoanngo/ONEFlux/data/RoundRobin_input/RR-008/99_fluxnet2015/FLX_RR-008_FLUXNET2015_FULLSET_YY_2020-2024_1-RR.csv [oneflux.pipeline.common]
2025-07-08 17:03:13.908 [INFO    ] Variable 'SW_DIF' might be missing from headers of file: /home/portnoy/u0/sytoanngo/ONEFlux/data/RoundRobin_input/RR-008/99_fluxnet2015/FLX_RR-008_FLUXNET2015_FULLSET_YY_2020-2024_1-RR.csv [oneflux.pipeline.common]
2025-07-08 17:03:13.908 [INFO    ] Variable 'SW_DIF_QC' might be missing from headers of file: /home/portnoy/u0/sytoanngo/ONEFlux/data/RoundRobin_input/RR-008/99_fluxnet2015/FLX_RR-008_FLUXNET2015_FULLSET_YY_2020-2024_1-RR.csv [oneflux.pipeline.common]
2025-07-08 17:03:13.908 [INFO    ] Variable 'PA' might be missing from headers of file: /home/portnoy/u0/sytoanngo/ONEFlux/data/RoundRobin_input/RR-008/99_fluxnet2015/FLX_RR-008_FLUXNET2015_FULLSET_YY_2020-2024_1-RR.csv [oneflux.pipeline.common]
2025-07-08 17:03:13.909 [INFO    ] Variable 'SW_IN_POT' might be missing from headers of file: /home/portnoy/u0/sytoanngo/ONEFlux/data/RoundRobin_input/RR-008/99_fluxnet2015/FLX_RR-008_FLUXNET2015_FULLSET_YY_2020-2024_1-RR.csv [oneflux.pipeline.common]
2025-07-08 17:03:13.909 [INFO    ] Variable 'P' might be missing from headers of file: /home/portnoy/u0/sytoanngo/ONEFlux/data/RoundRobin_input/RR-008/99_fluxnet2015/FLX_RR-008_FLUXNET2015_FULLSET_YY_2020-2024_1-RR.csv [oneflux.pipeline.common]
2025-07-08 17:03:13.909 [INFO    ] Variable 'WS' might be missing from headers of file: /home/portnoy/u0/sytoanngo/ONEFlux/data/RoundRobin_input/RR-008/99_fluxnet2015/FLX_RR-008_FLUXNET2015_FULLSET_YY_2020-2024_1-RR.csv [oneflux.pipeline.common]
2025-07-08 17:03:13.909 [INFO    ] Variable 'WD' might be missing from headers of file: /home/portnoy/u0/sytoanngo/ONEFlux/data/RoundRobin_input/RR-008/99_fluxnet2015/FLX_RR-008_FLUXNET2015_FULLSET_YY_2020-2024_1-RR.csv [oneflux.pipeline.common]
2025-07-08 17:03:13.909 [INFO    ] Variable 'RH' might be missing from headers of file: /home/portnoy/u0/sytoanngo/ONEFlux/data/RoundRobin_input/RR-008/99_fluxnet2015/FLX_RR-008_FLUXNET2015_FULLSET_YY_2020-2024_1-RR.csv [oneflux.pipeline.common]
2025-07-08 17:03:13.910 [INFO    ] Variable 'LE_CORR_25' might be missing from headers of file: /home/portnoy/u0/sytoanngo/ONEFlux/data/RoundRobin_input/RR-008/99_fluxnet2015/FLX_RR-008_FLUXNET2015_FULLSET_YY_2020-2024_1-RR.csv [oneflux.pipeline.common]
2025-07-08 17:03:13.910 [INFO    ] Variable 'LE_CORR_75' might be missing from headers of file: /home/portnoy/u0/sytoanngo/ONEFlux/data/RoundRobin_input/RR-008/99_fluxnet2015/FLX_RR-008_FLUXNET2015_FULLSET_YY_2020-2024_1-RR.csv [oneflux.pipeline.common]
2025-07-08 17:03:13.910 [INFO    ] Variable 'LE_RANDUNC_METHOD' might be missing from headers of file: /home/portnoy/u0/sytoanngo/ONEFlux/data/RoundRobin_input/RR-008/99_fluxnet2015/FLX_RR-008_FLUXNET2015_FULLSET_YY_2020-2024_1-RR.csv [oneflux.pipeline.common]
2025-07-08 17:03:13.910 [INFO    ] Variable 'LE_RANDUNC_N' might be missing from headers of file: /home/portnoy/u0/sytoanngo/ONEFlux/data/RoundRobin_input/RR-008/99_fluxnet2015/FLX_RR-008_FLUXNET2015_FULLSET_YY_2020-2024_1-RR.csv [oneflux.pipeline.common]
2025-07-08 17:03:13.911 [INFO    ] Variable 'LE_CORR_JOINTUNC' might be missing from headers of file: /home/portnoy/u0/sytoanngo/ONEFlux/data/RoundRobin_input/RR-008/99_fluxnet2015/FLX_RR-008_FLUXNET2015_FULLSET_YY_2020-2024_1-RR.csv [oneflux.pipeline.common]
2025-07-08 17:03:13.911 [INFO    ] Variable 'H_CORR_25' might be missing from headers of file: /home/portnoy/u0/sytoanngo/ONEFlux/data/RoundRobin_input/RR-008/99_fluxnet2015/FLX_RR-008_FLUXNET2015_FULLSET_YY_2020-2024_1-RR.csv [oneflux.pipeline.common]
2025-07-08 17:03:13.911 [INFO    ] Variable 'H_CORR_75' might be missing from headers of file: /home/portnoy/u0/sytoanngo/ONEFlux/data/RoundRobin_input/RR-008/99_fluxnet2015/FLX_RR-008_FLUXNET2015_FULLSET_YY_2020-2024_1-RR.csv [oneflux.pipeline.common]
2025-07-08 17:03:13.911 [INFO    ] Variable 'H_RANDUNC_METHOD' might be missing from headers of file: /home/portnoy/u0/sytoanngo/ONEFlux/data/RoundRobin_input/RR-008/99_fluxnet2015/FLX_RR-008_FLUXNET2015_FULLSET_YY_2020-2024_1-RR.csv [oneflux.pipeline.common]
2025-07-08 17:03:13.912 [INFO    ] Variable 'H_RANDUNC_N' might be missing from headers of file: /home/portnoy/u0/sytoanngo/ONEFlux/data/RoundRobin_input/RR-008/99_fluxnet2015/FLX_RR-008_FLUXNET2015_FULLSET_YY_2020-2024_1-RR.csv [oneflux.pipeline.common]
2025-07-08 17:03:13.912 [INFO    ] Variable 'H_CORR_JOINTUNC' might be missing from headers of file: /home/portnoy/u0/sytoanngo/ONEFlux/data/RoundRobin_input/RR-008/99_fluxnet2015/FLX_RR-008_FLUXNET2015_FULLSET_YY_2020-2024_1-RR.csv [oneflux.pipeline.common]
2025-07-08 17:03:13.912 [INFO    ] Variable 'RECO_DT_CUT_REF' might be missing from headers of file: /home/portnoy/u0/sytoanngo/ONEFlux/data/RoundRobin_input/RR-008/99_fluxnet2015/FLX_RR-008_FLUXNET2015_FULLSET_YY_2020-2024_1-RR.csv [oneflux.pipeline.common]
2025-07-08 17:03:13.912 [INFO    ] Variable 'GPP_DT_CUT_REF' might be missing from headers of file: /home/portnoy/u0/sytoanngo/ONEFlux/data/RoundRobin_input/RR-008/99_fluxnet2015/FLX_RR-008_FLUXNET2015_FULLSET_YY_2020-2024_1-RR.csv [oneflux.pipeline.common]
2025-07-08 17:03:13.913 [INFO    ] Variable 'TS_F_MDS_7' might be missing from headers of file: /home/portnoy/u0/sytoanngo/ONEFlux/data/RoundRobin_input/RR-008/99_fluxnet2015/FLX_RR-008_FLUXNET2015_FULLSET_YY_2020-2024_1-RR.csv [oneflux.pipeline.common]
2025-07-08 17:03:13.913 [INFO    ] Variable 'TS_F_MDS_8' might be missing from headers of file: /home/portnoy/u0/sytoanngo/ONEFlux/data/RoundRobin_input/RR-008/99_fluxnet2015/FLX_RR-008_FLUXNET2015_FULLSET_YY_2020-2024_1-RR.csv [oneflux.pipeline.common]
2025-07-08 17:03:13.913 [INFO    ] Variable 'TS_F_MDS_9' might be missing from headers of file: /home/portnoy/u0/sytoanngo/ONEFlux/data/RoundRobin_input/RR-008/99_fluxnet2015/FLX_RR-008_FLUXNET2015_FULLSET_YY_2020-2024_1-RR.csv [oneflux.pipeline.common]
2025-07-08 17:03:13.913 [INFO    ] Variable 'TS_F_MDS_10' might be missing from headers of file: /home/portnoy/u0/sytoanngo/ONEFlux/data/RoundRobin_input/RR-008/99_fluxnet2015/FLX_RR-008_FLUXNET2015_FULLSET_YY_2020-2024_1-RR.csv [oneflux.pipeline.common]
2025-07-08 17:03:13.914 [INFO    ] Variable 'TS_F_MDS_11' might be missing from headers of file: /home/portnoy/u0/sytoanngo/ONEFlux/data/RoundRobin_input/RR-008/99_fluxnet2015/FLX_RR-008_FLUXNET2015_FULLSET_YY_2020-2024_1-RR.csv [oneflux.pipeline.common]
2025-07-08 17:03:13.914 [INFO    ] Variable 'TS_F_MDS_12' might be missing from headers of file: /home/portnoy/u0/sytoanngo/ONEFlux/data/RoundRobin_input/RR-008/99_fluxnet2015/FLX_RR-008_FLUXNET2015_FULLSET_YY_2020-2024_1-RR.csv [oneflux.pipeline.common]
2025-07-08 17:03:13.914 [INFO    ] Variable 'TS_F_MDS_13' might be missing from headers of file: /home/portnoy/u0/sytoanngo/ONEFlux/data/RoundRobin_input/RR-008/99_fluxnet2015/FLX_RR-008_FLUXNET2015_FULLSET_YY_2020-2024_1-RR.csv [oneflux.pipeline.common]
2025-07-08 17:03:13.914 [INFO    ] Variable 'TS_F_MDS_14' might be missing from headers of file: /home/portnoy/u0/sytoanngo/ONEFlux/data/RoundRobin_input/RR-008/99_fluxnet2015/FLX_RR-008_FLUXNET2015_FULLSET_YY_2020-2024_1-RR.csv [oneflux.pipeline.common]
2025-07-08 17:03:13.915 [INFO    ] Variable 'TS_F_MDS_15' might be missing from headers of file: /home/portnoy/u0/sytoanngo/ONEFlux/data/RoundRobin_input/RR-008/99_fluxnet2015/FLX_RR-008_FLUXNET2015_FULLSET_YY_2020-2024_1-RR.csv [oneflux.pipeline.common]
2025-07-08 17:03:13.915 [INFO    ] Variable 'TS_F_MDS_16' might be missing from headers of file: /home/portnoy/u0/sytoanngo/ONEFlux/data/RoundRobin_input/RR-008/99_fluxnet2015/FLX_RR-008_FLUXNET2015_FULLSET_YY_2020-2024_1-RR.csv [oneflux.pipeline.common]
2025-07-08 17:03:13.915 [INFO    ] Variable 'TS_F_MDS_17' might be missing from headers of file: /home/portnoy/u0/sytoanngo/ONEFlux/data/RoundRobin_input/RR-008/99_fluxnet2015/FLX_RR-008_FLUXNET2015_FULLSET_YY_2020-2024_1-RR.csv [oneflux.pipeline.common]
2025-07-08 17:03:13.915 [INFO    ] Variable 'TS_F_MDS_18' might be missing from headers of file: /home/portnoy/u0/sytoanngo/ONEFlux/data/RoundRobin_input/RR-008/99_fluxnet2015/FLX_RR-008_FLUXNET2015_FULLSET_YY_2020-2024_1-RR.csv [oneflux.pipeline.common]
2025-07-08 17:03:13.916 [INFO    ] Variable 'TS_F_MDS_19' might be missing from headers of file: /home/portnoy/u0/sytoanngo/ONEFlux/data/RoundRobin_input/RR-008/99_fluxnet2015/FLX_RR-008_FLUXNET2015_FULLSET_YY_2020-2024_1-RR.csv [oneflux.pipeline.common]
2025-07-08 17:03:13.916 [INFO    ] Variable 'TS_F_MDS_7_QC' might be missing from headers of file: /home/portnoy/u0/sytoanngo/ONEFlux/data/RoundRobin_input/RR-008/99_fluxnet2015/FLX_RR-008_FLUXNET2015_FULLSET_YY_2020-2024_1-RR.csv [oneflux.pipeline.common]
2025-07-08 17:03:13.916 [INFO    ] Variable 'TS_F_MDS_8_QC' might be missing from headers of file: /home/portnoy/u0/sytoanngo/ONEFlux/data/RoundRobin_input/RR-008/99_fluxnet2015/FLX_RR-008_FLUXNET2015_FULLSET_YY_2020-2024_1-RR.csv [oneflux.pipeline.common]
2025-07-08 17:03:13.916 [INFO    ] Variable 'TS_F_MDS_9_QC' might be missing from headers of file: /home/portnoy/u0/sytoanngo/ONEFlux/data/RoundRobin_input/RR-008/99_fluxnet2015/FLX_RR-008_FLUXNET2015_FULLSET_YY_2020-2024_1-RR.csv [oneflux.pipeline.common]
2025-07-08 17:03:13.917 [INFO    ] Variable 'TS_F_MDS_10_QC' might be missing from headers of file: /home/portnoy/u0/sytoanngo/ONEFlux/data/RoundRobin_input/RR-008/99_fluxnet2015/FLX_RR-008_FLUXNET2015_FULLSET_YY_2020-2024_1-RR.csv [oneflux.pipeline.common]
2025-07-08 17:03:13.917 [INFO    ] Variable 'TS_F_MDS_11_QC' might be missing from headers of file: /home/portnoy/u0/sytoanngo/ONEFlux/data/RoundRobin_input/RR-008/99_fluxnet2015/FLX_RR-008_FLUXNET2015_FULLSET_YY_2020-2024_1-RR.csv [oneflux.pipeline.common]
2025-07-08 17:03:13.917 [INFO    ] Variable 'TS_F_MDS_12_QC' might be missing from headers of file: /home/portnoy/u0/sytoanngo/ONEFlux/data/RoundRobin_input/RR-008/99_fluxnet2015/FLX_RR-008_FLUXNET2015_FULLSET_YY_2020-2024_1-RR.csv [oneflux.pipeline.common]
2025-07-08 17:03:13.917 [INFO    ] Variable 'TS_F_MDS_13_QC' might be missing from headers of file: /home/portnoy/u0/sytoanngo/ONEFlux/data/RoundRobin_input/RR-008/99_fluxnet2015/FLX_RR-008_FLUXNET2015_FULLSET_YY_2020-2024_1-RR.csv [oneflux.pipeline.common]
2025-07-08 17:03:13.918 [INFO    ] Variable 'TS_F_MDS_14_QC' might be missing from headers of file: /home/portnoy/u0/sytoanngo/ONEFlux/data/RoundRobin_input/RR-008/99_fluxnet2015/FLX_RR-008_FLUXNET2015_FULLSET_YY_2020-2024_1-RR.csv [oneflux.pipeline.common]
2025-07-08 17:03:13.918 [INFO    ] Variable 'TS_F_MDS_15_QC' might be missing from headers of file: /home/portnoy/u0/sytoanngo/ONEFlux/data/RoundRobin_input/RR-008/99_fluxnet2015/FLX_RR-008_FLUXNET2015_FULLSET_YY_2020-2024_1-RR.csv [oneflux.pipeline.common]
2025-07-08 17:03:13.918 [INFO    ] Variable 'TS_F_MDS_16_QC' might be missing from headers of file: /home/portnoy/u0/sytoanngo/ONEFlux/data/RoundRobin_input/RR-008/99_fluxnet2015/FLX_RR-008_FLUXNET2015_FULLSET_YY_2020-2024_1-RR.csv [oneflux.pipeline.common]
2025-07-08 17:03:13.918 [INFO    ] Variable 'TS_F_MDS_17_QC' might be missing from headers of file: /home/portnoy/u0/sytoanngo/ONEFlux/data/RoundRobin_input/RR-008/99_fluxnet2015/FLX_RR-008_FLUXNET2015_FULLSET_YY_2020-2024_1-RR.csv [oneflux.pipeline.common]
2025-07-08 17:03:13.919 [INFO    ] Variable 'TS_F_MDS_18_QC' might be missing from headers of file: /home/portnoy/u0/sytoanngo/ONEFlux/data/RoundRobin_input/RR-008/99_fluxnet2015/FLX_RR-008_FLUXNET2015_FULLSET_YY_2020-2024_1-RR.csv [oneflux.pipeline.common]
2025-07-08 17:03:13.919 [INFO    ] Variable 'TS_F_MDS_19_QC' might be missing from headers of file: /home/portnoy/u0/sytoanngo/ONEFlux/data/RoundRobin_input/RR-008/99_fluxnet2015/FLX_RR-008_FLUXNET2015_FULLSET_YY_2020-2024_1-RR.csv [oneflux.pipeline.common]
2025-07-08 17:03:13.919 [INFO    ] Variable 'SWC_F_MDS_7' might be missing from headers of file: /home/portnoy/u0/sytoanngo/ONEFlux/data/RoundRobin_input/RR-008/99_fluxnet2015/FLX_RR-008_FLUXNET2015_FULLSET_YY_2020-2024_1-RR.csv [oneflux.pipeline.common]
2025-07-08 17:03:13.919 [INFO    ] Variable 'SWC_F_MDS_8' might be missing from headers of file: /home/portnoy/u0/sytoanngo/ONEFlux/data/RoundRobin_input/RR-008/99_fluxnet2015/FLX_RR-008_FLUXNET2015_FULLSET_YY_2020-2024_1-RR.csv [oneflux.pipeline.common]
2025-07-08 17:03:13.920 [INFO    ] Variable 'SWC_F_MDS_9' might be missing from headers of file: /home/portnoy/u0/sytoanngo/ONEFlux/data/RoundRobin_input/RR-008/99_fluxnet2015/FLX_RR-008_FLUXNET2015_FULLSET_YY_2020-2024_1-RR.csv [oneflux.pipeline.common]
2025-07-08 17:03:13.920 [INFO    ] Variable 'SWC_F_MDS_10' might be missing from headers of file: /home/portnoy/u0/sytoanngo/ONEFlux/data/RoundRobin_input/RR-008/99_fluxnet2015/FLX_RR-008_FLUXNET2015_FULLSET_YY_2020-2024_1-RR.csv [oneflux.pipeline.common]
2025-07-08 17:03:13.920 [INFO    ] Variable 'SWC_F_MDS_11' might be missing from headers of file: /home/portnoy/u0/sytoanngo/ONEFlux/data/RoundRobin_input/RR-008/99_fluxnet2015/FLX_RR-008_FLUXNET2015_FULLSET_YY_2020-2024_1-RR.csv [oneflux.pipeline.common]
2025-07-08 17:03:13.920 [INFO    ] Variable 'SWC_F_MDS_12' might be missing from headers of file: /home/portnoy/u0/sytoanngo/ONEFlux/data/RoundRobin_input/RR-008/99_fluxnet2015/FLX_RR-008_FLUXNET2015_FULLSET_YY_2020-2024_1-RR.csv [oneflux.pipeline.common]
2025-07-08 17:03:13.921 [INFO    ] Variable 'SWC_F_MDS_13' might be missing from headers of file: /home/portnoy/u0/sytoanngo/ONEFlux/data/RoundRobin_input/RR-008/99_fluxnet2015/FLX_RR-008_FLUXNET2015_FULLSET_YY_2020-2024_1-RR.csv [oneflux.pipeline.common]
2025-07-08 17:03:13.921 [INFO    ] Variable 'SWC_F_MDS_14' might be missing from headers of file: /home/portnoy/u0/sytoanngo/ONEFlux/data/RoundRobin_input/RR-008/99_fluxnet2015/FLX_RR-008_FLUXNET2015_FULLSET_YY_2020-2024_1-RR.csv [oneflux.pipeline.common]
2025-07-08 17:03:13.921 [INFO    ] Variable 'SWC_F_MDS_15' might be missing from headers of file: /home/portnoy/u0/sytoanngo/ONEFlux/data/RoundRobin_input/RR-008/99_fluxnet2015/FLX_RR-008_FLUXNET2015_FULLSET_YY_2020-2024_1-RR.csv [oneflux.pipeline.common]
2025-07-08 17:03:13.921 [INFO    ] Variable 'SWC_F_MDS_16' might be missing from headers of file: /home/portnoy/u0/sytoanngo/ONEFlux/data/RoundRobin_input/RR-008/99_fluxnet2015/FLX_RR-008_FLUXNET2015_FULLSET_YY_2020-2024_1-RR.csv [oneflux.pipeline.common]
2025-07-08 17:03:13.921 [INFO    ] Variable 'SWC_F_MDS_17' might be missing from headers of file: /home/portnoy/u0/sytoanngo/ONEFlux/data/RoundRobin_input/RR-008/99_fluxnet2015/FLX_RR-008_FLUXNET2015_FULLSET_YY_2020-2024_1-RR.csv [oneflux.pipeline.common]
2025-07-08 17:03:13.922 [INFO    ] Variable 'SWC_F_MDS_18' might be missing from headers of file: /home/portnoy/u0/sytoanngo/ONEFlux/data/RoundRobin_input/RR-008/99_fluxnet2015/FLX_RR-008_FLUXNET2015_FULLSET_YY_2020-2024_1-RR.csv [oneflux.pipeline.common]
2025-07-08 17:03:13.922 [INFO    ] Variable 'SWC_F_MDS_19' might be missing from headers of file: /home/portnoy/u0/sytoanngo/ONEFlux/data/RoundRobin_input/RR-008/99_fluxnet2015/FLX_RR-008_FLUXNET2015_FULLSET_YY_2020-2024_1-RR.csv [oneflux.pipeline.common]
2025-07-08 17:03:13.922 [INFO    ] Variable 'SWC_F_MDS_7_QC' might be missing from headers of file: /home/portnoy/u0/sytoanngo/ONEFlux/data/RoundRobin_input/RR-008/99_fluxnet2015/FLX_RR-008_FLUXNET2015_FULLSET_YY_2020-2024_1-RR.csv [oneflux.pipeline.common]
2025-07-08 17:03:13.923 [INFO    ] Variable 'SWC_F_MDS_8_QC' might be missing from headers of file: /home/portnoy/u0/sytoanngo/ONEFlux/data/RoundRobin_input/RR-008/99_fluxnet2015/FLX_RR-008_FLUXNET2015_FULLSET_YY_2020-2024_1-RR.csv [oneflux.pipeline.common]
2025-07-08 17:03:13.923 [INFO    ] Variable 'SWC_F_MDS_9_QC' might be missing from headers of file: /home/portnoy/u0/sytoanngo/ONEFlux/data/RoundRobin_input/RR-008/99_fluxnet2015/FLX_RR-008_FLUXNET2015_FULLSET_YY_2020-2024_1-RR.csv [oneflux.pipeline.common]
2025-07-08 17:03:13.923 [INFO    ] Variable 'SWC_F_MDS_10_QC' might be missing from headers of file: /home/portnoy/u0/sytoanngo/ONEFlux/data/RoundRobin_input/RR-008/99_fluxnet2015/FLX_RR-008_FLUXNET2015_FULLSET_YY_2020-2024_1-RR.csv [oneflux.pipeline.common]
2025-07-08 17:03:13.923 [INFO    ] Variable 'SWC_F_MDS_11_QC' might be missing from headers of file: /home/portnoy/u0/sytoanngo/ONEFlux/data/RoundRobin_input/RR-008/99_fluxnet2015/FLX_RR-008_FLUXNET2015_FULLSET_YY_2020-2024_1-RR.csv [oneflux.pipeline.common]
2025-07-08 17:03:13.923 [INFO    ] Variable 'SWC_F_MDS_12_QC' might be missing from headers of file: /home/portnoy/u0/sytoanngo/ONEFlux/data/RoundRobin_input/RR-008/99_fluxnet2015/FLX_RR-008_FLUXNET2015_FULLSET_YY_2020-2024_1-RR.csv [oneflux.pipeline.common]
2025-07-08 17:03:13.924 [INFO    ] Variable 'SWC_F_MDS_13_QC' might be missing from headers of file: /home/portnoy/u0/sytoanngo/ONEFlux/data/RoundRobin_input/RR-008/99_fluxnet2015/FLX_RR-008_FLUXNET2015_FULLSET_YY_2020-2024_1-RR.csv [oneflux.pipeline.common]
2025-07-08 17:03:13.924 [INFO    ] Variable 'SWC_F_MDS_14_QC' might be missing from headers of file: /home/portnoy/u0/sytoanngo/ONEFlux/data/RoundRobin_input/RR-008/99_fluxnet2015/FLX_RR-008_FLUXNET2015_FULLSET_YY_2020-2024_1-RR.csv [oneflux.pipeline.common]
2025-07-08 17:03:13.924 [INFO    ] Variable 'SWC_F_MDS_15_QC' might be missing from headers of file: /home/portnoy/u0/sytoanngo/ONEFlux/data/RoundRobin_input/RR-008/99_fluxnet2015/FLX_RR-008_FLUXNET2015_FULLSET_YY_2020-2024_1-RR.csv [oneflux.pipeline.common]
2025-07-08 17:03:13.924 [INFO    ] Variable 'SWC_F_MDS_16_QC' might be missing from headers of file: /home/portnoy/u0/sytoanngo/ONEFlux/data/RoundRobin_input/RR-008/99_fluxnet2015/FLX_RR-008_FLUXNET2015_FULLSET_YY_2020-2024_1-RR.csv [oneflux.pipeline.common]
2025-07-08 17:03:13.925 [INFO    ] Variable 'SWC_F_MDS_17_QC' might be missing from headers of file: /home/portnoy/u0/sytoanngo/ONEFlux/data/RoundRobin_input/RR-008/99_fluxnet2015/FLX_RR-008_FLUXNET2015_FULLSET_YY_2020-2024_1-RR.csv [oneflux.pipeline.common]
2025-07-08 17:03:13.925 [INFO    ] Variable 'SWC_F_MDS_18_QC' might be missing from headers of file: /home/portnoy/u0/sytoanngo/ONEFlux/data/RoundRobin_input/RR-008/99_fluxnet2015/FLX_RR-008_FLUXNET2015_FULLSET_YY_2020-2024_1-RR.csv [oneflux.pipeline.common]
2025-07-08 17:03:13.925 [INFO    ] Variable 'SWC_F_MDS_19_QC' might be missing from headers of file: /home/portnoy/u0/sytoanngo/ONEFlux/data/RoundRobin_input/RR-008/99_fluxnet2015/FLX_RR-008_FLUXNET2015_FULLSET_YY_2020-2024_1-RR.csv [oneflux.pipeline.common]
2025-07-08 17:03:13.926 [INFO    ] Variable 'RECO_DT_CUT_05' might be missing from headers of file: /home/portnoy/u0/sytoanngo/ONEFlux/data/RoundRobin_input/RR-008/99_fluxnet2015/FLX_RR-008_FLUXNET2015_FULLSET_YY_2020-2024_1-RR.csv [oneflux.pipeline.common]
2025-07-08 17:03:13.926 [INFO    ] Variable 'RECO_DT_CUT_16' might be missing from headers of file: /home/portnoy/u0/sytoanngo/ONEFlux/data/RoundRobin_input/RR-008/99_fluxnet2015/FLX_RR-008_FLUXNET2015_FULLSET_YY_2020-2024_1-RR.csv [oneflux.pipeline.common]
2025-07-08 17:03:13.926 [INFO    ] Variable 'RECO_DT_CUT_25' might be missing from headers of file: /home/portnoy/u0/sytoanngo/ONEFlux/data/RoundRobin_input/RR-008/99_fluxnet2015/FLX_RR-008_FLUXNET2015_FULLSET_YY_2020-2024_1-RR.csv [oneflux.pipeline.common]
2025-07-08 17:03:13.926 [INFO    ] Variable 'RECO_DT_CUT_50' might be missing from headers of file: /home/portnoy/u0/sytoanngo/ONEFlux/data/RoundRobin_input/RR-008/99_fluxnet2015/FLX_RR-008_FLUXNET2015_FULLSET_YY_2020-2024_1-RR.csv [oneflux.pipeline.common]
2025-07-08 17:03:13.927 [INFO    ] Variable 'RECO_DT_CUT_75' might be missing from headers of file: /home/portnoy/u0/sytoanngo/ONEFlux/data/RoundRobin_input/RR-008/99_fluxnet2015/FLX_RR-008_FLUXNET2015_FULLSET_YY_2020-2024_1-RR.csv [oneflux.pipeline.common]
2025-07-08 17:03:13.927 [INFO    ] Variable 'RECO_DT_CUT_84' might be missing from headers of file: /home/portnoy/u0/sytoanngo/ONEFlux/data/RoundRobin_input/RR-008/99_fluxnet2015/FLX_RR-008_FLUXNET2015_FULLSET_YY_2020-2024_1-RR.csv [oneflux.pipeline.common]
2025-07-08 17:03:13.927 [INFO    ] Variable 'RECO_DT_CUT_95' might be missing from headers of file: /home/portnoy/u0/sytoanngo/ONEFlux/data/RoundRobin_input/RR-008/99_fluxnet2015/FLX_RR-008_FLUXNET2015_FULLSET_YY_2020-2024_1-RR.csv [oneflux.pipeline.common]
2025-07-08 17:03:13.927 [INFO    ] Variable 'GPP_DT_CUT_05' might be missing from headers of file: /home/portnoy/u0/sytoanngo/ONEFlux/data/RoundRobin_input/RR-008/99_fluxnet2015/FLX_RR-008_FLUXNET2015_FULLSET_YY_2020-2024_1-RR.csv [oneflux.pipeline.common]
2025-07-08 17:03:13.928 [INFO    ] Variable 'GPP_DT_CUT_16' might be missing from headers of file: /home/portnoy/u0/sytoanngo/ONEFlux/data/RoundRobin_input/RR-008/99_fluxnet2015/FLX_RR-008_FLUXNET2015_FULLSET_YY_2020-2024_1-RR.csv [oneflux.pipeline.common]
2025-07-08 17:03:13.928 [INFO    ] Variable 'GPP_DT_CUT_25' might be missing from headers of file: /home/portnoy/u0/sytoanngo/ONEFlux/data/RoundRobin_input/RR-008/99_fluxnet2015/FLX_RR-008_FLUXNET2015_FULLSET_YY_2020-2024_1-RR.csv [oneflux.pipeline.common]
2025-07-08 17:03:13.928 [INFO    ] Variable 'GPP_DT_CUT_50' might be missing from headers of file: /home/portnoy/u0/sytoanngo/ONEFlux/data/RoundRobin_input/RR-008/99_fluxnet2015/FLX_RR-008_FLUXNET2015_FULLSET_YY_2020-2024_1-RR.csv [oneflux.pipeline.common]
2025-07-08 17:03:13.928 [INFO    ] Variable 'GPP_DT_CUT_75' might be missing from headers of file: /home/portnoy/u0/sytoanngo/ONEFlux/data/RoundRobin_input/RR-008/99_fluxnet2015/FLX_RR-008_FLUXNET2015_FULLSET_YY_2020-2024_1-RR.csv [oneflux.pipeline.common]
2025-07-08 17:03:13.928 [INFO    ] Variable 'GPP_DT_CUT_84' might be missing from headers of file: /home/portnoy/u0/sytoanngo/ONEFlux/data/RoundRobin_input/RR-008/99_fluxnet2015/FLX_RR-008_FLUXNET2015_FULLSET_YY_2020-2024_1-RR.csv [oneflux.pipeline.common]
2025-07-08 17:03:13.929 [INFO    ] Variable 'GPP_DT_CUT_95' might be missing from headers of file: /home/portnoy/u0/sytoanngo/ONEFlux/data/RoundRobin_input/RR-008/99_fluxnet2015/FLX_RR-008_FLUXNET2015_FULLSET_YY_2020-2024_1-RR.csv [oneflux.pipeline.common]
2025-07-08 17:03:13.929 [CRITICAL] Missing variables in FLUXNET2015 FULLSET output for site RR-008 [oneflux.pipeline.wrappers]
2025-07-08 17:03:13.929 [INFO    ] Pipeline fluxnet2015 execution finished [oneflux.pipeline.wrappers]
2025-07-08 17:03:13.953 [INFO    ] RR-008 Pipeline run time 3:41:11.218954 (2025-07-08 13:22:02.710967 --- 2025-07-08 17:03:13.929921) [oneflux.pipeline.wrappers]
2025-07-08 17:03:13.956 [INFO    ] RR-008 Pipeline: execution finished [oneflux.pipeline.wrappers]
2025-07-08 17:03:13.957 [INFO    ] Finished processing site dir /home/portnoy/u0/sytoanngo/ONEFlux/data/RoundRobin_input/RR-008 [oneflux.tools.pipeline]
2025-07-08 17:03:13.957 [INFO    ] Finished execution: all [__main__]
