2025-07-28 22:17:20.142 [INFO    ] Variable 'SWC_F_MDS_8_QC' might be missing from headers of file: /global/scratch/users/sytoanngo/data/RoundRobin_input/RR-003/99_fluxnet2015/FLX_RR-003_FLUXNET2015_FULLSET_YY_2004-2023_1-RR.csv [oneflux.pipeline.common]
2025-07-28 22:17:20.142 [INFO    ] Variable 'SWC_F_MDS_9_QC' might be missing from headers of file: /global/scratch/users/sytoanngo/data/RoundRobin_input/RR-003/99_fluxnet2015/FLX_RR-003_FLUXNET2015_FULLSET_YY_2004-2023_1-RR.csv [oneflux.pipeline.common]
2025-07-28 22:17:20.142 [INFO    ] Variable 'SWC_F_MDS_10_QC' might be missing from headers of file: /global/scratch/users/sytoanngo/data/RoundRobin_input/RR-003/99_fluxnet2015/FLX_RR-003_FLUXNET2015_FULLSET_YY_2004-2023_1-RR.csv [oneflux.pipeline.common]
2025-07-28 22:17:20.142 [INFO    ] Variable 'SWC_F_MDS_11_QC' might be missing from headers of file: /global/scratch/users/sytoanngo/data/RoundRobin_input/RR-003/99_fluxnet2015/FLX_RR-003_FLUXNET2015_FULLSET_YY_2004-2023_1-RR.csv [oneflux.pipeline.common]
2025-07-28 22:17:20.142 [INFO    ] Variable 'SWC_F_MDS_12_QC' might be missing from headers of file: /global/scratch/users/sytoanngo/data/RoundRobin_input/RR-003/99_fluxnet2015/FLX_RR-003_FLUXNET2015_FULLSET_YY_2004-2023_1-RR.csv [oneflux.pipeline.common]
2025-07-28 22:17:20.142 [INFO    ] Variable 'SWC_F_MDS_13_QC' might be missing from headers of file: /global/scratch/users/sytoanngo/data/RoundRobin_input/RR-003/99_fluxnet2015/FLX_RR-003_FLUXNET2015_FULLSET_YY_2004-2023_1-RR.csv [oneflux.pipeline.common]
2025-07-28 22:17:20.142 [INFO    ] Variable 'SWC_F_MDS_14_QC' might be missing from headers of file: /global/scratch/users/sytoanngo/data/RoundRobin_input/RR-003/99_fluxnet2015/FLX_RR-003_FLUXNET2015_FULLSET_YY_2004-2023_1-RR.csv [oneflux.pipeline.common]
2025-07-28 22:17:20.143 [INFO    ] Variable 'SWC_F_MDS_15_QC' might be missing from headers of file: /global/scratch/users/sytoanngo/data/RoundRobin_input/RR-003/99_fluxnet2015/FLX_RR-003_FLUXNET2015_FULLSET_YY_2004-2023_1-RR.csv [oneflux.pipeline.common]
2025-07-28 22:17:20.143 [INFO    ] Variable 'SWC_F_MDS_16_QC' might be missing from headers of file: /global/scratch/users/sytoanngo/data/RoundRobin_input/RR-003/99_fluxnet2015/FLX_RR-003_FLUXNET2015_FULLSET_YY_2004-2023_1-RR.csv [oneflux.pipeline.common]
2025-07-28 22:17:20.143 [INFO    ] Variable 'SWC_F_MDS_17_QC' might be missing from headers of file: /global/scratch/users/sytoanngo/data/RoundRobin_input/RR-003/99_fluxnet2015/FLX_RR-003_FLUXNET2015_FULLSET_YY_2004-2023_1-RR.csv [oneflux.pipeline.common]
2025-07-28 22:17:20.143 [INFO    ] Variable 'SWC_F_MDS_18_QC' might be missing from headers of file: /global/scratch/users/sytoanngo/data/RoundRobin_input/RR-003/99_fluxnet2015/FLX_RR-003_FLUXNET2015_FULLSET_YY_2004-2023_1-RR.csv [oneflux.pipeline.common]
2025-07-28 22:17:20.143 [INFO    ] Variable 'SWC_F_MDS_19_QC' might be missing from headers of file: /global/scratch/users/sytoanngo/data/RoundRobin_input/RR-003/99_fluxnet2015/FLX_RR-003_FLUXNET2015_FULLSET_YY_2004-2023_1-RR.csv [oneflux.pipeline.common]
2025-07-28 22:17:20.144 [ERROR   ] Variable 'NETRAD' missing from headers of file: /global/scratch/users/sytoanngo/data/RoundRobin_input/RR-003/99_fluxnet2015/FLX_RR-003_FLUXNET2015_FULLSET_YY_2004-2023_1-RR.csv [oneflux.pipeline.common]
2025-07-28 22:17:20.144 [INFO    ] Variable 'NETRAD_QC' might be missing from headers of file: /global/scratch/users/sytoanngo/data/RoundRobin_input/RR-003/99_fluxnet2015/FLX_RR-003_FLUXNET2015_FULLSET_YY_2004-2023_1-RR.csv [oneflux.pipeline.common]
2025-07-28 22:17:20.144 [INFO    ] Variable 'PPFD_DIF' might be missing from headers of file: /global/scratch/users/sytoanngo/data/RoundRobin_input/RR-003/99_fluxnet2015/FLX_RR-003_FLUXNET2015_FULLSET_YY_2004-2023_1-RR.csv [oneflux.pipeline.common]
2025-07-28 22:17:20.145 [INFO    ] Variable 'PPFD_DIF_QC' might be missing from headers of file: /global/scratch/users/sytoanngo/data/RoundRobin_input/RR-003/99_fluxnet2015/FLX_RR-003_FLUXNET2015_FULLSET_YY_2004-2023_1-RR.csv [oneflux.pipeline.common]
2025-07-28 22:17:20.145 [INFO    ] Variable 'PPFD_OUT' might be missing from headers of file: /global/scratch/users/sytoanngo/data/RoundRobin_input/RR-003/99_fluxnet2015/FLX_RR-003_FLUXNET2015_FULLSET_YY_2004-2023_1-RR.csv [oneflux.pipeline.common]
2025-07-28 22:17:20.145 [INFO    ] Variable 'PPFD_OUT_QC' might be missing from headers of file: /global/scratch/users/sytoanngo/data/RoundRobin_input/RR-003/99_fluxnet2015/FLX_RR-003_FLUXNET2015_FULLSET_YY_2004-2023_1-RR.csv [oneflux.pipeline.common]
2025-07-28 22:17:20.145 [INFO    ] Variable 'SW_DIF' might be missing from headers of file: /global/scratch/users/sytoanngo/data/RoundRobin_input/RR-003/99_fluxnet2015/FLX_RR-003_FLUXNET2015_FULLSET_YY_2004-2023_1-RR.csv [oneflux.pipeline.common]
2025-07-28 22:17:20.145 [INFO    ] Variable 'SW_DIF_QC' might be missing from headers of file: /global/scratch/users/sytoanngo/data/RoundRobin_input/RR-003/99_fluxnet2015/FLX_RR-003_FLUXNET2015_FULLSET_YY_2004-2023_1-RR.csv [oneflux.pipeline.common]
2025-07-28 22:17:20.145 [INFO    ] Variable 'SW_OUT' might be missing from headers of file: /global/scratch/users/sytoanngo/data/RoundRobin_input/RR-003/99_fluxnet2015/FLX_RR-003_FLUXNET2015_FULLSET_YY_2004-2023_1-RR.csv [oneflux.pipeline.common]
2025-07-28 22:17:20.145 [INFO    ] Variable 'SW_OUT_QC' might be missing from headers of file: /global/scratch/users/sytoanngo/data/RoundRobin_input/RR-003/99_fluxnet2015/FLX_RR-003_FLUXNET2015_FULLSET_YY_2004-2023_1-RR.csv [oneflux.pipeline.common]
2025-07-28 22:17:20.145 [INFO    ] Variable 'LW_OUT' might be missing from headers of file: /global/scratch/users/sytoanngo/data/RoundRobin_input/RR-003/99_fluxnet2015/FLX_RR-003_FLUXNET2015_FULLSET_YY_2004-2023_1-RR.csv [oneflux.pipeline.common]
2025-07-28 22:17:20.145 [INFO    ] Variable 'LW_OUT_QC' might be missing from headers of file: /global/scratch/users/sytoanngo/data/RoundRobin_input/RR-003/99_fluxnet2015/FLX_RR-003_FLUXNET2015_FULLSET_YY_2004-2023_1-RR.csv [oneflux.pipeline.common]
2025-07-28 22:17:20.146 [INFO    ] Variable 'PA' might be missing from headers of file: /global/scratch/users/sytoanngo/data/RoundRobin_input/RR-003/99_fluxnet2015/FLX_RR-003_FLUXNET2015_FULLSET_YY_2004-2023_1-RR.csv [oneflux.pipeline.common]
2025-07-28 22:17:20.146 [INFO    ] Variable 'SW_IN_POT' might be missing from headers of file: /global/scratch/users/sytoanngo/data/RoundRobin_input/RR-003/99_fluxnet2015/FLX_RR-003_FLUXNET2015_FULLSET_YY_2004-2023_1-RR.csv [oneflux.pipeline.common]
2025-07-28 22:17:20.146 [INFO    ] Variable 'P' might be missing from headers of file: /global/scratch/users/sytoanngo/data/RoundRobin_input/RR-003/99_fluxnet2015/FLX_RR-003_FLUXNET2015_FULLSET_YY_2004-2023_1-RR.csv [oneflux.pipeline.common]
2025-07-28 22:17:20.146 [INFO    ] Variable 'WS' might be missing from headers of file: /global/scratch/users/sytoanngo/data/RoundRobin_input/RR-003/99_fluxnet2015/FLX_RR-003_FLUXNET2015_FULLSET_YY_2004-2023_1-RR.csv [oneflux.pipeline.common]
2025-07-28 22:17:20.146 [INFO    ] Variable 'WD' might be missing from headers of file: /global/scratch/users/sytoanngo/data/RoundRobin_input/RR-003/99_fluxnet2015/FLX_RR-003_FLUXNET2015_FULLSET_YY_2004-2023_1-RR.csv [oneflux.pipeline.common]
2025-07-28 22:17:20.146 [INFO    ] Variable 'RH' might be missing from headers of file: /global/scratch/users/sytoanngo/data/RoundRobin_input/RR-003/99_fluxnet2015/FLX_RR-003_FLUXNET2015_FULLSET_YY_2004-2023_1-RR.csv [oneflux.pipeline.common]
2025-07-28 22:17:20.146 [INFO    ] Variable 'LE_CORR_25' might be missing from headers of file: /global/scratch/users/sytoanngo/data/RoundRobin_input/RR-003/99_fluxnet2015/FLX_RR-003_FLUXNET2015_FULLSET_YY_2004-2023_1-RR.csv [oneflux.pipeline.common]
2025-07-28 22:17:20.146 [INFO    ] Variable 'LE_CORR_75' might be missing from headers of file: /global/scratch/users/sytoanngo/data/RoundRobin_input/RR-003/99_fluxnet2015/FLX_RR-003_FLUXNET2015_FULLSET_YY_2004-2023_1-RR.csv [oneflux.pipeline.common]
2025-07-28 22:17:20.146 [INFO    ] Variable 'LE_RANDUNC_METHOD' might be missing from headers of file: /global/scratch/users/sytoanngo/data/RoundRobin_input/RR-003/99_fluxnet2015/FLX_RR-003_FLUXNET2015_FULLSET_YY_2004-2023_1-RR.csv [oneflux.pipeline.common]
2025-07-28 22:17:20.146 [INFO    ] Variable 'LE_RANDUNC_N' might be missing from headers of file: /global/scratch/users/sytoanngo/data/RoundRobin_input/RR-003/99_fluxnet2015/FLX_RR-003_FLUXNET2015_FULLSET_YY_2004-2023_1-RR.csv [oneflux.pipeline.common]
2025-07-28 22:17:20.147 [INFO    ] Variable 'LE_CORR_JOINTUNC' might be missing from headers of file: /global/scratch/users/sytoanngo/data/RoundRobin_input/RR-003/99_fluxnet2015/FLX_RR-003_FLUXNET2015_FULLSET_YY_2004-2023_1-RR.csv [oneflux.pipeline.common]
2025-07-28 22:17:20.147 [INFO    ] Variable 'H_CORR_25' might be missing from headers of file: /global/scratch/users/sytoanngo/data/RoundRobin_input/RR-003/99_fluxnet2015/FLX_RR-003_FLUXNET2015_FULLSET_YY_2004-2023_1-RR.csv [oneflux.pipeline.common]
2025-07-28 22:17:20.147 [INFO    ] Variable 'H_CORR_75' might be missing from headers of file: /global/scratch/users/sytoanngo/data/RoundRobin_input/RR-003/99_fluxnet2015/FLX_RR-003_FLUXNET2015_FULLSET_YY_2004-2023_1-RR.csv [oneflux.pipeline.common]
2025-07-28 22:17:20.147 [INFO    ] Variable 'H_RANDUNC_METHOD' might be missing from headers of file: /global/scratch/users/sytoanngo/data/RoundRobin_input/RR-003/99_fluxnet2015/FLX_RR-003_FLUXNET2015_FULLSET_YY_2004-2023_1-RR.csv [oneflux.pipeline.common]
2025-07-28 22:17:20.147 [INFO    ] Variable 'H_RANDUNC_N' might be missing from headers of file: /global/scratch/users/sytoanngo/data/RoundRobin_input/RR-003/99_fluxnet2015/FLX_RR-003_FLUXNET2015_FULLSET_YY_2004-2023_1-RR.csv [oneflux.pipeline.common]
2025-07-28 22:17:20.147 [INFO    ] Variable 'H_CORR_JOINTUNC' might be missing from headers of file: /global/scratch/users/sytoanngo/data/RoundRobin_input/RR-003/99_fluxnet2015/FLX_RR-003_FLUXNET2015_FULLSET_YY_2004-2023_1-RR.csv [oneflux.pipeline.common]
2025-07-28 22:17:20.147 [INFO    ] Variable 'TS_F_MDS_8' might be missing from headers of file: /global/scratch/users/sytoanngo/data/RoundRobin_input/RR-003/99_fluxnet2015/FLX_RR-003_FLUXNET2015_FULLSET_YY_2004-2023_1-RR.csv [oneflux.pipeline.common]
2025-07-28 22:17:20.147 [INFO    ] Variable 'TS_F_MDS_9' might be missing from headers of file: /global/scratch/users/sytoanngo/data/RoundRobin_input/RR-003/99_fluxnet2015/FLX_RR-003_FLUXNET2015_FULLSET_YY_2004-2023_1-RR.csv [oneflux.pipeline.common]
2025-07-28 22:17:20.147 [INFO    ] Variable 'TS_F_MDS_10' might be missing from headers of file: /global/scratch/users/sytoanngo/data/RoundRobin_input/RR-003/99_fluxnet2015/FLX_RR-003_FLUXNET2015_FULLSET_YY_2004-2023_1-RR.csv [oneflux.pipeline.common]
2025-07-28 22:17:20.148 [INFO    ] Variable 'TS_F_MDS_11' might be missing from headers of file: /global/scratch/users/sytoanngo/data/RoundRobin_input/RR-003/99_fluxnet2015/FLX_RR-003_FLUXNET2015_FULLSET_YY_2004-2023_1-RR.csv [oneflux.pipeline.common]
2025-07-28 22:17:20.148 [INFO    ] Variable 'TS_F_MDS_12' might be missing from headers of file: /global/scratch/users/sytoanngo/data/RoundRobin_input/RR-003/99_fluxnet2015/FLX_RR-003_FLUXNET2015_FULLSET_YY_2004-2023_1-RR.csv [oneflux.pipeline.common]
2025-07-28 22:17:20.148 [INFO    ] Variable 'TS_F_MDS_13' might be missing from headers of file: /global/scratch/users/sytoanngo/data/RoundRobin_input/RR-003/99_fluxnet2015/FLX_RR-003_FLUXNET2015_FULLSET_YY_2004-2023_1-RR.csv [oneflux.pipeline.common]
2025-07-28 22:17:20.148 [INFO    ] Variable 'TS_F_MDS_14' might be missing from headers of file: /global/scratch/users/sytoanngo/data/RoundRobin_input/RR-003/99_fluxnet2015/FLX_RR-003_FLUXNET2015_FULLSET_YY_2004-2023_1-RR.csv [oneflux.pipeline.common]
2025-07-28 22:17:20.148 [INFO    ] Variable 'TS_F_MDS_15' might be missing from headers of file: /global/scratch/users/sytoanngo/data/RoundRobin_input/RR-003/99_fluxnet2015/FLX_RR-003_FLUXNET2015_FULLSET_YY_2004-2023_1-RR.csv [oneflux.pipeline.common]
2025-07-28 22:17:20.148 [INFO    ] Variable 'TS_F_MDS_16' might be missing from headers of file: /global/scratch/users/sytoanngo/data/RoundRobin_input/RR-003/99_fluxnet2015/FLX_RR-003_FLUXNET2015_FULLSET_YY_2004-2023_1-RR.csv [oneflux.pipeline.common]
2025-07-28 22:17:20.148 [INFO    ] Variable 'TS_F_MDS_17' might be missing from headers of file: /global/scratch/users/sytoanngo/data/RoundRobin_input/RR-003/99_fluxnet2015/FLX_RR-003_FLUXNET2015_FULLSET_YY_2004-2023_1-RR.csv [oneflux.pipeline.common]
2025-07-28 22:17:20.148 [INFO    ] Variable 'TS_F_MDS_18' might be missing from headers of file: /global/scratch/users/sytoanngo/data/RoundRobin_input/RR-003/99_fluxnet2015/FLX_RR-003_FLUXNET2015_FULLSET_YY_2004-2023_1-RR.csv [oneflux.pipeline.common]
2025-07-28 22:17:20.148 [INFO    ] Variable 'TS_F_MDS_19' might be missing from headers of file: /global/scratch/users/sytoanngo/data/RoundRobin_input/RR-003/99_fluxnet2015/FLX_RR-003_FLUXNET2015_FULLSET_YY_2004-2023_1-RR.csv [oneflux.pipeline.common]
2025-07-28 22:17:20.149 [INFO    ] Variable 'TS_F_MDS_8_QC' might be missing from headers of file: /global/scratch/users/sytoanngo/data/RoundRobin_input/RR-003/99_fluxnet2015/FLX_RR-003_FLUXNET2015_FULLSET_YY_2004-2023_1-RR.csv [oneflux.pipeline.common]
2025-07-28 22:17:20.149 [INFO    ] Variable 'TS_F_MDS_9_QC' might be missing from headers of file: /global/scratch/users/sytoanngo/data/RoundRobin_input/RR-003/99_fluxnet2015/FLX_RR-003_FLUXNET2015_FULLSET_YY_2004-2023_1-RR.csv [oneflux.pipeline.common]
2025-07-28 22:17:20.149 [INFO    ] Variable 'TS_F_MDS_10_QC' might be missing from headers of file: /global/scratch/users/sytoanngo/data/RoundRobin_input/RR-003/99_fluxnet2015/FLX_RR-003_FLUXNET2015_FULLSET_YY_2004-2023_1-RR.csv [oneflux.pipeline.common]
2025-07-28 22:17:20.149 [INFO    ] Variable 'TS_F_MDS_11_QC' might be missing from headers of file: /global/scratch/users/sytoanngo/data/RoundRobin_input/RR-003/99_fluxnet2015/FLX_RR-003_FLUXNET2015_FULLSET_YY_2004-2023_1-RR.csv [oneflux.pipeline.common]
2025-07-28 22:17:20.149 [INFO    ] Variable 'TS_F_MDS_12_QC' might be missing from headers of file: /global/scratch/users/sytoanngo/data/RoundRobin_input/RR-003/99_fluxnet2015/FLX_RR-003_FLUXNET2015_FULLSET_YY_2004-2023_1-RR.csv [oneflux.pipeline.common]
2025-07-28 22:17:20.149 [INFO    ] Variable 'TS_F_MDS_13_QC' might be missing from headers of file: /global/scratch/users/sytoanngo/data/RoundRobin_input/RR-003/99_fluxnet2015/FLX_RR-003_FLUXNET2015_FULLSET_YY_2004-2023_1-RR.csv [oneflux.pipeline.common]
2025-07-28 22:17:20.149 [INFO    ] Variable 'TS_F_MDS_14_QC' might be missing from headers of file: /global/scratch/users/sytoanngo/data/RoundRobin_input/RR-003/99_fluxnet2015/FLX_RR-003_FLUXNET2015_FULLSET_YY_2004-2023_1-RR.csv [oneflux.pipeline.common]
2025-07-28 22:17:20.149 [INFO    ] Variable 'TS_F_MDS_15_QC' might be missing from headers of file: /global/scratch/users/sytoanngo/data/RoundRobin_input/RR-003/99_fluxnet2015/FLX_RR-003_FLUXNET2015_FULLSET_YY_2004-2023_1-RR.csv [oneflux.pipeline.common]
2025-07-28 22:17:20.149 [INFO    ] Variable 'TS_F_MDS_16_QC' might be missing from headers of file: /global/scratch/users/sytoanngo/data/RoundRobin_input/RR-003/99_fluxnet2015/FLX_RR-003_FLUXNET2015_FULLSET_YY_2004-2023_1-RR.csv [oneflux.pipeline.common]
2025-07-28 22:17:20.149 [INFO    ] Variable 'TS_F_MDS_17_QC' might be missing from headers of file: /global/scratch/users/sytoanngo/data/RoundRobin_input/RR-003/99_fluxnet2015/FLX_RR-003_FLUXNET2015_FULLSET_YY_2004-2023_1-RR.csv [oneflux.pipeline.common]
2025-07-28 22:17:20.150 [INFO    ] Variable 'TS_F_MDS_18_QC' might be missing from headers of file: /global/scratch/users/sytoanngo/data/RoundRobin_input/RR-003/99_fluxnet2015/FLX_RR-003_FLUXNET2015_FULLSET_YY_2004-2023_1-RR.csv [oneflux.pipeline.common]
2025-07-28 22:17:20.150 [INFO    ] Variable 'TS_F_MDS_19_QC' might be missing from headers of file: /global/scratch/users/sytoanngo/data/RoundRobin_input/RR-003/99_fluxnet2015/FLX_RR-003_FLUXNET2015_FULLSET_YY_2004-2023_1-RR.csv [oneflux.pipeline.common]
2025-07-28 22:17:20.150 [INFO    ] Variable 'SWC_F_MDS_5' might be missing from headers of file: /global/scratch/users/sytoanngo/data/RoundRobin_input/RR-003/99_fluxnet2015/FLX_RR-003_FLUXNET2015_FULLSET_YY_2004-2023_1-RR.csv [oneflux.pipeline.common]
2025-07-28 22:17:20.150 [INFO    ] Variable 'SWC_F_MDS_6' might be missing from headers of file: /global/scratch/users/sytoanngo/data/RoundRobin_input/RR-003/99_fluxnet2015/FLX_RR-003_FLUXNET2015_FULLSET_YY_2004-2023_1-RR.csv [oneflux.pipeline.common]
2025-07-28 22:17:20.150 [INFO    ] Variable 'SWC_F_MDS_7' might be missing from headers of file: /global/scratch/users/sytoanngo/data/RoundRobin_input/RR-003/99_fluxnet2015/FLX_RR-003_FLUXNET2015_FULLSET_YY_2004-2023_1-RR.csv [oneflux.pipeline.common]
2025-07-28 22:17:20.150 [INFO    ] Variable 'SWC_F_MDS_8' might be missing from headers of file: /global/scratch/users/sytoanngo/data/RoundRobin_input/RR-003/99_fluxnet2015/FLX_RR-003_FLUXNET2015_FULLSET_YY_2004-2023_1-RR.csv [oneflux.pipeline.common]
2025-07-28 22:17:20.150 [INFO    ] Variable 'SWC_F_MDS_9' might be missing from headers of file: /global/scratch/users/sytoanngo/data/RoundRobin_input/RR-003/99_fluxnet2015/FLX_RR-003_FLUXNET2015_FULLSET_YY_2004-2023_1-RR.csv [oneflux.pipeline.common]
2025-07-28 22:17:20.150 [INFO    ] Variable 'SWC_F_MDS_10' might be missing from headers of file: /global/scratch/users/sytoanngo/data/RoundRobin_input/RR-003/99_fluxnet2015/FLX_RR-003_FLUXNET2015_FULLSET_YY_2004-2023_1-RR.csv [oneflux.pipeline.common]
2025-07-28 22:17:20.150 [INFO    ] Variable 'SWC_F_MDS_11' might be missing from headers of file: /global/scratch/users/sytoanngo/data/RoundRobin_input/RR-003/99_fluxnet2015/FLX_RR-003_FLUXNET2015_FULLSET_YY_2004-2023_1-RR.csv [oneflux.pipeline.common]
2025-07-28 22:17:20.151 [INFO    ] Variable 'SWC_F_MDS_12' might be missing from headers of file: /global/scratch/users/sytoanngo/data/RoundRobin_input/RR-003/99_fluxnet2015/FLX_RR-003_FLUXNET2015_FULLSET_YY_2004-2023_1-RR.csv [oneflux.pipeline.common]
2025-07-28 22:17:20.151 [INFO    ] Variable 'SWC_F_MDS_13' might be missing from headers of file: /global/scratch/users/sytoanngo/data/RoundRobin_input/RR-003/99_fluxnet2015/FLX_RR-003_FLUXNET2015_FULLSET_YY_2004-2023_1-RR.csv [oneflux.pipeline.common]
2025-07-28 22:17:20.151 [INFO    ] Variable 'SWC_F_MDS_14' might be missing from headers of file: /global/scratch/users/sytoanngo/data/RoundRobin_input/RR-003/99_fluxnet2015/FLX_RR-003_FLUXNET2015_FULLSET_YY_2004-2023_1-RR.csv [oneflux.pipeline.common]
2025-07-28 22:17:20.151 [INFO    ] Variable 'SWC_F_MDS_15' might be missing from headers of file: /global/scratch/users/sytoanngo/data/RoundRobin_input/RR-003/99_fluxnet2015/FLX_RR-003_FLUXNET2015_FULLSET_YY_2004-2023_1-RR.csv [oneflux.pipeline.common]
2025-07-28 22:17:20.151 [INFO    ] Variable 'SWC_F_MDS_16' might be missing from headers of file: /global/scratch/users/sytoanngo/data/RoundRobin_input/RR-003/99_fluxnet2015/FLX_RR-003_FLUXNET2015_FULLSET_YY_2004-2023_1-RR.csv [oneflux.pipeline.common]
2025-07-28 22:17:20.151 [INFO    ] Variable 'SWC_F_MDS_17' might be missing from headers of file: /global/scratch/users/sytoanngo/data/RoundRobin_input/RR-003/99_fluxnet2015/FLX_RR-003_FLUXNET2015_FULLSET_YY_2004-2023_1-RR.csv [oneflux.pipeline.common]
2025-07-28 22:17:20.151 [INFO    ] Variable 'SWC_F_MDS_18' might be missing from headers of file: /global/scratch/users/sytoanngo/data/RoundRobin_input/RR-003/99_fluxnet2015/FLX_RR-003_FLUXNET2015_FULLSET_YY_2004-2023_1-RR.csv [oneflux.pipeline.common]
2025-07-28 22:17:20.151 [INFO    ] Variable 'SWC_F_MDS_19' might be missing from headers of file: /global/scratch/users/sytoanngo/data/RoundRobin_input/RR-003/99_fluxnet2015/FLX_RR-003_FLUXNET2015_FULLSET_YY_2004-2023_1-RR.csv [oneflux.pipeline.common]
2025-07-28 22:17:20.151 [INFO    ] Variable 'SWC_F_MDS_5_QC' might be missing from headers of file: /global/scratch/users/sytoanngo/data/RoundRobin_input/RR-003/99_fluxnet2015/FLX_RR-003_FLUXNET2015_FULLSET_YY_2004-2023_1-RR.csv [oneflux.pipeline.common]
2025-07-28 22:17:20.151 [INFO    ] Variable 'SWC_F_MDS_6_QC' might be missing from headers of file: /global/scratch/users/sytoanngo/data/RoundRobin_input/RR-003/99_fluxnet2015/FLX_RR-003_FLUXNET2015_FULLSET_YY_2004-2023_1-RR.csv [oneflux.pipeline.common]
2025-07-28 22:17:20.152 [INFO    ] Variable 'SWC_F_MDS_7_QC' might be missing from headers of file: /global/scratch/users/sytoanngo/data/RoundRobin_input/RR-003/99_fluxnet2015/FLX_RR-003_FLUXNET2015_FULLSET_YY_2004-2023_1-RR.csv [oneflux.pipeline.common]
2025-07-28 22:17:20.152 [INFO    ] Variable 'SWC_F_MDS_8_QC' might be missing from headers of file: /global/scratch/users/sytoanngo/data/RoundRobin_input/RR-003/99_fluxnet2015/FLX_RR-003_FLUXNET2015_FULLSET_YY_2004-2023_1-RR.csv [oneflux.pipeline.common]
2025-07-28 22:17:20.152 [INFO    ] Variable 'SWC_F_MDS_9_QC' might be missing from headers of file: /global/scratch/users/sytoanngo/data/RoundRobin_input/RR-003/99_fluxnet2015/FLX_RR-003_FLUXNET2015_FULLSET_YY_2004-2023_1-RR.csv [oneflux.pipeline.common]
2025-07-28 22:17:20.152 [INFO    ] Variable 'SWC_F_MDS_10_QC' might be missing from headers of file: /global/scratch/users/sytoanngo/data/RoundRobin_input/RR-003/99_fluxnet2015/FLX_RR-003_FLUXNET2015_FULLSET_YY_2004-2023_1-RR.csv [oneflux.pipeline.common]
2025-07-28 22:17:20.152 [INFO    ] Variable 'SWC_F_MDS_11_QC' might be missing from headers of file: /global/scratch/users/sytoanngo/data/RoundRobin_input/RR-003/99_fluxnet2015/FLX_RR-003_FLUXNET2015_FULLSET_YY_2004-2023_1-RR.csv [oneflux.pipeline.common]
2025-07-28 22:17:20.152 [INFO    ] Variable 'SWC_F_MDS_12_QC' might be missing from headers of file: /global/scratch/users/sytoanngo/data/RoundRobin_input/RR-003/99_fluxnet2015/FLX_RR-003_FLUXNET2015_FULLSET_YY_2004-2023_1-RR.csv [oneflux.pipeline.common]
2025-07-28 22:17:20.152 [INFO    ] Variable 'SWC_F_MDS_13_QC' might be missing from headers of file: /global/scratch/users/sytoanngo/data/RoundRobin_input/RR-003/99_fluxnet2015/FLX_RR-003_FLUXNET2015_FULLSET_YY_2004-2023_1-RR.csv [oneflux.pipeline.common]
2025-07-28 22:17:20.152 [INFO    ] Variable 'SWC_F_MDS_14_QC' might be missing from headers of file: /global/scratch/users/sytoanngo/data/RoundRobin_input/RR-003/99_fluxnet2015/FLX_RR-003_FLUXNET2015_FULLSET_YY_2004-2023_1-RR.csv [oneflux.pipeline.common]
2025-07-28 22:17:20.152 [INFO    ] Variable 'SWC_F_MDS_15_QC' might be missing from headers of file: /global/scratch/users/sytoanngo/data/RoundRobin_input/RR-003/99_fluxnet2015/FLX_RR-003_FLUXNET2015_FULLSET_YY_2004-2023_1-RR.csv [oneflux.pipeline.common]
2025-07-28 22:17:20.152 [INFO    ] Variable 'SWC_F_MDS_16_QC' might be missing from headers of file: /global/scratch/users/sytoanngo/data/RoundRobin_input/RR-003/99_fluxnet2015/FLX_RR-003_FLUXNET2015_FULLSET_YY_2004-2023_1-RR.csv [oneflux.pipeline.common]
2025-07-28 22:17:20.153 [INFO    ] Variable 'SWC_F_MDS_17_QC' might be missing from headers of file: /global/scratch/users/sytoanngo/data/RoundRobin_input/RR-003/99_fluxnet2015/FLX_RR-003_FLUXNET2015_FULLSET_YY_2004-2023_1-RR.csv [oneflux.pipeline.common]
2025-07-28 22:17:20.153 [INFO    ] Variable 'SWC_F_MDS_18_QC' might be missing from headers of file: /global/scratch/users/sytoanngo/data/RoundRobin_input/RR-003/99_fluxnet2015/FLX_RR-003_FLUXNET2015_FULLSET_YY_2004-2023_1-RR.csv [oneflux.pipeline.common]
2025-07-28 22:17:20.153 [INFO    ] Variable 'SWC_F_MDS_19_QC' might be missing from headers of file: /global/scratch/users/sytoanngo/data/RoundRobin_input/RR-003/99_fluxnet2015/FLX_RR-003_FLUXNET2015_FULLSET_YY_2004-2023_1-RR.csv [oneflux.pipeline.common]
2025-07-28 22:17:20.153 [CRITICAL] Missing variables in FLUXNET2015 FULLSET output for site RR-003 [oneflux.pipeline.wrappers]
2025-07-28 22:17:20.153 [INFO    ] Pipeline fluxnet2015 execution finished [oneflux.pipeline.wrappers]
2025-07-28 22:17:20.153 [INFO    ] RR-003 Pipeline run time 9:58:55.515329 (2025-07-28 12:18:24.638371 --- 2025-07-28 22:17:20.153700) [oneflux.pipeline.wrappers]
2025-07-28 22:17:20.154 [INFO    ] RR-003 Pipeline: execution finished [oneflux.pipeline.wrappers]
2025-07-28 22:17:20.154 [INFO    ] Finished processing site dir /global/scratch/users/sytoanngo/data/RoundRobin_input/RR-003 [oneflux.tools.pipeline]
2025-07-28 22:17:20.155 [INFO    ] Finished execution: all [__main__]
