2025-07-23 17:00:02.410 [DEBUG   ] Pipeline ure.post_validate file is '/home/portnoy/u0/sytoanngo/ONEFlux/data/RoundRobin_input/RR-010/12_ure/RR-010_DT_RECO_ww_info.txt' [oneflux.pipeline.common]
2025-07-23 17:00:02.410 [DEBUG   ] Pipeline ure.post_validate file is '/home/portnoy/u0/sytoanngo/ONEFlux/data/RoundRobin_input/RR-010/12_ure/RR-010_DT_RECO_yy_info.txt' [oneflux.pipeline.common]
2025-07-23 17:00:02.411 [DEBUG   ] Pipeline ure.post_validate directory is '/home/portnoy/u0/sytoanngo/ONEFlux/data/RoundRobin_input/RR-010/12_ure' [oneflux.pipeline.common]
2025-07-23 17:00:02.415 [DEBUG   ] Pipeline ure.post_validate in '/home/portnoy/u0/sytoanngo/ONEFlux/data/RoundRobin_input/RR-010/12_ure' found file pattern 'RR-010_DT_GPP_mef_matrix_dd_c_????_????.csv' (1 occurrences): ['RR-010_DT_GPP_mef_matrix_dd_c_2014_2019.csv'] [oneflux.pipeline.common]
2025-07-23 17:00:02.416 [DEBUG   ] Pipeline ure.post_validate directory is '/home/portnoy/u0/sytoanngo/ONEFlux/data/RoundRobin_input/RR-010/12_ure' [oneflux.pipeline.common]
2025-07-23 17:00:02.429 [DEBUG   ] Pipeline ure.post_validate in '/home/portnoy/u0/sytoanngo/ONEFlux/data/RoundRobin_input/RR-010/12_ure' found file pattern 'RR-010_DT_GPP_mef_matrix_dd_y_????_????.csv' (1 occurrences): ['RR-010_DT_GPP_mef_matrix_dd_y_2014_2019.csv'] [oneflux.pipeline.common]
2025-07-23 17:00:02.430 [DEBUG   ] Pipeline ure.post_validate directory is '/home/portnoy/u0/sytoanngo/ONEFlux/data/RoundRobin_input/RR-010/12_ure' [oneflux.pipeline.common]
2025-07-23 17:00:02.430 [DEBUG   ] Pipeline ure.post_validate in '/home/portnoy/u0/sytoanngo/ONEFlux/data/RoundRobin_input/RR-010/12_ure' found file pattern 'RR-010_DT_GPP_mef_matrix_hh_c_????_????.csv' (1 occurrences): ['RR-010_DT_GPP_mef_matrix_hh_c_2014_2019.csv'] [oneflux.pipeline.common]
2025-07-23 17:00:02.431 [DEBUG   ] Pipeline ure.post_validate directory is '/home/portnoy/u0/sytoanngo/ONEFlux/data/RoundRobin_input/RR-010/12_ure' [oneflux.pipeline.common]
2025-07-23 17:00:02.431 [DEBUG   ] Pipeline ure.post_validate in '/home/portnoy/u0/sytoanngo/ONEFlux/data/RoundRobin_input/RR-010/12_ure' found file pattern 'RR-010_DT_GPP_mef_matrix_hh_y_????_????.csv' (1 occurrences): ['RR-010_DT_GPP_mef_matrix_hh_y_2014_2019.csv'] [oneflux.pipeline.common]
2025-07-23 17:00:02.432 [DEBUG   ] Pipeline ure.post_validate directory is '/home/portnoy/u0/sytoanngo/ONEFlux/data/RoundRobin_input/RR-010/12_ure' [oneflux.pipeline.common]
2025-07-23 17:00:02.432 [DEBUG   ] Pipeline ure.post_validate in '/home/portnoy/u0/sytoanngo/ONEFlux/data/RoundRobin_input/RR-010/12_ure' found file pattern 'RR-010_DT_GPP_mef_matrix_mm_c_????_????.csv' (1 occurrences): ['RR-010_DT_GPP_mef_matrix_mm_c_2014_2019.csv'] [oneflux.pipeline.common]
2025-07-23 17:00:02.433 [DEBUG   ] Pipeline ure.post_validate directory is '/home/portnoy/u0/sytoanngo/ONEFlux/data/RoundRobin_input/RR-010/12_ure' [oneflux.pipeline.common]
2025-07-23 17:00:02.433 [DEBUG   ] Pipeline ure.post_validate in '/home/portnoy/u0/sytoanngo/ONEFlux/data/RoundRobin_input/RR-010/12_ure' found file pattern 'RR-010_DT_GPP_mef_matrix_mm_y_????_????.csv' (1 occurrences): ['RR-010_DT_GPP_mef_matrix_mm_y_2014_2019.csv'] [oneflux.pipeline.common]
2025-07-23 17:00:02.434 [DEBUG   ] Pipeline ure.post_validate directory is '/home/portnoy/u0/sytoanngo/ONEFlux/data/RoundRobin_input/RR-010/12_ure' [oneflux.pipeline.common]
2025-07-23 17:00:02.434 [DEBUG   ] Pipeline ure.post_validate in '/home/portnoy/u0/sytoanngo/ONEFlux/data/RoundRobin_input/RR-010/12_ure' found file pattern 'RR-010_DT_GPP_mef_matrix_ww_c_????_????.csv' (1 occurrences): ['RR-010_DT_GPP_mef_matrix_ww_c_2014_2019.csv'] [oneflux.pipeline.common]
2025-07-23 17:00:02.434 [DEBUG   ] Pipeline ure.post_validate directory is '/home/portnoy/u0/sytoanngo/ONEFlux/data/RoundRobin_input/RR-010/12_ure' [oneflux.pipeline.common]
2025-07-23 17:00:02.435 [DEBUG   ] Pipeline ure.post_validate in '/home/portnoy/u0/sytoanngo/ONEFlux/data/RoundRobin_input/RR-010/12_ure' found file pattern 'RR-010_DT_GPP_mef_matrix_ww_y_????_????.csv' (1 occurrences): ['RR-010_DT_GPP_mef_matrix_ww_y_2014_2019.csv'] [oneflux.pipeline.common]
2025-07-23 17:00:02.435 [DEBUG   ] Pipeline ure.post_validate directory is '/home/portnoy/u0/sytoanngo/ONEFlux/data/RoundRobin_input/RR-010/12_ure' [oneflux.pipeline.common]
2025-07-23 17:00:02.441 [DEBUG   ] Pipeline ure.post_validate in '/home/portnoy/u0/sytoanngo/ONEFlux/data/RoundRobin_input/RR-010/12_ure' found file pattern 'RR-010_DT_GPP_mef_matrix_yy_c_????_????.csv' (1 occurrences): ['RR-010_DT_GPP_mef_matrix_yy_c_2014_2019.csv'] [oneflux.pipeline.common]
2025-07-23 17:00:02.441 [DEBUG   ] Pipeline ure.post_validate directory is '/home/portnoy/u0/sytoanngo/ONEFlux/data/RoundRobin_input/RR-010/12_ure' [oneflux.pipeline.common]
2025-07-23 17:00:02.442 [DEBUG   ] Pipeline ure.post_validate in '/home/portnoy/u0/sytoanngo/ONEFlux/data/RoundRobin_input/RR-010/12_ure' found file pattern 'RR-010_DT_GPP_mef_matrix_yy_y_????_????.csv' (1 occurrences): ['RR-010_DT_GPP_mef_matrix_yy_y_2014_2019.csv'] [oneflux.pipeline.common]
2025-07-23 17:00:02.442 [DEBUG   ] Pipeline ure.post_validate directory is '/home/portnoy/u0/sytoanngo/ONEFlux/data/RoundRobin_input/RR-010/12_ure' [oneflux.pipeline.common]
2025-07-23 17:00:02.443 [DEBUG   ] Pipeline ure.post_validate in '/home/portnoy/u0/sytoanngo/ONEFlux/data/RoundRobin_input/RR-010/12_ure' found file pattern 'RR-010_DT_RECO_mef_matrix_dd_c_????_????.csv' (1 occurrences): ['RR-010_DT_RECO_mef_matrix_dd_c_2014_2019.csv'] [oneflux.pipeline.common]
2025-07-23 17:00:02.443 [DEBUG   ] Pipeline ure.post_validate directory is '/home/portnoy/u0/sytoanngo/ONEFlux/data/RoundRobin_input/RR-010/12_ure' [oneflux.pipeline.common]
2025-07-23 17:00:02.444 [DEBUG   ] Pipeline ure.post_validate in '/home/portnoy/u0/sytoanngo/ONEFlux/data/RoundRobin_input/RR-010/12_ure' found file pattern 'RR-010_DT_RECO_mef_matrix_dd_y_????_????.csv' (1 occurrences): ['RR-010_DT_RECO_mef_matrix_dd_y_2014_2019.csv'] [oneflux.pipeline.common]
2025-07-23 17:00:02.444 [DEBUG   ] Pipeline ure.post_validate directory is '/home/portnoy/u0/sytoanngo/ONEFlux/data/RoundRobin_input/RR-010/12_ure' [oneflux.pipeline.common]
2025-07-23 17:00:02.445 [DEBUG   ] Pipeline ure.post_validate in '/home/portnoy/u0/sytoanngo/ONEFlux/data/RoundRobin_input/RR-010/12_ure' found file pattern 'RR-010_DT_RECO_mef_matrix_hh_c_????_????.csv' (1 occurrences): ['RR-010_DT_RECO_mef_matrix_hh_c_2014_2019.csv'] [oneflux.pipeline.common]
2025-07-23 17:00:02.445 [DEBUG   ] Pipeline ure.post_validate directory is '/home/portnoy/u0/sytoanngo/ONEFlux/data/RoundRobin_input/RR-010/12_ure' [oneflux.pipeline.common]
2025-07-23 17:00:02.446 [DEBUG   ] Pipeline ure.post_validate in '/home/portnoy/u0/sytoanngo/ONEFlux/data/RoundRobin_input/RR-010/12_ure' found file pattern 'RR-010_DT_RECO_mef_matrix_hh_y_????_????.csv' (1 occurrences): ['RR-010_DT_RECO_mef_matrix_hh_y_2014_2019.csv'] [oneflux.pipeline.common]
2025-07-23 17:00:02.446 [DEBUG   ] Pipeline ure.post_validate directory is '/home/portnoy/u0/sytoanngo/ONEFlux/data/RoundRobin_input/RR-010/12_ure' [oneflux.pipeline.common]
2025-07-23 17:00:02.446 [DEBUG   ] Pipeline ure.post_validate in '/home/portnoy/u0/sytoanngo/ONEFlux/data/RoundRobin_input/RR-010/12_ure' found file pattern 'RR-010_DT_RECO_mef_matrix_mm_c_????_????.csv' (1 occurrences): ['RR-010_DT_RECO_mef_matrix_mm_c_2014_2019.csv'] [oneflux.pipeline.common]
2025-07-23 17:00:02.447 [DEBUG   ] Pipeline ure.post_validate directory is '/home/portnoy/u0/sytoanngo/ONEFlux/data/RoundRobin_input/RR-010/12_ure' [oneflux.pipeline.common]
2025-07-23 17:00:02.447 [DEBUG   ] Pipeline ure.post_validate in '/home/portnoy/u0/sytoanngo/ONEFlux/data/RoundRobin_input/RR-010/12_ure' found file pattern 'RR-010_DT_RECO_mef_matrix_mm_y_????_????.csv' (1 occurrences): ['RR-010_DT_RECO_mef_matrix_mm_y_2014_2019.csv'] [oneflux.pipeline.common]
2025-07-23 17:00:02.448 [DEBUG   ] Pipeline ure.post_validate directory is '/home/portnoy/u0/sytoanngo/ONEFlux/data/RoundRobin_input/RR-010/12_ure' [oneflux.pipeline.common]
2025-07-23 17:00:02.448 [DEBUG   ] Pipeline ure.post_validate in '/home/portnoy/u0/sytoanngo/ONEFlux/data/RoundRobin_input/RR-010/12_ure' found file pattern 'RR-010_DT_RECO_mef_matrix_ww_c_????_????.csv' (1 occurrences): ['RR-010_DT_RECO_mef_matrix_ww_c_2014_2019.csv'] [oneflux.pipeline.common]
2025-07-23 17:00:02.448 [DEBUG   ] Pipeline ure.post_validate directory is '/home/portnoy/u0/sytoanngo/ONEFlux/data/RoundRobin_input/RR-010/12_ure' [oneflux.pipeline.common]
2025-07-23 17:00:02.449 [DEBUG   ] Pipeline ure.post_validate in '/home/portnoy/u0/sytoanngo/ONEFlux/data/RoundRobin_input/RR-010/12_ure' found file pattern 'RR-010_DT_RECO_mef_matrix_ww_y_????_????.csv' (1 occurrences): ['RR-010_DT_RECO_mef_matrix_ww_y_2014_2019.csv'] [oneflux.pipeline.common]
2025-07-23 17:00:02.449 [DEBUG   ] Pipeline ure.post_validate directory is '/home/portnoy/u0/sytoanngo/ONEFlux/data/RoundRobin_input/RR-010/12_ure' [oneflux.pipeline.common]
2025-07-23 17:00:02.450 [DEBUG   ] Pipeline ure.post_validate in '/home/portnoy/u0/sytoanngo/ONEFlux/data/RoundRobin_input/RR-010/12_ure' found file pattern 'RR-010_DT_RECO_mef_matrix_yy_c_????_????.csv' (1 occurrences): ['RR-010_DT_RECO_mef_matrix_yy_c_2014_2019.csv'] [oneflux.pipeline.common]
2025-07-23 17:00:02.450 [DEBUG   ] Pipeline ure.post_validate directory is '/home/portnoy/u0/sytoanngo/ONEFlux/data/RoundRobin_input/RR-010/12_ure' [oneflux.pipeline.common]
2025-07-23 17:00:02.451 [DEBUG   ] Pipeline ure.post_validate in '/home/portnoy/u0/sytoanngo/ONEFlux/data/RoundRobin_input/RR-010/12_ure' found file pattern 'RR-010_DT_RECO_mef_matrix_yy_y_????_????.csv' (1 occurrences): ['RR-010_DT_RECO_mef_matrix_yy_y_2014_2019.csv'] [oneflux.pipeline.common]
2025-07-23 17:00:02.476 [DEBUG   ] Pipeline fluxnet2015.run moved directory '/home/portnoy/u0/sytoanngo/ONEFlux/data/RoundRobin_input/RR-010/99_fluxnet2015' to '/home/portnoy/u0/sytoanngo/ONEFlux/data/RoundRobin_input/RR-010/99_fluxnet2015__rocky_run20250723T082519' [oneflux.pipeline.common]
2025-07-23 17:00:02.476 [DEBUG   ] Created '/home/portnoy/u0/sytoanngo/ONEFlux/data/RoundRobin_input/RR-010/99_fluxnet2015' [oneflux.pipeline.common]
2025-07-23 17:00:02.476 [INFO    ] Execution command oneflux.pipeline.site_data_product.run_site [oneflux.pipeline.wrappers]
2025-07-23 17:00:02.477 [DEBUG   ] Processing 'hh' resolution [oneflux.pipeline.site_data_product]
2025-07-23 17:00:02.477 [DEBUG   ] Loading meteo/hh file: /home/portnoy/u0/sytoanngo/ONEFlux/data/RoundRobin_input/RR-010/07_meteo_proc/RR-010_meteo_hh.csv [oneflux.pipeline.site_data_product]
2025-07-23 17:01:03.760 [INFO    ] Checking range of values for SWC (RR-010) [oneflux.pipeline.site_data_product]
2025-07-23 17:01:03.761 [DEBUG   ] Found 2 SWC variables (['SWC_3_f', 'SWC_4_f']) for RR-010, checking ranges [oneflux.pipeline.site_data_product]
2025-07-23 17:01:14.551 [DEBUG   ] SWC variable 'SWC_3_f' stats (RR-010, 2013): negative_count=0  min=22.623  max=22.87 [oneflux.pipeline.site_data_product]
2025-07-23 17:01:14.865 [DEBUG   ] SWC variable 'SWC_3_f' stats (RR-010, 2014): negative_count=0  min=15.795  max=26.715 [oneflux.pipeline.site_data_product]
2025-07-23 17:01:15.180 [DEBUG   ] SWC variable 'SWC_3_f' stats (RR-010, 2015): negative_count=0  min=14.595  max=29.075 [oneflux.pipeline.site_data_product]
2025-07-23 17:01:15.497 [DEBUG   ] SWC variable 'SWC_3_f' stats (RR-010, 2016): negative_count=0  min=15.09  max=31.285 [oneflux.pipeline.site_data_product]
2025-07-23 17:01:15.812 [DEBUG   ] SWC variable 'SWC_3_f' stats (RR-010, 2017): negative_count=0  min=14.27  max=28.095 [oneflux.pipeline.site_data_product]
2025-07-23 17:01:16.122 [DEBUG   ] SWC variable 'SWC_3_f' stats (RR-010, 2018): negative_count=0  min=12.4  max=30.7 [oneflux.pipeline.site_data_product]
2025-07-23 17:01:16.436 [DEBUG   ] SWC variable 'SWC_3_f' stats (RR-010, 2019): negative_count=0  min=11.614  max=19.435 [oneflux.pipeline.site_data_product]
2025-07-23 17:01:16.749 [DEBUG   ] SWC variable 'SWC_3_f' stats (RR-010, 2020): negative_count=0  min=12.088  max=22.37 [oneflux.pipeline.site_data_product]
2025-07-23 17:01:17.065 [DEBUG   ] SWC variable 'SWC_3_f' stats (RR-010, 2021): negative_count=0  min=17.455  max=17.594 [oneflux.pipeline.site_data_product]
2025-07-23 17:01:28.949 [DEBUG   ] SWC variable 'SWC_4_f' stats (RR-010, 2013): negative_count=0  min=23.088  max=23.588 [oneflux.pipeline.site_data_product]
2025-07-23 17:01:29.260 [DEBUG   ] SWC variable 'SWC_4_f' stats (RR-010, 2014): negative_count=0  min=16.885  max=29.79 [oneflux.pipeline.site_data_product]
2025-07-23 17:01:29.574 [DEBUG   ] SWC variable 'SWC_4_f' stats (RR-010, 2015): negative_count=0  min=17.655  max=29.465 [oneflux.pipeline.site_data_product]
2025-07-23 17:01:29.886 [DEBUG   ] SWC variable 'SWC_4_f' stats (RR-010, 2016): negative_count=0  min=17.875  max=29.175 [oneflux.pipeline.site_data_product]
2025-07-23 17:01:30.199 [DEBUG   ] SWC variable 'SWC_4_f' stats (RR-010, 2017): negative_count=0  min=18.04  max=26.935 [oneflux.pipeline.site_data_product]
2025-07-23 17:01:30.514 [DEBUG   ] SWC variable 'SWC_4_f' stats (RR-010, 2018): negative_count=0  min=10.94  max=27.5 [oneflux.pipeline.site_data_product]
2025-07-23 17:01:30.826 [DEBUG   ] SWC variable 'SWC_4_f' stats (RR-010, 2019): negative_count=0  min=8.879  max=17.17 [oneflux.pipeline.site_data_product]
2025-07-23 17:01:31.140 [DEBUG   ] SWC variable 'SWC_4_f' stats (RR-010, 2020): negative_count=0  min=9.285  max=18.385 [oneflux.pipeline.site_data_product]
2025-07-23 17:01:31.450 [DEBUG   ] SWC variable 'SWC_4_f' stats (RR-010, 2021): negative_count=0  min=15.42  max=15.518 [oneflux.pipeline.site_data_product]
2025-07-23 17:01:32.407 [DEBUG   ] Done with checking SWC vars for RR-010 [oneflux.pipeline.site_data_product]
2025-07-23 17:01:32.408 [DEBUG   ] Loading nee/hh file: /home/portnoy/u0/sytoanngo/ONEFlux/data/RoundRobin_input/RR-010/08_nee_proc/RR-010_NEE_hh.csv [oneflux.pipeline.site_data_product]
2025-07-23 17:01:42.658 [DEBUG   ] Loading energy/hh file: /home/portnoy/u0/sytoanngo/ONEFlux/data/RoundRobin_input/RR-010/09_energy_proc/RR-010_energy_hh.csv [oneflux.pipeline.site_data_product]
2025-07-23 17:01:47.125 [DEBUG   ] Loading partitioning/hh file: /home/portnoy/u0/sytoanngo/ONEFlux/data/RoundRobin_input/RR-010/12_ure/RR-010_NT_RECO_hh.csv [oneflux.pipeline.site_data_product]
2025-07-23 17:01:51.724 [DEBUG   ] Loading partitioning/hh file: /home/portnoy/u0/sytoanngo/ONEFlux/data/RoundRobin_input/RR-010/12_ure/RR-010_NT_GPP_hh.csv [oneflux.pipeline.site_data_product]
2025-07-23 17:01:55.734 [DEBUG   ] Loading partitioning/hh file: /home/portnoy/u0/sytoanngo/ONEFlux/data/RoundRobin_input/RR-010/12_ure/RR-010_DT_RECO_hh.csv [oneflux.pipeline.site_data_product]
2025-07-23 17:01:59.622 [DEBUG   ] Loading partitioning/hh file: /home/portnoy/u0/sytoanngo/ONEFlux/data/RoundRobin_input/RR-010/12_ure/RR-010_DT_GPP_hh.csv [oneflux.pipeline.site_data_product]
2025-07-23 17:02:03.343 [DEBUG   ] Merged UNC headers: ('TIMESTAMP_START', 'TIMESTAMP_END', 'NT_RECO_ref_y', 'NT_RECO_ust50_y', 'NT_RECO_mean_y', 'NT_RECO_SE_y', 'NT_RECO_05_y', 'NT_RECO_16_y', 'NT_RECO_25_y', 'NT_RECO_50_y', 'NT_RECO_75_y', 'NT_RECO_84_y', 'NT_RECO_95_y', 'NT_RECO_ref_c', 'NT_RECO_ust50_c', 'NT_RECO_mean_c', 'NT_RECO_SE_c', 'NT_RECO_05_c', 'NT_RECO_16_c', 'NT_RECO_25_c', 'NT_RECO_50_c', 'NT_RECO_75_c', 'NT_RECO_84_c', 'NT_RECO_95_c', 'NT_GPP_ref_y', 'NT_GPP_ust50_y', 'NT_GPP_mean_y', 'NT_GPP_SE_y', 'NT_GPP_05_y', 'NT_GPP_16_y', 'NT_GPP_25_y', 'NT_GPP_50_y', 'NT_GPP_75_y', 'NT_GPP_84_y', 'NT_GPP_95_y', 'NT_GPP_ref_c', 'NT_GPP_ust50_c', 'NT_GPP_mean_c', 'NT_GPP_SE_c', 'NT_GPP_05_c', 'NT_GPP_16_c', 'NT_GPP_25_c', 'NT_GPP_50_c', 'NT_GPP_75_c', 'NT_GPP_84_c', 'NT_GPP_95_c', 'DT_RECO_ref_y', 'DT_RECO_ust50_y', 'DT_RECO_mean_y', 'DT_RECO_SE_y', 'DT_RECO_05_y', 'DT_RECO_16_y', 'DT_RECO_25_y', 'DT_RECO_50_y', 'DT_RECO_75_y', 'DT_RECO_84_y', 'DT_RECO_95_y', 'DT_RECO_ref_c', 'DT_RECO_ust50_c', 'DT_RECO_mean_c', 'DT_RECO_SE_c', 'DT_RECO_05_c', 'DT_RECO_16_c', 'DT_RECO_25_c', 'DT_RECO_50_c', 'DT_RECO_75_c', 'DT_RECO_84_c', 'DT_RECO_95_c', 'DT_GPP_ref_y', 'DT_GPP_ust50_y', 'DT_GPP_mean_y', 'DT_GPP_SE_y', 'DT_GPP_05_y', 'DT_GPP_16_y', 'DT_GPP_25_y', 'DT_GPP_50_y', 'DT_GPP_75_y', 'DT_GPP_84_y', 'DT_GPP_95_y', 'DT_GPP_ref_c', 'DT_GPP_ust50_c', 'DT_GPP_mean_c', 'DT_GPP_SE_c', 'DT_GPP_05_c', 'DT_GPP_16_c', 'DT_GPP_25_c', 'DT_GPP_50_c', 'DT_GPP_75_c', 'DT_GPP_84_c', 'DT_GPP_95_c') [oneflux.pipeline.site_data_product]
2025-07-23 17:02:03.556 [INFO    ] METEO number of records differs from ENERGY, assuming complete meteo and removing extra records [oneflux.pipeline.site_data_product]
2025-07-23 17:02:06.956 [DEBUG   ] Time slice results for 2014-2020: a[578544]=201401010000  a[701279]=202012312330 [oneflux.pipeline.site_data_product]
2025-07-23 17:02:06.956 [CRITICAL] Number of records differ: METEO=122736, ENERGY=122736, NEE=122736, UNC/PART=105168 [oneflux.pipeline.site_data_product]
2025-07-23 17:02:06.956 [CRITICAL] RR-010 an error occurred (/home/portnoy/u0/sytoanngo/ONEFlux/data/RoundRobin_input/RR-010): Number of records differ: METEO=122736, ENERGY=122736, NEE=122736, UNC/PART=105168 [oneflux.pipeline.wrappers]
2025-07-23 17:02:06.976 [CRITICAL] ['Traceback (most recent call last):\n', '  File "/home/portnoy/u0/sytoanngo/ONEFlux/oneflux/pipeline/wrappers.py", line 272, in run\n    driver.run()\n', '  File "/home/portnoy/u0/sytoanngo/ONEFlux/oneflux/pipeline/wrappers.py", line 2465, in run\n    era_last_timestamp_start=self.pipeline.era_last_timestamp_start)\n', '  File "/home/portnoy/u0/sytoanngo/ONEFlux/oneflux/pipeline/site_data_product.py", line 1091, in run_site\n    meteo_data, energy_data, nee_data, unc_data = check_lengths(siteid=siteid, meteo=meteo_data, energy=energy_data, nee=nee_data, unc=unc_data, resolution=resolution, nt_skip=pipeline.nt_skip, dt_skip=pipeline.dt_skip)\n', '  File "/home/portnoy/u0/sytoanngo/ONEFlux/oneflux/pipeline/site_data_product.py", line 1013, in check_lengths\n    raise ONEFluxError(msg)\n', 'ONEFluxError: Number of records differ: METEO=122736, ENERGY=122736, NEE=122736, UNC/PART=105168\n'] [oneflux]
2025-07-23 17:02:06.977 [INFO    ] RR-010 Pipeline run time 8:36:47.760206 (2025-07-23 08:25:19.216815 --- 2025-07-23 17:02:06.977021) [oneflux.pipeline.wrappers]
2025-07-23 17:02:06.978 [CRITICAL] ONEFlux ERRORS processing site dir /home/portnoy/u0/sytoanngo/ONEFlux/data/RoundRobin_input/RR-010 [oneflux.tools.pipeline]
2025-07-23 17:02:06.979 [CRITICAL] ['Traceback (most recent call last):\n', '  File "/home/portnoy/u0/sytoanngo/ONEFlux/oneflux/tools/pipeline.py", line 88, in run_pipeline\n    pipeline.run()\n', '  File "/home/portnoy/u0/sytoanngo/ONEFlux/oneflux/pipeline/wrappers.py", line 272, in run\n    driver.run()\n', '  File "/home/portnoy/u0/sytoanngo/ONEFlux/oneflux/pipeline/wrappers.py", line 2465, in run\n    era_last_timestamp_start=self.pipeline.era_last_timestamp_start)\n', '  File "/home/portnoy/u0/sytoanngo/ONEFlux/oneflux/pipeline/site_data_product.py", line 1091, in run_site\n    meteo_data, energy_data, nee_data, unc_data = check_lengths(siteid=siteid, meteo=meteo_data, energy=energy_data, nee=nee_data, unc=unc_data, resolution=resolution, nt_skip=pipeline.nt_skip, dt_skip=pipeline.dt_skip)\n', '  File "/home/portnoy/u0/sytoanngo/ONEFlux/oneflux/pipeline/site_data_product.py", line 1013, in check_lengths\n    raise ONEFluxError(msg)\n', 'ONEFluxError: Number of records differ: METEO=122736, ENERGY=122736, NEE=122736, UNC/PART=105168\n'] [oneflux.tools.pipeline]
2025-07-23 17:02:06.980 [CRITICAL] ['Traceback (most recent call last):\n', '  File "/home/portnoy/u0/sytoanngo/ONEFlux/runoneflux_test.py", line 96, in <module>\n    era_first_year=args.erafy, era_last_year=args.eraly,\n', '  File "/home/portnoy/u0/sytoanngo/ONEFlux/oneflux/tools/pipeline.py", line 88, in run_pipeline\n    pipeline.run()\n', '  File "/home/portnoy/u0/sytoanngo/ONEFlux/oneflux/pipeline/wrappers.py", line 272, in run\n    driver.run()\n', '  File "/home/portnoy/u0/sytoanngo/ONEFlux/oneflux/pipeline/wrappers.py", line 2465, in run\n    era_last_timestamp_start=self.pipeline.era_last_timestamp_start)\n', '  File "/home/portnoy/u0/sytoanngo/ONEFlux/oneflux/pipeline/site_data_product.py", line 1091, in run_site\n    meteo_data, energy_data, nee_data, unc_data = check_lengths(siteid=siteid, meteo=meteo_data, energy=energy_data, nee=nee_data, unc=unc_data, resolution=resolution, nt_skip=pipeline.nt_skip, dt_skip=pipeline.dt_skip)\n', '  File "/home/portnoy/u0/sytoanngo/ONEFlux/oneflux/pipeline/site_data_product.py", line 1013, in check_lengths\n    raise ONEFluxError(msg)\n', 'ONEFluxError: Number of records differ: METEO=122736, ENERGY=122736, NEE=122736, UNC/PART=105168\n'] [__main__]
2025-07-23 17:02:06.980 [CRITICAL] ***Problem during execution*** Number of records differ: METEO=122736, ENERGY=122736, NEE=122736, UNC/PART=105168 [__main__]
2025-07-23 17:02:06.980 [CRITICAL] ***Problem traceback*** Traceback (most recent call last):
  File "/home/portnoy/u0/sytoanngo/ONEFlux/runoneflux_test.py", line 96, in <module>
    era_first_year=args.erafy, era_last_year=args.eraly,
  File "/home/portnoy/u0/sytoanngo/ONEFlux/oneflux/tools/pipeline.py", line 88, in run_pipeline
    pipeline.run()
  File "/home/portnoy/u0/sytoanngo/ONEFlux/oneflux/pipeline/wrappers.py", line 272, in run
    driver.run()
  File "/home/portnoy/u0/sytoanngo/ONEFlux/oneflux/pipeline/wrappers.py", line 2465, in run
    era_last_timestamp_start=self.pipeline.era_last_timestamp_start)
  File "/home/portnoy/u0/sytoanngo/ONEFlux/oneflux/pipeline/site_data_product.py", line 1091, in run_site
    meteo_data, energy_data, nee_data, unc_data = check_lengths(siteid=siteid, meteo=meteo_data, energy=energy_data, nee=nee_data, unc=unc_data, resolution=resolution, nt_skip=pipeline.nt_skip, dt_skip=pipeline.dt_skip)
  File "/home/portnoy/u0/sytoanngo/ONEFlux/oneflux/pipeline/site_data_product.py", line 1013, in check_lengths
    raise ONEFluxError(msg)
ONEFluxError: Number of records differ: METEO=122736, ENERGY=122736, NEE=122736, UNC/PART=105168
 [__main__]
