2025-08-04 12:40:11.621 [DEBUG   ] Pipeline ure.post_validate file is '/home/portnoy/u0/sytoanngo/ONEFlux/data/RoundRobin_input/RR-010/12_ure/RR-010_DT_RECO_mm_info.txt' [oneflux.pipeline.common]
2025-08-04 12:40:11.621 [DEBUG   ] Pipeline ure.post_validate file is '/home/portnoy/u0/sytoanngo/ONEFlux/data/RoundRobin_input/RR-010/12_ure/RR-010_DT_RECO_ww_info.txt' [oneflux.pipeline.common]
2025-08-04 12:40:11.621 [DEBUG   ] Pipeline ure.post_validate file is '/home/portnoy/u0/sytoanngo/ONEFlux/data/RoundRobin_input/RR-010/12_ure/RR-010_DT_RECO_yy_info.txt' [oneflux.pipeline.common]
2025-08-04 12:40:11.621 [DEBUG   ] Pipeline ure.post_validate directory is '/home/portnoy/u0/sytoanngo/ONEFlux/data/RoundRobin_input/RR-010/12_ure' [oneflux.pipeline.common]
2025-08-04 12:40:11.622 [DEBUG   ] Pipeline ure.post_validate in '/home/portnoy/u0/sytoanngo/ONEFlux/data/RoundRobin_input/RR-010/12_ure' found file pattern 'RR-010_DT_GPP_mef_matrix_dd_c_????_????.csv' (1 occurrences): ['RR-010_DT_GPP_mef_matrix_dd_c_2014_2019.csv'] [oneflux.pipeline.common]
2025-08-04 12:40:11.622 [DEBUG   ] Pipeline ure.post_validate directory is '/home/portnoy/u0/sytoanngo/ONEFlux/data/RoundRobin_input/RR-010/12_ure' [oneflux.pipeline.common]
2025-08-04 12:40:11.623 [DEBUG   ] Pipeline ure.post_validate in '/home/portnoy/u0/sytoanngo/ONEFlux/data/RoundRobin_input/RR-010/12_ure' found file pattern 'RR-010_DT_GPP_mef_matrix_dd_y_????_????.csv' (1 occurrences): ['RR-010_DT_GPP_mef_matrix_dd_y_2014_2019.csv'] [oneflux.pipeline.common]
2025-08-04 12:40:11.623 [DEBUG   ] Pipeline ure.post_validate directory is '/home/portnoy/u0/sytoanngo/ONEFlux/data/RoundRobin_input/RR-010/12_ure' [oneflux.pipeline.common]
2025-08-04 12:40:11.624 [DEBUG   ] Pipeline ure.post_validate in '/home/portnoy/u0/sytoanngo/ONEFlux/data/RoundRobin_input/RR-010/12_ure' found file pattern 'RR-010_DT_GPP_mef_matrix_hh_c_????_????.csv' (1 occurrences): ['RR-010_DT_GPP_mef_matrix_hh_c_2014_2019.csv'] [oneflux.pipeline.common]
2025-08-04 12:40:11.624 [DEBUG   ] Pipeline ure.post_validate directory is '/home/portnoy/u0/sytoanngo/ONEFlux/data/RoundRobin_input/RR-010/12_ure' [oneflux.pipeline.common]
2025-08-04 12:40:11.625 [DEBUG   ] Pipeline ure.post_validate in '/home/portnoy/u0/sytoanngo/ONEFlux/data/RoundRobin_input/RR-010/12_ure' found file pattern 'RR-010_DT_GPP_mef_matrix_hh_y_????_????.csv' (1 occurrences): ['RR-010_DT_GPP_mef_matrix_hh_y_2014_2019.csv'] [oneflux.pipeline.common]
2025-08-04 12:40:11.625 [DEBUG   ] Pipeline ure.post_validate directory is '/home/portnoy/u0/sytoanngo/ONEFlux/data/RoundRobin_input/RR-010/12_ure' [oneflux.pipeline.common]
2025-08-04 12:40:11.626 [DEBUG   ] Pipeline ure.post_validate in '/home/portnoy/u0/sytoanngo/ONEFlux/data/RoundRobin_input/RR-010/12_ure' found file pattern 'RR-010_DT_GPP_mef_matrix_mm_c_????_????.csv' (1 occurrences): ['RR-010_DT_GPP_mef_matrix_mm_c_2014_2019.csv'] [oneflux.pipeline.common]
2025-08-04 12:40:11.626 [DEBUG   ] Pipeline ure.post_validate directory is '/home/portnoy/u0/sytoanngo/ONEFlux/data/RoundRobin_input/RR-010/12_ure' [oneflux.pipeline.common]
2025-08-04 12:40:11.627 [DEBUG   ] Pipeline ure.post_validate in '/home/portnoy/u0/sytoanngo/ONEFlux/data/RoundRobin_input/RR-010/12_ure' found file pattern 'RR-010_DT_GPP_mef_matrix_mm_y_????_????.csv' (1 occurrences): ['RR-010_DT_GPP_mef_matrix_mm_y_2014_2019.csv'] [oneflux.pipeline.common]
2025-08-04 12:40:11.627 [DEBUG   ] Pipeline ure.post_validate directory is '/home/portnoy/u0/sytoanngo/ONEFlux/data/RoundRobin_input/RR-010/12_ure' [oneflux.pipeline.common]
2025-08-04 12:40:11.628 [DEBUG   ] Pipeline ure.post_validate in '/home/portnoy/u0/sytoanngo/ONEFlux/data/RoundRobin_input/RR-010/12_ure' found file pattern 'RR-010_DT_GPP_mef_matrix_ww_c_????_????.csv' (1 occurrences): ['RR-010_DT_GPP_mef_matrix_ww_c_2014_2019.csv'] [oneflux.pipeline.common]
2025-08-04 12:40:11.628 [DEBUG   ] Pipeline ure.post_validate directory is '/home/portnoy/u0/sytoanngo/ONEFlux/data/RoundRobin_input/RR-010/12_ure' [oneflux.pipeline.common]
2025-08-04 12:40:11.629 [DEBUG   ] Pipeline ure.post_validate in '/home/portnoy/u0/sytoanngo/ONEFlux/data/RoundRobin_input/RR-010/12_ure' found file pattern 'RR-010_DT_GPP_mef_matrix_ww_y_????_????.csv' (1 occurrences): ['RR-010_DT_GPP_mef_matrix_ww_y_2014_2019.csv'] [oneflux.pipeline.common]
2025-08-04 12:40:11.629 [DEBUG   ] Pipeline ure.post_validate directory is '/home/portnoy/u0/sytoanngo/ONEFlux/data/RoundRobin_input/RR-010/12_ure' [oneflux.pipeline.common]
2025-08-04 12:40:11.630 [DEBUG   ] Pipeline ure.post_validate in '/home/portnoy/u0/sytoanngo/ONEFlux/data/RoundRobin_input/RR-010/12_ure' found file pattern 'RR-010_DT_GPP_mef_matrix_yy_c_????_????.csv' (1 occurrences): ['RR-010_DT_GPP_mef_matrix_yy_c_2014_2019.csv'] [oneflux.pipeline.common]
2025-08-04 12:40:11.630 [DEBUG   ] Pipeline ure.post_validate directory is '/home/portnoy/u0/sytoanngo/ONEFlux/data/RoundRobin_input/RR-010/12_ure' [oneflux.pipeline.common]
2025-08-04 12:40:11.631 [DEBUG   ] Pipeline ure.post_validate in '/home/portnoy/u0/sytoanngo/ONEFlux/data/RoundRobin_input/RR-010/12_ure' found file pattern 'RR-010_DT_GPP_mef_matrix_yy_y_????_????.csv' (1 occurrences): ['RR-010_DT_GPP_mef_matrix_yy_y_2014_2019.csv'] [oneflux.pipeline.common]
2025-08-04 12:40:11.631 [DEBUG   ] Pipeline ure.post_validate directory is '/home/portnoy/u0/sytoanngo/ONEFlux/data/RoundRobin_input/RR-010/12_ure' [oneflux.pipeline.common]
2025-08-04 12:40:11.632 [DEBUG   ] Pipeline ure.post_validate in '/home/portnoy/u0/sytoanngo/ONEFlux/data/RoundRobin_input/RR-010/12_ure' found file pattern 'RR-010_DT_RECO_mef_matrix_dd_c_????_????.csv' (1 occurrences): ['RR-010_DT_RECO_mef_matrix_dd_c_2014_2019.csv'] [oneflux.pipeline.common]
2025-08-04 12:40:11.632 [DEBUG   ] Pipeline ure.post_validate directory is '/home/portnoy/u0/sytoanngo/ONEFlux/data/RoundRobin_input/RR-010/12_ure' [oneflux.pipeline.common]
2025-08-04 12:40:11.633 [DEBUG   ] Pipeline ure.post_validate in '/home/portnoy/u0/sytoanngo/ONEFlux/data/RoundRobin_input/RR-010/12_ure' found file pattern 'RR-010_DT_RECO_mef_matrix_dd_y_????_????.csv' (1 occurrences): ['RR-010_DT_RECO_mef_matrix_dd_y_2014_2019.csv'] [oneflux.pipeline.common]
2025-08-04 12:40:11.633 [DEBUG   ] Pipeline ure.post_validate directory is '/home/portnoy/u0/sytoanngo/ONEFlux/data/RoundRobin_input/RR-010/12_ure' [oneflux.pipeline.common]
2025-08-04 12:40:11.634 [DEBUG   ] Pipeline ure.post_validate in '/home/portnoy/u0/sytoanngo/ONEFlux/data/RoundRobin_input/RR-010/12_ure' found file pattern 'RR-010_DT_RECO_mef_matrix_hh_c_????_????.csv' (1 occurrences): ['RR-010_DT_RECO_mef_matrix_hh_c_2014_2019.csv'] [oneflux.pipeline.common]
2025-08-04 12:40:11.634 [DEBUG   ] Pipeline ure.post_validate directory is '/home/portnoy/u0/sytoanngo/ONEFlux/data/RoundRobin_input/RR-010/12_ure' [oneflux.pipeline.common]
2025-08-04 12:40:11.634 [DEBUG   ] Pipeline ure.post_validate in '/home/portnoy/u0/sytoanngo/ONEFlux/data/RoundRobin_input/RR-010/12_ure' found file pattern 'RR-010_DT_RECO_mef_matrix_hh_y_????_????.csv' (1 occurrences): ['RR-010_DT_RECO_mef_matrix_hh_y_2014_2019.csv'] [oneflux.pipeline.common]
2025-08-04 12:40:11.635 [DEBUG   ] Pipeline ure.post_validate directory is '/home/portnoy/u0/sytoanngo/ONEFlux/data/RoundRobin_input/RR-010/12_ure' [oneflux.pipeline.common]
2025-08-04 12:40:11.635 [DEBUG   ] Pipeline ure.post_validate in '/home/portnoy/u0/sytoanngo/ONEFlux/data/RoundRobin_input/RR-010/12_ure' found file pattern 'RR-010_DT_RECO_mef_matrix_mm_c_????_????.csv' (1 occurrences): ['RR-010_DT_RECO_mef_matrix_mm_c_2014_2019.csv'] [oneflux.pipeline.common]
2025-08-04 12:40:11.636 [DEBUG   ] Pipeline ure.post_validate directory is '/home/portnoy/u0/sytoanngo/ONEFlux/data/RoundRobin_input/RR-010/12_ure' [oneflux.pipeline.common]
2025-08-04 12:40:11.636 [DEBUG   ] Pipeline ure.post_validate in '/home/portnoy/u0/sytoanngo/ONEFlux/data/RoundRobin_input/RR-010/12_ure' found file pattern 'RR-010_DT_RECO_mef_matrix_mm_y_????_????.csv' (1 occurrences): ['RR-010_DT_RECO_mef_matrix_mm_y_2014_2019.csv'] [oneflux.pipeline.common]
2025-08-04 12:40:11.637 [DEBUG   ] Pipeline ure.post_validate directory is '/home/portnoy/u0/sytoanngo/ONEFlux/data/RoundRobin_input/RR-010/12_ure' [oneflux.pipeline.common]
2025-08-04 12:40:11.637 [DEBUG   ] Pipeline ure.post_validate in '/home/portnoy/u0/sytoanngo/ONEFlux/data/RoundRobin_input/RR-010/12_ure' found file pattern 'RR-010_DT_RECO_mef_matrix_ww_c_????_????.csv' (1 occurrences): ['RR-010_DT_RECO_mef_matrix_ww_c_2014_2019.csv'] [oneflux.pipeline.common]
2025-08-04 12:40:11.637 [DEBUG   ] Pipeline ure.post_validate directory is '/home/portnoy/u0/sytoanngo/ONEFlux/data/RoundRobin_input/RR-010/12_ure' [oneflux.pipeline.common]
2025-08-04 12:40:11.638 [DEBUG   ] Pipeline ure.post_validate in '/home/portnoy/u0/sytoanngo/ONEFlux/data/RoundRobin_input/RR-010/12_ure' found file pattern 'RR-010_DT_RECO_mef_matrix_ww_y_????_????.csv' (1 occurrences): ['RR-010_DT_RECO_mef_matrix_ww_y_2014_2019.csv'] [oneflux.pipeline.common]
2025-08-04 12:40:11.638 [DEBUG   ] Pipeline ure.post_validate directory is '/home/portnoy/u0/sytoanngo/ONEFlux/data/RoundRobin_input/RR-010/12_ure' [oneflux.pipeline.common]
2025-08-04 12:40:11.639 [DEBUG   ] Pipeline ure.post_validate in '/home/portnoy/u0/sytoanngo/ONEFlux/data/RoundRobin_input/RR-010/12_ure' found file pattern 'RR-010_DT_RECO_mef_matrix_yy_c_????_????.csv' (1 occurrences): ['RR-010_DT_RECO_mef_matrix_yy_c_2014_2019.csv'] [oneflux.pipeline.common]
2025-08-04 12:40:11.639 [DEBUG   ] Pipeline ure.post_validate directory is '/home/portnoy/u0/sytoanngo/ONEFlux/data/RoundRobin_input/RR-010/12_ure' [oneflux.pipeline.common]
2025-08-04 12:40:11.640 [DEBUG   ] Pipeline ure.post_validate in '/home/portnoy/u0/sytoanngo/ONEFlux/data/RoundRobin_input/RR-010/12_ure' found file pattern 'RR-010_DT_RECO_mef_matrix_yy_y_????_????.csv' (1 occurrences): ['RR-010_DT_RECO_mef_matrix_yy_y_2014_2019.csv'] [oneflux.pipeline.common]
2025-08-04 12:40:11.650 [DEBUG   ] Created '/home/portnoy/u0/sytoanngo/ONEFlux/data/RoundRobin_input/RR-010/99_fluxnet2015' [oneflux.pipeline.common]
2025-08-04 12:40:11.650 [INFO    ] Execution command oneflux.pipeline.site_data_product.run_site [oneflux.pipeline.wrappers]
2025-08-04 12:40:11.651 [DEBUG   ] Processing 'hh' resolution [oneflux.pipeline.site_data_product]
2025-08-04 12:40:11.651 [DEBUG   ] Loading meteo/hh file: /home/portnoy/u0/sytoanngo/ONEFlux/data/RoundRobin_input/RR-010/07_meteo_proc/RR-010_meteo_hh.csv [oneflux.pipeline.site_data_product]
2025-08-04 12:41:10.531 [INFO    ] Checking range of values for SWC (RR-010) [oneflux.pipeline.site_data_product]
2025-08-04 12:41:10.532 [DEBUG   ] Found 2 SWC variables (['SWC_3_f', 'SWC_4_f']) for RR-010, checking ranges [oneflux.pipeline.site_data_product]
2025-08-04 12:41:21.712 [DEBUG   ] SWC variable 'SWC_3_f' stats (RR-010, 2013): negative_count=0  min=22.623  max=22.87 [oneflux.pipeline.site_data_product]
2025-08-04 12:41:22.044 [DEBUG   ] SWC variable 'SWC_3_f' stats (RR-010, 2014): negative_count=0  min=15.795  max=26.715 [oneflux.pipeline.site_data_product]
2025-08-04 12:41:22.380 [DEBUG   ] SWC variable 'SWC_3_f' stats (RR-010, 2015): negative_count=0  min=14.595  max=29.075 [oneflux.pipeline.site_data_product]
2025-08-04 12:41:22.718 [DEBUG   ] SWC variable 'SWC_3_f' stats (RR-010, 2016): negative_count=0  min=15.09  max=31.285 [oneflux.pipeline.site_data_product]
2025-08-04 12:41:23.055 [DEBUG   ] SWC variable 'SWC_3_f' stats (RR-010, 2017): negative_count=0  min=14.27  max=28.095 [oneflux.pipeline.site_data_product]
2025-08-04 12:41:23.395 [DEBUG   ] SWC variable 'SWC_3_f' stats (RR-010, 2018): negative_count=0  min=12.4  max=30.7 [oneflux.pipeline.site_data_product]
2025-08-04 12:41:23.731 [DEBUG   ] SWC variable 'SWC_3_f' stats (RR-010, 2019): negative_count=0  min=11.614  max=19.435 [oneflux.pipeline.site_data_product]
2025-08-04 12:41:24.071 [DEBUG   ] SWC variable 'SWC_3_f' stats (RR-010, 2020): negative_count=0  min=12.088  max=22.37 [oneflux.pipeline.site_data_product]
2025-08-04 12:41:24.406 [DEBUG   ] SWC variable 'SWC_3_f' stats (RR-010, 2021): negative_count=0  min=17.455  max=17.594 [oneflux.pipeline.site_data_product]
2025-08-04 12:41:36.406 [DEBUG   ] SWC variable 'SWC_4_f' stats (RR-010, 2013): negative_count=0  min=23.088  max=23.588 [oneflux.pipeline.site_data_product]
2025-08-04 12:41:36.743 [DEBUG   ] SWC variable 'SWC_4_f' stats (RR-010, 2014): negative_count=0  min=16.885  max=29.79 [oneflux.pipeline.site_data_product]
2025-08-04 12:41:37.070 [DEBUG   ] SWC variable 'SWC_4_f' stats (RR-010, 2015): negative_count=0  min=17.655  max=29.465 [oneflux.pipeline.site_data_product]
2025-08-04 12:41:37.406 [DEBUG   ] SWC variable 'SWC_4_f' stats (RR-010, 2016): negative_count=0  min=17.875  max=29.175 [oneflux.pipeline.site_data_product]
2025-08-04 12:41:37.731 [DEBUG   ] SWC variable 'SWC_4_f' stats (RR-010, 2017): negative_count=0  min=18.04  max=26.935 [oneflux.pipeline.site_data_product]
2025-08-04 12:41:38.069 [DEBUG   ] SWC variable 'SWC_4_f' stats (RR-010, 2018): negative_count=0  min=10.94  max=27.5 [oneflux.pipeline.site_data_product]
2025-08-04 12:41:38.401 [DEBUG   ] SWC variable 'SWC_4_f' stats (RR-010, 2019): negative_count=0  min=8.879  max=17.17 [oneflux.pipeline.site_data_product]
2025-08-04 12:41:38.737 [DEBUG   ] SWC variable 'SWC_4_f' stats (RR-010, 2020): negative_count=0  min=9.285  max=18.385 [oneflux.pipeline.site_data_product]
2025-08-04 12:41:39.061 [DEBUG   ] SWC variable 'SWC_4_f' stats (RR-010, 2021): negative_count=0  min=15.42  max=15.518 [oneflux.pipeline.site_data_product]
2025-08-04 12:41:40.058 [DEBUG   ] Done with checking SWC vars for RR-010 [oneflux.pipeline.site_data_product]
2025-08-04 12:41:40.059 [DEBUG   ] Loading nee/hh file: /home/portnoy/u0/sytoanngo/ONEFlux/data/RoundRobin_input/RR-010/08_nee_proc/RR-010_NEE_hh.csv [oneflux.pipeline.site_data_product]
2025-08-04 12:41:50.226 [DEBUG   ] Loading energy/hh file: /home/portnoy/u0/sytoanngo/ONEFlux/data/RoundRobin_input/RR-010/09_energy_proc/RR-010_energy_hh.csv [oneflux.pipeline.site_data_product]
2025-08-04 12:41:54.362 [DEBUG   ] Loading partitioning/hh file: /home/portnoy/u0/sytoanngo/ONEFlux/data/RoundRobin_input/RR-010/12_ure/RR-010_NT_RECO_hh.csv [oneflux.pipeline.site_data_product]
2025-08-04 12:41:58.103 [DEBUG   ] Loading partitioning/hh file: /home/portnoy/u0/sytoanngo/ONEFlux/data/RoundRobin_input/RR-010/12_ure/RR-010_NT_GPP_hh.csv [oneflux.pipeline.site_data_product]
2025-08-04 12:42:01.997 [DEBUG   ] Loading partitioning/hh file: /home/portnoy/u0/sytoanngo/ONEFlux/data/RoundRobin_input/RR-010/12_ure/RR-010_DT_RECO_hh.csv [oneflux.pipeline.site_data_product]
2025-08-04 12:42:05.815 [DEBUG   ] Loading partitioning/hh file: /home/portnoy/u0/sytoanngo/ONEFlux/data/RoundRobin_input/RR-010/12_ure/RR-010_DT_GPP_hh.csv [oneflux.pipeline.site_data_product]
2025-08-04 12:42:09.430 [DEBUG   ] Merged UNC headers: ('TIMESTAMP_START', 'TIMESTAMP_END', 'NT_RECO_ref_y', 'NT_RECO_ust50_y', 'NT_RECO_mean_y', 'NT_RECO_SE_y', 'NT_RECO_05_y', 'NT_RECO_16_y', 'NT_RECO_25_y', 'NT_RECO_50_y', 'NT_RECO_75_y', 'NT_RECO_84_y', 'NT_RECO_95_y', 'NT_RECO_ref_c', 'NT_RECO_ust50_c', 'NT_RECO_mean_c', 'NT_RECO_SE_c', 'NT_RECO_05_c', 'NT_RECO_16_c', 'NT_RECO_25_c', 'NT_RECO_50_c', 'NT_RECO_75_c', 'NT_RECO_84_c', 'NT_RECO_95_c', 'NT_GPP_ref_y', 'NT_GPP_ust50_y', 'NT_GPP_mean_y', 'NT_GPP_SE_y', 'NT_GPP_05_y', 'NT_GPP_16_y', 'NT_GPP_25_y', 'NT_GPP_50_y', 'NT_GPP_75_y', 'NT_GPP_84_y', 'NT_GPP_95_y', 'NT_GPP_ref_c', 'NT_GPP_ust50_c', 'NT_GPP_mean_c', 'NT_GPP_SE_c', 'NT_GPP_05_c', 'NT_GPP_16_c', 'NT_GPP_25_c', 'NT_GPP_50_c', 'NT_GPP_75_c', 'NT_GPP_84_c', 'NT_GPP_95_c', 'DT_RECO_ref_y', 'DT_RECO_ust50_y', 'DT_RECO_mean_y', 'DT_RECO_SE_y', 'DT_RECO_05_y', 'DT_RECO_16_y', 'DT_RECO_25_y', 'DT_RECO_50_y', 'DT_RECO_75_y', 'DT_RECO_84_y', 'DT_RECO_95_y', 'DT_RECO_ref_c', 'DT_RECO_ust50_c', 'DT_RECO_mean_c', 'DT_RECO_SE_c', 'DT_RECO_05_c', 'DT_RECO_16_c', 'DT_RECO_25_c', 'DT_RECO_50_c', 'DT_RECO_75_c', 'DT_RECO_84_c', 'DT_RECO_95_c', 'DT_GPP_ref_y', 'DT_GPP_ust50_y', 'DT_GPP_mean_y', 'DT_GPP_SE_y', 'DT_GPP_05_y', 'DT_GPP_16_y', 'DT_GPP_25_y', 'DT_GPP_50_y', 'DT_GPP_75_y', 'DT_GPP_84_y', 'DT_GPP_95_y', 'DT_GPP_ref_c', 'DT_GPP_ust50_c', 'DT_GPP_mean_c', 'DT_GPP_SE_c', 'DT_GPP_05_c', 'DT_GPP_16_c', 'DT_GPP_25_c', 'DT_GPP_50_c', 'DT_GPP_75_c', 'DT_GPP_84_c', 'DT_GPP_95_c') [oneflux.pipeline.site_data_product]
2025-08-04 12:42:09.622 [INFO    ] METEO number of records differs from ENERGY, assuming complete meteo and removing extra records [oneflux.pipeline.site_data_product]
2025-08-04 12:42:12.767 [DEBUG   ] Time slice results for 2014-2020: a[578544]=201401010000  a[701279]=202012312330 [oneflux.pipeline.site_data_product]
2025-08-04 12:42:12.768 [CRITICAL] Number of records differ: METEO=122736, ENERGY=122736, NEE=122736, UNC/PART=105168 [oneflux.pipeline.site_data_product]
2025-08-04 12:42:12.768 [CRITICAL] RR-010 an error occurred (/home/portnoy/u0/sytoanngo/ONEFlux/data/RoundRobin_input/RR-010): Number of records differ: METEO=122736, ENERGY=122736, NEE=122736, UNC/PART=105168 [oneflux.pipeline.wrappers]
2025-08-04 12:42:12.788 [CRITICAL] ['Traceback (most recent call last):\n', '  File "/home/portnoy/u0/sytoanngo/ONEFlux/oneflux/pipeline/wrappers.py", line 272, in run\n    driver.run()\n', '  File "/home/portnoy/u0/sytoanngo/ONEFlux/oneflux/pipeline/wrappers.py", line 2465, in run\n    era_last_timestamp_start=self.pipeline.era_last_timestamp_start)\n', '  File "/home/portnoy/u0/sytoanngo/ONEFlux/oneflux/pipeline/site_data_product.py", line 1091, in run_site\n    meteo_data, energy_data, nee_data, unc_data = check_lengths(siteid=siteid, meteo=meteo_data, energy=energy_data, nee=nee_data, unc=unc_data, resolution=resolution, nt_skip=pipeline.nt_skip, dt_skip=pipeline.dt_skip)\n', '  File "/home/portnoy/u0/sytoanngo/ONEFlux/oneflux/pipeline/site_data_product.py", line 1013, in check_lengths\n    raise ONEFluxError(msg)\n', 'ONEFluxError: Number of records differ: METEO=122736, ENERGY=122736, NEE=122736, UNC/PART=105168\n'] [oneflux]
2025-08-04 12:42:12.789 [INFO    ] RR-010 Pipeline run time 5:41:42.072292 (2025-08-04 07:00:30.716741 --- 2025-08-04 12:42:12.789033) [oneflux.pipeline.wrappers]
2025-08-04 12:42:12.789 [CRITICAL] ONEFlux ERRORS processing site dir /home/portnoy/u0/sytoanngo/ONEFlux/data/RoundRobin_input/RR-010 [oneflux.tools.pipeline]
2025-08-04 12:42:12.797 [CRITICAL] ['Traceback (most recent call last):\n', '  File "/home/portnoy/u0/sytoanngo/ONEFlux/oneflux/tools/pipeline.py", line 88, in run_pipeline\n    pipeline.run()\n', '  File "/home/portnoy/u0/sytoanngo/ONEFlux/oneflux/pipeline/wrappers.py", line 272, in run\n    driver.run()\n', '  File "/home/portnoy/u0/sytoanngo/ONEFlux/oneflux/pipeline/wrappers.py", line 2465, in run\n    era_last_timestamp_start=self.pipeline.era_last_timestamp_start)\n', '  File "/home/portnoy/u0/sytoanngo/ONEFlux/oneflux/pipeline/site_data_product.py", line 1091, in run_site\n    meteo_data, energy_data, nee_data, unc_data = check_lengths(siteid=siteid, meteo=meteo_data, energy=energy_data, nee=nee_data, unc=unc_data, resolution=resolution, nt_skip=pipeline.nt_skip, dt_skip=pipeline.dt_skip)\n', '  File "/home/portnoy/u0/sytoanngo/ONEFlux/oneflux/pipeline/site_data_product.py", line 1013, in check_lengths\n    raise ONEFluxError(msg)\n', 'ONEFluxError: Number of records differ: METEO=122736, ENERGY=122736, NEE=122736, UNC/PART=105168\n'] [oneflux.tools.pipeline]
2025-08-04 12:42:12.798 [CRITICAL] ['Traceback (most recent call last):\n', '  File "/home/portnoy/u0/sytoanngo/ONEFlux/runoneflux_test.py", line 96, in <module>\n    era_first_year=args.erafy, era_last_year=args.eraly,\n', '  File "/home/portnoy/u0/sytoanngo/ONEFlux/oneflux/tools/pipeline.py", line 88, in run_pipeline\n    pipeline.run()\n', '  File "/home/portnoy/u0/sytoanngo/ONEFlux/oneflux/pipeline/wrappers.py", line 272, in run\n    driver.run()\n', '  File "/home/portnoy/u0/sytoanngo/ONEFlux/oneflux/pipeline/wrappers.py", line 2465, in run\n    era_last_timestamp_start=self.pipeline.era_last_timestamp_start)\n', '  File "/home/portnoy/u0/sytoanngo/ONEFlux/oneflux/pipeline/site_data_product.py", line 1091, in run_site\n    meteo_data, energy_data, nee_data, unc_data = check_lengths(siteid=siteid, meteo=meteo_data, energy=energy_data, nee=nee_data, unc=unc_data, resolution=resolution, nt_skip=pipeline.nt_skip, dt_skip=pipeline.dt_skip)\n', '  File "/home/portnoy/u0/sytoanngo/ONEFlux/oneflux/pipeline/site_data_product.py", line 1013, in check_lengths\n    raise ONEFluxError(msg)\n', 'ONEFluxError: Number of records differ: METEO=122736, ENERGY=122736, NEE=122736, UNC/PART=105168\n'] [__main__]
2025-08-04 12:42:12.798 [CRITICAL] ***Problem during execution*** Number of records differ: METEO=122736, ENERGY=122736, NEE=122736, UNC/PART=105168 [__main__]
2025-08-04 12:42:12.798 [CRITICAL] ***Problem traceback*** Traceback (most recent call last):
  File "/home/portnoy/u0/sytoanngo/ONEFlux/runoneflux_test.py", line 96, in <module>
    era_first_year=args.erafy, era_last_year=args.eraly,
  File "/home/portnoy/u0/sytoanngo/ONEFlux/oneflux/tools/pipeline.py", line 88, in run_pipeline
    pipeline.run()
  File "/home/portnoy/u0/sytoanngo/ONEFlux/oneflux/pipeline/wrappers.py", line 272, in run
    driver.run()
  File "/home/portnoy/u0/sytoanngo/ONEFlux/oneflux/pipeline/wrappers.py", line 2465, in run
    era_last_timestamp_start=self.pipeline.era_last_timestamp_start)
  File "/home/portnoy/u0/sytoanngo/ONEFlux/oneflux/pipeline/site_data_product.py", line 1091, in run_site
    meteo_data, energy_data, nee_data, unc_data = check_lengths(siteid=siteid, meteo=meteo_data, energy=energy_data, nee=nee_data, unc=unc_data, resolution=resolution, nt_skip=pipeline.nt_skip, dt_skip=pipeline.dt_skip)
  File "/home/portnoy/u0/sytoanngo/ONEFlux/oneflux/pipeline/site_data_product.py", line 1013, in check_lengths
    raise ONEFluxError(msg)
ONEFluxError: Number of records differ: METEO=122736, ENERGY=122736, NEE=122736, UNC/PART=105168
 [__main__]
