2025-07-23 12:29:13.615 [DEBUG   ] Pipeline ure.run file is '/home/portnoy/u0/sytoanngo/ONEFlux/data/RoundRobin_input/RR-001/11_nee_partition_dt/nee_y_13.75_RR-001_2023.csv' [oneflux.pipeline.common]
2025-07-23 12:29:13.969 [DEBUG   ] Pipeline ure.run file is '/home/portnoy/u0/sytoanngo/ONEFlux/data/RoundRobin_input/RR-001/11_nee_partition_dt/nee_y_16.25_RR-001_2023.csv' [oneflux.pipeline.common]
2025-07-23 12:29:14.324 [DEBUG   ] Pipeline ure.run file is '/home/portnoy/u0/sytoanngo/ONEFlux/data/RoundRobin_input/RR-001/11_nee_partition_dt/nee_y_18.75_RR-001_2023.csv' [oneflux.pipeline.common]
2025-07-23 12:29:14.683 [DEBUG   ] Pipeline ure.run file is '/home/portnoy/u0/sytoanngo/ONEFlux/data/RoundRobin_input/RR-001/11_nee_partition_dt/nee_y_21.25_RR-001_2023.csv' [oneflux.pipeline.common]
2025-07-23 12:29:15.024 [DEBUG   ] Pipeline ure.run file is '/home/portnoy/u0/sytoanngo/ONEFlux/data/RoundRobin_input/RR-001/11_nee_partition_dt/nee_y_23.75_RR-001_2023.csv' [oneflux.pipeline.common]
2025-07-23 12:29:15.353 [DEBUG   ] Pipeline ure.run file is '/home/portnoy/u0/sytoanngo/ONEFlux/data/RoundRobin_input/RR-001/11_nee_partition_dt/nee_y_26.25_RR-001_2023.csv' [oneflux.pipeline.common]
2025-07-23 12:29:15.690 [DEBUG   ] Pipeline ure.run file is '/home/portnoy/u0/sytoanngo/ONEFlux/data/RoundRobin_input/RR-001/11_nee_partition_dt/nee_y_28.75_RR-001_2023.csv' [oneflux.pipeline.common]
2025-07-23 12:29:16.028 [DEBUG   ] Pipeline ure.run file is '/home/portnoy/u0/sytoanngo/ONEFlux/data/RoundRobin_input/RR-001/11_nee_partition_dt/nee_y_31.25_RR-001_2023.csv' [oneflux.pipeline.common]
2025-07-23 12:29:16.357 [DEBUG   ] Pipeline ure.run file is '/home/portnoy/u0/sytoanngo/ONEFlux/data/RoundRobin_input/RR-001/11_nee_partition_dt/nee_y_33.75_RR-001_2023.csv' [oneflux.pipeline.common]
2025-07-23 12:29:16.640 [DEBUG   ] Pipeline ure.run file is '/home/portnoy/u0/sytoanngo/ONEFlux/data/RoundRobin_input/RR-001/11_nee_partition_dt/nee_y_36.25_RR-001_2023.csv' [oneflux.pipeline.common]
2025-07-23 12:29:16.996 [DEBUG   ] Pipeline ure.run file is '/home/portnoy/u0/sytoanngo/ONEFlux/data/RoundRobin_input/RR-001/11_nee_partition_dt/nee_y_38.75_RR-001_2023.csv' [oneflux.pipeline.common]
2025-07-23 12:29:17.354 [DEBUG   ] Pipeline ure.run file is '/home/portnoy/u0/sytoanngo/ONEFlux/data/RoundRobin_input/RR-001/11_nee_partition_dt/nee_y_41.25_RR-001_2023.csv' [oneflux.pipeline.common]
2025-07-23 12:29:17.711 [DEBUG   ] Pipeline ure.run file is '/home/portnoy/u0/sytoanngo/ONEFlux/data/RoundRobin_input/RR-001/11_nee_partition_dt/nee_y_43.75_RR-001_2023.csv' [oneflux.pipeline.common]
2025-07-23 12:29:18.561 [DEBUG   ] Pipeline ure.run file is '/home/portnoy/u0/sytoanngo/ONEFlux/data/RoundRobin_input/RR-001/11_nee_partition_dt/nee_y_46.25_RR-001_2023.csv' [oneflux.pipeline.common]
2025-07-23 12:29:19.008 [DEBUG   ] Pipeline ure.run file is '/home/portnoy/u0/sytoanngo/ONEFlux/data/RoundRobin_input/RR-001/11_nee_partition_dt/nee_y_48.75_RR-001_2023.csv' [oneflux.pipeline.common]
2025-07-23 12:29:19.246 [DEBUG   ] Pipeline ure.run file is '/home/portnoy/u0/sytoanngo/ONEFlux/data/RoundRobin_input/RR-001/11_nee_partition_dt/nee_y_51.25_RR-001_2023.csv' [oneflux.pipeline.common]
2025-07-23 12:29:19.423 [DEBUG   ] Pipeline ure.run file is '/home/portnoy/u0/sytoanngo/ONEFlux/data/RoundRobin_input/RR-001/11_nee_partition_dt/nee_y_53.75_RR-001_2023.csv' [oneflux.pipeline.common]
2025-07-23 12:29:19.782 [DEBUG   ] Pipeline ure.run file is '/home/portnoy/u0/sytoanngo/ONEFlux/data/RoundRobin_input/RR-001/11_nee_partition_dt/nee_y_56.25_RR-001_2023.csv' [oneflux.pipeline.common]
2025-07-23 12:29:20.146 [DEBUG   ] Pipeline ure.run file is '/home/portnoy/u0/sytoanngo/ONEFlux/data/RoundRobin_input/RR-001/11_nee_partition_dt/nee_y_58.75_RR-001_2023.csv' [oneflux.pipeline.common]
2025-07-23 12:29:20.512 [DEBUG   ] Pipeline ure.run file is '/home/portnoy/u0/sytoanngo/ONEFlux/data/RoundRobin_input/RR-001/11_nee_partition_dt/nee_y_61.25_RR-001_2023.csv' [oneflux.pipeline.common]
2025-07-23 12:29:20.865 [DEBUG   ] Pipeline ure.run file is '/home/portnoy/u0/sytoanngo/ONEFlux/data/RoundRobin_input/RR-001/11_nee_partition_dt/nee_y_63.75_RR-001_2023.csv' [oneflux.pipeline.common]
2025-07-23 12:29:21.229 [DEBUG   ] Pipeline ure.run file is '/home/portnoy/u0/sytoanngo/ONEFlux/data/RoundRobin_input/RR-001/11_nee_partition_dt/nee_y_66.25_RR-001_2023.csv' [oneflux.pipeline.common]
2025-07-23 12:29:21.660 [DEBUG   ] Pipeline ure.run file is '/home/portnoy/u0/sytoanngo/ONEFlux/data/RoundRobin_input/RR-001/11_nee_partition_dt/nee_y_68.75_RR-001_2023.csv' [oneflux.pipeline.common]
2025-07-23 12:29:22.020 [DEBUG   ] Pipeline ure.run file is '/home/portnoy/u0/sytoanngo/ONEFlux/data/RoundRobin_input/RR-001/11_nee_partition_dt/nee_y_71.25_RR-001_2023.csv' [oneflux.pipeline.common]
2025-07-23 12:29:22.377 [DEBUG   ] Pipeline ure.run file is '/home/portnoy/u0/sytoanngo/ONEFlux/data/RoundRobin_input/RR-001/11_nee_partition_dt/nee_y_73.75_RR-001_2023.csv' [oneflux.pipeline.common]
2025-07-23 12:29:22.745 [DEBUG   ] Pipeline ure.run file is '/home/portnoy/u0/sytoanngo/ONEFlux/data/RoundRobin_input/RR-001/11_nee_partition_dt/nee_y_76.25_RR-001_2023.csv' [oneflux.pipeline.common]
2025-07-23 12:29:23.104 [DEBUG   ] Pipeline ure.run file is '/home/portnoy/u0/sytoanngo/ONEFlux/data/RoundRobin_input/RR-001/11_nee_partition_dt/nee_y_78.75_RR-001_2023.csv' [oneflux.pipeline.common]
2025-07-23 12:29:23.467 [DEBUG   ] Pipeline ure.run file is '/home/portnoy/u0/sytoanngo/ONEFlux/data/RoundRobin_input/RR-001/11_nee_partition_dt/nee_y_81.25_RR-001_2023.csv' [oneflux.pipeline.common]
2025-07-23 12:29:23.827 [DEBUG   ] Pipeline ure.run file is '/home/portnoy/u0/sytoanngo/ONEFlux/data/RoundRobin_input/RR-001/11_nee_partition_dt/nee_y_83.75_RR-001_2023.csv' [oneflux.pipeline.common]
2025-07-23 12:29:24.191 [DEBUG   ] Pipeline ure.run file is '/home/portnoy/u0/sytoanngo/ONEFlux/data/RoundRobin_input/RR-001/11_nee_partition_dt/nee_y_86.25_RR-001_2023.csv' [oneflux.pipeline.common]
2025-07-23 12:29:24.546 [DEBUG   ] Pipeline ure.run file is '/home/portnoy/u0/sytoanngo/ONEFlux/data/RoundRobin_input/RR-001/11_nee_partition_dt/nee_y_88.75_RR-001_2023.csv' [oneflux.pipeline.common]
2025-07-23 12:29:24.909 [DEBUG   ] Pipeline ure.run file is '/home/portnoy/u0/sytoanngo/ONEFlux/data/RoundRobin_input/RR-001/11_nee_partition_dt/nee_y_91.25_RR-001_2023.csv' [oneflux.pipeline.common]
2025-07-23 12:29:25.281 [DEBUG   ] Pipeline ure.run file is '/home/portnoy/u0/sytoanngo/ONEFlux/data/RoundRobin_input/RR-001/11_nee_partition_dt/nee_y_93.75_RR-001_2023.csv' [oneflux.pipeline.common]
2025-07-23 12:29:25.891 [DEBUG   ] Pipeline ure.run file is '/home/portnoy/u0/sytoanngo/ONEFlux/data/RoundRobin_input/RR-001/11_nee_partition_dt/nee_y_96.25_RR-001_2023.csv' [oneflux.pipeline.common]
2025-07-23 12:29:26.255 [DEBUG   ] Pipeline ure.run file is '/home/portnoy/u0/sytoanngo/ONEFlux/data/RoundRobin_input/RR-001/11_nee_partition_dt/nee_y_98.75_RR-001_2023.csv' [oneflux.pipeline.common]
2025-07-23 12:29:26.610 [DEBUG   ] Pipeline ure.run file is '/home/portnoy/u0/sytoanngo/ONEFlux/data/RoundRobin_input/RR-001/11_nee_partition_dt/nee_y_50_RR-001_2023.csv' [oneflux.pipeline.common]
2025-07-23 12:29:29.393 [INFO    ] Pipeline prepare_ure: saved '/home/portnoy/u0/sytoanngo/ONEFlux/data/RoundRobin_input/RR-001/12_ure_input/RR-001_2023_DT_GPP.csv' [oneflux.pipeline.wrappers]
2025-07-23 12:29:31.990 [INFO    ] Pipeline prepare_ure: saved '/home/portnoy/u0/sytoanngo/ONEFlux/data/RoundRobin_input/RR-001/12_ure_input/RR-001_2023_DT_RECO.csv' [oneflux.pipeline.wrappers]
2025-07-23 12:29:32.206 [DEBUG   ] Pipeline ure.run file is '/home/portnoy/u0/sytoanngo/ONEFlux/data/RoundRobin_input/RR-001/11_nee_partition_dt/nee_c_1.25_RR-001_2024.csv' [oneflux.pipeline.common]
2025-07-23 12:29:32.563 [DEBUG   ] Pipeline ure.run file is '/home/portnoy/u0/sytoanngo/ONEFlux/data/RoundRobin_input/RR-001/11_nee_partition_dt/nee_c_3.75_RR-001_2024.csv' [oneflux.pipeline.common]
2025-07-23 12:29:32.935 [DEBUG   ] Pipeline ure.run file is '/home/portnoy/u0/sytoanngo/ONEFlux/data/RoundRobin_input/RR-001/11_nee_partition_dt/nee_c_6.25_RR-001_2024.csv' [oneflux.pipeline.common]
2025-07-23 12:29:33.294 [DEBUG   ] Pipeline ure.run file is '/home/portnoy/u0/sytoanngo/ONEFlux/data/RoundRobin_input/RR-001/11_nee_partition_dt/nee_c_8.75_RR-001_2024.csv' [oneflux.pipeline.common]
2025-07-23 12:29:33.663 [DEBUG   ] Pipeline ure.run file is '/home/portnoy/u0/sytoanngo/ONEFlux/data/RoundRobin_input/RR-001/11_nee_partition_dt/nee_c_11.25_RR-001_2024.csv' [oneflux.pipeline.common]
2025-07-23 12:29:34.030 [DEBUG   ] Pipeline ure.run file is '/home/portnoy/u0/sytoanngo/ONEFlux/data/RoundRobin_input/RR-001/11_nee_partition_dt/nee_c_13.75_RR-001_2024.csv' [oneflux.pipeline.common]
2025-07-23 12:29:34.389 [DEBUG   ] Pipeline ure.run file is '/home/portnoy/u0/sytoanngo/ONEFlux/data/RoundRobin_input/RR-001/11_nee_partition_dt/nee_c_16.25_RR-001_2024.csv' [oneflux.pipeline.common]
2025-07-23 12:29:34.752 [DEBUG   ] Pipeline ure.run file is '/home/portnoy/u0/sytoanngo/ONEFlux/data/RoundRobin_input/RR-001/11_nee_partition_dt/nee_c_18.75_RR-001_2024.csv' [oneflux.pipeline.common]
2025-07-23 12:29:35.111 [DEBUG   ] Pipeline ure.run file is '/home/portnoy/u0/sytoanngo/ONEFlux/data/RoundRobin_input/RR-001/11_nee_partition_dt/nee_c_21.25_RR-001_2024.csv' [oneflux.pipeline.common]
2025-07-23 12:29:35.469 [DEBUG   ] Pipeline ure.run file is '/home/portnoy/u0/sytoanngo/ONEFlux/data/RoundRobin_input/RR-001/11_nee_partition_dt/nee_c_23.75_RR-001_2024.csv' [oneflux.pipeline.common]
2025-07-23 12:29:35.820 [DEBUG   ] Pipeline ure.run file is '/home/portnoy/u0/sytoanngo/ONEFlux/data/RoundRobin_input/RR-001/11_nee_partition_dt/nee_c_26.25_RR-001_2024.csv' [oneflux.pipeline.common]
2025-07-23 12:29:36.191 [DEBUG   ] Pipeline ure.run file is '/home/portnoy/u0/sytoanngo/ONEFlux/data/RoundRobin_input/RR-001/11_nee_partition_dt/nee_c_28.75_RR-001_2024.csv' [oneflux.pipeline.common]
2025-07-23 12:29:36.581 [DEBUG   ] Pipeline ure.run file is '/home/portnoy/u0/sytoanngo/ONEFlux/data/RoundRobin_input/RR-001/11_nee_partition_dt/nee_c_31.25_RR-001_2024.csv' [oneflux.pipeline.common]
2025-07-23 12:29:37.125 [DEBUG   ] Pipeline ure.run file is '/home/portnoy/u0/sytoanngo/ONEFlux/data/RoundRobin_input/RR-001/11_nee_partition_dt/nee_c_33.75_RR-001_2024.csv' [oneflux.pipeline.common]
2025-07-23 12:29:37.552 [DEBUG   ] Pipeline ure.run file is '/home/portnoy/u0/sytoanngo/ONEFlux/data/RoundRobin_input/RR-001/11_nee_partition_dt/nee_c_36.25_RR-001_2024.csv' [oneflux.pipeline.common]
2025-07-23 12:29:37.733 [DEBUG   ] Pipeline ure.run file is '/home/portnoy/u0/sytoanngo/ONEFlux/data/RoundRobin_input/RR-001/11_nee_partition_dt/nee_c_38.75_RR-001_2024.csv' [oneflux.pipeline.common]
2025-07-23 12:29:37.925 [DEBUG   ] Pipeline ure.run file is '/home/portnoy/u0/sytoanngo/ONEFlux/data/RoundRobin_input/RR-001/11_nee_partition_dt/nee_c_41.25_RR-001_2024.csv' [oneflux.pipeline.common]
2025-07-23 12:29:38.280 [DEBUG   ] Pipeline ure.run file is '/home/portnoy/u0/sytoanngo/ONEFlux/data/RoundRobin_input/RR-001/11_nee_partition_dt/nee_c_43.75_RR-001_2024.csv' [oneflux.pipeline.common]
2025-07-23 12:29:38.635 [DEBUG   ] Pipeline ure.run file is '/home/portnoy/u0/sytoanngo/ONEFlux/data/RoundRobin_input/RR-001/11_nee_partition_dt/nee_c_46.25_RR-001_2024.csv' [oneflux.pipeline.common]
2025-07-23 12:29:38.980 [DEBUG   ] Pipeline ure.run file is '/home/portnoy/u0/sytoanngo/ONEFlux/data/RoundRobin_input/RR-001/11_nee_partition_dt/nee_c_48.75_RR-001_2024.csv' [oneflux.pipeline.common]
2025-07-23 12:29:39.364 [DEBUG   ] Pipeline ure.run file is '/home/portnoy/u0/sytoanngo/ONEFlux/data/RoundRobin_input/RR-001/11_nee_partition_dt/nee_c_51.25_RR-001_2024.csv' [oneflux.pipeline.common]
2025-07-23 12:29:39.765 [DEBUG   ] Pipeline ure.run file is '/home/portnoy/u0/sytoanngo/ONEFlux/data/RoundRobin_input/RR-001/11_nee_partition_dt/nee_c_53.75_RR-001_2024.csv' [oneflux.pipeline.common]
2025-07-23 12:29:40.128 [DEBUG   ] Pipeline ure.run file is '/home/portnoy/u0/sytoanngo/ONEFlux/data/RoundRobin_input/RR-001/11_nee_partition_dt/nee_c_56.25_RR-001_2024.csv' [oneflux.pipeline.common]
2025-07-23 12:29:40.617 [DEBUG   ] Pipeline ure.run file is '/home/portnoy/u0/sytoanngo/ONEFlux/data/RoundRobin_input/RR-001/11_nee_partition_dt/nee_c_58.75_RR-001_2024.csv' [oneflux.pipeline.common]
2025-07-23 12:29:40.993 [DEBUG   ] Pipeline ure.run file is '/home/portnoy/u0/sytoanngo/ONEFlux/data/RoundRobin_input/RR-001/11_nee_partition_dt/nee_c_61.25_RR-001_2024.csv' [oneflux.pipeline.common]
2025-07-23 12:29:41.372 [DEBUG   ] Pipeline ure.run file is '/home/portnoy/u0/sytoanngo/ONEFlux/data/RoundRobin_input/RR-001/11_nee_partition_dt/nee_c_63.75_RR-001_2024.csv' [oneflux.pipeline.common]
2025-07-23 12:29:41.756 [DEBUG   ] Pipeline ure.run file is '/home/portnoy/u0/sytoanngo/ONEFlux/data/RoundRobin_input/RR-001/11_nee_partition_dt/nee_c_66.25_RR-001_2024.csv' [oneflux.pipeline.common]
2025-07-23 12:29:42.115 [DEBUG   ] Pipeline ure.run file is '/home/portnoy/u0/sytoanngo/ONEFlux/data/RoundRobin_input/RR-001/11_nee_partition_dt/nee_c_68.75_RR-001_2024.csv' [oneflux.pipeline.common]
2025-07-23 12:29:42.499 [DEBUG   ] Pipeline ure.run file is '/home/portnoy/u0/sytoanngo/ONEFlux/data/RoundRobin_input/RR-001/11_nee_partition_dt/nee_c_71.25_RR-001_2024.csv' [oneflux.pipeline.common]
2025-07-23 12:29:42.863 [DEBUG   ] Pipeline ure.run file is '/home/portnoy/u0/sytoanngo/ONEFlux/data/RoundRobin_input/RR-001/11_nee_partition_dt/nee_c_73.75_RR-001_2024.csv' [oneflux.pipeline.common]
2025-07-23 12:29:43.266 [DEBUG   ] Pipeline ure.run file is '/home/portnoy/u0/sytoanngo/ONEFlux/data/RoundRobin_input/RR-001/11_nee_partition_dt/nee_c_76.25_RR-001_2024.csv' [oneflux.pipeline.common]
2025-07-23 12:29:43.848 [DEBUG   ] Pipeline ure.run file is '/home/portnoy/u0/sytoanngo/ONEFlux/data/RoundRobin_input/RR-001/11_nee_partition_dt/nee_c_78.75_RR-001_2024.csv' [oneflux.pipeline.common]
2025-07-23 12:29:44.061 [DEBUG   ] Pipeline ure.run file is '/home/portnoy/u0/sytoanngo/ONEFlux/data/RoundRobin_input/RR-001/11_nee_partition_dt/nee_c_81.25_RR-001_2024.csv' [oneflux.pipeline.common]
2025-07-23 12:29:44.377 [DEBUG   ] Pipeline ure.run file is '/home/portnoy/u0/sytoanngo/ONEFlux/data/RoundRobin_input/RR-001/11_nee_partition_dt/nee_c_83.75_RR-001_2024.csv' [oneflux.pipeline.common]
2025-07-23 12:29:44.674 [DEBUG   ] Pipeline ure.run file is '/home/portnoy/u0/sytoanngo/ONEFlux/data/RoundRobin_input/RR-001/11_nee_partition_dt/nee_c_86.25_RR-001_2024.csv' [oneflux.pipeline.common]
2025-07-23 12:29:45.313 [DEBUG   ] Pipeline ure.run file is '/home/portnoy/u0/sytoanngo/ONEFlux/data/RoundRobin_input/RR-001/11_nee_partition_dt/nee_c_88.75_RR-001_2024.csv' [oneflux.pipeline.common]
2025-07-23 12:29:45.666 [DEBUG   ] Pipeline ure.run file is '/home/portnoy/u0/sytoanngo/ONEFlux/data/RoundRobin_input/RR-001/11_nee_partition_dt/nee_c_91.25_RR-001_2024.csv' [oneflux.pipeline.common]
2025-07-23 12:29:45.987 [CRITICAL] RR-001 an error occurred (/home/portnoy/u0/sytoanngo/ONEFlux/data/RoundRobin_input/RR-001): Some errors were detected !
    Line #17570 (got 25 columns instead of 2) [oneflux.pipeline.wrappers]
2025-07-23 12:29:46.051 [CRITICAL] ['Traceback (most recent call last):\n', '  File "/home/portnoy/u0/sytoanngo/ONEFlux/oneflux/pipeline/wrappers.py", line 272, in run\n    driver.run()\n', '  File "/home/portnoy/u0/sytoanngo/ONEFlux/oneflux/pipeline/wrappers.py", line 2017, in run\n    self.convert_files_dt()\n', '  File "/home/portnoy/u0/sytoanngo/ONEFlux/oneflux/pipeline/wrappers.py", line 1991, in convert_files_dt\n    data = numpy.genfromtxt(fname=dt_filename, names=True, delimiter=\',\', skip_header=0, usemask=False, usecols=(reco_idx, gpp_idx,))\n', '  File "/home/portnoy/u0/sytoanngo/miniconda3/envs/oneflux/lib/python2.7/site-packages/numpy/lib/npyio.py", line 2031, in genfromtxt\n    raise ValueError(errmsg)\n', 'ValueError: Some errors were detected !\n    Line #17570 (got 25 columns instead of 2)\n'] [oneflux]
2025-07-23 12:29:46.069 [INFO    ] RR-001 Pipeline run time 4:04:58.055819 (2025-07-23 08:24:47.996148 --- 2025-07-23 12:29:46.051967) [oneflux.pipeline.wrappers]
2025-07-23 12:29:46.070 [CRITICAL] UNKNOWN ERRORS processing site dir /home/portnoy/u0/sytoanngo/ONEFlux/data/RoundRobin_input/RR-001 [oneflux.tools.pipeline]
2025-07-23 12:29:46.084 [CRITICAL] ['Traceback (most recent call last):\n', '  File "/home/portnoy/u0/sytoanngo/ONEFlux/oneflux/tools/pipeline.py", line 88, in run_pipeline\n    pipeline.run()\n', '  File "/home/portnoy/u0/sytoanngo/ONEFlux/oneflux/pipeline/wrappers.py", line 272, in run\n    driver.run()\n', '  File "/home/portnoy/u0/sytoanngo/ONEFlux/oneflux/pipeline/wrappers.py", line 2017, in run\n    self.convert_files_dt()\n', '  File "/home/portnoy/u0/sytoanngo/ONEFlux/oneflux/pipeline/wrappers.py", line 1991, in convert_files_dt\n    data = numpy.genfromtxt(fname=dt_filename, names=True, delimiter=\',\', skip_header=0, usemask=False, usecols=(reco_idx, gpp_idx,))\n', '  File "/home/portnoy/u0/sytoanngo/miniconda3/envs/oneflux/lib/python2.7/site-packages/numpy/lib/npyio.py", line 2031, in genfromtxt\n    raise ValueError(errmsg)\n', 'ValueError: Some errors were detected !\n    Line #17570 (got 25 columns instead of 2)\n'] [oneflux.tools.pipeline]
2025-07-23 12:29:46.092 [CRITICAL] ['Traceback (most recent call last):\n', '  File "/home/portnoy/u0/sytoanngo/ONEFlux/runoneflux_test.py", line 96, in <module>\n    era_first_year=args.erafy, era_last_year=args.eraly,\n', '  File "/home/portnoy/u0/sytoanngo/ONEFlux/oneflux/tools/pipeline.py", line 88, in run_pipeline\n    pipeline.run()\n', '  File "/home/portnoy/u0/sytoanngo/ONEFlux/oneflux/pipeline/wrappers.py", line 272, in run\n    driver.run()\n', '  File "/home/portnoy/u0/sytoanngo/ONEFlux/oneflux/pipeline/wrappers.py", line 2017, in run\n    self.convert_files_dt()\n', '  File "/home/portnoy/u0/sytoanngo/ONEFlux/oneflux/pipeline/wrappers.py", line 1991, in convert_files_dt\n    data = numpy.genfromtxt(fname=dt_filename, names=True, delimiter=\',\', skip_header=0, usemask=False, usecols=(reco_idx, gpp_idx,))\n', '  File "/home/portnoy/u0/sytoanngo/miniconda3/envs/oneflux/lib/python2.7/site-packages/numpy/lib/npyio.py", line 2031, in genfromtxt\n    raise ValueError(errmsg)\n', 'ValueError: Some errors were detected !\n    Line #17570 (got 25 columns instead of 2)\n'] [__main__]
2025-07-23 12:29:46.092 [CRITICAL] ***Problem during execution*** Some errors were detected !
    Line #17570 (got 25 columns instead of 2) [__main__]
2025-07-23 12:29:46.092 [CRITICAL] ***Problem traceback*** Traceback (most recent call last):
  File "/home/portnoy/u0/sytoanngo/ONEFlux/runoneflux_test.py", line 96, in <module>
    era_first_year=args.erafy, era_last_year=args.eraly,
  File "/home/portnoy/u0/sytoanngo/ONEFlux/oneflux/tools/pipeline.py", line 88, in run_pipeline
    pipeline.run()
  File "/home/portnoy/u0/sytoanngo/ONEFlux/oneflux/pipeline/wrappers.py", line 272, in run
    driver.run()
  File "/home/portnoy/u0/sytoanngo/ONEFlux/oneflux/pipeline/wrappers.py", line 2017, in run
    self.convert_files_dt()
  File "/home/portnoy/u0/sytoanngo/ONEFlux/oneflux/pipeline/wrappers.py", line 1991, in convert_files_dt
    data = numpy.genfromtxt(fname=dt_filename, names=True, delimiter=',', skip_header=0, usemask=False, usecols=(reco_idx, gpp_idx,))
  File "/home/portnoy/u0/sytoanngo/miniconda3/envs/oneflux/lib/python2.7/site-packages/numpy/lib/npyio.py", line 2031, in genfromtxt
    raise ValueError(errmsg)
ValueError: Some errors were detected !
    Line #17570 (got 25 columns instead of 2)
 [__main__]
