2025-07-23 12:12:33.057 [ERROR   ] Variable 'GPP_DT_VUT_75' missing from headers of file: /home/portnoy/u0/sytoanngo/ONEFlux/data/RoundRobin_input/RR-008/99_fluxnet2015/FLX_RR-008_FLUXNET2015_FULLSET_YY_2020-2024_1-RR.csv [oneflux.pipeline.common]
2025-07-23 12:12:33.057 [ERROR   ] Variable 'GPP_DT_VUT_84' missing from headers of file: /home/portnoy/u0/sytoanngo/ONEFlux/data/RoundRobin_input/RR-008/99_fluxnet2015/FLX_RR-008_FLUXNET2015_FULLSET_YY_2020-2024_1-RR.csv [oneflux.pipeline.common]
2025-07-23 12:12:33.057 [ERROR   ] Variable 'GPP_DT_VUT_95' missing from headers of file: /home/portnoy/u0/sytoanngo/ONEFlux/data/RoundRobin_input/RR-008/99_fluxnet2015/FLX_RR-008_FLUXNET2015_FULLSET_YY_2020-2024_1-RR.csv [oneflux.pipeline.common]
2025-07-23 12:12:33.058 [INFO    ] Variable 'NETRAD_QC' might be missing from headers of file: /home/portnoy/u0/sytoanngo/ONEFlux/data/RoundRobin_input/RR-008/99_fluxnet2015/FLX_RR-008_FLUXNET2015_FULLSET_YY_2020-2024_1-RR.csv [oneflux.pipeline.common]
2025-07-23 12:12:33.058 [INFO    ] Variable 'PPFD_DIF' might be missing from headers of file: /home/portnoy/u0/sytoanngo/ONEFlux/data/RoundRobin_input/RR-008/99_fluxnet2015/FLX_RR-008_FLUXNET2015_FULLSET_YY_2020-2024_1-RR.csv [oneflux.pipeline.common]
2025-07-23 12:12:33.058 [INFO    ] Variable 'PPFD_DIF_QC' might be missing from headers of file: /home/portnoy/u0/sytoanngo/ONEFlux/data/RoundRobin_input/RR-008/99_fluxnet2015/FLX_RR-008_FLUXNET2015_FULLSET_YY_2020-2024_1-RR.csv [oneflux.pipeline.common]
2025-07-23 12:12:33.058 [INFO    ] Variable 'PPFD_OUT' might be missing from headers of file: /home/portnoy/u0/sytoanngo/ONEFlux/data/RoundRobin_input/RR-008/99_fluxnet2015/FLX_RR-008_FLUXNET2015_FULLSET_YY_2020-2024_1-RR.csv [oneflux.pipeline.common]
2025-07-23 12:12:33.058 [INFO    ] Variable 'PPFD_OUT_QC' might be missing from headers of file: /home/portnoy/u0/sytoanngo/ONEFlux/data/RoundRobin_input/RR-008/99_fluxnet2015/FLX_RR-008_FLUXNET2015_FULLSET_YY_2020-2024_1-RR.csv [oneflux.pipeline.common]
2025-07-23 12:12:33.059 [INFO    ] Variable 'SW_DIF' might be missing from headers of file: /home/portnoy/u0/sytoanngo/ONEFlux/data/RoundRobin_input/RR-008/99_fluxnet2015/FLX_RR-008_FLUXNET2015_FULLSET_YY_2020-2024_1-RR.csv [oneflux.pipeline.common]
2025-07-23 12:12:33.059 [INFO    ] Variable 'SW_DIF_QC' might be missing from headers of file: /home/portnoy/u0/sytoanngo/ONEFlux/data/RoundRobin_input/RR-008/99_fluxnet2015/FLX_RR-008_FLUXNET2015_FULLSET_YY_2020-2024_1-RR.csv [oneflux.pipeline.common]
2025-07-23 12:12:33.059 [INFO    ] Variable 'PA' might be missing from headers of file: /home/portnoy/u0/sytoanngo/ONEFlux/data/RoundRobin_input/RR-008/99_fluxnet2015/FLX_RR-008_FLUXNET2015_FULLSET_YY_2020-2024_1-RR.csv [oneflux.pipeline.common]
2025-07-23 12:12:33.059 [INFO    ] Variable 'SW_IN_POT' might be missing from headers of file: /home/portnoy/u0/sytoanngo/ONEFlux/data/RoundRobin_input/RR-008/99_fluxnet2015/FLX_RR-008_FLUXNET2015_FULLSET_YY_2020-2024_1-RR.csv [oneflux.pipeline.common]
2025-07-23 12:12:33.060 [INFO    ] Variable 'P' might be missing from headers of file: /home/portnoy/u0/sytoanngo/ONEFlux/data/RoundRobin_input/RR-008/99_fluxnet2015/FLX_RR-008_FLUXNET2015_FULLSET_YY_2020-2024_1-RR.csv [oneflux.pipeline.common]
2025-07-23 12:12:33.060 [INFO    ] Variable 'WS' might be missing from headers of file: /home/portnoy/u0/sytoanngo/ONEFlux/data/RoundRobin_input/RR-008/99_fluxnet2015/FLX_RR-008_FLUXNET2015_FULLSET_YY_2020-2024_1-RR.csv [oneflux.pipeline.common]
2025-07-23 12:12:33.060 [INFO    ] Variable 'WD' might be missing from headers of file: /home/portnoy/u0/sytoanngo/ONEFlux/data/RoundRobin_input/RR-008/99_fluxnet2015/FLX_RR-008_FLUXNET2015_FULLSET_YY_2020-2024_1-RR.csv [oneflux.pipeline.common]
2025-07-23 12:12:33.060 [INFO    ] Variable 'RH' might be missing from headers of file: /home/portnoy/u0/sytoanngo/ONEFlux/data/RoundRobin_input/RR-008/99_fluxnet2015/FLX_RR-008_FLUXNET2015_FULLSET_YY_2020-2024_1-RR.csv [oneflux.pipeline.common]
2025-07-23 12:12:33.061 [INFO    ] Variable 'LE_CORR_25' might be missing from headers of file: /home/portnoy/u0/sytoanngo/ONEFlux/data/RoundRobin_input/RR-008/99_fluxnet2015/FLX_RR-008_FLUXNET2015_FULLSET_YY_2020-2024_1-RR.csv [oneflux.pipeline.common]
2025-07-23 12:12:33.061 [INFO    ] Variable 'LE_CORR_75' might be missing from headers of file: /home/portnoy/u0/sytoanngo/ONEFlux/data/RoundRobin_input/RR-008/99_fluxnet2015/FLX_RR-008_FLUXNET2015_FULLSET_YY_2020-2024_1-RR.csv [oneflux.pipeline.common]
2025-07-23 12:12:33.061 [INFO    ] Variable 'LE_RANDUNC_METHOD' might be missing from headers of file: /home/portnoy/u0/sytoanngo/ONEFlux/data/RoundRobin_input/RR-008/99_fluxnet2015/FLX_RR-008_FLUXNET2015_FULLSET_YY_2020-2024_1-RR.csv [oneflux.pipeline.common]
2025-07-23 12:12:33.061 [INFO    ] Variable 'LE_RANDUNC_N' might be missing from headers of file: /home/portnoy/u0/sytoanngo/ONEFlux/data/RoundRobin_input/RR-008/99_fluxnet2015/FLX_RR-008_FLUXNET2015_FULLSET_YY_2020-2024_1-RR.csv [oneflux.pipeline.common]
2025-07-23 12:12:33.062 [INFO    ] Variable 'LE_CORR_JOINTUNC' might be missing from headers of file: /home/portnoy/u0/sytoanngo/ONEFlux/data/RoundRobin_input/RR-008/99_fluxnet2015/FLX_RR-008_FLUXNET2015_FULLSET_YY_2020-2024_1-RR.csv [oneflux.pipeline.common]
2025-07-23 12:12:33.062 [INFO    ] Variable 'H_CORR_25' might be missing from headers of file: /home/portnoy/u0/sytoanngo/ONEFlux/data/RoundRobin_input/RR-008/99_fluxnet2015/FLX_RR-008_FLUXNET2015_FULLSET_YY_2020-2024_1-RR.csv [oneflux.pipeline.common]
2025-07-23 12:12:33.062 [INFO    ] Variable 'H_CORR_75' might be missing from headers of file: /home/portnoy/u0/sytoanngo/ONEFlux/data/RoundRobin_input/RR-008/99_fluxnet2015/FLX_RR-008_FLUXNET2015_FULLSET_YY_2020-2024_1-RR.csv [oneflux.pipeline.common]
2025-07-23 12:12:33.062 [INFO    ] Variable 'H_RANDUNC_METHOD' might be missing from headers of file: /home/portnoy/u0/sytoanngo/ONEFlux/data/RoundRobin_input/RR-008/99_fluxnet2015/FLX_RR-008_FLUXNET2015_FULLSET_YY_2020-2024_1-RR.csv [oneflux.pipeline.common]
2025-07-23 12:12:33.063 [INFO    ] Variable 'H_RANDUNC_N' might be missing from headers of file: /home/portnoy/u0/sytoanngo/ONEFlux/data/RoundRobin_input/RR-008/99_fluxnet2015/FLX_RR-008_FLUXNET2015_FULLSET_YY_2020-2024_1-RR.csv [oneflux.pipeline.common]
2025-07-23 12:12:33.063 [INFO    ] Variable 'H_CORR_JOINTUNC' might be missing from headers of file: /home/portnoy/u0/sytoanngo/ONEFlux/data/RoundRobin_input/RR-008/99_fluxnet2015/FLX_RR-008_FLUXNET2015_FULLSET_YY_2020-2024_1-RR.csv [oneflux.pipeline.common]
2025-07-23 12:12:33.063 [INFO    ] Variable 'RECO_DT_CUT_REF' might be missing from headers of file: /home/portnoy/u0/sytoanngo/ONEFlux/data/RoundRobin_input/RR-008/99_fluxnet2015/FLX_RR-008_FLUXNET2015_FULLSET_YY_2020-2024_1-RR.csv [oneflux.pipeline.common]
2025-07-23 12:12:33.063 [INFO    ] Variable 'GPP_DT_CUT_REF' might be missing from headers of file: /home/portnoy/u0/sytoanngo/ONEFlux/data/RoundRobin_input/RR-008/99_fluxnet2015/FLX_RR-008_FLUXNET2015_FULLSET_YY_2020-2024_1-RR.csv [oneflux.pipeline.common]
2025-07-23 12:12:33.064 [INFO    ] Variable 'TS_F_MDS_7' might be missing from headers of file: /home/portnoy/u0/sytoanngo/ONEFlux/data/RoundRobin_input/RR-008/99_fluxnet2015/FLX_RR-008_FLUXNET2015_FULLSET_YY_2020-2024_1-RR.csv [oneflux.pipeline.common]
2025-07-23 12:12:33.064 [INFO    ] Variable 'TS_F_MDS_8' might be missing from headers of file: /home/portnoy/u0/sytoanngo/ONEFlux/data/RoundRobin_input/RR-008/99_fluxnet2015/FLX_RR-008_FLUXNET2015_FULLSET_YY_2020-2024_1-RR.csv [oneflux.pipeline.common]
2025-07-23 12:12:33.064 [INFO    ] Variable 'TS_F_MDS_9' might be missing from headers of file: /home/portnoy/u0/sytoanngo/ONEFlux/data/RoundRobin_input/RR-008/99_fluxnet2015/FLX_RR-008_FLUXNET2015_FULLSET_YY_2020-2024_1-RR.csv [oneflux.pipeline.common]
2025-07-23 12:12:33.064 [INFO    ] Variable 'TS_F_MDS_10' might be missing from headers of file: /home/portnoy/u0/sytoanngo/ONEFlux/data/RoundRobin_input/RR-008/99_fluxnet2015/FLX_RR-008_FLUXNET2015_FULLSET_YY_2020-2024_1-RR.csv [oneflux.pipeline.common]
2025-07-23 12:12:33.065 [INFO    ] Variable 'TS_F_MDS_11' might be missing from headers of file: /home/portnoy/u0/sytoanngo/ONEFlux/data/RoundRobin_input/RR-008/99_fluxnet2015/FLX_RR-008_FLUXNET2015_FULLSET_YY_2020-2024_1-RR.csv [oneflux.pipeline.common]
2025-07-23 12:12:33.065 [INFO    ] Variable 'TS_F_MDS_12' might be missing from headers of file: /home/portnoy/u0/sytoanngo/ONEFlux/data/RoundRobin_input/RR-008/99_fluxnet2015/FLX_RR-008_FLUXNET2015_FULLSET_YY_2020-2024_1-RR.csv [oneflux.pipeline.common]
2025-07-23 12:12:33.065 [INFO    ] Variable 'TS_F_MDS_13' might be missing from headers of file: /home/portnoy/u0/sytoanngo/ONEFlux/data/RoundRobin_input/RR-008/99_fluxnet2015/FLX_RR-008_FLUXNET2015_FULLSET_YY_2020-2024_1-RR.csv [oneflux.pipeline.common]
2025-07-23 12:12:33.065 [INFO    ] Variable 'TS_F_MDS_14' might be missing from headers of file: /home/portnoy/u0/sytoanngo/ONEFlux/data/RoundRobin_input/RR-008/99_fluxnet2015/FLX_RR-008_FLUXNET2015_FULLSET_YY_2020-2024_1-RR.csv [oneflux.pipeline.common]
2025-07-23 12:12:33.065 [INFO    ] Variable 'TS_F_MDS_15' might be missing from headers of file: /home/portnoy/u0/sytoanngo/ONEFlux/data/RoundRobin_input/RR-008/99_fluxnet2015/FLX_RR-008_FLUXNET2015_FULLSET_YY_2020-2024_1-RR.csv [oneflux.pipeline.common]
2025-07-23 12:12:33.066 [INFO    ] Variable 'TS_F_MDS_16' might be missing from headers of file: /home/portnoy/u0/sytoanngo/ONEFlux/data/RoundRobin_input/RR-008/99_fluxnet2015/FLX_RR-008_FLUXNET2015_FULLSET_YY_2020-2024_1-RR.csv [oneflux.pipeline.common]
2025-07-23 12:12:33.066 [INFO    ] Variable 'TS_F_MDS_17' might be missing from headers of file: /home/portnoy/u0/sytoanngo/ONEFlux/data/RoundRobin_input/RR-008/99_fluxnet2015/FLX_RR-008_FLUXNET2015_FULLSET_YY_2020-2024_1-RR.csv [oneflux.pipeline.common]
2025-07-23 12:12:33.066 [INFO    ] Variable 'TS_F_MDS_18' might be missing from headers of file: /home/portnoy/u0/sytoanngo/ONEFlux/data/RoundRobin_input/RR-008/99_fluxnet2015/FLX_RR-008_FLUXNET2015_FULLSET_YY_2020-2024_1-RR.csv [oneflux.pipeline.common]
2025-07-23 12:12:33.066 [INFO    ] Variable 'TS_F_MDS_19' might be missing from headers of file: /home/portnoy/u0/sytoanngo/ONEFlux/data/RoundRobin_input/RR-008/99_fluxnet2015/FLX_RR-008_FLUXNET2015_FULLSET_YY_2020-2024_1-RR.csv [oneflux.pipeline.common]
2025-07-23 12:12:33.067 [INFO    ] Variable 'TS_F_MDS_7_QC' might be missing from headers of file: /home/portnoy/u0/sytoanngo/ONEFlux/data/RoundRobin_input/RR-008/99_fluxnet2015/FLX_RR-008_FLUXNET2015_FULLSET_YY_2020-2024_1-RR.csv [oneflux.pipeline.common]
2025-07-23 12:12:33.067 [INFO    ] Variable 'TS_F_MDS_8_QC' might be missing from headers of file: /home/portnoy/u0/sytoanngo/ONEFlux/data/RoundRobin_input/RR-008/99_fluxnet2015/FLX_RR-008_FLUXNET2015_FULLSET_YY_2020-2024_1-RR.csv [oneflux.pipeline.common]
2025-07-23 12:12:33.067 [INFO    ] Variable 'TS_F_MDS_9_QC' might be missing from headers of file: /home/portnoy/u0/sytoanngo/ONEFlux/data/RoundRobin_input/RR-008/99_fluxnet2015/FLX_RR-008_FLUXNET2015_FULLSET_YY_2020-2024_1-RR.csv [oneflux.pipeline.common]
2025-07-23 12:12:33.067 [INFO    ] Variable 'TS_F_MDS_10_QC' might be missing from headers of file: /home/portnoy/u0/sytoanngo/ONEFlux/data/RoundRobin_input/RR-008/99_fluxnet2015/FLX_RR-008_FLUXNET2015_FULLSET_YY_2020-2024_1-RR.csv [oneflux.pipeline.common]
2025-07-23 12:12:33.068 [INFO    ] Variable 'TS_F_MDS_11_QC' might be missing from headers of file: /home/portnoy/u0/sytoanngo/ONEFlux/data/RoundRobin_input/RR-008/99_fluxnet2015/FLX_RR-008_FLUXNET2015_FULLSET_YY_2020-2024_1-RR.csv [oneflux.pipeline.common]
2025-07-23 12:12:33.068 [INFO    ] Variable 'TS_F_MDS_12_QC' might be missing from headers of file: /home/portnoy/u0/sytoanngo/ONEFlux/data/RoundRobin_input/RR-008/99_fluxnet2015/FLX_RR-008_FLUXNET2015_FULLSET_YY_2020-2024_1-RR.csv [oneflux.pipeline.common]
2025-07-23 12:12:33.068 [INFO    ] Variable 'TS_F_MDS_13_QC' might be missing from headers of file: /home/portnoy/u0/sytoanngo/ONEFlux/data/RoundRobin_input/RR-008/99_fluxnet2015/FLX_RR-008_FLUXNET2015_FULLSET_YY_2020-2024_1-RR.csv [oneflux.pipeline.common]
2025-07-23 12:12:33.068 [INFO    ] Variable 'TS_F_MDS_14_QC' might be missing from headers of file: /home/portnoy/u0/sytoanngo/ONEFlux/data/RoundRobin_input/RR-008/99_fluxnet2015/FLX_RR-008_FLUXNET2015_FULLSET_YY_2020-2024_1-RR.csv [oneflux.pipeline.common]
2025-07-23 12:12:33.069 [INFO    ] Variable 'TS_F_MDS_15_QC' might be missing from headers of file: /home/portnoy/u0/sytoanngo/ONEFlux/data/RoundRobin_input/RR-008/99_fluxnet2015/FLX_RR-008_FLUXNET2015_FULLSET_YY_2020-2024_1-RR.csv [oneflux.pipeline.common]
2025-07-23 12:12:33.069 [INFO    ] Variable 'TS_F_MDS_16_QC' might be missing from headers of file: /home/portnoy/u0/sytoanngo/ONEFlux/data/RoundRobin_input/RR-008/99_fluxnet2015/FLX_RR-008_FLUXNET2015_FULLSET_YY_2020-2024_1-RR.csv [oneflux.pipeline.common]
2025-07-23 12:12:33.069 [INFO    ] Variable 'TS_F_MDS_17_QC' might be missing from headers of file: /home/portnoy/u0/sytoanngo/ONEFlux/data/RoundRobin_input/RR-008/99_fluxnet2015/FLX_RR-008_FLUXNET2015_FULLSET_YY_2020-2024_1-RR.csv [oneflux.pipeline.common]
2025-07-23 12:12:33.069 [INFO    ] Variable 'TS_F_MDS_18_QC' might be missing from headers of file: /home/portnoy/u0/sytoanngo/ONEFlux/data/RoundRobin_input/RR-008/99_fluxnet2015/FLX_RR-008_FLUXNET2015_FULLSET_YY_2020-2024_1-RR.csv [oneflux.pipeline.common]
2025-07-23 12:12:33.070 [INFO    ] Variable 'TS_F_MDS_19_QC' might be missing from headers of file: /home/portnoy/u0/sytoanngo/ONEFlux/data/RoundRobin_input/RR-008/99_fluxnet2015/FLX_RR-008_FLUXNET2015_FULLSET_YY_2020-2024_1-RR.csv [oneflux.pipeline.common]
2025-07-23 12:12:33.070 [INFO    ] Variable 'SWC_F_MDS_7' might be missing from headers of file: /home/portnoy/u0/sytoanngo/ONEFlux/data/RoundRobin_input/RR-008/99_fluxnet2015/FLX_RR-008_FLUXNET2015_FULLSET_YY_2020-2024_1-RR.csv [oneflux.pipeline.common]
2025-07-23 12:12:33.070 [INFO    ] Variable 'SWC_F_MDS_8' might be missing from headers of file: /home/portnoy/u0/sytoanngo/ONEFlux/data/RoundRobin_input/RR-008/99_fluxnet2015/FLX_RR-008_FLUXNET2015_FULLSET_YY_2020-2024_1-RR.csv [oneflux.pipeline.common]
2025-07-23 12:12:33.070 [INFO    ] Variable 'SWC_F_MDS_9' might be missing from headers of file: /home/portnoy/u0/sytoanngo/ONEFlux/data/RoundRobin_input/RR-008/99_fluxnet2015/FLX_RR-008_FLUXNET2015_FULLSET_YY_2020-2024_1-RR.csv [oneflux.pipeline.common]
2025-07-23 12:12:33.071 [INFO    ] Variable 'SWC_F_MDS_10' might be missing from headers of file: /home/portnoy/u0/sytoanngo/ONEFlux/data/RoundRobin_input/RR-008/99_fluxnet2015/FLX_RR-008_FLUXNET2015_FULLSET_YY_2020-2024_1-RR.csv [oneflux.pipeline.common]
2025-07-23 12:12:33.071 [INFO    ] Variable 'SWC_F_MDS_11' might be missing from headers of file: /home/portnoy/u0/sytoanngo/ONEFlux/data/RoundRobin_input/RR-008/99_fluxnet2015/FLX_RR-008_FLUXNET2015_FULLSET_YY_2020-2024_1-RR.csv [oneflux.pipeline.common]
2025-07-23 12:12:33.071 [INFO    ] Variable 'SWC_F_MDS_12' might be missing from headers of file: /home/portnoy/u0/sytoanngo/ONEFlux/data/RoundRobin_input/RR-008/99_fluxnet2015/FLX_RR-008_FLUXNET2015_FULLSET_YY_2020-2024_1-RR.csv [oneflux.pipeline.common]
2025-07-23 12:12:33.071 [INFO    ] Variable 'SWC_F_MDS_13' might be missing from headers of file: /home/portnoy/u0/sytoanngo/ONEFlux/data/RoundRobin_input/RR-008/99_fluxnet2015/FLX_RR-008_FLUXNET2015_FULLSET_YY_2020-2024_1-RR.csv [oneflux.pipeline.common]
2025-07-23 12:12:33.071 [INFO    ] Variable 'SWC_F_MDS_14' might be missing from headers of file: /home/portnoy/u0/sytoanngo/ONEFlux/data/RoundRobin_input/RR-008/99_fluxnet2015/FLX_RR-008_FLUXNET2015_FULLSET_YY_2020-2024_1-RR.csv [oneflux.pipeline.common]
2025-07-23 12:12:33.072 [INFO    ] Variable 'SWC_F_MDS_15' might be missing from headers of file: /home/portnoy/u0/sytoanngo/ONEFlux/data/RoundRobin_input/RR-008/99_fluxnet2015/FLX_RR-008_FLUXNET2015_FULLSET_YY_2020-2024_1-RR.csv [oneflux.pipeline.common]
2025-07-23 12:12:33.072 [INFO    ] Variable 'SWC_F_MDS_16' might be missing from headers of file: /home/portnoy/u0/sytoanngo/ONEFlux/data/RoundRobin_input/RR-008/99_fluxnet2015/FLX_RR-008_FLUXNET2015_FULLSET_YY_2020-2024_1-RR.csv [oneflux.pipeline.common]
2025-07-23 12:12:33.072 [INFO    ] Variable 'SWC_F_MDS_17' might be missing from headers of file: /home/portnoy/u0/sytoanngo/ONEFlux/data/RoundRobin_input/RR-008/99_fluxnet2015/FLX_RR-008_FLUXNET2015_FULLSET_YY_2020-2024_1-RR.csv [oneflux.pipeline.common]
2025-07-23 12:12:33.072 [INFO    ] Variable 'SWC_F_MDS_18' might be missing from headers of file: /home/portnoy/u0/sytoanngo/ONEFlux/data/RoundRobin_input/RR-008/99_fluxnet2015/FLX_RR-008_FLUXNET2015_FULLSET_YY_2020-2024_1-RR.csv [oneflux.pipeline.common]
2025-07-23 12:12:33.073 [INFO    ] Variable 'SWC_F_MDS_19' might be missing from headers of file: /home/portnoy/u0/sytoanngo/ONEFlux/data/RoundRobin_input/RR-008/99_fluxnet2015/FLX_RR-008_FLUXNET2015_FULLSET_YY_2020-2024_1-RR.csv [oneflux.pipeline.common]
2025-07-23 12:12:33.073 [INFO    ] Variable 'SWC_F_MDS_7_QC' might be missing from headers of file: /home/portnoy/u0/sytoanngo/ONEFlux/data/RoundRobin_input/RR-008/99_fluxnet2015/FLX_RR-008_FLUXNET2015_FULLSET_YY_2020-2024_1-RR.csv [oneflux.pipeline.common]
2025-07-23 12:12:33.073 [INFO    ] Variable 'SWC_F_MDS_8_QC' might be missing from headers of file: /home/portnoy/u0/sytoanngo/ONEFlux/data/RoundRobin_input/RR-008/99_fluxnet2015/FLX_RR-008_FLUXNET2015_FULLSET_YY_2020-2024_1-RR.csv [oneflux.pipeline.common]
2025-07-23 12:12:33.073 [INFO    ] Variable 'SWC_F_MDS_9_QC' might be missing from headers of file: /home/portnoy/u0/sytoanngo/ONEFlux/data/RoundRobin_input/RR-008/99_fluxnet2015/FLX_RR-008_FLUXNET2015_FULLSET_YY_2020-2024_1-RR.csv [oneflux.pipeline.common]
2025-07-23 12:12:33.074 [INFO    ] Variable 'SWC_F_MDS_10_QC' might be missing from headers of file: /home/portnoy/u0/sytoanngo/ONEFlux/data/RoundRobin_input/RR-008/99_fluxnet2015/FLX_RR-008_FLUXNET2015_FULLSET_YY_2020-2024_1-RR.csv [oneflux.pipeline.common]
2025-07-23 12:12:33.074 [INFO    ] Variable 'SWC_F_MDS_11_QC' might be missing from headers of file: /home/portnoy/u0/sytoanngo/ONEFlux/data/RoundRobin_input/RR-008/99_fluxnet2015/FLX_RR-008_FLUXNET2015_FULLSET_YY_2020-2024_1-RR.csv [oneflux.pipeline.common]
2025-07-23 12:12:33.074 [INFO    ] Variable 'SWC_F_MDS_12_QC' might be missing from headers of file: /home/portnoy/u0/sytoanngo/ONEFlux/data/RoundRobin_input/RR-008/99_fluxnet2015/FLX_RR-008_FLUXNET2015_FULLSET_YY_2020-2024_1-RR.csv [oneflux.pipeline.common]
2025-07-23 12:12:33.074 [INFO    ] Variable 'SWC_F_MDS_13_QC' might be missing from headers of file: /home/portnoy/u0/sytoanngo/ONEFlux/data/RoundRobin_input/RR-008/99_fluxnet2015/FLX_RR-008_FLUXNET2015_FULLSET_YY_2020-2024_1-RR.csv [oneflux.pipeline.common]
2025-07-23 12:12:33.075 [INFO    ] Variable 'SWC_F_MDS_14_QC' might be missing from headers of file: /home/portnoy/u0/sytoanngo/ONEFlux/data/RoundRobin_input/RR-008/99_fluxnet2015/FLX_RR-008_FLUXNET2015_FULLSET_YY_2020-2024_1-RR.csv [oneflux.pipeline.common]
2025-07-23 12:12:33.075 [INFO    ] Variable 'SWC_F_MDS_15_QC' might be missing from headers of file: /home/portnoy/u0/sytoanngo/ONEFlux/data/RoundRobin_input/RR-008/99_fluxnet2015/FLX_RR-008_FLUXNET2015_FULLSET_YY_2020-2024_1-RR.csv [oneflux.pipeline.common]
2025-07-23 12:12:33.075 [INFO    ] Variable 'SWC_F_MDS_16_QC' might be missing from headers of file: /home/portnoy/u0/sytoanngo/ONEFlux/data/RoundRobin_input/RR-008/99_fluxnet2015/FLX_RR-008_FLUXNET2015_FULLSET_YY_2020-2024_1-RR.csv [oneflux.pipeline.common]
2025-07-23 12:12:33.075 [INFO    ] Variable 'SWC_F_MDS_17_QC' might be missing from headers of file: /home/portnoy/u0/sytoanngo/ONEFlux/data/RoundRobin_input/RR-008/99_fluxnet2015/FLX_RR-008_FLUXNET2015_FULLSET_YY_2020-2024_1-RR.csv [oneflux.pipeline.common]
2025-07-23 12:12:33.076 [INFO    ] Variable 'SWC_F_MDS_18_QC' might be missing from headers of file: /home/portnoy/u0/sytoanngo/ONEFlux/data/RoundRobin_input/RR-008/99_fluxnet2015/FLX_RR-008_FLUXNET2015_FULLSET_YY_2020-2024_1-RR.csv [oneflux.pipeline.common]
2025-07-23 12:12:33.076 [INFO    ] Variable 'SWC_F_MDS_19_QC' might be missing from headers of file: /home/portnoy/u0/sytoanngo/ONEFlux/data/RoundRobin_input/RR-008/99_fluxnet2015/FLX_RR-008_FLUXNET2015_FULLSET_YY_2020-2024_1-RR.csv [oneflux.pipeline.common]
2025-07-23 12:12:33.076 [INFO    ] Variable 'RECO_DT_CUT_05' might be missing from headers of file: /home/portnoy/u0/sytoanngo/ONEFlux/data/RoundRobin_input/RR-008/99_fluxnet2015/FLX_RR-008_FLUXNET2015_FULLSET_YY_2020-2024_1-RR.csv [oneflux.pipeline.common]
2025-07-23 12:12:33.076 [INFO    ] Variable 'RECO_DT_CUT_16' might be missing from headers of file: /home/portnoy/u0/sytoanngo/ONEFlux/data/RoundRobin_input/RR-008/99_fluxnet2015/FLX_RR-008_FLUXNET2015_FULLSET_YY_2020-2024_1-RR.csv [oneflux.pipeline.common]
2025-07-23 12:12:33.077 [INFO    ] Variable 'RECO_DT_CUT_25' might be missing from headers of file: /home/portnoy/u0/sytoanngo/ONEFlux/data/RoundRobin_input/RR-008/99_fluxnet2015/FLX_RR-008_FLUXNET2015_FULLSET_YY_2020-2024_1-RR.csv [oneflux.pipeline.common]
2025-07-23 12:12:33.077 [INFO    ] Variable 'RECO_DT_CUT_50' might be missing from headers of file: /home/portnoy/u0/sytoanngo/ONEFlux/data/RoundRobin_input/RR-008/99_fluxnet2015/FLX_RR-008_FLUXNET2015_FULLSET_YY_2020-2024_1-RR.csv [oneflux.pipeline.common]
2025-07-23 12:12:33.077 [INFO    ] Variable 'RECO_DT_CUT_75' might be missing from headers of file: /home/portnoy/u0/sytoanngo/ONEFlux/data/RoundRobin_input/RR-008/99_fluxnet2015/FLX_RR-008_FLUXNET2015_FULLSET_YY_2020-2024_1-RR.csv [oneflux.pipeline.common]
2025-07-23 12:12:33.077 [INFO    ] Variable 'RECO_DT_CUT_84' might be missing from headers of file: /home/portnoy/u0/sytoanngo/ONEFlux/data/RoundRobin_input/RR-008/99_fluxnet2015/FLX_RR-008_FLUXNET2015_FULLSET_YY_2020-2024_1-RR.csv [oneflux.pipeline.common]
2025-07-23 12:12:33.078 [INFO    ] Variable 'RECO_DT_CUT_95' might be missing from headers of file: /home/portnoy/u0/sytoanngo/ONEFlux/data/RoundRobin_input/RR-008/99_fluxnet2015/FLX_RR-008_FLUXNET2015_FULLSET_YY_2020-2024_1-RR.csv [oneflux.pipeline.common]
2025-07-23 12:12:33.078 [INFO    ] Variable 'GPP_DT_CUT_05' might be missing from headers of file: /home/portnoy/u0/sytoanngo/ONEFlux/data/RoundRobin_input/RR-008/99_fluxnet2015/FLX_RR-008_FLUXNET2015_FULLSET_YY_2020-2024_1-RR.csv [oneflux.pipeline.common]
2025-07-23 12:12:33.078 [INFO    ] Variable 'GPP_DT_CUT_16' might be missing from headers of file: /home/portnoy/u0/sytoanngo/ONEFlux/data/RoundRobin_input/RR-008/99_fluxnet2015/FLX_RR-008_FLUXNET2015_FULLSET_YY_2020-2024_1-RR.csv [oneflux.pipeline.common]
2025-07-23 12:12:33.078 [INFO    ] Variable 'GPP_DT_CUT_25' might be missing from headers of file: /home/portnoy/u0/sytoanngo/ONEFlux/data/RoundRobin_input/RR-008/99_fluxnet2015/FLX_RR-008_FLUXNET2015_FULLSET_YY_2020-2024_1-RR.csv [oneflux.pipeline.common]
2025-07-23 12:12:33.079 [INFO    ] Variable 'GPP_DT_CUT_50' might be missing from headers of file: /home/portnoy/u0/sytoanngo/ONEFlux/data/RoundRobin_input/RR-008/99_fluxnet2015/FLX_RR-008_FLUXNET2015_FULLSET_YY_2020-2024_1-RR.csv [oneflux.pipeline.common]
2025-07-23 12:12:33.079 [INFO    ] Variable 'GPP_DT_CUT_75' might be missing from headers of file: /home/portnoy/u0/sytoanngo/ONEFlux/data/RoundRobin_input/RR-008/99_fluxnet2015/FLX_RR-008_FLUXNET2015_FULLSET_YY_2020-2024_1-RR.csv [oneflux.pipeline.common]
2025-07-23 12:12:33.079 [INFO    ] Variable 'GPP_DT_CUT_84' might be missing from headers of file: /home/portnoy/u0/sytoanngo/ONEFlux/data/RoundRobin_input/RR-008/99_fluxnet2015/FLX_RR-008_FLUXNET2015_FULLSET_YY_2020-2024_1-RR.csv [oneflux.pipeline.common]
2025-07-23 12:12:33.079 [INFO    ] Variable 'GPP_DT_CUT_95' might be missing from headers of file: /home/portnoy/u0/sytoanngo/ONEFlux/data/RoundRobin_input/RR-008/99_fluxnet2015/FLX_RR-008_FLUXNET2015_FULLSET_YY_2020-2024_1-RR.csv [oneflux.pipeline.common]
2025-07-23 12:12:33.080 [CRITICAL] Missing variables in FLUXNET2015 FULLSET output for site RR-008 [oneflux.pipeline.wrappers]
2025-07-23 12:12:33.080 [INFO    ] Pipeline fluxnet2015 execution finished [oneflux.pipeline.wrappers]
2025-07-23 12:12:33.081 [INFO    ] RR-008 Pipeline run time 3:47:21.284725 (2025-07-23 08:25:11.795757 --- 2025-07-23 12:12:33.080482) [oneflux.pipeline.wrappers]
2025-07-23 12:12:33.084 [INFO    ] RR-008 Pipeline: execution finished [oneflux.pipeline.wrappers]
2025-07-23 12:12:33.085 [INFO    ] Finished processing site dir /home/portnoy/u0/sytoanngo/ONEFlux/data/RoundRobin_input/RR-008 [oneflux.tools.pipeline]
2025-07-23 12:12:33.085 [INFO    ] Finished execution: all [__main__]
