2025-08-04 14:22:34.545 [DEBUG   ] Pipeline ure.post_validate file is '/home/portnoy/u0/sytoanngo/ONEFlux/data/RoundRobin_input/RR-009/12_ure/RR-009_DT_GPP_mm.csv' [oneflux.pipeline.common]
2025-08-04 14:22:34.545 [DEBUG   ] Pipeline ure.post_validate file is '/home/portnoy/u0/sytoanngo/ONEFlux/data/RoundRobin_input/RR-009/12_ure/RR-009_DT_GPP_ww.csv' [oneflux.pipeline.common]
2025-08-04 14:22:34.546 [DEBUG   ] Pipeline ure.post_validate file is '/home/portnoy/u0/sytoanngo/ONEFlux/data/RoundRobin_input/RR-009/12_ure/RR-009_DT_GPP_yy.csv' [oneflux.pipeline.common]
2025-08-04 14:22:34.546 [DEBUG   ] Pipeline ure.post_validate file is '/home/portnoy/u0/sytoanngo/ONEFlux/data/RoundRobin_input/RR-009/12_ure/RR-009_DT_RECO_dd.csv' [oneflux.pipeline.common]
2025-08-04 14:22:34.546 [DEBUG   ] Pipeline ure.post_validate file is '/home/portnoy/u0/sytoanngo/ONEFlux/data/RoundRobin_input/RR-009/12_ure/RR-009_DT_RECO_hh.csv' [oneflux.pipeline.common]
2025-08-04 14:22:34.546 [DEBUG   ] Pipeline ure.post_validate file is '/home/portnoy/u0/sytoanngo/ONEFlux/data/RoundRobin_input/RR-009/12_ure/RR-009_DT_RECO_mm.csv' [oneflux.pipeline.common]
2025-08-04 14:22:34.546 [DEBUG   ] Pipeline ure.post_validate file is '/home/portnoy/u0/sytoanngo/ONEFlux/data/RoundRobin_input/RR-009/12_ure/RR-009_DT_RECO_ww.csv' [oneflux.pipeline.common]
2025-08-04 14:22:34.546 [DEBUG   ] Pipeline ure.post_validate file is '/home/portnoy/u0/sytoanngo/ONEFlux/data/RoundRobin_input/RR-009/12_ure/RR-009_DT_RECO_yy.csv' [oneflux.pipeline.common]
2025-08-04 14:22:34.547 [DEBUG   ] Pipeline ure.post_validate file is '/home/portnoy/u0/sytoanngo/ONEFlux/data/RoundRobin_input/RR-009/12_ure/RR-009_DT_GPP_dd_info.txt' [oneflux.pipeline.common]
2025-08-04 14:22:34.547 [DEBUG   ] Pipeline ure.post_validate file is '/home/portnoy/u0/sytoanngo/ONEFlux/data/RoundRobin_input/RR-009/12_ure/RR-009_DT_GPP_hh_info.txt' [oneflux.pipeline.common]
2025-08-04 14:22:34.547 [DEBUG   ] Pipeline ure.post_validate file is '/home/portnoy/u0/sytoanngo/ONEFlux/data/RoundRobin_input/RR-009/12_ure/RR-009_DT_GPP_mm_info.txt' [oneflux.pipeline.common]
2025-08-04 14:22:34.547 [DEBUG   ] Pipeline ure.post_validate file is '/home/portnoy/u0/sytoanngo/ONEFlux/data/RoundRobin_input/RR-009/12_ure/RR-009_DT_GPP_ww_info.txt' [oneflux.pipeline.common]
2025-08-04 14:22:34.547 [DEBUG   ] Pipeline ure.post_validate file is '/home/portnoy/u0/sytoanngo/ONEFlux/data/RoundRobin_input/RR-009/12_ure/RR-009_DT_GPP_yy_info.txt' [oneflux.pipeline.common]
2025-08-04 14:22:34.547 [DEBUG   ] Pipeline ure.post_validate file is '/home/portnoy/u0/sytoanngo/ONEFlux/data/RoundRobin_input/RR-009/12_ure/RR-009_DT_RECO_dd_info.txt' [oneflux.pipeline.common]
2025-08-04 14:22:34.548 [DEBUG   ] Pipeline ure.post_validate file is '/home/portnoy/u0/sytoanngo/ONEFlux/data/RoundRobin_input/RR-009/12_ure/RR-009_DT_RECO_hh_info.txt' [oneflux.pipeline.common]
2025-08-04 14:22:34.548 [DEBUG   ] Pipeline ure.post_validate file is '/home/portnoy/u0/sytoanngo/ONEFlux/data/RoundRobin_input/RR-009/12_ure/RR-009_DT_RECO_mm_info.txt' [oneflux.pipeline.common]
2025-08-04 14:22:34.548 [DEBUG   ] Pipeline ure.post_validate file is '/home/portnoy/u0/sytoanngo/ONEFlux/data/RoundRobin_input/RR-009/12_ure/RR-009_DT_RECO_ww_info.txt' [oneflux.pipeline.common]
2025-08-04 14:22:34.548 [DEBUG   ] Pipeline ure.post_validate file is '/home/portnoy/u0/sytoanngo/ONEFlux/data/RoundRobin_input/RR-009/12_ure/RR-009_DT_RECO_yy_info.txt' [oneflux.pipeline.common]
2025-08-04 14:22:34.548 [DEBUG   ] Pipeline ure.post_validate directory is '/home/portnoy/u0/sytoanngo/ONEFlux/data/RoundRobin_input/RR-009/12_ure' [oneflux.pipeline.common]
2025-08-04 14:22:34.549 [DEBUG   ] Pipeline ure.post_validate in '/home/portnoy/u0/sytoanngo/ONEFlux/data/RoundRobin_input/RR-009/12_ure' found file pattern 'RR-009_DT_GPP_mef_matrix_dd_c_????_????.csv' (1 occurrences): ['RR-009_DT_GPP_mef_matrix_dd_c_2019_2024.csv'] [oneflux.pipeline.common]
2025-08-04 14:22:34.549 [DEBUG   ] Pipeline ure.post_validate directory is '/home/portnoy/u0/sytoanngo/ONEFlux/data/RoundRobin_input/RR-009/12_ure' [oneflux.pipeline.common]
2025-08-04 14:22:34.550 [DEBUG   ] Pipeline ure.post_validate in '/home/portnoy/u0/sytoanngo/ONEFlux/data/RoundRobin_input/RR-009/12_ure' found file pattern 'RR-009_DT_GPP_mef_matrix_dd_y_????_????.csv' (1 occurrences): ['RR-009_DT_GPP_mef_matrix_dd_y_2019_2024.csv'] [oneflux.pipeline.common]
2025-08-04 14:22:34.550 [DEBUG   ] Pipeline ure.post_validate directory is '/home/portnoy/u0/sytoanngo/ONEFlux/data/RoundRobin_input/RR-009/12_ure' [oneflux.pipeline.common]
2025-08-04 14:22:34.551 [DEBUG   ] Pipeline ure.post_validate in '/home/portnoy/u0/sytoanngo/ONEFlux/data/RoundRobin_input/RR-009/12_ure' found file pattern 'RR-009_DT_GPP_mef_matrix_hh_c_????_????.csv' (1 occurrences): ['RR-009_DT_GPP_mef_matrix_hh_c_2019_2024.csv'] [oneflux.pipeline.common]
2025-08-04 14:22:34.551 [DEBUG   ] Pipeline ure.post_validate directory is '/home/portnoy/u0/sytoanngo/ONEFlux/data/RoundRobin_input/RR-009/12_ure' [oneflux.pipeline.common]
2025-08-04 14:22:34.552 [DEBUG   ] Pipeline ure.post_validate in '/home/portnoy/u0/sytoanngo/ONEFlux/data/RoundRobin_input/RR-009/12_ure' found file pattern 'RR-009_DT_GPP_mef_matrix_hh_y_????_????.csv' (1 occurrences): ['RR-009_DT_GPP_mef_matrix_hh_y_2019_2024.csv'] [oneflux.pipeline.common]
2025-08-04 14:22:34.552 [DEBUG   ] Pipeline ure.post_validate directory is '/home/portnoy/u0/sytoanngo/ONEFlux/data/RoundRobin_input/RR-009/12_ure' [oneflux.pipeline.common]
2025-08-04 14:22:34.553 [DEBUG   ] Pipeline ure.post_validate in '/home/portnoy/u0/sytoanngo/ONEFlux/data/RoundRobin_input/RR-009/12_ure' found file pattern 'RR-009_DT_GPP_mef_matrix_mm_c_????_????.csv' (1 occurrences): ['RR-009_DT_GPP_mef_matrix_mm_c_2019_2024.csv'] [oneflux.pipeline.common]
2025-08-04 14:22:34.553 [DEBUG   ] Pipeline ure.post_validate directory is '/home/portnoy/u0/sytoanngo/ONEFlux/data/RoundRobin_input/RR-009/12_ure' [oneflux.pipeline.common]
2025-08-04 14:22:34.554 [DEBUG   ] Pipeline ure.post_validate in '/home/portnoy/u0/sytoanngo/ONEFlux/data/RoundRobin_input/RR-009/12_ure' found file pattern 'RR-009_DT_GPP_mef_matrix_mm_y_????_????.csv' (1 occurrences): ['RR-009_DT_GPP_mef_matrix_mm_y_2019_2024.csv'] [oneflux.pipeline.common]
2025-08-04 14:22:34.554 [DEBUG   ] Pipeline ure.post_validate directory is '/home/portnoy/u0/sytoanngo/ONEFlux/data/RoundRobin_input/RR-009/12_ure' [oneflux.pipeline.common]
2025-08-04 14:22:34.555 [DEBUG   ] Pipeline ure.post_validate in '/home/portnoy/u0/sytoanngo/ONEFlux/data/RoundRobin_input/RR-009/12_ure' found file pattern 'RR-009_DT_GPP_mef_matrix_ww_c_????_????.csv' (1 occurrences): ['RR-009_DT_GPP_mef_matrix_ww_c_2019_2024.csv'] [oneflux.pipeline.common]
2025-08-04 14:22:34.555 [DEBUG   ] Pipeline ure.post_validate directory is '/home/portnoy/u0/sytoanngo/ONEFlux/data/RoundRobin_input/RR-009/12_ure' [oneflux.pipeline.common]
2025-08-04 14:22:34.556 [DEBUG   ] Pipeline ure.post_validate in '/home/portnoy/u0/sytoanngo/ONEFlux/data/RoundRobin_input/RR-009/12_ure' found file pattern 'RR-009_DT_GPP_mef_matrix_ww_y_????_????.csv' (1 occurrences): ['RR-009_DT_GPP_mef_matrix_ww_y_2019_2024.csv'] [oneflux.pipeline.common]
2025-08-04 14:22:34.556 [DEBUG   ] Pipeline ure.post_validate directory is '/home/portnoy/u0/sytoanngo/ONEFlux/data/RoundRobin_input/RR-009/12_ure' [oneflux.pipeline.common]
2025-08-04 14:22:34.557 [DEBUG   ] Pipeline ure.post_validate in '/home/portnoy/u0/sytoanngo/ONEFlux/data/RoundRobin_input/RR-009/12_ure' found file pattern 'RR-009_DT_GPP_mef_matrix_yy_c_????_????.csv' (1 occurrences): ['RR-009_DT_GPP_mef_matrix_yy_c_2019_2024.csv'] [oneflux.pipeline.common]
2025-08-04 14:22:34.557 [DEBUG   ] Pipeline ure.post_validate directory is '/home/portnoy/u0/sytoanngo/ONEFlux/data/RoundRobin_input/RR-009/12_ure' [oneflux.pipeline.common]
2025-08-04 14:22:34.558 [DEBUG   ] Pipeline ure.post_validate in '/home/portnoy/u0/sytoanngo/ONEFlux/data/RoundRobin_input/RR-009/12_ure' found file pattern 'RR-009_DT_GPP_mef_matrix_yy_y_????_????.csv' (1 occurrences): ['RR-009_DT_GPP_mef_matrix_yy_y_2019_2024.csv'] [oneflux.pipeline.common]
2025-08-04 14:22:34.558 [DEBUG   ] Pipeline ure.post_validate directory is '/home/portnoy/u0/sytoanngo/ONEFlux/data/RoundRobin_input/RR-009/12_ure' [oneflux.pipeline.common]
2025-08-04 14:22:34.559 [DEBUG   ] Pipeline ure.post_validate in '/home/portnoy/u0/sytoanngo/ONEFlux/data/RoundRobin_input/RR-009/12_ure' found file pattern 'RR-009_DT_RECO_mef_matrix_dd_c_????_????.csv' (1 occurrences): ['RR-009_DT_RECO_mef_matrix_dd_c_2019_2024.csv'] [oneflux.pipeline.common]
2025-08-04 14:22:34.559 [DEBUG   ] Pipeline ure.post_validate directory is '/home/portnoy/u0/sytoanngo/ONEFlux/data/RoundRobin_input/RR-009/12_ure' [oneflux.pipeline.common]
2025-08-04 14:22:34.560 [DEBUG   ] Pipeline ure.post_validate in '/home/portnoy/u0/sytoanngo/ONEFlux/data/RoundRobin_input/RR-009/12_ure' found file pattern 'RR-009_DT_RECO_mef_matrix_dd_y_????_????.csv' (1 occurrences): ['RR-009_DT_RECO_mef_matrix_dd_y_2019_2024.csv'] [oneflux.pipeline.common]
2025-08-04 14:22:34.560 [DEBUG   ] Pipeline ure.post_validate directory is '/home/portnoy/u0/sytoanngo/ONEFlux/data/RoundRobin_input/RR-009/12_ure' [oneflux.pipeline.common]
2025-08-04 14:22:34.561 [DEBUG   ] Pipeline ure.post_validate in '/home/portnoy/u0/sytoanngo/ONEFlux/data/RoundRobin_input/RR-009/12_ure' found file pattern 'RR-009_DT_RECO_mef_matrix_hh_c_????_????.csv' (1 occurrences): ['RR-009_DT_RECO_mef_matrix_hh_c_2019_2024.csv'] [oneflux.pipeline.common]
2025-08-04 14:22:34.561 [DEBUG   ] Pipeline ure.post_validate directory is '/home/portnoy/u0/sytoanngo/ONEFlux/data/RoundRobin_input/RR-009/12_ure' [oneflux.pipeline.common]
2025-08-04 14:22:34.562 [DEBUG   ] Pipeline ure.post_validate in '/home/portnoy/u0/sytoanngo/ONEFlux/data/RoundRobin_input/RR-009/12_ure' found file pattern 'RR-009_DT_RECO_mef_matrix_hh_y_????_????.csv' (1 occurrences): ['RR-009_DT_RECO_mef_matrix_hh_y_2019_2024.csv'] [oneflux.pipeline.common]
2025-08-04 14:22:34.562 [DEBUG   ] Pipeline ure.post_validate directory is '/home/portnoy/u0/sytoanngo/ONEFlux/data/RoundRobin_input/RR-009/12_ure' [oneflux.pipeline.common]
2025-08-04 14:22:34.563 [DEBUG   ] Pipeline ure.post_validate in '/home/portnoy/u0/sytoanngo/ONEFlux/data/RoundRobin_input/RR-009/12_ure' found file pattern 'RR-009_DT_RECO_mef_matrix_mm_c_????_????.csv' (1 occurrences): ['RR-009_DT_RECO_mef_matrix_mm_c_2019_2024.csv'] [oneflux.pipeline.common]
2025-08-04 14:22:34.563 [DEBUG   ] Pipeline ure.post_validate directory is '/home/portnoy/u0/sytoanngo/ONEFlux/data/RoundRobin_input/RR-009/12_ure' [oneflux.pipeline.common]
2025-08-04 14:22:34.564 [DEBUG   ] Pipeline ure.post_validate in '/home/portnoy/u0/sytoanngo/ONEFlux/data/RoundRobin_input/RR-009/12_ure' found file pattern 'RR-009_DT_RECO_mef_matrix_mm_y_????_????.csv' (1 occurrences): ['RR-009_DT_RECO_mef_matrix_mm_y_2019_2024.csv'] [oneflux.pipeline.common]
2025-08-04 14:22:34.564 [DEBUG   ] Pipeline ure.post_validate directory is '/home/portnoy/u0/sytoanngo/ONEFlux/data/RoundRobin_input/RR-009/12_ure' [oneflux.pipeline.common]
2025-08-04 14:22:34.565 [DEBUG   ] Pipeline ure.post_validate in '/home/portnoy/u0/sytoanngo/ONEFlux/data/RoundRobin_input/RR-009/12_ure' found file pattern 'RR-009_DT_RECO_mef_matrix_ww_c_????_????.csv' (1 occurrences): ['RR-009_DT_RECO_mef_matrix_ww_c_2019_2024.csv'] [oneflux.pipeline.common]
2025-08-04 14:22:34.565 [DEBUG   ] Pipeline ure.post_validate directory is '/home/portnoy/u0/sytoanngo/ONEFlux/data/RoundRobin_input/RR-009/12_ure' [oneflux.pipeline.common]
2025-08-04 14:22:34.566 [DEBUG   ] Pipeline ure.post_validate in '/home/portnoy/u0/sytoanngo/ONEFlux/data/RoundRobin_input/RR-009/12_ure' found file pattern 'RR-009_DT_RECO_mef_matrix_ww_y_????_????.csv' (1 occurrences): ['RR-009_DT_RECO_mef_matrix_ww_y_2019_2024.csv'] [oneflux.pipeline.common]
2025-08-04 14:22:34.566 [DEBUG   ] Pipeline ure.post_validate directory is '/home/portnoy/u0/sytoanngo/ONEFlux/data/RoundRobin_input/RR-009/12_ure' [oneflux.pipeline.common]
2025-08-04 14:22:34.567 [DEBUG   ] Pipeline ure.post_validate in '/home/portnoy/u0/sytoanngo/ONEFlux/data/RoundRobin_input/RR-009/12_ure' found file pattern 'RR-009_DT_RECO_mef_matrix_yy_c_????_????.csv' (1 occurrences): ['RR-009_DT_RECO_mef_matrix_yy_c_2019_2024.csv'] [oneflux.pipeline.common]
2025-08-04 14:22:34.567 [DEBUG   ] Pipeline ure.post_validate directory is '/home/portnoy/u0/sytoanngo/ONEFlux/data/RoundRobin_input/RR-009/12_ure' [oneflux.pipeline.common]
2025-08-04 14:22:34.568 [DEBUG   ] Pipeline ure.post_validate in '/home/portnoy/u0/sytoanngo/ONEFlux/data/RoundRobin_input/RR-009/12_ure' found file pattern 'RR-009_DT_RECO_mef_matrix_yy_y_????_????.csv' (1 occurrences): ['RR-009_DT_RECO_mef_matrix_yy_y_2019_2024.csv'] [oneflux.pipeline.common]
2025-08-04 14:22:34.568 [DEBUG   ] Created '/home/portnoy/u0/sytoanngo/ONEFlux/data/RoundRobin_input/RR-009/99_fluxnet2015' [oneflux.pipeline.common]
2025-08-04 14:22:34.568 [INFO    ] Execution command oneflux.pipeline.site_data_product.run_site [oneflux.pipeline.wrappers]
2025-08-04 14:22:34.569 [DEBUG   ] Processing 'hh' resolution [oneflux.pipeline.site_data_product]
2025-08-04 14:22:34.569 [DEBUG   ] Loading meteo/hh file: /home/portnoy/u0/sytoanngo/ONEFlux/data/RoundRobin_input/RR-009/07_meteo_proc/RR-009_meteo_hh.csv [oneflux.pipeline.site_data_product]
2025-08-04 14:23:20.958 [INFO    ] Checking range of values for SWC (RR-009) [oneflux.pipeline.site_data_product]
2025-08-04 14:23:20.959 [DEBUG   ] Found 1 SWC variables (['SWC_1_f']) for RR-009, checking ranges [oneflux.pipeline.site_data_product]
2025-08-04 14:23:34.149 [DEBUG   ] SWC variable 'SWC_1_f' stats (RR-009, 2022): negative_count=0  min=23.941  max=55.166 [oneflux.pipeline.site_data_product]
2025-08-04 14:23:34.465 [DEBUG   ] SWC variable 'SWC_1_f' stats (RR-009, 2023): negative_count=0  min=26.009  max=42.567 [oneflux.pipeline.site_data_product]
2025-08-04 14:23:34.781 [DEBUG   ] SWC variable 'SWC_1_f' stats (RR-009, 2024): negative_count=0  min=24.981  max=55.884 [oneflux.pipeline.site_data_product]
2025-08-04 14:23:34.781 [DEBUG   ] Done with checking SWC vars for RR-009 [oneflux.pipeline.site_data_product]
2025-08-04 14:23:34.783 [DEBUG   ] Loading nee/hh file: /home/portnoy/u0/sytoanngo/ONEFlux/data/RoundRobin_input/RR-009/08_nee_proc/RR-009_NEE_hh.csv [oneflux.pipeline.site_data_product]
2025-08-04 14:23:41.719 [DEBUG   ] Loading energy/hh file: /home/portnoy/u0/sytoanngo/ONEFlux/data/RoundRobin_input/RR-009/09_energy_proc/RR-009_energy_hh.csv [oneflux.pipeline.site_data_product]
2025-08-04 14:23:44.739 [DEBUG   ] Loading partitioning/hh file: /home/portnoy/u0/sytoanngo/ONEFlux/data/RoundRobin_input/RR-009/12_ure/RR-009_NT_RECO_hh.csv [oneflux.pipeline.site_data_product]
2025-08-04 14:23:48.384 [DEBUG   ] Loading partitioning/hh file: /home/portnoy/u0/sytoanngo/ONEFlux/data/RoundRobin_input/RR-009/12_ure/RR-009_NT_GPP_hh.csv [oneflux.pipeline.site_data_product]
2025-08-04 14:23:52.206 [DEBUG   ] Loading partitioning/hh file: /home/portnoy/u0/sytoanngo/ONEFlux/data/RoundRobin_input/RR-009/12_ure/RR-009_DT_RECO_hh.csv [oneflux.pipeline.site_data_product]
2025-08-04 14:23:56.020 [DEBUG   ] Loading partitioning/hh file: /home/portnoy/u0/sytoanngo/ONEFlux/data/RoundRobin_input/RR-009/12_ure/RR-009_DT_GPP_hh.csv [oneflux.pipeline.site_data_product]
2025-08-04 14:23:59.794 [DEBUG   ] Merged UNC headers: ('TIMESTAMP_START', 'TIMESTAMP_END', 'NT_RECO_ref_y', 'NT_RECO_ust50_y', 'NT_RECO_mean_y', 'NT_RECO_SE_y', 'NT_RECO_05_y', 'NT_RECO_16_y', 'NT_RECO_25_y', 'NT_RECO_50_y', 'NT_RECO_75_y', 'NT_RECO_84_y', 'NT_RECO_95_y', 'NT_RECO_ref_c', 'NT_RECO_ust50_c', 'NT_RECO_mean_c', 'NT_RECO_SE_c', 'NT_RECO_05_c', 'NT_RECO_16_c', 'NT_RECO_25_c', 'NT_RECO_50_c', 'NT_RECO_75_c', 'NT_RECO_84_c', 'NT_RECO_95_c', 'NT_GPP_ref_y', 'NT_GPP_ust50_y', 'NT_GPP_mean_y', 'NT_GPP_SE_y', 'NT_GPP_05_y', 'NT_GPP_16_y', 'NT_GPP_25_y', 'NT_GPP_50_y', 'NT_GPP_75_y', 'NT_GPP_84_y', 'NT_GPP_95_y', 'NT_GPP_ref_c', 'NT_GPP_ust50_c', 'NT_GPP_mean_c', 'NT_GPP_SE_c', 'NT_GPP_05_c', 'NT_GPP_16_c', 'NT_GPP_25_c', 'NT_GPP_50_c', 'NT_GPP_75_c', 'NT_GPP_84_c', 'NT_GPP_95_c', 'DT_RECO_ref_y', 'DT_RECO_ust50_y', 'DT_RECO_mean_y', 'DT_RECO_SE_y', 'DT_RECO_05_y', 'DT_RECO_16_y', 'DT_RECO_25_y', 'DT_RECO_50_y', 'DT_RECO_75_y', 'DT_RECO_84_y', 'DT_RECO_95_y', 'DT_RECO_ref_c', 'DT_RECO_ust50_c', 'DT_RECO_mean_c', 'DT_RECO_SE_c', 'DT_RECO_05_c', 'DT_RECO_16_c', 'DT_RECO_25_c', 'DT_RECO_50_c', 'DT_RECO_75_c', 'DT_RECO_84_c', 'DT_RECO_95_c', 'DT_GPP_ref_y', 'DT_GPP_ust50_y', 'DT_GPP_mean_y', 'DT_GPP_SE_y', 'DT_GPP_05_y', 'DT_GPP_16_y', 'DT_GPP_25_y', 'DT_GPP_50_y', 'DT_GPP_75_y', 'DT_GPP_84_y', 'DT_GPP_95_y', 'DT_GPP_ref_c', 'DT_GPP_ust50_c', 'DT_GPP_mean_c', 'DT_GPP_SE_c', 'DT_GPP_05_c', 'DT_GPP_16_c', 'DT_GPP_25_c', 'DT_GPP_50_c', 'DT_GPP_75_c', 'DT_GPP_84_c', 'DT_GPP_95_c') [oneflux.pipeline.site_data_product]
2025-08-04 14:23:59.948 [INFO    ] METEO number of records differs from ENERGY, assuming complete meteo and removing extra records [oneflux.pipeline.site_data_product]
2025-08-04 14:24:03.410 [DEBUG   ] Time slice results for 2020-2024: a[683712]=202001010000  a[771407]=202412312330 [oneflux.pipeline.site_data_product]
2025-08-04 14:24:03.410 [CRITICAL] Number of records differ: METEO=87696, ENERGY=87696, NEE=87696, UNC/PART=105216 [oneflux.pipeline.site_data_product]
2025-08-04 14:24:03.410 [CRITICAL] RR-009 an error occurred (/home/portnoy/u0/sytoanngo/ONEFlux/data/RoundRobin_input/RR-009): Number of records differ: METEO=87696, ENERGY=87696, NEE=87696, UNC/PART=105216 [oneflux.pipeline.wrappers]
2025-08-04 14:24:03.413 [CRITICAL] ['Traceback (most recent call last):\n', '  File "/home/portnoy/u0/sytoanngo/ONEFlux/oneflux/pipeline/wrappers.py", line 272, in run\n    driver.run()\n', '  File "/home/portnoy/u0/sytoanngo/ONEFlux/oneflux/pipeline/wrappers.py", line 2465, in run\n    era_last_timestamp_start=self.pipeline.era_last_timestamp_start)\n', '  File "/home/portnoy/u0/sytoanngo/ONEFlux/oneflux/pipeline/site_data_product.py", line 1091, in run_site\n    meteo_data, energy_data, nee_data, unc_data = check_lengths(siteid=siteid, meteo=meteo_data, energy=energy_data, nee=nee_data, unc=unc_data, resolution=resolution, nt_skip=pipeline.nt_skip, dt_skip=pipeline.dt_skip)\n', '  File "/home/portnoy/u0/sytoanngo/ONEFlux/oneflux/pipeline/site_data_product.py", line 1013, in check_lengths\n    raise ONEFluxError(msg)\n', 'ONEFluxError: Number of records differ: METEO=87696, ENERGY=87696, NEE=87696, UNC/PART=105216\n'] [oneflux]
2025-08-04 14:24:03.413 [INFO    ] RR-009 Pipeline run time 7:23:34.857700 (2025-08-04 07:00:28.555939 --- 2025-08-04 14:24:03.413639) [oneflux.pipeline.wrappers]
2025-08-04 14:24:03.414 [CRITICAL] ONEFlux ERRORS processing site dir /home/portnoy/u0/sytoanngo/ONEFlux/data/RoundRobin_input/RR-009 [oneflux.tools.pipeline]
2025-08-04 14:24:03.415 [CRITICAL] ['Traceback (most recent call last):\n', '  File "/home/portnoy/u0/sytoanngo/ONEFlux/oneflux/tools/pipeline.py", line 88, in run_pipeline\n    pipeline.run()\n', '  File "/home/portnoy/u0/sytoanngo/ONEFlux/oneflux/pipeline/wrappers.py", line 272, in run\n    driver.run()\n', '  File "/home/portnoy/u0/sytoanngo/ONEFlux/oneflux/pipeline/wrappers.py", line 2465, in run\n    era_last_timestamp_start=self.pipeline.era_last_timestamp_start)\n', '  File "/home/portnoy/u0/sytoanngo/ONEFlux/oneflux/pipeline/site_data_product.py", line 1091, in run_site\n    meteo_data, energy_data, nee_data, unc_data = check_lengths(siteid=siteid, meteo=meteo_data, energy=energy_data, nee=nee_data, unc=unc_data, resolution=resolution, nt_skip=pipeline.nt_skip, dt_skip=pipeline.dt_skip)\n', '  File "/home/portnoy/u0/sytoanngo/ONEFlux/oneflux/pipeline/site_data_product.py", line 1013, in check_lengths\n    raise ONEFluxError(msg)\n', 'ONEFluxError: Number of records differ: METEO=87696, ENERGY=87696, NEE=87696, UNC/PART=105216\n'] [oneflux.tools.pipeline]
2025-08-04 14:24:03.416 [CRITICAL] ['Traceback (most recent call last):\n', '  File "/home/portnoy/u0/sytoanngo/ONEFlux/runoneflux_test.py", line 96, in <module>\n    era_first_year=args.erafy, era_last_year=args.eraly,\n', '  File "/home/portnoy/u0/sytoanngo/ONEFlux/oneflux/tools/pipeline.py", line 88, in run_pipeline\n    pipeline.run()\n', '  File "/home/portnoy/u0/sytoanngo/ONEFlux/oneflux/pipeline/wrappers.py", line 272, in run\n    driver.run()\n', '  File "/home/portnoy/u0/sytoanngo/ONEFlux/oneflux/pipeline/wrappers.py", line 2465, in run\n    era_last_timestamp_start=self.pipeline.era_last_timestamp_start)\n', '  File "/home/portnoy/u0/sytoanngo/ONEFlux/oneflux/pipeline/site_data_product.py", line 1091, in run_site\n    meteo_data, energy_data, nee_data, unc_data = check_lengths(siteid=siteid, meteo=meteo_data, energy=energy_data, nee=nee_data, unc=unc_data, resolution=resolution, nt_skip=pipeline.nt_skip, dt_skip=pipeline.dt_skip)\n', '  File "/home/portnoy/u0/sytoanngo/ONEFlux/oneflux/pipeline/site_data_product.py", line 1013, in check_lengths\n    raise ONEFluxError(msg)\n', 'ONEFluxError: Number of records differ: METEO=87696, ENERGY=87696, NEE=87696, UNC/PART=105216\n'] [__main__]
2025-08-04 14:24:03.416 [CRITICAL] ***Problem during execution*** Number of records differ: METEO=87696, ENERGY=87696, NEE=87696, UNC/PART=105216 [__main__]
2025-08-04 14:24:03.416 [CRITICAL] ***Problem traceback*** Traceback (most recent call last):
  File "/home/portnoy/u0/sytoanngo/ONEFlux/runoneflux_test.py", line 96, in <module>
    era_first_year=args.erafy, era_last_year=args.eraly,
  File "/home/portnoy/u0/sytoanngo/ONEFlux/oneflux/tools/pipeline.py", line 88, in run_pipeline
    pipeline.run()
  File "/home/portnoy/u0/sytoanngo/ONEFlux/oneflux/pipeline/wrappers.py", line 272, in run
    driver.run()
  File "/home/portnoy/u0/sytoanngo/ONEFlux/oneflux/pipeline/wrappers.py", line 2465, in run
    era_last_timestamp_start=self.pipeline.era_last_timestamp_start)
  File "/home/portnoy/u0/sytoanngo/ONEFlux/oneflux/pipeline/site_data_product.py", line 1091, in run_site
    meteo_data, energy_data, nee_data, unc_data = check_lengths(siteid=siteid, meteo=meteo_data, energy=energy_data, nee=nee_data, unc=unc_data, resolution=resolution, nt_skip=pipeline.nt_skip, dt_skip=pipeline.dt_skip)
  File "/home/portnoy/u0/sytoanngo/ONEFlux/oneflux/pipeline/site_data_product.py", line 1013, in check_lengths
    raise ONEFluxError(msg)
ONEFluxError: Number of records differ: METEO=87696, ENERGY=87696, NEE=87696, UNC/PART=105216
 [__main__]
