2025-07-23 15:19:50.963 [DEBUG   ] Pipeline ure.post_validate file is '/home/portnoy/u0/sytoanngo/ONEFlux/data/RoundRobin_input/RR-009/12_ure/RR-009_DT_GPP_ww.csv' [oneflux.pipeline.common]
2025-07-23 15:19:50.963 [DEBUG   ] Pipeline ure.post_validate file is '/home/portnoy/u0/sytoanngo/ONEFlux/data/RoundRobin_input/RR-009/12_ure/RR-009_DT_GPP_yy.csv' [oneflux.pipeline.common]
2025-07-23 15:19:50.963 [DEBUG   ] Pipeline ure.post_validate file is '/home/portnoy/u0/sytoanngo/ONEFlux/data/RoundRobin_input/RR-009/12_ure/RR-009_DT_RECO_dd.csv' [oneflux.pipeline.common]
2025-07-23 15:19:50.964 [DEBUG   ] Pipeline ure.post_validate file is '/home/portnoy/u0/sytoanngo/ONEFlux/data/RoundRobin_input/RR-009/12_ure/RR-009_DT_RECO_hh.csv' [oneflux.pipeline.common]
2025-07-23 15:19:50.964 [DEBUG   ] Pipeline ure.post_validate file is '/home/portnoy/u0/sytoanngo/ONEFlux/data/RoundRobin_input/RR-009/12_ure/RR-009_DT_RECO_mm.csv' [oneflux.pipeline.common]
2025-07-23 15:19:50.964 [DEBUG   ] Pipeline ure.post_validate file is '/home/portnoy/u0/sytoanngo/ONEFlux/data/RoundRobin_input/RR-009/12_ure/RR-009_DT_RECO_ww.csv' [oneflux.pipeline.common]
2025-07-23 15:19:50.964 [DEBUG   ] Pipeline ure.post_validate file is '/home/portnoy/u0/sytoanngo/ONEFlux/data/RoundRobin_input/RR-009/12_ure/RR-009_DT_RECO_yy.csv' [oneflux.pipeline.common]
2025-07-23 15:19:50.965 [DEBUG   ] Pipeline ure.post_validate file is '/home/portnoy/u0/sytoanngo/ONEFlux/data/RoundRobin_input/RR-009/12_ure/RR-009_DT_GPP_dd_info.txt' [oneflux.pipeline.common]
2025-07-23 15:19:50.965 [DEBUG   ] Pipeline ure.post_validate file is '/home/portnoy/u0/sytoanngo/ONEFlux/data/RoundRobin_input/RR-009/12_ure/RR-009_DT_GPP_hh_info.txt' [oneflux.pipeline.common]
2025-07-23 15:19:50.965 [DEBUG   ] Pipeline ure.post_validate file is '/home/portnoy/u0/sytoanngo/ONEFlux/data/RoundRobin_input/RR-009/12_ure/RR-009_DT_GPP_mm_info.txt' [oneflux.pipeline.common]
2025-07-23 15:19:50.965 [DEBUG   ] Pipeline ure.post_validate file is '/home/portnoy/u0/sytoanngo/ONEFlux/data/RoundRobin_input/RR-009/12_ure/RR-009_DT_GPP_ww_info.txt' [oneflux.pipeline.common]
2025-07-23 15:19:50.965 [DEBUG   ] Pipeline ure.post_validate file is '/home/portnoy/u0/sytoanngo/ONEFlux/data/RoundRobin_input/RR-009/12_ure/RR-009_DT_GPP_yy_info.txt' [oneflux.pipeline.common]
2025-07-23 15:19:50.965 [DEBUG   ] Pipeline ure.post_validate file is '/home/portnoy/u0/sytoanngo/ONEFlux/data/RoundRobin_input/RR-009/12_ure/RR-009_DT_RECO_dd_info.txt' [oneflux.pipeline.common]
2025-07-23 15:19:50.966 [DEBUG   ] Pipeline ure.post_validate file is '/home/portnoy/u0/sytoanngo/ONEFlux/data/RoundRobin_input/RR-009/12_ure/RR-009_DT_RECO_hh_info.txt' [oneflux.pipeline.common]
2025-07-23 15:19:50.966 [DEBUG   ] Pipeline ure.post_validate file is '/home/portnoy/u0/sytoanngo/ONEFlux/data/RoundRobin_input/RR-009/12_ure/RR-009_DT_RECO_mm_info.txt' [oneflux.pipeline.common]
2025-07-23 15:19:50.966 [DEBUG   ] Pipeline ure.post_validate file is '/home/portnoy/u0/sytoanngo/ONEFlux/data/RoundRobin_input/RR-009/12_ure/RR-009_DT_RECO_ww_info.txt' [oneflux.pipeline.common]
2025-07-23 15:19:50.966 [DEBUG   ] Pipeline ure.post_validate file is '/home/portnoy/u0/sytoanngo/ONEFlux/data/RoundRobin_input/RR-009/12_ure/RR-009_DT_RECO_yy_info.txt' [oneflux.pipeline.common]
2025-07-23 15:19:50.966 [DEBUG   ] Pipeline ure.post_validate directory is '/home/portnoy/u0/sytoanngo/ONEFlux/data/RoundRobin_input/RR-009/12_ure' [oneflux.pipeline.common]
2025-07-23 15:19:50.967 [DEBUG   ] Pipeline ure.post_validate in '/home/portnoy/u0/sytoanngo/ONEFlux/data/RoundRobin_input/RR-009/12_ure' found file pattern 'RR-009_DT_GPP_mef_matrix_dd_c_????_????.csv' (1 occurrences): ['RR-009_DT_GPP_mef_matrix_dd_c_2019_2024.csv'] [oneflux.pipeline.common]
2025-07-23 15:19:50.967 [DEBUG   ] Pipeline ure.post_validate directory is '/home/portnoy/u0/sytoanngo/ONEFlux/data/RoundRobin_input/RR-009/12_ure' [oneflux.pipeline.common]
2025-07-23 15:19:50.967 [DEBUG   ] Pipeline ure.post_validate in '/home/portnoy/u0/sytoanngo/ONEFlux/data/RoundRobin_input/RR-009/12_ure' found file pattern 'RR-009_DT_GPP_mef_matrix_dd_y_????_????.csv' (1 occurrences): ['RR-009_DT_GPP_mef_matrix_dd_y_2019_2024.csv'] [oneflux.pipeline.common]
2025-07-23 15:19:50.968 [DEBUG   ] Pipeline ure.post_validate directory is '/home/portnoy/u0/sytoanngo/ONEFlux/data/RoundRobin_input/RR-009/12_ure' [oneflux.pipeline.common]
2025-07-23 15:19:50.968 [DEBUG   ] Pipeline ure.post_validate in '/home/portnoy/u0/sytoanngo/ONEFlux/data/RoundRobin_input/RR-009/12_ure' found file pattern 'RR-009_DT_GPP_mef_matrix_hh_c_????_????.csv' (1 occurrences): ['RR-009_DT_GPP_mef_matrix_hh_c_2019_2024.csv'] [oneflux.pipeline.common]
2025-07-23 15:19:50.968 [DEBUG   ] Pipeline ure.post_validate directory is '/home/portnoy/u0/sytoanngo/ONEFlux/data/RoundRobin_input/RR-009/12_ure' [oneflux.pipeline.common]
2025-07-23 15:19:50.969 [DEBUG   ] Pipeline ure.post_validate in '/home/portnoy/u0/sytoanngo/ONEFlux/data/RoundRobin_input/RR-009/12_ure' found file pattern 'RR-009_DT_GPP_mef_matrix_hh_y_????_????.csv' (1 occurrences): ['RR-009_DT_GPP_mef_matrix_hh_y_2019_2024.csv'] [oneflux.pipeline.common]
2025-07-23 15:19:50.969 [DEBUG   ] Pipeline ure.post_validate directory is '/home/portnoy/u0/sytoanngo/ONEFlux/data/RoundRobin_input/RR-009/12_ure' [oneflux.pipeline.common]
2025-07-23 15:19:50.970 [DEBUG   ] Pipeline ure.post_validate in '/home/portnoy/u0/sytoanngo/ONEFlux/data/RoundRobin_input/RR-009/12_ure' found file pattern 'RR-009_DT_GPP_mef_matrix_mm_c_????_????.csv' (1 occurrences): ['RR-009_DT_GPP_mef_matrix_mm_c_2019_2024.csv'] [oneflux.pipeline.common]
2025-07-23 15:19:50.970 [DEBUG   ] Pipeline ure.post_validate directory is '/home/portnoy/u0/sytoanngo/ONEFlux/data/RoundRobin_input/RR-009/12_ure' [oneflux.pipeline.common]
2025-07-23 15:19:50.970 [DEBUG   ] Pipeline ure.post_validate in '/home/portnoy/u0/sytoanngo/ONEFlux/data/RoundRobin_input/RR-009/12_ure' found file pattern 'RR-009_DT_GPP_mef_matrix_mm_y_????_????.csv' (1 occurrences): ['RR-009_DT_GPP_mef_matrix_mm_y_2019_2024.csv'] [oneflux.pipeline.common]
2025-07-23 15:19:50.971 [DEBUG   ] Pipeline ure.post_validate directory is '/home/portnoy/u0/sytoanngo/ONEFlux/data/RoundRobin_input/RR-009/12_ure' [oneflux.pipeline.common]
2025-07-23 15:19:50.971 [DEBUG   ] Pipeline ure.post_validate in '/home/portnoy/u0/sytoanngo/ONEFlux/data/RoundRobin_input/RR-009/12_ure' found file pattern 'RR-009_DT_GPP_mef_matrix_ww_c_????_????.csv' (1 occurrences): ['RR-009_DT_GPP_mef_matrix_ww_c_2019_2024.csv'] [oneflux.pipeline.common]
2025-07-23 15:19:50.971 [DEBUG   ] Pipeline ure.post_validate directory is '/home/portnoy/u0/sytoanngo/ONEFlux/data/RoundRobin_input/RR-009/12_ure' [oneflux.pipeline.common]
2025-07-23 15:19:50.972 [DEBUG   ] Pipeline ure.post_validate in '/home/portnoy/u0/sytoanngo/ONEFlux/data/RoundRobin_input/RR-009/12_ure' found file pattern 'RR-009_DT_GPP_mef_matrix_ww_y_????_????.csv' (1 occurrences): ['RR-009_DT_GPP_mef_matrix_ww_y_2019_2024.csv'] [oneflux.pipeline.common]
2025-07-23 15:19:50.972 [DEBUG   ] Pipeline ure.post_validate directory is '/home/portnoy/u0/sytoanngo/ONEFlux/data/RoundRobin_input/RR-009/12_ure' [oneflux.pipeline.common]
2025-07-23 15:19:50.973 [DEBUG   ] Pipeline ure.post_validate in '/home/portnoy/u0/sytoanngo/ONEFlux/data/RoundRobin_input/RR-009/12_ure' found file pattern 'RR-009_DT_GPP_mef_matrix_yy_c_????_????.csv' (1 occurrences): ['RR-009_DT_GPP_mef_matrix_yy_c_2019_2024.csv'] [oneflux.pipeline.common]
2025-07-23 15:19:50.973 [DEBUG   ] Pipeline ure.post_validate directory is '/home/portnoy/u0/sytoanngo/ONEFlux/data/RoundRobin_input/RR-009/12_ure' [oneflux.pipeline.common]
2025-07-23 15:19:50.973 [DEBUG   ] Pipeline ure.post_validate in '/home/portnoy/u0/sytoanngo/ONEFlux/data/RoundRobin_input/RR-009/12_ure' found file pattern 'RR-009_DT_GPP_mef_matrix_yy_y_????_????.csv' (1 occurrences): ['RR-009_DT_GPP_mef_matrix_yy_y_2019_2024.csv'] [oneflux.pipeline.common]
2025-07-23 15:19:50.974 [DEBUG   ] Pipeline ure.post_validate directory is '/home/portnoy/u0/sytoanngo/ONEFlux/data/RoundRobin_input/RR-009/12_ure' [oneflux.pipeline.common]
2025-07-23 15:19:50.974 [DEBUG   ] Pipeline ure.post_validate in '/home/portnoy/u0/sytoanngo/ONEFlux/data/RoundRobin_input/RR-009/12_ure' found file pattern 'RR-009_DT_RECO_mef_matrix_dd_c_????_????.csv' (1 occurrences): ['RR-009_DT_RECO_mef_matrix_dd_c_2019_2024.csv'] [oneflux.pipeline.common]
2025-07-23 15:19:50.974 [DEBUG   ] Pipeline ure.post_validate directory is '/home/portnoy/u0/sytoanngo/ONEFlux/data/RoundRobin_input/RR-009/12_ure' [oneflux.pipeline.common]
2025-07-23 15:19:50.975 [DEBUG   ] Pipeline ure.post_validate in '/home/portnoy/u0/sytoanngo/ONEFlux/data/RoundRobin_input/RR-009/12_ure' found file pattern 'RR-009_DT_RECO_mef_matrix_dd_y_????_????.csv' (1 occurrences): ['RR-009_DT_RECO_mef_matrix_dd_y_2019_2024.csv'] [oneflux.pipeline.common]
2025-07-23 15:19:50.975 [DEBUG   ] Pipeline ure.post_validate directory is '/home/portnoy/u0/sytoanngo/ONEFlux/data/RoundRobin_input/RR-009/12_ure' [oneflux.pipeline.common]
2025-07-23 15:19:50.976 [DEBUG   ] Pipeline ure.post_validate in '/home/portnoy/u0/sytoanngo/ONEFlux/data/RoundRobin_input/RR-009/12_ure' found file pattern 'RR-009_DT_RECO_mef_matrix_hh_c_????_????.csv' (1 occurrences): ['RR-009_DT_RECO_mef_matrix_hh_c_2019_2024.csv'] [oneflux.pipeline.common]
2025-07-23 15:19:50.976 [DEBUG   ] Pipeline ure.post_validate directory is '/home/portnoy/u0/sytoanngo/ONEFlux/data/RoundRobin_input/RR-009/12_ure' [oneflux.pipeline.common]
2025-07-23 15:19:50.976 [DEBUG   ] Pipeline ure.post_validate in '/home/portnoy/u0/sytoanngo/ONEFlux/data/RoundRobin_input/RR-009/12_ure' found file pattern 'RR-009_DT_RECO_mef_matrix_hh_y_????_????.csv' (1 occurrences): ['RR-009_DT_RECO_mef_matrix_hh_y_2019_2024.csv'] [oneflux.pipeline.common]
2025-07-23 15:19:50.976 [DEBUG   ] Pipeline ure.post_validate directory is '/home/portnoy/u0/sytoanngo/ONEFlux/data/RoundRobin_input/RR-009/12_ure' [oneflux.pipeline.common]
2025-07-23 15:19:50.977 [DEBUG   ] Pipeline ure.post_validate in '/home/portnoy/u0/sytoanngo/ONEFlux/data/RoundRobin_input/RR-009/12_ure' found file pattern 'RR-009_DT_RECO_mef_matrix_mm_c_????_????.csv' (1 occurrences): ['RR-009_DT_RECO_mef_matrix_mm_c_2019_2024.csv'] [oneflux.pipeline.common]
2025-07-23 15:19:50.977 [DEBUG   ] Pipeline ure.post_validate directory is '/home/portnoy/u0/sytoanngo/ONEFlux/data/RoundRobin_input/RR-009/12_ure' [oneflux.pipeline.common]
2025-07-23 15:19:50.978 [DEBUG   ] Pipeline ure.post_validate in '/home/portnoy/u0/sytoanngo/ONEFlux/data/RoundRobin_input/RR-009/12_ure' found file pattern 'RR-009_DT_RECO_mef_matrix_mm_y_????_????.csv' (1 occurrences): ['RR-009_DT_RECO_mef_matrix_mm_y_2019_2024.csv'] [oneflux.pipeline.common]
2025-07-23 15:19:50.978 [DEBUG   ] Pipeline ure.post_validate directory is '/home/portnoy/u0/sytoanngo/ONEFlux/data/RoundRobin_input/RR-009/12_ure' [oneflux.pipeline.common]
2025-07-23 15:19:50.979 [DEBUG   ] Pipeline ure.post_validate in '/home/portnoy/u0/sytoanngo/ONEFlux/data/RoundRobin_input/RR-009/12_ure' found file pattern 'RR-009_DT_RECO_mef_matrix_ww_c_????_????.csv' (1 occurrences): ['RR-009_DT_RECO_mef_matrix_ww_c_2019_2024.csv'] [oneflux.pipeline.common]
2025-07-23 15:19:50.979 [DEBUG   ] Pipeline ure.post_validate directory is '/home/portnoy/u0/sytoanngo/ONEFlux/data/RoundRobin_input/RR-009/12_ure' [oneflux.pipeline.common]
2025-07-23 15:19:50.979 [DEBUG   ] Pipeline ure.post_validate in '/home/portnoy/u0/sytoanngo/ONEFlux/data/RoundRobin_input/RR-009/12_ure' found file pattern 'RR-009_DT_RECO_mef_matrix_ww_y_????_????.csv' (1 occurrences): ['RR-009_DT_RECO_mef_matrix_ww_y_2019_2024.csv'] [oneflux.pipeline.common]
2025-07-23 15:19:50.979 [DEBUG   ] Pipeline ure.post_validate directory is '/home/portnoy/u0/sytoanngo/ONEFlux/data/RoundRobin_input/RR-009/12_ure' [oneflux.pipeline.common]
2025-07-23 15:19:50.980 [DEBUG   ] Pipeline ure.post_validate in '/home/portnoy/u0/sytoanngo/ONEFlux/data/RoundRobin_input/RR-009/12_ure' found file pattern 'RR-009_DT_RECO_mef_matrix_yy_c_????_????.csv' (1 occurrences): ['RR-009_DT_RECO_mef_matrix_yy_c_2019_2024.csv'] [oneflux.pipeline.common]
2025-07-23 15:19:50.980 [DEBUG   ] Pipeline ure.post_validate directory is '/home/portnoy/u0/sytoanngo/ONEFlux/data/RoundRobin_input/RR-009/12_ure' [oneflux.pipeline.common]
2025-07-23 15:19:50.981 [DEBUG   ] Pipeline ure.post_validate in '/home/portnoy/u0/sytoanngo/ONEFlux/data/RoundRobin_input/RR-009/12_ure' found file pattern 'RR-009_DT_RECO_mef_matrix_yy_y_????_????.csv' (1 occurrences): ['RR-009_DT_RECO_mef_matrix_yy_y_2019_2024.csv'] [oneflux.pipeline.common]
2025-07-23 15:19:50.982 [DEBUG   ] Pipeline fluxnet2015.run moved directory '/home/portnoy/u0/sytoanngo/ONEFlux/data/RoundRobin_input/RR-009/99_fluxnet2015' to '/home/portnoy/u0/sytoanngo/ONEFlux/data/RoundRobin_input/RR-009/99_fluxnet2015__rocky_run20250723T082515' [oneflux.pipeline.common]
2025-07-23 15:19:50.982 [DEBUG   ] Created '/home/portnoy/u0/sytoanngo/ONEFlux/data/RoundRobin_input/RR-009/99_fluxnet2015' [oneflux.pipeline.common]
2025-07-23 15:19:50.982 [INFO    ] Execution command oneflux.pipeline.site_data_product.run_site [oneflux.pipeline.wrappers]
2025-07-23 15:19:50.983 [DEBUG   ] Processing 'hh' resolution [oneflux.pipeline.site_data_product]
2025-07-23 15:19:50.983 [DEBUG   ] Loading meteo/hh file: /home/portnoy/u0/sytoanngo/ONEFlux/data/RoundRobin_input/RR-009/07_meteo_proc/RR-009_meteo_hh.csv [oneflux.pipeline.site_data_product]
2025-07-23 15:20:54.975 [INFO    ] Checking range of values for SWC (RR-009) [oneflux.pipeline.site_data_product]
2025-07-23 15:20:54.975 [DEBUG   ] Found 1 SWC variables (['SWC_1_f']) for RR-009, checking ranges [oneflux.pipeline.site_data_product]
2025-07-23 15:21:11.206 [DEBUG   ] SWC variable 'SWC_1_f' stats (RR-009, 2022): negative_count=0  min=23.941  max=55.166 [oneflux.pipeline.site_data_product]
2025-07-23 15:21:11.505 [DEBUG   ] SWC variable 'SWC_1_f' stats (RR-009, 2023): negative_count=0  min=26.009  max=42.567 [oneflux.pipeline.site_data_product]
2025-07-23 15:21:11.796 [DEBUG   ] SWC variable 'SWC_1_f' stats (RR-009, 2024): negative_count=0  min=24.981  max=55.884 [oneflux.pipeline.site_data_product]
2025-07-23 15:21:11.796 [DEBUG   ] Done with checking SWC vars for RR-009 [oneflux.pipeline.site_data_product]
2025-07-23 15:21:11.797 [DEBUG   ] Loading nee/hh file: /home/portnoy/u0/sytoanngo/ONEFlux/data/RoundRobin_input/RR-009/08_nee_proc/RR-009_NEE_hh.csv [oneflux.pipeline.site_data_product]
2025-07-23 15:21:22.618 [DEBUG   ] Loading energy/hh file: /home/portnoy/u0/sytoanngo/ONEFlux/data/RoundRobin_input/RR-009/09_energy_proc/RR-009_energy_hh.csv [oneflux.pipeline.site_data_product]
2025-07-23 15:21:26.774 [DEBUG   ] Loading partitioning/hh file: /home/portnoy/u0/sytoanngo/ONEFlux/data/RoundRobin_input/RR-009/12_ure/RR-009_NT_RECO_hh.csv [oneflux.pipeline.site_data_product]
2025-07-23 15:21:30.593 [DEBUG   ] Loading partitioning/hh file: /home/portnoy/u0/sytoanngo/ONEFlux/data/RoundRobin_input/RR-009/12_ure/RR-009_NT_GPP_hh.csv [oneflux.pipeline.site_data_product]
2025-07-23 15:21:35.068 [DEBUG   ] Loading partitioning/hh file: /home/portnoy/u0/sytoanngo/ONEFlux/data/RoundRobin_input/RR-009/12_ure/RR-009_DT_RECO_hh.csv [oneflux.pipeline.site_data_product]
2025-07-23 15:21:40.450 [DEBUG   ] Loading partitioning/hh file: /home/portnoy/u0/sytoanngo/ONEFlux/data/RoundRobin_input/RR-009/12_ure/RR-009_DT_GPP_hh.csv [oneflux.pipeline.site_data_product]
2025-07-23 15:21:45.301 [DEBUG   ] Merged UNC headers: ('TIMESTAMP_START', 'TIMESTAMP_END', 'NT_RECO_ref_y', 'NT_RECO_ust50_y', 'NT_RECO_mean_y', 'NT_RECO_SE_y', 'NT_RECO_05_y', 'NT_RECO_16_y', 'NT_RECO_25_y', 'NT_RECO_50_y', 'NT_RECO_75_y', 'NT_RECO_84_y', 'NT_RECO_95_y', 'NT_RECO_ref_c', 'NT_RECO_ust50_c', 'NT_RECO_mean_c', 'NT_RECO_SE_c', 'NT_RECO_05_c', 'NT_RECO_16_c', 'NT_RECO_25_c', 'NT_RECO_50_c', 'NT_RECO_75_c', 'NT_RECO_84_c', 'NT_RECO_95_c', 'NT_GPP_ref_y', 'NT_GPP_ust50_y', 'NT_GPP_mean_y', 'NT_GPP_SE_y', 'NT_GPP_05_y', 'NT_GPP_16_y', 'NT_GPP_25_y', 'NT_GPP_50_y', 'NT_GPP_75_y', 'NT_GPP_84_y', 'NT_GPP_95_y', 'NT_GPP_ref_c', 'NT_GPP_ust50_c', 'NT_GPP_mean_c', 'NT_GPP_SE_c', 'NT_GPP_05_c', 'NT_GPP_16_c', 'NT_GPP_25_c', 'NT_GPP_50_c', 'NT_GPP_75_c', 'NT_GPP_84_c', 'NT_GPP_95_c', 'DT_RECO_ref_y', 'DT_RECO_ust50_y', 'DT_RECO_mean_y', 'DT_RECO_SE_y', 'DT_RECO_05_y', 'DT_RECO_16_y', 'DT_RECO_25_y', 'DT_RECO_50_y', 'DT_RECO_75_y', 'DT_RECO_84_y', 'DT_RECO_95_y', 'DT_RECO_ref_c', 'DT_RECO_ust50_c', 'DT_RECO_mean_c', 'DT_RECO_SE_c', 'DT_RECO_05_c', 'DT_RECO_16_c', 'DT_RECO_25_c', 'DT_RECO_50_c', 'DT_RECO_75_c', 'DT_RECO_84_c', 'DT_RECO_95_c', 'DT_GPP_ref_y', 'DT_GPP_ust50_y', 'DT_GPP_mean_y', 'DT_GPP_SE_y', 'DT_GPP_05_y', 'DT_GPP_16_y', 'DT_GPP_25_y', 'DT_GPP_50_y', 'DT_GPP_75_y', 'DT_GPP_84_y', 'DT_GPP_95_y', 'DT_GPP_ref_c', 'DT_GPP_ust50_c', 'DT_GPP_mean_c', 'DT_GPP_SE_c', 'DT_GPP_05_c', 'DT_GPP_16_c', 'DT_GPP_25_c', 'DT_GPP_50_c', 'DT_GPP_75_c', 'DT_GPP_84_c', 'DT_GPP_95_c') [oneflux.pipeline.site_data_product]
2025-07-23 15:21:45.502 [INFO    ] METEO number of records differs from ENERGY, assuming complete meteo and removing extra records [oneflux.pipeline.site_data_product]
2025-07-23 15:21:50.406 [DEBUG   ] Time slice results for 2020-2024: a[683712]=202001010000  a[771407]=202412312330 [oneflux.pipeline.site_data_product]
2025-07-23 15:21:50.406 [CRITICAL] Number of records differ: METEO=87696, ENERGY=87696, NEE=87696, UNC/PART=105216 [oneflux.pipeline.site_data_product]
2025-07-23 15:21:50.406 [CRITICAL] RR-009 an error occurred (/home/portnoy/u0/sytoanngo/ONEFlux/data/RoundRobin_input/RR-009): Number of records differ: METEO=87696, ENERGY=87696, NEE=87696, UNC/PART=105216 [oneflux.pipeline.wrappers]
2025-07-23 15:21:50.428 [CRITICAL] ['Traceback (most recent call last):\n', '  File "/home/portnoy/u0/sytoanngo/ONEFlux/oneflux/pipeline/wrappers.py", line 272, in run\n    driver.run()\n', '  File "/home/portnoy/u0/sytoanngo/ONEFlux/oneflux/pipeline/wrappers.py", line 2465, in run\n    era_last_timestamp_start=self.pipeline.era_last_timestamp_start)\n', '  File "/home/portnoy/u0/sytoanngo/ONEFlux/oneflux/pipeline/site_data_product.py", line 1091, in run_site\n    meteo_data, energy_data, nee_data, unc_data = check_lengths(siteid=siteid, meteo=meteo_data, energy=energy_data, nee=nee_data, unc=unc_data, resolution=resolution, nt_skip=pipeline.nt_skip, dt_skip=pipeline.dt_skip)\n', '  File "/home/portnoy/u0/sytoanngo/ONEFlux/oneflux/pipeline/site_data_product.py", line 1013, in check_lengths\n    raise ONEFluxError(msg)\n', 'ONEFluxError: Number of records differ: METEO=87696, ENERGY=87696, NEE=87696, UNC/PART=105216\n'] [oneflux]
2025-07-23 15:21:50.429 [INFO    ] RR-009 Pipeline run time 6:56:35.296915 (2025-07-23 08:25:15.132228 --- 2025-07-23 15:21:50.429143) [oneflux.pipeline.wrappers]
2025-07-23 15:21:50.430 [CRITICAL] ONEFlux ERRORS processing site dir /home/portnoy/u0/sytoanngo/ONEFlux/data/RoundRobin_input/RR-009 [oneflux.tools.pipeline]
2025-07-23 15:21:50.431 [CRITICAL] ['Traceback (most recent call last):\n', '  File "/home/portnoy/u0/sytoanngo/ONEFlux/oneflux/tools/pipeline.py", line 88, in run_pipeline\n    pipeline.run()\n', '  File "/home/portnoy/u0/sytoanngo/ONEFlux/oneflux/pipeline/wrappers.py", line 272, in run\n    driver.run()\n', '  File "/home/portnoy/u0/sytoanngo/ONEFlux/oneflux/pipeline/wrappers.py", line 2465, in run\n    era_last_timestamp_start=self.pipeline.era_last_timestamp_start)\n', '  File "/home/portnoy/u0/sytoanngo/ONEFlux/oneflux/pipeline/site_data_product.py", line 1091, in run_site\n    meteo_data, energy_data, nee_data, unc_data = check_lengths(siteid=siteid, meteo=meteo_data, energy=energy_data, nee=nee_data, unc=unc_data, resolution=resolution, nt_skip=pipeline.nt_skip, dt_skip=pipeline.dt_skip)\n', '  File "/home/portnoy/u0/sytoanngo/ONEFlux/oneflux/pipeline/site_data_product.py", line 1013, in check_lengths\n    raise ONEFluxError(msg)\n', 'ONEFluxError: Number of records differ: METEO=87696, ENERGY=87696, NEE=87696, UNC/PART=105216\n'] [oneflux.tools.pipeline]
2025-07-23 15:21:50.432 [CRITICAL] ['Traceback (most recent call last):\n', '  File "/home/portnoy/u0/sytoanngo/ONEFlux/runoneflux_test.py", line 96, in <module>\n    era_first_year=args.erafy, era_last_year=args.eraly,\n', '  File "/home/portnoy/u0/sytoanngo/ONEFlux/oneflux/tools/pipeline.py", line 88, in run_pipeline\n    pipeline.run()\n', '  File "/home/portnoy/u0/sytoanngo/ONEFlux/oneflux/pipeline/wrappers.py", line 272, in run\n    driver.run()\n', '  File "/home/portnoy/u0/sytoanngo/ONEFlux/oneflux/pipeline/wrappers.py", line 2465, in run\n    era_last_timestamp_start=self.pipeline.era_last_timestamp_start)\n', '  File "/home/portnoy/u0/sytoanngo/ONEFlux/oneflux/pipeline/site_data_product.py", line 1091, in run_site\n    meteo_data, energy_data, nee_data, unc_data = check_lengths(siteid=siteid, meteo=meteo_data, energy=energy_data, nee=nee_data, unc=unc_data, resolution=resolution, nt_skip=pipeline.nt_skip, dt_skip=pipeline.dt_skip)\n', '  File "/home/portnoy/u0/sytoanngo/ONEFlux/oneflux/pipeline/site_data_product.py", line 1013, in check_lengths\n    raise ONEFluxError(msg)\n', 'ONEFluxError: Number of records differ: METEO=87696, ENERGY=87696, NEE=87696, UNC/PART=105216\n'] [__main__]
2025-07-23 15:21:50.432 [CRITICAL] ***Problem during execution*** Number of records differ: METEO=87696, ENERGY=87696, NEE=87696, UNC/PART=105216 [__main__]
2025-07-23 15:21:50.432 [CRITICAL] ***Problem traceback*** Traceback (most recent call last):
  File "/home/portnoy/u0/sytoanngo/ONEFlux/runoneflux_test.py", line 96, in <module>
    era_first_year=args.erafy, era_last_year=args.eraly,
  File "/home/portnoy/u0/sytoanngo/ONEFlux/oneflux/tools/pipeline.py", line 88, in run_pipeline
    pipeline.run()
  File "/home/portnoy/u0/sytoanngo/ONEFlux/oneflux/pipeline/wrappers.py", line 272, in run
    driver.run()
  File "/home/portnoy/u0/sytoanngo/ONEFlux/oneflux/pipeline/wrappers.py", line 2465, in run
    era_last_timestamp_start=self.pipeline.era_last_timestamp_start)
  File "/home/portnoy/u0/sytoanngo/ONEFlux/oneflux/pipeline/site_data_product.py", line 1091, in run_site
    meteo_data, energy_data, nee_data, unc_data = check_lengths(siteid=siteid, meteo=meteo_data, energy=energy_data, nee=nee_data, unc=unc_data, resolution=resolution, nt_skip=pipeline.nt_skip, dt_skip=pipeline.dt_skip)
  File "/home/portnoy/u0/sytoanngo/ONEFlux/oneflux/pipeline/site_data_product.py", line 1013, in check_lengths
    raise ONEFluxError(msg)
ONEFluxError: Number of records differ: METEO=87696, ENERGY=87696, NEE=87696, UNC/PART=105216
 [__main__]
