2025-07-28 15:38:31.127 [INFO    ] Variable 'SWC_F_MDS_16' might be missing from headers of file: /global/scratch/users/sytoanngo/data/RoundRobin_input/RR-006/99_fluxnet2015/FLX_RR-006_FLUXNET2015_FULLSET_YY_2015-2020_1-RR.csv [oneflux.pipeline.common]
2025-07-28 15:38:31.128 [INFO    ] Variable 'SWC_F_MDS_17' might be missing from headers of file: /global/scratch/users/sytoanngo/data/RoundRobin_input/RR-006/99_fluxnet2015/FLX_RR-006_FLUXNET2015_FULLSET_YY_2015-2020_1-RR.csv [oneflux.pipeline.common]
2025-07-28 15:38:31.128 [INFO    ] Variable 'SWC_F_MDS_18' might be missing from headers of file: /global/scratch/users/sytoanngo/data/RoundRobin_input/RR-006/99_fluxnet2015/FLX_RR-006_FLUXNET2015_FULLSET_YY_2015-2020_1-RR.csv [oneflux.pipeline.common]
2025-07-28 15:38:31.128 [INFO    ] Variable 'SWC_F_MDS_19' might be missing from headers of file: /global/scratch/users/sytoanngo/data/RoundRobin_input/RR-006/99_fluxnet2015/FLX_RR-006_FLUXNET2015_FULLSET_YY_2015-2020_1-RR.csv [oneflux.pipeline.common]
2025-07-28 15:38:31.128 [INFO    ] Variable 'SWC_F_MDS_5_QC' might be missing from headers of file: /global/scratch/users/sytoanngo/data/RoundRobin_input/RR-006/99_fluxnet2015/FLX_RR-006_FLUXNET2015_FULLSET_YY_2015-2020_1-RR.csv [oneflux.pipeline.common]
2025-07-28 15:38:31.128 [INFO    ] Variable 'SWC_F_MDS_6_QC' might be missing from headers of file: /global/scratch/users/sytoanngo/data/RoundRobin_input/RR-006/99_fluxnet2015/FLX_RR-006_FLUXNET2015_FULLSET_YY_2015-2020_1-RR.csv [oneflux.pipeline.common]
2025-07-28 15:38:31.128 [INFO    ] Variable 'SWC_F_MDS_7_QC' might be missing from headers of file: /global/scratch/users/sytoanngo/data/RoundRobin_input/RR-006/99_fluxnet2015/FLX_RR-006_FLUXNET2015_FULLSET_YY_2015-2020_1-RR.csv [oneflux.pipeline.common]
2025-07-28 15:38:31.128 [INFO    ] Variable 'SWC_F_MDS_8_QC' might be missing from headers of file: /global/scratch/users/sytoanngo/data/RoundRobin_input/RR-006/99_fluxnet2015/FLX_RR-006_FLUXNET2015_FULLSET_YY_2015-2020_1-RR.csv [oneflux.pipeline.common]
2025-07-28 15:38:31.128 [INFO    ] Variable 'SWC_F_MDS_9_QC' might be missing from headers of file: /global/scratch/users/sytoanngo/data/RoundRobin_input/RR-006/99_fluxnet2015/FLX_RR-006_FLUXNET2015_FULLSET_YY_2015-2020_1-RR.csv [oneflux.pipeline.common]
2025-07-28 15:38:31.128 [INFO    ] Variable 'SWC_F_MDS_10_QC' might be missing from headers of file: /global/scratch/users/sytoanngo/data/RoundRobin_input/RR-006/99_fluxnet2015/FLX_RR-006_FLUXNET2015_FULLSET_YY_2015-2020_1-RR.csv [oneflux.pipeline.common]
2025-07-28 15:38:31.128 [INFO    ] Variable 'SWC_F_MDS_11_QC' might be missing from headers of file: /global/scratch/users/sytoanngo/data/RoundRobin_input/RR-006/99_fluxnet2015/FLX_RR-006_FLUXNET2015_FULLSET_YY_2015-2020_1-RR.csv [oneflux.pipeline.common]
2025-07-28 15:38:31.129 [INFO    ] Variable 'SWC_F_MDS_12_QC' might be missing from headers of file: /global/scratch/users/sytoanngo/data/RoundRobin_input/RR-006/99_fluxnet2015/FLX_RR-006_FLUXNET2015_FULLSET_YY_2015-2020_1-RR.csv [oneflux.pipeline.common]
2025-07-28 15:38:31.129 [INFO    ] Variable 'SWC_F_MDS_13_QC' might be missing from headers of file: /global/scratch/users/sytoanngo/data/RoundRobin_input/RR-006/99_fluxnet2015/FLX_RR-006_FLUXNET2015_FULLSET_YY_2015-2020_1-RR.csv [oneflux.pipeline.common]
2025-07-28 15:38:31.129 [INFO    ] Variable 'SWC_F_MDS_14_QC' might be missing from headers of file: /global/scratch/users/sytoanngo/data/RoundRobin_input/RR-006/99_fluxnet2015/FLX_RR-006_FLUXNET2015_FULLSET_YY_2015-2020_1-RR.csv [oneflux.pipeline.common]
2025-07-28 15:38:31.129 [INFO    ] Variable 'SWC_F_MDS_15_QC' might be missing from headers of file: /global/scratch/users/sytoanngo/data/RoundRobin_input/RR-006/99_fluxnet2015/FLX_RR-006_FLUXNET2015_FULLSET_YY_2015-2020_1-RR.csv [oneflux.pipeline.common]
2025-07-28 15:38:31.129 [INFO    ] Variable 'SWC_F_MDS_16_QC' might be missing from headers of file: /global/scratch/users/sytoanngo/data/RoundRobin_input/RR-006/99_fluxnet2015/FLX_RR-006_FLUXNET2015_FULLSET_YY_2015-2020_1-RR.csv [oneflux.pipeline.common]
2025-07-28 15:38:31.129 [INFO    ] Variable 'SWC_F_MDS_17_QC' might be missing from headers of file: /global/scratch/users/sytoanngo/data/RoundRobin_input/RR-006/99_fluxnet2015/FLX_RR-006_FLUXNET2015_FULLSET_YY_2015-2020_1-RR.csv [oneflux.pipeline.common]
2025-07-28 15:38:31.129 [INFO    ] Variable 'SWC_F_MDS_18_QC' might be missing from headers of file: /global/scratch/users/sytoanngo/data/RoundRobin_input/RR-006/99_fluxnet2015/FLX_RR-006_FLUXNET2015_FULLSET_YY_2015-2020_1-RR.csv [oneflux.pipeline.common]
2025-07-28 15:38:31.129 [INFO    ] Variable 'SWC_F_MDS_19_QC' might be missing from headers of file: /global/scratch/users/sytoanngo/data/RoundRobin_input/RR-006/99_fluxnet2015/FLX_RR-006_FLUXNET2015_FULLSET_YY_2015-2020_1-RR.csv [oneflux.pipeline.common]
2025-07-28 15:38:31.131 [INFO    ] Variable 'PPFD_DIF' might be missing from headers of file: /global/scratch/users/sytoanngo/data/RoundRobin_input/RR-006/99_fluxnet2015/FLX_RR-006_FLUXNET2015_FULLSET_YY_2015-2020_1-RR.csv [oneflux.pipeline.common]
2025-07-28 15:38:31.131 [INFO    ] Variable 'PPFD_DIF_QC' might be missing from headers of file: /global/scratch/users/sytoanngo/data/RoundRobin_input/RR-006/99_fluxnet2015/FLX_RR-006_FLUXNET2015_FULLSET_YY_2015-2020_1-RR.csv [oneflux.pipeline.common]
2025-07-28 15:38:31.131 [INFO    ] Variable 'PPFD_OUT' might be missing from headers of file: /global/scratch/users/sytoanngo/data/RoundRobin_input/RR-006/99_fluxnet2015/FLX_RR-006_FLUXNET2015_FULLSET_YY_2015-2020_1-RR.csv [oneflux.pipeline.common]
2025-07-28 15:38:31.131 [INFO    ] Variable 'PPFD_OUT_QC' might be missing from headers of file: /global/scratch/users/sytoanngo/data/RoundRobin_input/RR-006/99_fluxnet2015/FLX_RR-006_FLUXNET2015_FULLSET_YY_2015-2020_1-RR.csv [oneflux.pipeline.common]
2025-07-28 15:38:31.131 [INFO    ] Variable 'SW_DIF' might be missing from headers of file: /global/scratch/users/sytoanngo/data/RoundRobin_input/RR-006/99_fluxnet2015/FLX_RR-006_FLUXNET2015_FULLSET_YY_2015-2020_1-RR.csv [oneflux.pipeline.common]
2025-07-28 15:38:31.131 [INFO    ] Variable 'SW_DIF_QC' might be missing from headers of file: /global/scratch/users/sytoanngo/data/RoundRobin_input/RR-006/99_fluxnet2015/FLX_RR-006_FLUXNET2015_FULLSET_YY_2015-2020_1-RR.csv [oneflux.pipeline.common]
2025-07-28 15:38:31.131 [INFO    ] Variable 'PA' might be missing from headers of file: /global/scratch/users/sytoanngo/data/RoundRobin_input/RR-006/99_fluxnet2015/FLX_RR-006_FLUXNET2015_FULLSET_YY_2015-2020_1-RR.csv [oneflux.pipeline.common]
2025-07-28 15:38:31.131 [INFO    ] Variable 'SW_IN_POT' might be missing from headers of file: /global/scratch/users/sytoanngo/data/RoundRobin_input/RR-006/99_fluxnet2015/FLX_RR-006_FLUXNET2015_FULLSET_YY_2015-2020_1-RR.csv [oneflux.pipeline.common]
2025-07-28 15:38:31.132 [INFO    ] Variable 'P' might be missing from headers of file: /global/scratch/users/sytoanngo/data/RoundRobin_input/RR-006/99_fluxnet2015/FLX_RR-006_FLUXNET2015_FULLSET_YY_2015-2020_1-RR.csv [oneflux.pipeline.common]
2025-07-28 15:38:31.132 [INFO    ] Variable 'WS' might be missing from headers of file: /global/scratch/users/sytoanngo/data/RoundRobin_input/RR-006/99_fluxnet2015/FLX_RR-006_FLUXNET2015_FULLSET_YY_2015-2020_1-RR.csv [oneflux.pipeline.common]
2025-07-28 15:38:31.132 [INFO    ] Variable 'WD' might be missing from headers of file: /global/scratch/users/sytoanngo/data/RoundRobin_input/RR-006/99_fluxnet2015/FLX_RR-006_FLUXNET2015_FULLSET_YY_2015-2020_1-RR.csv [oneflux.pipeline.common]
2025-07-28 15:38:31.132 [INFO    ] Variable 'RH' might be missing from headers of file: /global/scratch/users/sytoanngo/data/RoundRobin_input/RR-006/99_fluxnet2015/FLX_RR-006_FLUXNET2015_FULLSET_YY_2015-2020_1-RR.csv [oneflux.pipeline.common]
2025-07-28 15:38:31.132 [INFO    ] Variable 'LE_CORR_25' might be missing from headers of file: /global/scratch/users/sytoanngo/data/RoundRobin_input/RR-006/99_fluxnet2015/FLX_RR-006_FLUXNET2015_FULLSET_YY_2015-2020_1-RR.csv [oneflux.pipeline.common]
2025-07-28 15:38:31.132 [INFO    ] Variable 'LE_CORR_75' might be missing from headers of file: /global/scratch/users/sytoanngo/data/RoundRobin_input/RR-006/99_fluxnet2015/FLX_RR-006_FLUXNET2015_FULLSET_YY_2015-2020_1-RR.csv [oneflux.pipeline.common]
2025-07-28 15:38:31.132 [INFO    ] Variable 'LE_RANDUNC_METHOD' might be missing from headers of file: /global/scratch/users/sytoanngo/data/RoundRobin_input/RR-006/99_fluxnet2015/FLX_RR-006_FLUXNET2015_FULLSET_YY_2015-2020_1-RR.csv [oneflux.pipeline.common]
2025-07-28 15:38:31.132 [INFO    ] Variable 'LE_RANDUNC_N' might be missing from headers of file: /global/scratch/users/sytoanngo/data/RoundRobin_input/RR-006/99_fluxnet2015/FLX_RR-006_FLUXNET2015_FULLSET_YY_2015-2020_1-RR.csv [oneflux.pipeline.common]
2025-07-28 15:38:31.132 [INFO    ] Variable 'LE_CORR_JOINTUNC' might be missing from headers of file: /global/scratch/users/sytoanngo/data/RoundRobin_input/RR-006/99_fluxnet2015/FLX_RR-006_FLUXNET2015_FULLSET_YY_2015-2020_1-RR.csv [oneflux.pipeline.common]
2025-07-28 15:38:31.132 [INFO    ] Variable 'H_CORR_25' might be missing from headers of file: /global/scratch/users/sytoanngo/data/RoundRobin_input/RR-006/99_fluxnet2015/FLX_RR-006_FLUXNET2015_FULLSET_YY_2015-2020_1-RR.csv [oneflux.pipeline.common]
2025-07-28 15:38:31.133 [INFO    ] Variable 'H_CORR_75' might be missing from headers of file: /global/scratch/users/sytoanngo/data/RoundRobin_input/RR-006/99_fluxnet2015/FLX_RR-006_FLUXNET2015_FULLSET_YY_2015-2020_1-RR.csv [oneflux.pipeline.common]
2025-07-28 15:38:31.133 [INFO    ] Variable 'H_RANDUNC_METHOD' might be missing from headers of file: /global/scratch/users/sytoanngo/data/RoundRobin_input/RR-006/99_fluxnet2015/FLX_RR-006_FLUXNET2015_FULLSET_YY_2015-2020_1-RR.csv [oneflux.pipeline.common]
2025-07-28 15:38:31.133 [INFO    ] Variable 'H_RANDUNC_N' might be missing from headers of file: /global/scratch/users/sytoanngo/data/RoundRobin_input/RR-006/99_fluxnet2015/FLX_RR-006_FLUXNET2015_FULLSET_YY_2015-2020_1-RR.csv [oneflux.pipeline.common]
2025-07-28 15:38:31.133 [INFO    ] Variable 'H_CORR_JOINTUNC' might be missing from headers of file: /global/scratch/users/sytoanngo/data/RoundRobin_input/RR-006/99_fluxnet2015/FLX_RR-006_FLUXNET2015_FULLSET_YY_2015-2020_1-RR.csv [oneflux.pipeline.common]
2025-07-28 15:38:31.133 [INFO    ] Variable 'TS_F_MDS_8' might be missing from headers of file: /global/scratch/users/sytoanngo/data/RoundRobin_input/RR-006/99_fluxnet2015/FLX_RR-006_FLUXNET2015_FULLSET_YY_2015-2020_1-RR.csv [oneflux.pipeline.common]
2025-07-28 15:38:31.133 [INFO    ] Variable 'TS_F_MDS_9' might be missing from headers of file: /global/scratch/users/sytoanngo/data/RoundRobin_input/RR-006/99_fluxnet2015/FLX_RR-006_FLUXNET2015_FULLSET_YY_2015-2020_1-RR.csv [oneflux.pipeline.common]
2025-07-28 15:38:31.133 [INFO    ] Variable 'TS_F_MDS_10' might be missing from headers of file: /global/scratch/users/sytoanngo/data/RoundRobin_input/RR-006/99_fluxnet2015/FLX_RR-006_FLUXNET2015_FULLSET_YY_2015-2020_1-RR.csv [oneflux.pipeline.common]
2025-07-28 15:38:31.133 [INFO    ] Variable 'TS_F_MDS_11' might be missing from headers of file: /global/scratch/users/sytoanngo/data/RoundRobin_input/RR-006/99_fluxnet2015/FLX_RR-006_FLUXNET2015_FULLSET_YY_2015-2020_1-RR.csv [oneflux.pipeline.common]
2025-07-28 15:38:31.133 [INFO    ] Variable 'TS_F_MDS_12' might be missing from headers of file: /global/scratch/users/sytoanngo/data/RoundRobin_input/RR-006/99_fluxnet2015/FLX_RR-006_FLUXNET2015_FULLSET_YY_2015-2020_1-RR.csv [oneflux.pipeline.common]
2025-07-28 15:38:31.134 [INFO    ] Variable 'TS_F_MDS_13' might be missing from headers of file: /global/scratch/users/sytoanngo/data/RoundRobin_input/RR-006/99_fluxnet2015/FLX_RR-006_FLUXNET2015_FULLSET_YY_2015-2020_1-RR.csv [oneflux.pipeline.common]
2025-07-28 15:38:31.134 [INFO    ] Variable 'TS_F_MDS_14' might be missing from headers of file: /global/scratch/users/sytoanngo/data/RoundRobin_input/RR-006/99_fluxnet2015/FLX_RR-006_FLUXNET2015_FULLSET_YY_2015-2020_1-RR.csv [oneflux.pipeline.common]
2025-07-28 15:38:31.134 [INFO    ] Variable 'TS_F_MDS_15' might be missing from headers of file: /global/scratch/users/sytoanngo/data/RoundRobin_input/RR-006/99_fluxnet2015/FLX_RR-006_FLUXNET2015_FULLSET_YY_2015-2020_1-RR.csv [oneflux.pipeline.common]
2025-07-28 15:38:31.134 [INFO    ] Variable 'TS_F_MDS_16' might be missing from headers of file: /global/scratch/users/sytoanngo/data/RoundRobin_input/RR-006/99_fluxnet2015/FLX_RR-006_FLUXNET2015_FULLSET_YY_2015-2020_1-RR.csv [oneflux.pipeline.common]
2025-07-28 15:38:31.134 [INFO    ] Variable 'TS_F_MDS_17' might be missing from headers of file: /global/scratch/users/sytoanngo/data/RoundRobin_input/RR-006/99_fluxnet2015/FLX_RR-006_FLUXNET2015_FULLSET_YY_2015-2020_1-RR.csv [oneflux.pipeline.common]
2025-07-28 15:38:31.134 [INFO    ] Variable 'TS_F_MDS_18' might be missing from headers of file: /global/scratch/users/sytoanngo/data/RoundRobin_input/RR-006/99_fluxnet2015/FLX_RR-006_FLUXNET2015_FULLSET_YY_2015-2020_1-RR.csv [oneflux.pipeline.common]
2025-07-28 15:38:31.134 [INFO    ] Variable 'TS_F_MDS_19' might be missing from headers of file: /global/scratch/users/sytoanngo/data/RoundRobin_input/RR-006/99_fluxnet2015/FLX_RR-006_FLUXNET2015_FULLSET_YY_2015-2020_1-RR.csv [oneflux.pipeline.common]
2025-07-28 15:38:31.134 [INFO    ] Variable 'TS_F_MDS_8_QC' might be missing from headers of file: /global/scratch/users/sytoanngo/data/RoundRobin_input/RR-006/99_fluxnet2015/FLX_RR-006_FLUXNET2015_FULLSET_YY_2015-2020_1-RR.csv [oneflux.pipeline.common]
2025-07-28 15:38:31.134 [INFO    ] Variable 'TS_F_MDS_9_QC' might be missing from headers of file: /global/scratch/users/sytoanngo/data/RoundRobin_input/RR-006/99_fluxnet2015/FLX_RR-006_FLUXNET2015_FULLSET_YY_2015-2020_1-RR.csv [oneflux.pipeline.common]
2025-07-28 15:38:31.135 [INFO    ] Variable 'TS_F_MDS_10_QC' might be missing from headers of file: /global/scratch/users/sytoanngo/data/RoundRobin_input/RR-006/99_fluxnet2015/FLX_RR-006_FLUXNET2015_FULLSET_YY_2015-2020_1-RR.csv [oneflux.pipeline.common]
2025-07-28 15:38:31.135 [INFO    ] Variable 'TS_F_MDS_11_QC' might be missing from headers of file: /global/scratch/users/sytoanngo/data/RoundRobin_input/RR-006/99_fluxnet2015/FLX_RR-006_FLUXNET2015_FULLSET_YY_2015-2020_1-RR.csv [oneflux.pipeline.common]
2025-07-28 15:38:31.135 [INFO    ] Variable 'TS_F_MDS_12_QC' might be missing from headers of file: /global/scratch/users/sytoanngo/data/RoundRobin_input/RR-006/99_fluxnet2015/FLX_RR-006_FLUXNET2015_FULLSET_YY_2015-2020_1-RR.csv [oneflux.pipeline.common]
2025-07-28 15:38:31.135 [INFO    ] Variable 'TS_F_MDS_13_QC' might be missing from headers of file: /global/scratch/users/sytoanngo/data/RoundRobin_input/RR-006/99_fluxnet2015/FLX_RR-006_FLUXNET2015_FULLSET_YY_2015-2020_1-RR.csv [oneflux.pipeline.common]
2025-07-28 15:38:31.135 [INFO    ] Variable 'TS_F_MDS_14_QC' might be missing from headers of file: /global/scratch/users/sytoanngo/data/RoundRobin_input/RR-006/99_fluxnet2015/FLX_RR-006_FLUXNET2015_FULLSET_YY_2015-2020_1-RR.csv [oneflux.pipeline.common]
2025-07-28 15:38:31.135 [INFO    ] Variable 'TS_F_MDS_15_QC' might be missing from headers of file: /global/scratch/users/sytoanngo/data/RoundRobin_input/RR-006/99_fluxnet2015/FLX_RR-006_FLUXNET2015_FULLSET_YY_2015-2020_1-RR.csv [oneflux.pipeline.common]
2025-07-28 15:38:31.135 [INFO    ] Variable 'TS_F_MDS_16_QC' might be missing from headers of file: /global/scratch/users/sytoanngo/data/RoundRobin_input/RR-006/99_fluxnet2015/FLX_RR-006_FLUXNET2015_FULLSET_YY_2015-2020_1-RR.csv [oneflux.pipeline.common]
2025-07-28 15:38:31.135 [INFO    ] Variable 'TS_F_MDS_17_QC' might be missing from headers of file: /global/scratch/users/sytoanngo/data/RoundRobin_input/RR-006/99_fluxnet2015/FLX_RR-006_FLUXNET2015_FULLSET_YY_2015-2020_1-RR.csv [oneflux.pipeline.common]
2025-07-28 15:38:31.135 [INFO    ] Variable 'TS_F_MDS_18_QC' might be missing from headers of file: /global/scratch/users/sytoanngo/data/RoundRobin_input/RR-006/99_fluxnet2015/FLX_RR-006_FLUXNET2015_FULLSET_YY_2015-2020_1-RR.csv [oneflux.pipeline.common]
2025-07-28 15:38:31.135 [INFO    ] Variable 'TS_F_MDS_19_QC' might be missing from headers of file: /global/scratch/users/sytoanngo/data/RoundRobin_input/RR-006/99_fluxnet2015/FLX_RR-006_FLUXNET2015_FULLSET_YY_2015-2020_1-RR.csv [oneflux.pipeline.common]
2025-07-28 15:38:31.136 [INFO    ] Variable 'SWC_F_MDS_5' might be missing from headers of file: /global/scratch/users/sytoanngo/data/RoundRobin_input/RR-006/99_fluxnet2015/FLX_RR-006_FLUXNET2015_FULLSET_YY_2015-2020_1-RR.csv [oneflux.pipeline.common]
2025-07-28 15:38:31.136 [INFO    ] Variable 'SWC_F_MDS_6' might be missing from headers of file: /global/scratch/users/sytoanngo/data/RoundRobin_input/RR-006/99_fluxnet2015/FLX_RR-006_FLUXNET2015_FULLSET_YY_2015-2020_1-RR.csv [oneflux.pipeline.common]
2025-07-28 15:38:31.136 [INFO    ] Variable 'SWC_F_MDS_7' might be missing from headers of file: /global/scratch/users/sytoanngo/data/RoundRobin_input/RR-006/99_fluxnet2015/FLX_RR-006_FLUXNET2015_FULLSET_YY_2015-2020_1-RR.csv [oneflux.pipeline.common]
2025-07-28 15:38:31.136 [INFO    ] Variable 'SWC_F_MDS_8' might be missing from headers of file: /global/scratch/users/sytoanngo/data/RoundRobin_input/RR-006/99_fluxnet2015/FLX_RR-006_FLUXNET2015_FULLSET_YY_2015-2020_1-RR.csv [oneflux.pipeline.common]
2025-07-28 15:38:31.136 [INFO    ] Variable 'SWC_F_MDS_9' might be missing from headers of file: /global/scratch/users/sytoanngo/data/RoundRobin_input/RR-006/99_fluxnet2015/FLX_RR-006_FLUXNET2015_FULLSET_YY_2015-2020_1-RR.csv [oneflux.pipeline.common]
2025-07-28 15:38:31.136 [INFO    ] Variable 'SWC_F_MDS_10' might be missing from headers of file: /global/scratch/users/sytoanngo/data/RoundRobin_input/RR-006/99_fluxnet2015/FLX_RR-006_FLUXNET2015_FULLSET_YY_2015-2020_1-RR.csv [oneflux.pipeline.common]
2025-07-28 15:38:31.136 [INFO    ] Variable 'SWC_F_MDS_11' might be missing from headers of file: /global/scratch/users/sytoanngo/data/RoundRobin_input/RR-006/99_fluxnet2015/FLX_RR-006_FLUXNET2015_FULLSET_YY_2015-2020_1-RR.csv [oneflux.pipeline.common]
2025-07-28 15:38:31.136 [INFO    ] Variable 'SWC_F_MDS_12' might be missing from headers of file: /global/scratch/users/sytoanngo/data/RoundRobin_input/RR-006/99_fluxnet2015/FLX_RR-006_FLUXNET2015_FULLSET_YY_2015-2020_1-RR.csv [oneflux.pipeline.common]
2025-07-28 15:38:31.136 [INFO    ] Variable 'SWC_F_MDS_13' might be missing from headers of file: /global/scratch/users/sytoanngo/data/RoundRobin_input/RR-006/99_fluxnet2015/FLX_RR-006_FLUXNET2015_FULLSET_YY_2015-2020_1-RR.csv [oneflux.pipeline.common]
2025-07-28 15:38:31.137 [INFO    ] Variable 'SWC_F_MDS_14' might be missing from headers of file: /global/scratch/users/sytoanngo/data/RoundRobin_input/RR-006/99_fluxnet2015/FLX_RR-006_FLUXNET2015_FULLSET_YY_2015-2020_1-RR.csv [oneflux.pipeline.common]
2025-07-28 15:38:31.137 [INFO    ] Variable 'SWC_F_MDS_15' might be missing from headers of file: /global/scratch/users/sytoanngo/data/RoundRobin_input/RR-006/99_fluxnet2015/FLX_RR-006_FLUXNET2015_FULLSET_YY_2015-2020_1-RR.csv [oneflux.pipeline.common]
2025-07-28 15:38:31.137 [INFO    ] Variable 'SWC_F_MDS_16' might be missing from headers of file: /global/scratch/users/sytoanngo/data/RoundRobin_input/RR-006/99_fluxnet2015/FLX_RR-006_FLUXNET2015_FULLSET_YY_2015-2020_1-RR.csv [oneflux.pipeline.common]
2025-07-28 15:38:31.137 [INFO    ] Variable 'SWC_F_MDS_17' might be missing from headers of file: /global/scratch/users/sytoanngo/data/RoundRobin_input/RR-006/99_fluxnet2015/FLX_RR-006_FLUXNET2015_FULLSET_YY_2015-2020_1-RR.csv [oneflux.pipeline.common]
2025-07-28 15:38:31.137 [INFO    ] Variable 'SWC_F_MDS_18' might be missing from headers of file: /global/scratch/users/sytoanngo/data/RoundRobin_input/RR-006/99_fluxnet2015/FLX_RR-006_FLUXNET2015_FULLSET_YY_2015-2020_1-RR.csv [oneflux.pipeline.common]
2025-07-28 15:38:31.137 [INFO    ] Variable 'SWC_F_MDS_19' might be missing from headers of file: /global/scratch/users/sytoanngo/data/RoundRobin_input/RR-006/99_fluxnet2015/FLX_RR-006_FLUXNET2015_FULLSET_YY_2015-2020_1-RR.csv [oneflux.pipeline.common]
2025-07-28 15:38:31.137 [INFO    ] Variable 'SWC_F_MDS_5_QC' might be missing from headers of file: /global/scratch/users/sytoanngo/data/RoundRobin_input/RR-006/99_fluxnet2015/FLX_RR-006_FLUXNET2015_FULLSET_YY_2015-2020_1-RR.csv [oneflux.pipeline.common]
2025-07-28 15:38:31.137 [INFO    ] Variable 'SWC_F_MDS_6_QC' might be missing from headers of file: /global/scratch/users/sytoanngo/data/RoundRobin_input/RR-006/99_fluxnet2015/FLX_RR-006_FLUXNET2015_FULLSET_YY_2015-2020_1-RR.csv [oneflux.pipeline.common]
2025-07-28 15:38:31.137 [INFO    ] Variable 'SWC_F_MDS_7_QC' might be missing from headers of file: /global/scratch/users/sytoanngo/data/RoundRobin_input/RR-006/99_fluxnet2015/FLX_RR-006_FLUXNET2015_FULLSET_YY_2015-2020_1-RR.csv [oneflux.pipeline.common]
2025-07-28 15:38:31.137 [INFO    ] Variable 'SWC_F_MDS_8_QC' might be missing from headers of file: /global/scratch/users/sytoanngo/data/RoundRobin_input/RR-006/99_fluxnet2015/FLX_RR-006_FLUXNET2015_FULLSET_YY_2015-2020_1-RR.csv [oneflux.pipeline.common]
2025-07-28 15:38:31.138 [INFO    ] Variable 'SWC_F_MDS_9_QC' might be missing from headers of file: /global/scratch/users/sytoanngo/data/RoundRobin_input/RR-006/99_fluxnet2015/FLX_RR-006_FLUXNET2015_FULLSET_YY_2015-2020_1-RR.csv [oneflux.pipeline.common]
2025-07-28 15:38:31.138 [INFO    ] Variable 'SWC_F_MDS_10_QC' might be missing from headers of file: /global/scratch/users/sytoanngo/data/RoundRobin_input/RR-006/99_fluxnet2015/FLX_RR-006_FLUXNET2015_FULLSET_YY_2015-2020_1-RR.csv [oneflux.pipeline.common]
2025-07-28 15:38:31.138 [INFO    ] Variable 'SWC_F_MDS_11_QC' might be missing from headers of file: /global/scratch/users/sytoanngo/data/RoundRobin_input/RR-006/99_fluxnet2015/FLX_RR-006_FLUXNET2015_FULLSET_YY_2015-2020_1-RR.csv [oneflux.pipeline.common]
2025-07-28 15:38:31.138 [INFO    ] Variable 'SWC_F_MDS_12_QC' might be missing from headers of file: /global/scratch/users/sytoanngo/data/RoundRobin_input/RR-006/99_fluxnet2015/FLX_RR-006_FLUXNET2015_FULLSET_YY_2015-2020_1-RR.csv [oneflux.pipeline.common]
2025-07-28 15:38:31.138 [INFO    ] Variable 'SWC_F_MDS_13_QC' might be missing from headers of file: /global/scratch/users/sytoanngo/data/RoundRobin_input/RR-006/99_fluxnet2015/FLX_RR-006_FLUXNET2015_FULLSET_YY_2015-2020_1-RR.csv [oneflux.pipeline.common]
2025-07-28 15:38:31.138 [INFO    ] Variable 'SWC_F_MDS_14_QC' might be missing from headers of file: /global/scratch/users/sytoanngo/data/RoundRobin_input/RR-006/99_fluxnet2015/FLX_RR-006_FLUXNET2015_FULLSET_YY_2015-2020_1-RR.csv [oneflux.pipeline.common]
2025-07-28 15:38:31.138 [INFO    ] Variable 'SWC_F_MDS_15_QC' might be missing from headers of file: /global/scratch/users/sytoanngo/data/RoundRobin_input/RR-006/99_fluxnet2015/FLX_RR-006_FLUXNET2015_FULLSET_YY_2015-2020_1-RR.csv [oneflux.pipeline.common]
2025-07-28 15:38:31.138 [INFO    ] Variable 'SWC_F_MDS_16_QC' might be missing from headers of file: /global/scratch/users/sytoanngo/data/RoundRobin_input/RR-006/99_fluxnet2015/FLX_RR-006_FLUXNET2015_FULLSET_YY_2015-2020_1-RR.csv [oneflux.pipeline.common]
2025-07-28 15:38:31.138 [INFO    ] Variable 'SWC_F_MDS_17_QC' might be missing from headers of file: /global/scratch/users/sytoanngo/data/RoundRobin_input/RR-006/99_fluxnet2015/FLX_RR-006_FLUXNET2015_FULLSET_YY_2015-2020_1-RR.csv [oneflux.pipeline.common]
2025-07-28 15:38:31.138 [INFO    ] Variable 'SWC_F_MDS_18_QC' might be missing from headers of file: /global/scratch/users/sytoanngo/data/RoundRobin_input/RR-006/99_fluxnet2015/FLX_RR-006_FLUXNET2015_FULLSET_YY_2015-2020_1-RR.csv [oneflux.pipeline.common]
2025-07-28 15:38:31.139 [INFO    ] Variable 'SWC_F_MDS_19_QC' might be missing from headers of file: /global/scratch/users/sytoanngo/data/RoundRobin_input/RR-006/99_fluxnet2015/FLX_RR-006_FLUXNET2015_FULLSET_YY_2015-2020_1-RR.csv [oneflux.pipeline.common]
2025-07-28 15:38:31.139 [INFO    ] Pipeline fluxnet2015 execution finished [oneflux.pipeline.wrappers]
2025-07-28 15:38:31.139 [INFO    ] RR-006 Pipeline run time 3:19:59.859624 (2025-07-28 12:18:31.279694 --- 2025-07-28 15:38:31.139318) [oneflux.pipeline.wrappers]
2025-07-28 15:38:31.140 [INFO    ] RR-006 Pipeline: execution finished [oneflux.pipeline.wrappers]
2025-07-28 15:38:31.140 [INFO    ] Finished processing site dir /global/scratch/users/sytoanngo/data/RoundRobin_input/RR-006 [oneflux.tools.pipeline]
2025-07-28 15:38:31.140 [INFO    ] Finished execution: all [__main__]
