2025-07-25 18:20:53.500 [INFO    ] Variable 'PPFD_DIF_QC' might be missing from headers of file: /home/portnoy/u0/sytoanngo/ONEFlux/data/RoundRobin_input/RR-007/99_fluxnet2015/FLX_RR-007_FLUXNET2015_FULLSET_YY_2006-2020_1-RR.csv [oneflux.pipeline.common]
2025-07-25 18:20:53.500 [INFO    ] Variable 'SW_DIF' might be missing from headers of file: /home/portnoy/u0/sytoanngo/ONEFlux/data/RoundRobin_input/RR-007/99_fluxnet2015/FLX_RR-007_FLUXNET2015_FULLSET_YY_2006-2020_1-RR.csv [oneflux.pipeline.common]
2025-07-25 18:20:53.501 [INFO    ] Variable 'SW_DIF_QC' might be missing from headers of file: /home/portnoy/u0/sytoanngo/ONEFlux/data/RoundRobin_input/RR-007/99_fluxnet2015/FLX_RR-007_FLUXNET2015_FULLSET_YY_2006-2020_1-RR.csv [oneflux.pipeline.common]
2025-07-25 18:20:53.501 [INFO    ] Variable 'SW_OUT' might be missing from headers of file: /home/portnoy/u0/sytoanngo/ONEFlux/data/RoundRobin_input/RR-007/99_fluxnet2015/FLX_RR-007_FLUXNET2015_FULLSET_YY_2006-2020_1-RR.csv [oneflux.pipeline.common]
2025-07-25 18:20:53.501 [INFO    ] Variable 'SW_OUT_QC' might be missing from headers of file: /home/portnoy/u0/sytoanngo/ONEFlux/data/RoundRobin_input/RR-007/99_fluxnet2015/FLX_RR-007_FLUXNET2015_FULLSET_YY_2006-2020_1-RR.csv [oneflux.pipeline.common]
2025-07-25 18:20:53.501 [INFO    ] Variable 'LW_OUT' might be missing from headers of file: /home/portnoy/u0/sytoanngo/ONEFlux/data/RoundRobin_input/RR-007/99_fluxnet2015/FLX_RR-007_FLUXNET2015_FULLSET_YY_2006-2020_1-RR.csv [oneflux.pipeline.common]
2025-07-25 18:20:53.501 [INFO    ] Variable 'LW_OUT_QC' might be missing from headers of file: /home/portnoy/u0/sytoanngo/ONEFlux/data/RoundRobin_input/RR-007/99_fluxnet2015/FLX_RR-007_FLUXNET2015_FULLSET_YY_2006-2020_1-RR.csv [oneflux.pipeline.common]
2025-07-25 18:20:53.501 [INFO    ] Variable 'PA' might be missing from headers of file: /home/portnoy/u0/sytoanngo/ONEFlux/data/RoundRobin_input/RR-007/99_fluxnet2015/FLX_RR-007_FLUXNET2015_FULLSET_YY_2006-2020_1-RR.csv [oneflux.pipeline.common]
2025-07-25 18:20:53.501 [INFO    ] Variable 'SW_IN_POT' might be missing from headers of file: /home/portnoy/u0/sytoanngo/ONEFlux/data/RoundRobin_input/RR-007/99_fluxnet2015/FLX_RR-007_FLUXNET2015_FULLSET_YY_2006-2020_1-RR.csv [oneflux.pipeline.common]
2025-07-25 18:20:53.501 [INFO    ] Variable 'P' might be missing from headers of file: /home/portnoy/u0/sytoanngo/ONEFlux/data/RoundRobin_input/RR-007/99_fluxnet2015/FLX_RR-007_FLUXNET2015_FULLSET_YY_2006-2020_1-RR.csv [oneflux.pipeline.common]
2025-07-25 18:20:53.502 [INFO    ] Variable 'WS' might be missing from headers of file: /home/portnoy/u0/sytoanngo/ONEFlux/data/RoundRobin_input/RR-007/99_fluxnet2015/FLX_RR-007_FLUXNET2015_FULLSET_YY_2006-2020_1-RR.csv [oneflux.pipeline.common]
2025-07-25 18:20:53.502 [INFO    ] Variable 'WD' might be missing from headers of file: /home/portnoy/u0/sytoanngo/ONEFlux/data/RoundRobin_input/RR-007/99_fluxnet2015/FLX_RR-007_FLUXNET2015_FULLSET_YY_2006-2020_1-RR.csv [oneflux.pipeline.common]
2025-07-25 18:20:53.502 [INFO    ] Variable 'RH' might be missing from headers of file: /home/portnoy/u0/sytoanngo/ONEFlux/data/RoundRobin_input/RR-007/99_fluxnet2015/FLX_RR-007_FLUXNET2015_FULLSET_YY_2006-2020_1-RR.csv [oneflux.pipeline.common]
2025-07-25 18:20:53.502 [INFO    ] Variable 'LE_CORR_25' might be missing from headers of file: /home/portnoy/u0/sytoanngo/ONEFlux/data/RoundRobin_input/RR-007/99_fluxnet2015/FLX_RR-007_FLUXNET2015_FULLSET_YY_2006-2020_1-RR.csv [oneflux.pipeline.common]
2025-07-25 18:20:53.502 [INFO    ] Variable 'LE_CORR_75' might be missing from headers of file: /home/portnoy/u0/sytoanngo/ONEFlux/data/RoundRobin_input/RR-007/99_fluxnet2015/FLX_RR-007_FLUXNET2015_FULLSET_YY_2006-2020_1-RR.csv [oneflux.pipeline.common]
2025-07-25 18:20:53.502 [INFO    ] Variable 'LE_RANDUNC_METHOD' might be missing from headers of file: /home/portnoy/u0/sytoanngo/ONEFlux/data/RoundRobin_input/RR-007/99_fluxnet2015/FLX_RR-007_FLUXNET2015_FULLSET_YY_2006-2020_1-RR.csv [oneflux.pipeline.common]
2025-07-25 18:20:53.502 [INFO    ] Variable 'LE_RANDUNC_N' might be missing from headers of file: /home/portnoy/u0/sytoanngo/ONEFlux/data/RoundRobin_input/RR-007/99_fluxnet2015/FLX_RR-007_FLUXNET2015_FULLSET_YY_2006-2020_1-RR.csv [oneflux.pipeline.common]
2025-07-25 18:20:53.502 [INFO    ] Variable 'LE_CORR_JOINTUNC' might be missing from headers of file: /home/portnoy/u0/sytoanngo/ONEFlux/data/RoundRobin_input/RR-007/99_fluxnet2015/FLX_RR-007_FLUXNET2015_FULLSET_YY_2006-2020_1-RR.csv [oneflux.pipeline.common]
2025-07-25 18:20:53.503 [INFO    ] Variable 'H_CORR_25' might be missing from headers of file: /home/portnoy/u0/sytoanngo/ONEFlux/data/RoundRobin_input/RR-007/99_fluxnet2015/FLX_RR-007_FLUXNET2015_FULLSET_YY_2006-2020_1-RR.csv [oneflux.pipeline.common]
2025-07-25 18:20:53.503 [INFO    ] Variable 'H_CORR_75' might be missing from headers of file: /home/portnoy/u0/sytoanngo/ONEFlux/data/RoundRobin_input/RR-007/99_fluxnet2015/FLX_RR-007_FLUXNET2015_FULLSET_YY_2006-2020_1-RR.csv [oneflux.pipeline.common]
2025-07-25 18:20:53.503 [INFO    ] Variable 'H_RANDUNC_METHOD' might be missing from headers of file: /home/portnoy/u0/sytoanngo/ONEFlux/data/RoundRobin_input/RR-007/99_fluxnet2015/FLX_RR-007_FLUXNET2015_FULLSET_YY_2006-2020_1-RR.csv [oneflux.pipeline.common]
2025-07-25 18:20:53.503 [INFO    ] Variable 'H_RANDUNC_N' might be missing from headers of file: /home/portnoy/u0/sytoanngo/ONEFlux/data/RoundRobin_input/RR-007/99_fluxnet2015/FLX_RR-007_FLUXNET2015_FULLSET_YY_2006-2020_1-RR.csv [oneflux.pipeline.common]
2025-07-25 18:20:53.503 [INFO    ] Variable 'H_CORR_JOINTUNC' might be missing from headers of file: /home/portnoy/u0/sytoanngo/ONEFlux/data/RoundRobin_input/RR-007/99_fluxnet2015/FLX_RR-007_FLUXNET2015_FULLSET_YY_2006-2020_1-RR.csv [oneflux.pipeline.common]
2025-07-25 18:20:53.503 [INFO    ] Variable 'TS_F_MDS_2' might be missing from headers of file: /home/portnoy/u0/sytoanngo/ONEFlux/data/RoundRobin_input/RR-007/99_fluxnet2015/FLX_RR-007_FLUXNET2015_FULLSET_YY_2006-2020_1-RR.csv [oneflux.pipeline.common]
2025-07-25 18:20:53.503 [INFO    ] Variable 'TS_F_MDS_3' might be missing from headers of file: /home/portnoy/u0/sytoanngo/ONEFlux/data/RoundRobin_input/RR-007/99_fluxnet2015/FLX_RR-007_FLUXNET2015_FULLSET_YY_2006-2020_1-RR.csv [oneflux.pipeline.common]
2025-07-25 18:20:53.503 [INFO    ] Variable 'TS_F_MDS_4' might be missing from headers of file: /home/portnoy/u0/sytoanngo/ONEFlux/data/RoundRobin_input/RR-007/99_fluxnet2015/FLX_RR-007_FLUXNET2015_FULLSET_YY_2006-2020_1-RR.csv [oneflux.pipeline.common]
2025-07-25 18:20:53.504 [INFO    ] Variable 'TS_F_MDS_5' might be missing from headers of file: /home/portnoy/u0/sytoanngo/ONEFlux/data/RoundRobin_input/RR-007/99_fluxnet2015/FLX_RR-007_FLUXNET2015_FULLSET_YY_2006-2020_1-RR.csv [oneflux.pipeline.common]
2025-07-25 18:20:53.504 [INFO    ] Variable 'TS_F_MDS_6' might be missing from headers of file: /home/portnoy/u0/sytoanngo/ONEFlux/data/RoundRobin_input/RR-007/99_fluxnet2015/FLX_RR-007_FLUXNET2015_FULLSET_YY_2006-2020_1-RR.csv [oneflux.pipeline.common]
2025-07-25 18:20:53.504 [INFO    ] Variable 'TS_F_MDS_7' might be missing from headers of file: /home/portnoy/u0/sytoanngo/ONEFlux/data/RoundRobin_input/RR-007/99_fluxnet2015/FLX_RR-007_FLUXNET2015_FULLSET_YY_2006-2020_1-RR.csv [oneflux.pipeline.common]
2025-07-25 18:20:53.504 [INFO    ] Variable 'TS_F_MDS_8' might be missing from headers of file: /home/portnoy/u0/sytoanngo/ONEFlux/data/RoundRobin_input/RR-007/99_fluxnet2015/FLX_RR-007_FLUXNET2015_FULLSET_YY_2006-2020_1-RR.csv [oneflux.pipeline.common]
2025-07-25 18:20:53.504 [INFO    ] Variable 'TS_F_MDS_9' might be missing from headers of file: /home/portnoy/u0/sytoanngo/ONEFlux/data/RoundRobin_input/RR-007/99_fluxnet2015/FLX_RR-007_FLUXNET2015_FULLSET_YY_2006-2020_1-RR.csv [oneflux.pipeline.common]
2025-07-25 18:20:53.504 [INFO    ] Variable 'TS_F_MDS_10' might be missing from headers of file: /home/portnoy/u0/sytoanngo/ONEFlux/data/RoundRobin_input/RR-007/99_fluxnet2015/FLX_RR-007_FLUXNET2015_FULLSET_YY_2006-2020_1-RR.csv [oneflux.pipeline.common]
2025-07-25 18:20:53.504 [INFO    ] Variable 'TS_F_MDS_11' might be missing from headers of file: /home/portnoy/u0/sytoanngo/ONEFlux/data/RoundRobin_input/RR-007/99_fluxnet2015/FLX_RR-007_FLUXNET2015_FULLSET_YY_2006-2020_1-RR.csv [oneflux.pipeline.common]
2025-07-25 18:20:53.504 [INFO    ] Variable 'TS_F_MDS_12' might be missing from headers of file: /home/portnoy/u0/sytoanngo/ONEFlux/data/RoundRobin_input/RR-007/99_fluxnet2015/FLX_RR-007_FLUXNET2015_FULLSET_YY_2006-2020_1-RR.csv [oneflux.pipeline.common]
2025-07-25 18:20:53.505 [INFO    ] Variable 'TS_F_MDS_13' might be missing from headers of file: /home/portnoy/u0/sytoanngo/ONEFlux/data/RoundRobin_input/RR-007/99_fluxnet2015/FLX_RR-007_FLUXNET2015_FULLSET_YY_2006-2020_1-RR.csv [oneflux.pipeline.common]
2025-07-25 18:20:53.505 [INFO    ] Variable 'TS_F_MDS_14' might be missing from headers of file: /home/portnoy/u0/sytoanngo/ONEFlux/data/RoundRobin_input/RR-007/99_fluxnet2015/FLX_RR-007_FLUXNET2015_FULLSET_YY_2006-2020_1-RR.csv [oneflux.pipeline.common]
2025-07-25 18:20:53.505 [INFO    ] Variable 'TS_F_MDS_15' might be missing from headers of file: /home/portnoy/u0/sytoanngo/ONEFlux/data/RoundRobin_input/RR-007/99_fluxnet2015/FLX_RR-007_FLUXNET2015_FULLSET_YY_2006-2020_1-RR.csv [oneflux.pipeline.common]
2025-07-25 18:20:53.505 [INFO    ] Variable 'TS_F_MDS_16' might be missing from headers of file: /home/portnoy/u0/sytoanngo/ONEFlux/data/RoundRobin_input/RR-007/99_fluxnet2015/FLX_RR-007_FLUXNET2015_FULLSET_YY_2006-2020_1-RR.csv [oneflux.pipeline.common]
2025-07-25 18:20:53.505 [INFO    ] Variable 'TS_F_MDS_17' might be missing from headers of file: /home/portnoy/u0/sytoanngo/ONEFlux/data/RoundRobin_input/RR-007/99_fluxnet2015/FLX_RR-007_FLUXNET2015_FULLSET_YY_2006-2020_1-RR.csv [oneflux.pipeline.common]
2025-07-25 18:20:53.505 [INFO    ] Variable 'TS_F_MDS_18' might be missing from headers of file: /home/portnoy/u0/sytoanngo/ONEFlux/data/RoundRobin_input/RR-007/99_fluxnet2015/FLX_RR-007_FLUXNET2015_FULLSET_YY_2006-2020_1-RR.csv [oneflux.pipeline.common]
2025-07-25 18:20:53.505 [INFO    ] Variable 'TS_F_MDS_19' might be missing from headers of file: /home/portnoy/u0/sytoanngo/ONEFlux/data/RoundRobin_input/RR-007/99_fluxnet2015/FLX_RR-007_FLUXNET2015_FULLSET_YY_2006-2020_1-RR.csv [oneflux.pipeline.common]
2025-07-25 18:20:53.505 [INFO    ] Variable 'TS_F_MDS_2_QC' might be missing from headers of file: /home/portnoy/u0/sytoanngo/ONEFlux/data/RoundRobin_input/RR-007/99_fluxnet2015/FLX_RR-007_FLUXNET2015_FULLSET_YY_2006-2020_1-RR.csv [oneflux.pipeline.common]
2025-07-25 18:20:53.505 [INFO    ] Variable 'TS_F_MDS_3_QC' might be missing from headers of file: /home/portnoy/u0/sytoanngo/ONEFlux/data/RoundRobin_input/RR-007/99_fluxnet2015/FLX_RR-007_FLUXNET2015_FULLSET_YY_2006-2020_1-RR.csv [oneflux.pipeline.common]
2025-07-25 18:20:53.506 [INFO    ] Variable 'TS_F_MDS_4_QC' might be missing from headers of file: /home/portnoy/u0/sytoanngo/ONEFlux/data/RoundRobin_input/RR-007/99_fluxnet2015/FLX_RR-007_FLUXNET2015_FULLSET_YY_2006-2020_1-RR.csv [oneflux.pipeline.common]
2025-07-25 18:20:53.506 [INFO    ] Variable 'TS_F_MDS_5_QC' might be missing from headers of file: /home/portnoy/u0/sytoanngo/ONEFlux/data/RoundRobin_input/RR-007/99_fluxnet2015/FLX_RR-007_FLUXNET2015_FULLSET_YY_2006-2020_1-RR.csv [oneflux.pipeline.common]
2025-07-25 18:20:53.506 [INFO    ] Variable 'TS_F_MDS_6_QC' might be missing from headers of file: /home/portnoy/u0/sytoanngo/ONEFlux/data/RoundRobin_input/RR-007/99_fluxnet2015/FLX_RR-007_FLUXNET2015_FULLSET_YY_2006-2020_1-RR.csv [oneflux.pipeline.common]
2025-07-25 18:20:53.506 [INFO    ] Variable 'TS_F_MDS_7_QC' might be missing from headers of file: /home/portnoy/u0/sytoanngo/ONEFlux/data/RoundRobin_input/RR-007/99_fluxnet2015/FLX_RR-007_FLUXNET2015_FULLSET_YY_2006-2020_1-RR.csv [oneflux.pipeline.common]
2025-07-25 18:20:53.506 [INFO    ] Variable 'TS_F_MDS_8_QC' might be missing from headers of file: /home/portnoy/u0/sytoanngo/ONEFlux/data/RoundRobin_input/RR-007/99_fluxnet2015/FLX_RR-007_FLUXNET2015_FULLSET_YY_2006-2020_1-RR.csv [oneflux.pipeline.common]
2025-07-25 18:20:53.506 [INFO    ] Variable 'TS_F_MDS_9_QC' might be missing from headers of file: /home/portnoy/u0/sytoanngo/ONEFlux/data/RoundRobin_input/RR-007/99_fluxnet2015/FLX_RR-007_FLUXNET2015_FULLSET_YY_2006-2020_1-RR.csv [oneflux.pipeline.common]
2025-07-25 18:20:53.506 [INFO    ] Variable 'TS_F_MDS_10_QC' might be missing from headers of file: /home/portnoy/u0/sytoanngo/ONEFlux/data/RoundRobin_input/RR-007/99_fluxnet2015/FLX_RR-007_FLUXNET2015_FULLSET_YY_2006-2020_1-RR.csv [oneflux.pipeline.common]
2025-07-25 18:20:53.506 [INFO    ] Variable 'TS_F_MDS_11_QC' might be missing from headers of file: /home/portnoy/u0/sytoanngo/ONEFlux/data/RoundRobin_input/RR-007/99_fluxnet2015/FLX_RR-007_FLUXNET2015_FULLSET_YY_2006-2020_1-RR.csv [oneflux.pipeline.common]
2025-07-25 18:20:53.507 [INFO    ] Variable 'TS_F_MDS_12_QC' might be missing from headers of file: /home/portnoy/u0/sytoanngo/ONEFlux/data/RoundRobin_input/RR-007/99_fluxnet2015/FLX_RR-007_FLUXNET2015_FULLSET_YY_2006-2020_1-RR.csv [oneflux.pipeline.common]
2025-07-25 18:20:53.507 [INFO    ] Variable 'TS_F_MDS_13_QC' might be missing from headers of file: /home/portnoy/u0/sytoanngo/ONEFlux/data/RoundRobin_input/RR-007/99_fluxnet2015/FLX_RR-007_FLUXNET2015_FULLSET_YY_2006-2020_1-RR.csv [oneflux.pipeline.common]
2025-07-25 18:20:53.507 [INFO    ] Variable 'TS_F_MDS_14_QC' might be missing from headers of file: /home/portnoy/u0/sytoanngo/ONEFlux/data/RoundRobin_input/RR-007/99_fluxnet2015/FLX_RR-007_FLUXNET2015_FULLSET_YY_2006-2020_1-RR.csv [oneflux.pipeline.common]
2025-07-25 18:20:53.507 [INFO    ] Variable 'TS_F_MDS_15_QC' might be missing from headers of file: /home/portnoy/u0/sytoanngo/ONEFlux/data/RoundRobin_input/RR-007/99_fluxnet2015/FLX_RR-007_FLUXNET2015_FULLSET_YY_2006-2020_1-RR.csv [oneflux.pipeline.common]
2025-07-25 18:20:53.507 [INFO    ] Variable 'TS_F_MDS_16_QC' might be missing from headers of file: /home/portnoy/u0/sytoanngo/ONEFlux/data/RoundRobin_input/RR-007/99_fluxnet2015/FLX_RR-007_FLUXNET2015_FULLSET_YY_2006-2020_1-RR.csv [oneflux.pipeline.common]
2025-07-25 18:20:53.507 [INFO    ] Variable 'TS_F_MDS_17_QC' might be missing from headers of file: /home/portnoy/u0/sytoanngo/ONEFlux/data/RoundRobin_input/RR-007/99_fluxnet2015/FLX_RR-007_FLUXNET2015_FULLSET_YY_2006-2020_1-RR.csv [oneflux.pipeline.common]
2025-07-25 18:20:53.507 [INFO    ] Variable 'TS_F_MDS_18_QC' might be missing from headers of file: /home/portnoy/u0/sytoanngo/ONEFlux/data/RoundRobin_input/RR-007/99_fluxnet2015/FLX_RR-007_FLUXNET2015_FULLSET_YY_2006-2020_1-RR.csv [oneflux.pipeline.common]
2025-07-25 18:20:53.507 [INFO    ] Variable 'TS_F_MDS_19_QC' might be missing from headers of file: /home/portnoy/u0/sytoanngo/ONEFlux/data/RoundRobin_input/RR-007/99_fluxnet2015/FLX_RR-007_FLUXNET2015_FULLSET_YY_2006-2020_1-RR.csv [oneflux.pipeline.common]
2025-07-25 18:20:53.508 [INFO    ] Variable 'SWC_F_MDS_2' might be missing from headers of file: /home/portnoy/u0/sytoanngo/ONEFlux/data/RoundRobin_input/RR-007/99_fluxnet2015/FLX_RR-007_FLUXNET2015_FULLSET_YY_2006-2020_1-RR.csv [oneflux.pipeline.common]
2025-07-25 18:20:53.508 [INFO    ] Variable 'SWC_F_MDS_3' might be missing from headers of file: /home/portnoy/u0/sytoanngo/ONEFlux/data/RoundRobin_input/RR-007/99_fluxnet2015/FLX_RR-007_FLUXNET2015_FULLSET_YY_2006-2020_1-RR.csv [oneflux.pipeline.common]
2025-07-25 18:20:53.508 [INFO    ] Variable 'SWC_F_MDS_4' might be missing from headers of file: /home/portnoy/u0/sytoanngo/ONEFlux/data/RoundRobin_input/RR-007/99_fluxnet2015/FLX_RR-007_FLUXNET2015_FULLSET_YY_2006-2020_1-RR.csv [oneflux.pipeline.common]
2025-07-25 18:20:53.508 [INFO    ] Variable 'SWC_F_MDS_5' might be missing from headers of file: /home/portnoy/u0/sytoanngo/ONEFlux/data/RoundRobin_input/RR-007/99_fluxnet2015/FLX_RR-007_FLUXNET2015_FULLSET_YY_2006-2020_1-RR.csv [oneflux.pipeline.common]
2025-07-25 18:20:53.508 [INFO    ] Variable 'SWC_F_MDS_6' might be missing from headers of file: /home/portnoy/u0/sytoanngo/ONEFlux/data/RoundRobin_input/RR-007/99_fluxnet2015/FLX_RR-007_FLUXNET2015_FULLSET_YY_2006-2020_1-RR.csv [oneflux.pipeline.common]
2025-07-25 18:20:53.508 [INFO    ] Variable 'SWC_F_MDS_7' might be missing from headers of file: /home/portnoy/u0/sytoanngo/ONEFlux/data/RoundRobin_input/RR-007/99_fluxnet2015/FLX_RR-007_FLUXNET2015_FULLSET_YY_2006-2020_1-RR.csv [oneflux.pipeline.common]
2025-07-25 18:20:53.508 [INFO    ] Variable 'SWC_F_MDS_8' might be missing from headers of file: /home/portnoy/u0/sytoanngo/ONEFlux/data/RoundRobin_input/RR-007/99_fluxnet2015/FLX_RR-007_FLUXNET2015_FULLSET_YY_2006-2020_1-RR.csv [oneflux.pipeline.common]
2025-07-25 18:20:53.508 [INFO    ] Variable 'SWC_F_MDS_9' might be missing from headers of file: /home/portnoy/u0/sytoanngo/ONEFlux/data/RoundRobin_input/RR-007/99_fluxnet2015/FLX_RR-007_FLUXNET2015_FULLSET_YY_2006-2020_1-RR.csv [oneflux.pipeline.common]
2025-07-25 18:20:53.509 [INFO    ] Variable 'SWC_F_MDS_10' might be missing from headers of file: /home/portnoy/u0/sytoanngo/ONEFlux/data/RoundRobin_input/RR-007/99_fluxnet2015/FLX_RR-007_FLUXNET2015_FULLSET_YY_2006-2020_1-RR.csv [oneflux.pipeline.common]
2025-07-25 18:20:53.509 [INFO    ] Variable 'SWC_F_MDS_11' might be missing from headers of file: /home/portnoy/u0/sytoanngo/ONEFlux/data/RoundRobin_input/RR-007/99_fluxnet2015/FLX_RR-007_FLUXNET2015_FULLSET_YY_2006-2020_1-RR.csv [oneflux.pipeline.common]
2025-07-25 18:20:53.509 [INFO    ] Variable 'SWC_F_MDS_12' might be missing from headers of file: /home/portnoy/u0/sytoanngo/ONEFlux/data/RoundRobin_input/RR-007/99_fluxnet2015/FLX_RR-007_FLUXNET2015_FULLSET_YY_2006-2020_1-RR.csv [oneflux.pipeline.common]
2025-07-25 18:20:53.509 [INFO    ] Variable 'SWC_F_MDS_13' might be missing from headers of file: /home/portnoy/u0/sytoanngo/ONEFlux/data/RoundRobin_input/RR-007/99_fluxnet2015/FLX_RR-007_FLUXNET2015_FULLSET_YY_2006-2020_1-RR.csv [oneflux.pipeline.common]
2025-07-25 18:20:53.509 [INFO    ] Variable 'SWC_F_MDS_14' might be missing from headers of file: /home/portnoy/u0/sytoanngo/ONEFlux/data/RoundRobin_input/RR-007/99_fluxnet2015/FLX_RR-007_FLUXNET2015_FULLSET_YY_2006-2020_1-RR.csv [oneflux.pipeline.common]
2025-07-25 18:20:53.509 [INFO    ] Variable 'SWC_F_MDS_15' might be missing from headers of file: /home/portnoy/u0/sytoanngo/ONEFlux/data/RoundRobin_input/RR-007/99_fluxnet2015/FLX_RR-007_FLUXNET2015_FULLSET_YY_2006-2020_1-RR.csv [oneflux.pipeline.common]
2025-07-25 18:20:53.509 [INFO    ] Variable 'SWC_F_MDS_16' might be missing from headers of file: /home/portnoy/u0/sytoanngo/ONEFlux/data/RoundRobin_input/RR-007/99_fluxnet2015/FLX_RR-007_FLUXNET2015_FULLSET_YY_2006-2020_1-RR.csv [oneflux.pipeline.common]
2025-07-25 18:20:53.509 [INFO    ] Variable 'SWC_F_MDS_17' might be missing from headers of file: /home/portnoy/u0/sytoanngo/ONEFlux/data/RoundRobin_input/RR-007/99_fluxnet2015/FLX_RR-007_FLUXNET2015_FULLSET_YY_2006-2020_1-RR.csv [oneflux.pipeline.common]
2025-07-25 18:20:53.510 [INFO    ] Variable 'SWC_F_MDS_18' might be missing from headers of file: /home/portnoy/u0/sytoanngo/ONEFlux/data/RoundRobin_input/RR-007/99_fluxnet2015/FLX_RR-007_FLUXNET2015_FULLSET_YY_2006-2020_1-RR.csv [oneflux.pipeline.common]
2025-07-25 18:20:53.510 [INFO    ] Variable 'SWC_F_MDS_19' might be missing from headers of file: /home/portnoy/u0/sytoanngo/ONEFlux/data/RoundRobin_input/RR-007/99_fluxnet2015/FLX_RR-007_FLUXNET2015_FULLSET_YY_2006-2020_1-RR.csv [oneflux.pipeline.common]
2025-07-25 18:20:53.510 [INFO    ] Variable 'SWC_F_MDS_2_QC' might be missing from headers of file: /home/portnoy/u0/sytoanngo/ONEFlux/data/RoundRobin_input/RR-007/99_fluxnet2015/FLX_RR-007_FLUXNET2015_FULLSET_YY_2006-2020_1-RR.csv [oneflux.pipeline.common]
2025-07-25 18:20:53.510 [INFO    ] Variable 'SWC_F_MDS_3_QC' might be missing from headers of file: /home/portnoy/u0/sytoanngo/ONEFlux/data/RoundRobin_input/RR-007/99_fluxnet2015/FLX_RR-007_FLUXNET2015_FULLSET_YY_2006-2020_1-RR.csv [oneflux.pipeline.common]
2025-07-25 18:20:53.510 [INFO    ] Variable 'SWC_F_MDS_4_QC' might be missing from headers of file: /home/portnoy/u0/sytoanngo/ONEFlux/data/RoundRobin_input/RR-007/99_fluxnet2015/FLX_RR-007_FLUXNET2015_FULLSET_YY_2006-2020_1-RR.csv [oneflux.pipeline.common]
2025-07-25 18:20:53.510 [INFO    ] Variable 'SWC_F_MDS_5_QC' might be missing from headers of file: /home/portnoy/u0/sytoanngo/ONEFlux/data/RoundRobin_input/RR-007/99_fluxnet2015/FLX_RR-007_FLUXNET2015_FULLSET_YY_2006-2020_1-RR.csv [oneflux.pipeline.common]
2025-07-25 18:20:53.510 [INFO    ] Variable 'SWC_F_MDS_6_QC' might be missing from headers of file: /home/portnoy/u0/sytoanngo/ONEFlux/data/RoundRobin_input/RR-007/99_fluxnet2015/FLX_RR-007_FLUXNET2015_FULLSET_YY_2006-2020_1-RR.csv [oneflux.pipeline.common]
2025-07-25 18:20:53.510 [INFO    ] Variable 'SWC_F_MDS_7_QC' might be missing from headers of file: /home/portnoy/u0/sytoanngo/ONEFlux/data/RoundRobin_input/RR-007/99_fluxnet2015/FLX_RR-007_FLUXNET2015_FULLSET_YY_2006-2020_1-RR.csv [oneflux.pipeline.common]
2025-07-25 18:20:53.510 [INFO    ] Variable 'SWC_F_MDS_8_QC' might be missing from headers of file: /home/portnoy/u0/sytoanngo/ONEFlux/data/RoundRobin_input/RR-007/99_fluxnet2015/FLX_RR-007_FLUXNET2015_FULLSET_YY_2006-2020_1-RR.csv [oneflux.pipeline.common]
2025-07-25 18:20:53.511 [INFO    ] Variable 'SWC_F_MDS_9_QC' might be missing from headers of file: /home/portnoy/u0/sytoanngo/ONEFlux/data/RoundRobin_input/RR-007/99_fluxnet2015/FLX_RR-007_FLUXNET2015_FULLSET_YY_2006-2020_1-RR.csv [oneflux.pipeline.common]
2025-07-25 18:20:53.511 [INFO    ] Variable 'SWC_F_MDS_10_QC' might be missing from headers of file: /home/portnoy/u0/sytoanngo/ONEFlux/data/RoundRobin_input/RR-007/99_fluxnet2015/FLX_RR-007_FLUXNET2015_FULLSET_YY_2006-2020_1-RR.csv [oneflux.pipeline.common]
2025-07-25 18:20:53.511 [INFO    ] Variable 'SWC_F_MDS_11_QC' might be missing from headers of file: /home/portnoy/u0/sytoanngo/ONEFlux/data/RoundRobin_input/RR-007/99_fluxnet2015/FLX_RR-007_FLUXNET2015_FULLSET_YY_2006-2020_1-RR.csv [oneflux.pipeline.common]
2025-07-25 18:20:53.511 [INFO    ] Variable 'SWC_F_MDS_12_QC' might be missing from headers of file: /home/portnoy/u0/sytoanngo/ONEFlux/data/RoundRobin_input/RR-007/99_fluxnet2015/FLX_RR-007_FLUXNET2015_FULLSET_YY_2006-2020_1-RR.csv [oneflux.pipeline.common]
2025-07-25 18:20:53.511 [INFO    ] Variable 'SWC_F_MDS_13_QC' might be missing from headers of file: /home/portnoy/u0/sytoanngo/ONEFlux/data/RoundRobin_input/RR-007/99_fluxnet2015/FLX_RR-007_FLUXNET2015_FULLSET_YY_2006-2020_1-RR.csv [oneflux.pipeline.common]
2025-07-25 18:20:53.511 [INFO    ] Variable 'SWC_F_MDS_14_QC' might be missing from headers of file: /home/portnoy/u0/sytoanngo/ONEFlux/data/RoundRobin_input/RR-007/99_fluxnet2015/FLX_RR-007_FLUXNET2015_FULLSET_YY_2006-2020_1-RR.csv [oneflux.pipeline.common]
2025-07-25 18:20:53.511 [INFO    ] Variable 'SWC_F_MDS_15_QC' might be missing from headers of file: /home/portnoy/u0/sytoanngo/ONEFlux/data/RoundRobin_input/RR-007/99_fluxnet2015/FLX_RR-007_FLUXNET2015_FULLSET_YY_2006-2020_1-RR.csv [oneflux.pipeline.common]
2025-07-25 18:20:53.511 [INFO    ] Variable 'SWC_F_MDS_16_QC' might be missing from headers of file: /home/portnoy/u0/sytoanngo/ONEFlux/data/RoundRobin_input/RR-007/99_fluxnet2015/FLX_RR-007_FLUXNET2015_FULLSET_YY_2006-2020_1-RR.csv [oneflux.pipeline.common]
2025-07-25 18:20:53.512 [INFO    ] Variable 'SWC_F_MDS_17_QC' might be missing from headers of file: /home/portnoy/u0/sytoanngo/ONEFlux/data/RoundRobin_input/RR-007/99_fluxnet2015/FLX_RR-007_FLUXNET2015_FULLSET_YY_2006-2020_1-RR.csv [oneflux.pipeline.common]
2025-07-25 18:20:53.512 [INFO    ] Variable 'SWC_F_MDS_18_QC' might be missing from headers of file: /home/portnoy/u0/sytoanngo/ONEFlux/data/RoundRobin_input/RR-007/99_fluxnet2015/FLX_RR-007_FLUXNET2015_FULLSET_YY_2006-2020_1-RR.csv [oneflux.pipeline.common]
2025-07-25 18:20:53.512 [INFO    ] Variable 'SWC_F_MDS_19_QC' might be missing from headers of file: /home/portnoy/u0/sytoanngo/ONEFlux/data/RoundRobin_input/RR-007/99_fluxnet2015/FLX_RR-007_FLUXNET2015_FULLSET_YY_2006-2020_1-RR.csv [oneflux.pipeline.common]
2025-07-25 18:20:53.512 [INFO    ] Pipeline fluxnet2015 execution finished [oneflux.pipeline.wrappers]
2025-07-25 18:20:53.513 [INFO    ] RR-007 Pipeline run time 2 days, 9:55:44.971657 (2025-07-23 08:25:08.541016 --- 2025-07-25 18:20:53.512673) [oneflux.pipeline.wrappers]
2025-07-25 18:20:53.517 [INFO    ] RR-007 Pipeline: execution finished [oneflux.pipeline.wrappers]
2025-07-25 18:20:53.517 [INFO    ] Finished processing site dir /home/portnoy/u0/sytoanngo/ONEFlux/data/RoundRobin_input/RR-007 [oneflux.tools.pipeline]
2025-07-25 18:20:53.517 [INFO    ] Finished execution: all [__main__]
