2025-07-24 13:30:21.378 [INFO    ] Variable 'SWC_F_MDS_8_QC' might be missing from headers of file: /home/portnoy/u0/sytoanngo/ONEFlux/data/RoundRobin_input/RR-003/99_fluxnet2015/FLX_RR-003_FLUXNET2015_FULLSET_YY_2004-2023_1-RR.csv [oneflux.pipeline.common]
2025-07-24 13:30:21.378 [INFO    ] Variable 'SWC_F_MDS_9_QC' might be missing from headers of file: /home/portnoy/u0/sytoanngo/ONEFlux/data/RoundRobin_input/RR-003/99_fluxnet2015/FLX_RR-003_FLUXNET2015_FULLSET_YY_2004-2023_1-RR.csv [oneflux.pipeline.common]
2025-07-24 13:30:21.378 [INFO    ] Variable 'SWC_F_MDS_10_QC' might be missing from headers of file: /home/portnoy/u0/sytoanngo/ONEFlux/data/RoundRobin_input/RR-003/99_fluxnet2015/FLX_RR-003_FLUXNET2015_FULLSET_YY_2004-2023_1-RR.csv [oneflux.pipeline.common]
2025-07-24 13:30:21.378 [INFO    ] Variable 'SWC_F_MDS_11_QC' might be missing from headers of file: /home/portnoy/u0/sytoanngo/ONEFlux/data/RoundRobin_input/RR-003/99_fluxnet2015/FLX_RR-003_FLUXNET2015_FULLSET_YY_2004-2023_1-RR.csv [oneflux.pipeline.common]
2025-07-24 13:30:21.378 [INFO    ] Variable 'SWC_F_MDS_12_QC' might be missing from headers of file: /home/portnoy/u0/sytoanngo/ONEFlux/data/RoundRobin_input/RR-003/99_fluxnet2015/FLX_RR-003_FLUXNET2015_FULLSET_YY_2004-2023_1-RR.csv [oneflux.pipeline.common]
2025-07-24 13:30:21.379 [INFO    ] Variable 'SWC_F_MDS_13_QC' might be missing from headers of file: /home/portnoy/u0/sytoanngo/ONEFlux/data/RoundRobin_input/RR-003/99_fluxnet2015/FLX_RR-003_FLUXNET2015_FULLSET_YY_2004-2023_1-RR.csv [oneflux.pipeline.common]
2025-07-24 13:30:21.379 [INFO    ] Variable 'SWC_F_MDS_14_QC' might be missing from headers of file: /home/portnoy/u0/sytoanngo/ONEFlux/data/RoundRobin_input/RR-003/99_fluxnet2015/FLX_RR-003_FLUXNET2015_FULLSET_YY_2004-2023_1-RR.csv [oneflux.pipeline.common]
2025-07-24 13:30:21.379 [INFO    ] Variable 'SWC_F_MDS_15_QC' might be missing from headers of file: /home/portnoy/u0/sytoanngo/ONEFlux/data/RoundRobin_input/RR-003/99_fluxnet2015/FLX_RR-003_FLUXNET2015_FULLSET_YY_2004-2023_1-RR.csv [oneflux.pipeline.common]
2025-07-24 13:30:21.379 [INFO    ] Variable 'SWC_F_MDS_16_QC' might be missing from headers of file: /home/portnoy/u0/sytoanngo/ONEFlux/data/RoundRobin_input/RR-003/99_fluxnet2015/FLX_RR-003_FLUXNET2015_FULLSET_YY_2004-2023_1-RR.csv [oneflux.pipeline.common]
2025-07-24 13:30:21.379 [INFO    ] Variable 'SWC_F_MDS_17_QC' might be missing from headers of file: /home/portnoy/u0/sytoanngo/ONEFlux/data/RoundRobin_input/RR-003/99_fluxnet2015/FLX_RR-003_FLUXNET2015_FULLSET_YY_2004-2023_1-RR.csv [oneflux.pipeline.common]
2025-07-24 13:30:21.379 [INFO    ] Variable 'SWC_F_MDS_18_QC' might be missing from headers of file: /home/portnoy/u0/sytoanngo/ONEFlux/data/RoundRobin_input/RR-003/99_fluxnet2015/FLX_RR-003_FLUXNET2015_FULLSET_YY_2004-2023_1-RR.csv [oneflux.pipeline.common]
2025-07-24 13:30:21.379 [INFO    ] Variable 'SWC_F_MDS_19_QC' might be missing from headers of file: /home/portnoy/u0/sytoanngo/ONEFlux/data/RoundRobin_input/RR-003/99_fluxnet2015/FLX_RR-003_FLUXNET2015_FULLSET_YY_2004-2023_1-RR.csv [oneflux.pipeline.common]
2025-07-24 13:30:21.380 [ERROR   ] Variable 'NETRAD' missing from headers of file: /home/portnoy/u0/sytoanngo/ONEFlux/data/RoundRobin_input/RR-003/99_fluxnet2015/FLX_RR-003_FLUXNET2015_FULLSET_YY_2004-2023_1-RR.csv [oneflux.pipeline.common]
2025-07-24 13:30:21.380 [INFO    ] Variable 'NETRAD_QC' might be missing from headers of file: /home/portnoy/u0/sytoanngo/ONEFlux/data/RoundRobin_input/RR-003/99_fluxnet2015/FLX_RR-003_FLUXNET2015_FULLSET_YY_2004-2023_1-RR.csv [oneflux.pipeline.common]
2025-07-24 13:30:21.380 [INFO    ] Variable 'PPFD_DIF' might be missing from headers of file: /home/portnoy/u0/sytoanngo/ONEFlux/data/RoundRobin_input/RR-003/99_fluxnet2015/FLX_RR-003_FLUXNET2015_FULLSET_YY_2004-2023_1-RR.csv [oneflux.pipeline.common]
2025-07-24 13:30:21.380 [INFO    ] Variable 'PPFD_DIF_QC' might be missing from headers of file: /home/portnoy/u0/sytoanngo/ONEFlux/data/RoundRobin_input/RR-003/99_fluxnet2015/FLX_RR-003_FLUXNET2015_FULLSET_YY_2004-2023_1-RR.csv [oneflux.pipeline.common]
2025-07-24 13:30:21.381 [INFO    ] Variable 'PPFD_OUT' might be missing from headers of file: /home/portnoy/u0/sytoanngo/ONEFlux/data/RoundRobin_input/RR-003/99_fluxnet2015/FLX_RR-003_FLUXNET2015_FULLSET_YY_2004-2023_1-RR.csv [oneflux.pipeline.common]
2025-07-24 13:30:21.381 [INFO    ] Variable 'PPFD_OUT_QC' might be missing from headers of file: /home/portnoy/u0/sytoanngo/ONEFlux/data/RoundRobin_input/RR-003/99_fluxnet2015/FLX_RR-003_FLUXNET2015_FULLSET_YY_2004-2023_1-RR.csv [oneflux.pipeline.common]
2025-07-24 13:30:21.381 [INFO    ] Variable 'SW_DIF' might be missing from headers of file: /home/portnoy/u0/sytoanngo/ONEFlux/data/RoundRobin_input/RR-003/99_fluxnet2015/FLX_RR-003_FLUXNET2015_FULLSET_YY_2004-2023_1-RR.csv [oneflux.pipeline.common]
2025-07-24 13:30:21.381 [INFO    ] Variable 'SW_DIF_QC' might be missing from headers of file: /home/portnoy/u0/sytoanngo/ONEFlux/data/RoundRobin_input/RR-003/99_fluxnet2015/FLX_RR-003_FLUXNET2015_FULLSET_YY_2004-2023_1-RR.csv [oneflux.pipeline.common]
2025-07-24 13:30:21.381 [INFO    ] Variable 'SW_OUT' might be missing from headers of file: /home/portnoy/u0/sytoanngo/ONEFlux/data/RoundRobin_input/RR-003/99_fluxnet2015/FLX_RR-003_FLUXNET2015_FULLSET_YY_2004-2023_1-RR.csv [oneflux.pipeline.common]
2025-07-24 13:30:21.381 [INFO    ] Variable 'SW_OUT_QC' might be missing from headers of file: /home/portnoy/u0/sytoanngo/ONEFlux/data/RoundRobin_input/RR-003/99_fluxnet2015/FLX_RR-003_FLUXNET2015_FULLSET_YY_2004-2023_1-RR.csv [oneflux.pipeline.common]
2025-07-24 13:30:21.381 [INFO    ] Variable 'LW_OUT' might be missing from headers of file: /home/portnoy/u0/sytoanngo/ONEFlux/data/RoundRobin_input/RR-003/99_fluxnet2015/FLX_RR-003_FLUXNET2015_FULLSET_YY_2004-2023_1-RR.csv [oneflux.pipeline.common]
2025-07-24 13:30:21.381 [INFO    ] Variable 'LW_OUT_QC' might be missing from headers of file: /home/portnoy/u0/sytoanngo/ONEFlux/data/RoundRobin_input/RR-003/99_fluxnet2015/FLX_RR-003_FLUXNET2015_FULLSET_YY_2004-2023_1-RR.csv [oneflux.pipeline.common]
2025-07-24 13:30:21.382 [INFO    ] Variable 'PA' might be missing from headers of file: /home/portnoy/u0/sytoanngo/ONEFlux/data/RoundRobin_input/RR-003/99_fluxnet2015/FLX_RR-003_FLUXNET2015_FULLSET_YY_2004-2023_1-RR.csv [oneflux.pipeline.common]
2025-07-24 13:30:21.382 [INFO    ] Variable 'SW_IN_POT' might be missing from headers of file: /home/portnoy/u0/sytoanngo/ONEFlux/data/RoundRobin_input/RR-003/99_fluxnet2015/FLX_RR-003_FLUXNET2015_FULLSET_YY_2004-2023_1-RR.csv [oneflux.pipeline.common]
2025-07-24 13:30:21.382 [INFO    ] Variable 'P' might be missing from headers of file: /home/portnoy/u0/sytoanngo/ONEFlux/data/RoundRobin_input/RR-003/99_fluxnet2015/FLX_RR-003_FLUXNET2015_FULLSET_YY_2004-2023_1-RR.csv [oneflux.pipeline.common]
2025-07-24 13:30:21.382 [INFO    ] Variable 'WS' might be missing from headers of file: /home/portnoy/u0/sytoanngo/ONEFlux/data/RoundRobin_input/RR-003/99_fluxnet2015/FLX_RR-003_FLUXNET2015_FULLSET_YY_2004-2023_1-RR.csv [oneflux.pipeline.common]
2025-07-24 13:30:21.382 [INFO    ] Variable 'WD' might be missing from headers of file: /home/portnoy/u0/sytoanngo/ONEFlux/data/RoundRobin_input/RR-003/99_fluxnet2015/FLX_RR-003_FLUXNET2015_FULLSET_YY_2004-2023_1-RR.csv [oneflux.pipeline.common]
2025-07-24 13:30:21.382 [INFO    ] Variable 'RH' might be missing from headers of file: /home/portnoy/u0/sytoanngo/ONEFlux/data/RoundRobin_input/RR-003/99_fluxnet2015/FLX_RR-003_FLUXNET2015_FULLSET_YY_2004-2023_1-RR.csv [oneflux.pipeline.common]
2025-07-24 13:30:21.382 [INFO    ] Variable 'LE_CORR_25' might be missing from headers of file: /home/portnoy/u0/sytoanngo/ONEFlux/data/RoundRobin_input/RR-003/99_fluxnet2015/FLX_RR-003_FLUXNET2015_FULLSET_YY_2004-2023_1-RR.csv [oneflux.pipeline.common]
2025-07-24 13:30:21.382 [INFO    ] Variable 'LE_CORR_75' might be missing from headers of file: /home/portnoy/u0/sytoanngo/ONEFlux/data/RoundRobin_input/RR-003/99_fluxnet2015/FLX_RR-003_FLUXNET2015_FULLSET_YY_2004-2023_1-RR.csv [oneflux.pipeline.common]
2025-07-24 13:30:21.383 [INFO    ] Variable 'LE_RANDUNC_METHOD' might be missing from headers of file: /home/portnoy/u0/sytoanngo/ONEFlux/data/RoundRobin_input/RR-003/99_fluxnet2015/FLX_RR-003_FLUXNET2015_FULLSET_YY_2004-2023_1-RR.csv [oneflux.pipeline.common]
2025-07-24 13:30:21.383 [INFO    ] Variable 'LE_RANDUNC_N' might be missing from headers of file: /home/portnoy/u0/sytoanngo/ONEFlux/data/RoundRobin_input/RR-003/99_fluxnet2015/FLX_RR-003_FLUXNET2015_FULLSET_YY_2004-2023_1-RR.csv [oneflux.pipeline.common]
2025-07-24 13:30:21.383 [INFO    ] Variable 'LE_CORR_JOINTUNC' might be missing from headers of file: /home/portnoy/u0/sytoanngo/ONEFlux/data/RoundRobin_input/RR-003/99_fluxnet2015/FLX_RR-003_FLUXNET2015_FULLSET_YY_2004-2023_1-RR.csv [oneflux.pipeline.common]
2025-07-24 13:30:21.383 [INFO    ] Variable 'H_CORR_25' might be missing from headers of file: /home/portnoy/u0/sytoanngo/ONEFlux/data/RoundRobin_input/RR-003/99_fluxnet2015/FLX_RR-003_FLUXNET2015_FULLSET_YY_2004-2023_1-RR.csv [oneflux.pipeline.common]
2025-07-24 13:30:21.383 [INFO    ] Variable 'H_CORR_75' might be missing from headers of file: /home/portnoy/u0/sytoanngo/ONEFlux/data/RoundRobin_input/RR-003/99_fluxnet2015/FLX_RR-003_FLUXNET2015_FULLSET_YY_2004-2023_1-RR.csv [oneflux.pipeline.common]
2025-07-24 13:30:21.383 [INFO    ] Variable 'H_RANDUNC_METHOD' might be missing from headers of file: /home/portnoy/u0/sytoanngo/ONEFlux/data/RoundRobin_input/RR-003/99_fluxnet2015/FLX_RR-003_FLUXNET2015_FULLSET_YY_2004-2023_1-RR.csv [oneflux.pipeline.common]
2025-07-24 13:30:21.383 [INFO    ] Variable 'H_RANDUNC_N' might be missing from headers of file: /home/portnoy/u0/sytoanngo/ONEFlux/data/RoundRobin_input/RR-003/99_fluxnet2015/FLX_RR-003_FLUXNET2015_FULLSET_YY_2004-2023_1-RR.csv [oneflux.pipeline.common]
2025-07-24 13:30:21.383 [INFO    ] Variable 'H_CORR_JOINTUNC' might be missing from headers of file: /home/portnoy/u0/sytoanngo/ONEFlux/data/RoundRobin_input/RR-003/99_fluxnet2015/FLX_RR-003_FLUXNET2015_FULLSET_YY_2004-2023_1-RR.csv [oneflux.pipeline.common]
2025-07-24 13:30:21.384 [INFO    ] Variable 'TS_F_MDS_8' might be missing from headers of file: /home/portnoy/u0/sytoanngo/ONEFlux/data/RoundRobin_input/RR-003/99_fluxnet2015/FLX_RR-003_FLUXNET2015_FULLSET_YY_2004-2023_1-RR.csv [oneflux.pipeline.common]
2025-07-24 13:30:21.384 [INFO    ] Variable 'TS_F_MDS_9' might be missing from headers of file: /home/portnoy/u0/sytoanngo/ONEFlux/data/RoundRobin_input/RR-003/99_fluxnet2015/FLX_RR-003_FLUXNET2015_FULLSET_YY_2004-2023_1-RR.csv [oneflux.pipeline.common]
2025-07-24 13:30:21.384 [INFO    ] Variable 'TS_F_MDS_10' might be missing from headers of file: /home/portnoy/u0/sytoanngo/ONEFlux/data/RoundRobin_input/RR-003/99_fluxnet2015/FLX_RR-003_FLUXNET2015_FULLSET_YY_2004-2023_1-RR.csv [oneflux.pipeline.common]
2025-07-24 13:30:21.384 [INFO    ] Variable 'TS_F_MDS_11' might be missing from headers of file: /home/portnoy/u0/sytoanngo/ONEFlux/data/RoundRobin_input/RR-003/99_fluxnet2015/FLX_RR-003_FLUXNET2015_FULLSET_YY_2004-2023_1-RR.csv [oneflux.pipeline.common]
2025-07-24 13:30:21.384 [INFO    ] Variable 'TS_F_MDS_12' might be missing from headers of file: /home/portnoy/u0/sytoanngo/ONEFlux/data/RoundRobin_input/RR-003/99_fluxnet2015/FLX_RR-003_FLUXNET2015_FULLSET_YY_2004-2023_1-RR.csv [oneflux.pipeline.common]
2025-07-24 13:30:21.384 [INFO    ] Variable 'TS_F_MDS_13' might be missing from headers of file: /home/portnoy/u0/sytoanngo/ONEFlux/data/RoundRobin_input/RR-003/99_fluxnet2015/FLX_RR-003_FLUXNET2015_FULLSET_YY_2004-2023_1-RR.csv [oneflux.pipeline.common]
2025-07-24 13:30:21.384 [INFO    ] Variable 'TS_F_MDS_14' might be missing from headers of file: /home/portnoy/u0/sytoanngo/ONEFlux/data/RoundRobin_input/RR-003/99_fluxnet2015/FLX_RR-003_FLUXNET2015_FULLSET_YY_2004-2023_1-RR.csv [oneflux.pipeline.common]
2025-07-24 13:30:21.384 [INFO    ] Variable 'TS_F_MDS_15' might be missing from headers of file: /home/portnoy/u0/sytoanngo/ONEFlux/data/RoundRobin_input/RR-003/99_fluxnet2015/FLX_RR-003_FLUXNET2015_FULLSET_YY_2004-2023_1-RR.csv [oneflux.pipeline.common]
2025-07-24 13:30:21.384 [INFO    ] Variable 'TS_F_MDS_16' might be missing from headers of file: /home/portnoy/u0/sytoanngo/ONEFlux/data/RoundRobin_input/RR-003/99_fluxnet2015/FLX_RR-003_FLUXNET2015_FULLSET_YY_2004-2023_1-RR.csv [oneflux.pipeline.common]
2025-07-24 13:30:21.385 [INFO    ] Variable 'TS_F_MDS_17' might be missing from headers of file: /home/portnoy/u0/sytoanngo/ONEFlux/data/RoundRobin_input/RR-003/99_fluxnet2015/FLX_RR-003_FLUXNET2015_FULLSET_YY_2004-2023_1-RR.csv [oneflux.pipeline.common]
2025-07-24 13:30:21.385 [INFO    ] Variable 'TS_F_MDS_18' might be missing from headers of file: /home/portnoy/u0/sytoanngo/ONEFlux/data/RoundRobin_input/RR-003/99_fluxnet2015/FLX_RR-003_FLUXNET2015_FULLSET_YY_2004-2023_1-RR.csv [oneflux.pipeline.common]
2025-07-24 13:30:21.385 [INFO    ] Variable 'TS_F_MDS_19' might be missing from headers of file: /home/portnoy/u0/sytoanngo/ONEFlux/data/RoundRobin_input/RR-003/99_fluxnet2015/FLX_RR-003_FLUXNET2015_FULLSET_YY_2004-2023_1-RR.csv [oneflux.pipeline.common]
2025-07-24 13:30:21.385 [INFO    ] Variable 'TS_F_MDS_8_QC' might be missing from headers of file: /home/portnoy/u0/sytoanngo/ONEFlux/data/RoundRobin_input/RR-003/99_fluxnet2015/FLX_RR-003_FLUXNET2015_FULLSET_YY_2004-2023_1-RR.csv [oneflux.pipeline.common]
2025-07-24 13:30:21.385 [INFO    ] Variable 'TS_F_MDS_9_QC' might be missing from headers of file: /home/portnoy/u0/sytoanngo/ONEFlux/data/RoundRobin_input/RR-003/99_fluxnet2015/FLX_RR-003_FLUXNET2015_FULLSET_YY_2004-2023_1-RR.csv [oneflux.pipeline.common]
2025-07-24 13:30:21.385 [INFO    ] Variable 'TS_F_MDS_10_QC' might be missing from headers of file: /home/portnoy/u0/sytoanngo/ONEFlux/data/RoundRobin_input/RR-003/99_fluxnet2015/FLX_RR-003_FLUXNET2015_FULLSET_YY_2004-2023_1-RR.csv [oneflux.pipeline.common]
2025-07-24 13:30:21.385 [INFO    ] Variable 'TS_F_MDS_11_QC' might be missing from headers of file: /home/portnoy/u0/sytoanngo/ONEFlux/data/RoundRobin_input/RR-003/99_fluxnet2015/FLX_RR-003_FLUXNET2015_FULLSET_YY_2004-2023_1-RR.csv [oneflux.pipeline.common]
2025-07-24 13:30:21.386 [INFO    ] Variable 'TS_F_MDS_12_QC' might be missing from headers of file: /home/portnoy/u0/sytoanngo/ONEFlux/data/RoundRobin_input/RR-003/99_fluxnet2015/FLX_RR-003_FLUXNET2015_FULLSET_YY_2004-2023_1-RR.csv [oneflux.pipeline.common]
2025-07-24 13:30:21.386 [INFO    ] Variable 'TS_F_MDS_13_QC' might be missing from headers of file: /home/portnoy/u0/sytoanngo/ONEFlux/data/RoundRobin_input/RR-003/99_fluxnet2015/FLX_RR-003_FLUXNET2015_FULLSET_YY_2004-2023_1-RR.csv [oneflux.pipeline.common]
2025-07-24 13:30:21.386 [INFO    ] Variable 'TS_F_MDS_14_QC' might be missing from headers of file: /home/portnoy/u0/sytoanngo/ONEFlux/data/RoundRobin_input/RR-003/99_fluxnet2015/FLX_RR-003_FLUXNET2015_FULLSET_YY_2004-2023_1-RR.csv [oneflux.pipeline.common]
2025-07-24 13:30:21.386 [INFO    ] Variable 'TS_F_MDS_15_QC' might be missing from headers of file: /home/portnoy/u0/sytoanngo/ONEFlux/data/RoundRobin_input/RR-003/99_fluxnet2015/FLX_RR-003_FLUXNET2015_FULLSET_YY_2004-2023_1-RR.csv [oneflux.pipeline.common]
2025-07-24 13:30:21.386 [INFO    ] Variable 'TS_F_MDS_16_QC' might be missing from headers of file: /home/portnoy/u0/sytoanngo/ONEFlux/data/RoundRobin_input/RR-003/99_fluxnet2015/FLX_RR-003_FLUXNET2015_FULLSET_YY_2004-2023_1-RR.csv [oneflux.pipeline.common]
2025-07-24 13:30:21.386 [INFO    ] Variable 'TS_F_MDS_17_QC' might be missing from headers of file: /home/portnoy/u0/sytoanngo/ONEFlux/data/RoundRobin_input/RR-003/99_fluxnet2015/FLX_RR-003_FLUXNET2015_FULLSET_YY_2004-2023_1-RR.csv [oneflux.pipeline.common]
2025-07-24 13:30:21.386 [INFO    ] Variable 'TS_F_MDS_18_QC' might be missing from headers of file: /home/portnoy/u0/sytoanngo/ONEFlux/data/RoundRobin_input/RR-003/99_fluxnet2015/FLX_RR-003_FLUXNET2015_FULLSET_YY_2004-2023_1-RR.csv [oneflux.pipeline.common]
2025-07-24 13:30:21.386 [INFO    ] Variable 'TS_F_MDS_19_QC' might be missing from headers of file: /home/portnoy/u0/sytoanngo/ONEFlux/data/RoundRobin_input/RR-003/99_fluxnet2015/FLX_RR-003_FLUXNET2015_FULLSET_YY_2004-2023_1-RR.csv [oneflux.pipeline.common]
2025-07-24 13:30:21.386 [INFO    ] Variable 'SWC_F_MDS_5' might be missing from headers of file: /home/portnoy/u0/sytoanngo/ONEFlux/data/RoundRobin_input/RR-003/99_fluxnet2015/FLX_RR-003_FLUXNET2015_FULLSET_YY_2004-2023_1-RR.csv [oneflux.pipeline.common]
2025-07-24 13:30:21.387 [INFO    ] Variable 'SWC_F_MDS_6' might be missing from headers of file: /home/portnoy/u0/sytoanngo/ONEFlux/data/RoundRobin_input/RR-003/99_fluxnet2015/FLX_RR-003_FLUXNET2015_FULLSET_YY_2004-2023_1-RR.csv [oneflux.pipeline.common]
2025-07-24 13:30:21.387 [INFO    ] Variable 'SWC_F_MDS_7' might be missing from headers of file: /home/portnoy/u0/sytoanngo/ONEFlux/data/RoundRobin_input/RR-003/99_fluxnet2015/FLX_RR-003_FLUXNET2015_FULLSET_YY_2004-2023_1-RR.csv [oneflux.pipeline.common]
2025-07-24 13:30:21.387 [INFO    ] Variable 'SWC_F_MDS_8' might be missing from headers of file: /home/portnoy/u0/sytoanngo/ONEFlux/data/RoundRobin_input/RR-003/99_fluxnet2015/FLX_RR-003_FLUXNET2015_FULLSET_YY_2004-2023_1-RR.csv [oneflux.pipeline.common]
2025-07-24 13:30:21.387 [INFO    ] Variable 'SWC_F_MDS_9' might be missing from headers of file: /home/portnoy/u0/sytoanngo/ONEFlux/data/RoundRobin_input/RR-003/99_fluxnet2015/FLX_RR-003_FLUXNET2015_FULLSET_YY_2004-2023_1-RR.csv [oneflux.pipeline.common]
2025-07-24 13:30:21.387 [INFO    ] Variable 'SWC_F_MDS_10' might be missing from headers of file: /home/portnoy/u0/sytoanngo/ONEFlux/data/RoundRobin_input/RR-003/99_fluxnet2015/FLX_RR-003_FLUXNET2015_FULLSET_YY_2004-2023_1-RR.csv [oneflux.pipeline.common]
2025-07-24 13:30:21.387 [INFO    ] Variable 'SWC_F_MDS_11' might be missing from headers of file: /home/portnoy/u0/sytoanngo/ONEFlux/data/RoundRobin_input/RR-003/99_fluxnet2015/FLX_RR-003_FLUXNET2015_FULLSET_YY_2004-2023_1-RR.csv [oneflux.pipeline.common]
2025-07-24 13:30:21.387 [INFO    ] Variable 'SWC_F_MDS_12' might be missing from headers of file: /home/portnoy/u0/sytoanngo/ONEFlux/data/RoundRobin_input/RR-003/99_fluxnet2015/FLX_RR-003_FLUXNET2015_FULLSET_YY_2004-2023_1-RR.csv [oneflux.pipeline.common]
2025-07-24 13:30:21.387 [INFO    ] Variable 'SWC_F_MDS_13' might be missing from headers of file: /home/portnoy/u0/sytoanngo/ONEFlux/data/RoundRobin_input/RR-003/99_fluxnet2015/FLX_RR-003_FLUXNET2015_FULLSET_YY_2004-2023_1-RR.csv [oneflux.pipeline.common]
2025-07-24 13:30:21.388 [INFO    ] Variable 'SWC_F_MDS_14' might be missing from headers of file: /home/portnoy/u0/sytoanngo/ONEFlux/data/RoundRobin_input/RR-003/99_fluxnet2015/FLX_RR-003_FLUXNET2015_FULLSET_YY_2004-2023_1-RR.csv [oneflux.pipeline.common]
2025-07-24 13:30:21.388 [INFO    ] Variable 'SWC_F_MDS_15' might be missing from headers of file: /home/portnoy/u0/sytoanngo/ONEFlux/data/RoundRobin_input/RR-003/99_fluxnet2015/FLX_RR-003_FLUXNET2015_FULLSET_YY_2004-2023_1-RR.csv [oneflux.pipeline.common]
2025-07-24 13:30:21.388 [INFO    ] Variable 'SWC_F_MDS_16' might be missing from headers of file: /home/portnoy/u0/sytoanngo/ONEFlux/data/RoundRobin_input/RR-003/99_fluxnet2015/FLX_RR-003_FLUXNET2015_FULLSET_YY_2004-2023_1-RR.csv [oneflux.pipeline.common]
2025-07-24 13:30:21.388 [INFO    ] Variable 'SWC_F_MDS_17' might be missing from headers of file: /home/portnoy/u0/sytoanngo/ONEFlux/data/RoundRobin_input/RR-003/99_fluxnet2015/FLX_RR-003_FLUXNET2015_FULLSET_YY_2004-2023_1-RR.csv [oneflux.pipeline.common]
2025-07-24 13:30:21.388 [INFO    ] Variable 'SWC_F_MDS_18' might be missing from headers of file: /home/portnoy/u0/sytoanngo/ONEFlux/data/RoundRobin_input/RR-003/99_fluxnet2015/FLX_RR-003_FLUXNET2015_FULLSET_YY_2004-2023_1-RR.csv [oneflux.pipeline.common]
2025-07-24 13:30:21.388 [INFO    ] Variable 'SWC_F_MDS_19' might be missing from headers of file: /home/portnoy/u0/sytoanngo/ONEFlux/data/RoundRobin_input/RR-003/99_fluxnet2015/FLX_RR-003_FLUXNET2015_FULLSET_YY_2004-2023_1-RR.csv [oneflux.pipeline.common]
2025-07-24 13:30:21.388 [INFO    ] Variable 'SWC_F_MDS_5_QC' might be missing from headers of file: /home/portnoy/u0/sytoanngo/ONEFlux/data/RoundRobin_input/RR-003/99_fluxnet2015/FLX_RR-003_FLUXNET2015_FULLSET_YY_2004-2023_1-RR.csv [oneflux.pipeline.common]
2025-07-24 13:30:21.388 [INFO    ] Variable 'SWC_F_MDS_6_QC' might be missing from headers of file: /home/portnoy/u0/sytoanngo/ONEFlux/data/RoundRobin_input/RR-003/99_fluxnet2015/FLX_RR-003_FLUXNET2015_FULLSET_YY_2004-2023_1-RR.csv [oneflux.pipeline.common]
2025-07-24 13:30:21.388 [INFO    ] Variable 'SWC_F_MDS_7_QC' might be missing from headers of file: /home/portnoy/u0/sytoanngo/ONEFlux/data/RoundRobin_input/RR-003/99_fluxnet2015/FLX_RR-003_FLUXNET2015_FULLSET_YY_2004-2023_1-RR.csv [oneflux.pipeline.common]
2025-07-24 13:30:21.389 [INFO    ] Variable 'SWC_F_MDS_8_QC' might be missing from headers of file: /home/portnoy/u0/sytoanngo/ONEFlux/data/RoundRobin_input/RR-003/99_fluxnet2015/FLX_RR-003_FLUXNET2015_FULLSET_YY_2004-2023_1-RR.csv [oneflux.pipeline.common]
2025-07-24 13:30:21.389 [INFO    ] Variable 'SWC_F_MDS_9_QC' might be missing from headers of file: /home/portnoy/u0/sytoanngo/ONEFlux/data/RoundRobin_input/RR-003/99_fluxnet2015/FLX_RR-003_FLUXNET2015_FULLSET_YY_2004-2023_1-RR.csv [oneflux.pipeline.common]
2025-07-24 13:30:21.389 [INFO    ] Variable 'SWC_F_MDS_10_QC' might be missing from headers of file: /home/portnoy/u0/sytoanngo/ONEFlux/data/RoundRobin_input/RR-003/99_fluxnet2015/FLX_RR-003_FLUXNET2015_FULLSET_YY_2004-2023_1-RR.csv [oneflux.pipeline.common]
2025-07-24 13:30:21.389 [INFO    ] Variable 'SWC_F_MDS_11_QC' might be missing from headers of file: /home/portnoy/u0/sytoanngo/ONEFlux/data/RoundRobin_input/RR-003/99_fluxnet2015/FLX_RR-003_FLUXNET2015_FULLSET_YY_2004-2023_1-RR.csv [oneflux.pipeline.common]
2025-07-24 13:30:21.389 [INFO    ] Variable 'SWC_F_MDS_12_QC' might be missing from headers of file: /home/portnoy/u0/sytoanngo/ONEFlux/data/RoundRobin_input/RR-003/99_fluxnet2015/FLX_RR-003_FLUXNET2015_FULLSET_YY_2004-2023_1-RR.csv [oneflux.pipeline.common]
2025-07-24 13:30:21.389 [INFO    ] Variable 'SWC_F_MDS_13_QC' might be missing from headers of file: /home/portnoy/u0/sytoanngo/ONEFlux/data/RoundRobin_input/RR-003/99_fluxnet2015/FLX_RR-003_FLUXNET2015_FULLSET_YY_2004-2023_1-RR.csv [oneflux.pipeline.common]
2025-07-24 13:30:21.389 [INFO    ] Variable 'SWC_F_MDS_14_QC' might be missing from headers of file: /home/portnoy/u0/sytoanngo/ONEFlux/data/RoundRobin_input/RR-003/99_fluxnet2015/FLX_RR-003_FLUXNET2015_FULLSET_YY_2004-2023_1-RR.csv [oneflux.pipeline.common]
2025-07-24 13:30:21.390 [INFO    ] Variable 'SWC_F_MDS_15_QC' might be missing from headers of file: /home/portnoy/u0/sytoanngo/ONEFlux/data/RoundRobin_input/RR-003/99_fluxnet2015/FLX_RR-003_FLUXNET2015_FULLSET_YY_2004-2023_1-RR.csv [oneflux.pipeline.common]
2025-07-24 13:30:21.390 [INFO    ] Variable 'SWC_F_MDS_16_QC' might be missing from headers of file: /home/portnoy/u0/sytoanngo/ONEFlux/data/RoundRobin_input/RR-003/99_fluxnet2015/FLX_RR-003_FLUXNET2015_FULLSET_YY_2004-2023_1-RR.csv [oneflux.pipeline.common]
2025-07-24 13:30:21.390 [INFO    ] Variable 'SWC_F_MDS_17_QC' might be missing from headers of file: /home/portnoy/u0/sytoanngo/ONEFlux/data/RoundRobin_input/RR-003/99_fluxnet2015/FLX_RR-003_FLUXNET2015_FULLSET_YY_2004-2023_1-RR.csv [oneflux.pipeline.common]
2025-07-24 13:30:21.390 [INFO    ] Variable 'SWC_F_MDS_18_QC' might be missing from headers of file: /home/portnoy/u0/sytoanngo/ONEFlux/data/RoundRobin_input/RR-003/99_fluxnet2015/FLX_RR-003_FLUXNET2015_FULLSET_YY_2004-2023_1-RR.csv [oneflux.pipeline.common]
2025-07-24 13:30:21.390 [INFO    ] Variable 'SWC_F_MDS_19_QC' might be missing from headers of file: /home/portnoy/u0/sytoanngo/ONEFlux/data/RoundRobin_input/RR-003/99_fluxnet2015/FLX_RR-003_FLUXNET2015_FULLSET_YY_2004-2023_1-RR.csv [oneflux.pipeline.common]
2025-07-24 13:30:21.390 [CRITICAL] Missing variables in FLUXNET2015 FULLSET output for site RR-003 [oneflux.pipeline.wrappers]
2025-07-24 13:30:21.390 [INFO    ] Pipeline fluxnet2015 execution finished [oneflux.pipeline.wrappers]
2025-07-24 13:30:21.391 [INFO    ] RR-003 Pipeline run time 1 day, 5:05:27.107363 (2025-07-23 08:24:54.283634 --- 2025-07-24 13:30:21.390997) [oneflux.pipeline.wrappers]
2025-07-24 13:30:21.394 [INFO    ] RR-003 Pipeline: execution finished [oneflux.pipeline.wrappers]
2025-07-24 13:30:21.395 [INFO    ] Finished processing site dir /home/portnoy/u0/sytoanngo/ONEFlux/data/RoundRobin_input/RR-003 [oneflux.tools.pipeline]
2025-07-24 13:30:21.395 [INFO    ] Finished execution: all [__main__]
