2025-07-23 11:48:02.310 [INFO    ] Variable 'TS_F_MDS_3_QC' might be missing from headers of file: /home/portnoy/u0/sytoanngo/ONEFlux/data/US-ARc_sample_output/99_fluxnet2015/FLX_US-ARc_FLUXNET2015_FULLSET_YY_2005-2006_beta-7.csv [oneflux.pipeline.common]
2025-07-23 11:48:02.311 [INFO    ] Variable 'TS_F_MDS_4_QC' might be missing from headers of file: /home/portnoy/u0/sytoanngo/ONEFlux/data/US-ARc_sample_output/99_fluxnet2015/FLX_US-ARc_FLUXNET2015_FULLSET_YY_2005-2006_beta-7.csv [oneflux.pipeline.common]
2025-07-23 11:48:02.311 [INFO    ] Variable 'TS_F_MDS_5_QC' might be missing from headers of file: /home/portnoy/u0/sytoanngo/ONEFlux/data/US-ARc_sample_output/99_fluxnet2015/FLX_US-ARc_FLUXNET2015_FULLSET_YY_2005-2006_beta-7.csv [oneflux.pipeline.common]
2025-07-23 11:48:02.311 [INFO    ] Variable 'TS_F_MDS_6_QC' might be missing from headers of file: /home/portnoy/u0/sytoanngo/ONEFlux/data/US-ARc_sample_output/99_fluxnet2015/FLX_US-ARc_FLUXNET2015_FULLSET_YY_2005-2006_beta-7.csv [oneflux.pipeline.common]
2025-07-23 11:48:02.311 [INFO    ] Variable 'TS_F_MDS_7_QC' might be missing from headers of file: /home/portnoy/u0/sytoanngo/ONEFlux/data/US-ARc_sample_output/99_fluxnet2015/FLX_US-ARc_FLUXNET2015_FULLSET_YY_2005-2006_beta-7.csv [oneflux.pipeline.common]
2025-07-23 11:48:02.312 [INFO    ] Variable 'TS_F_MDS_8_QC' might be missing from headers of file: /home/portnoy/u0/sytoanngo/ONEFlux/data/US-ARc_sample_output/99_fluxnet2015/FLX_US-ARc_FLUXNET2015_FULLSET_YY_2005-2006_beta-7.csv [oneflux.pipeline.common]
2025-07-23 11:48:02.312 [INFO    ] Variable 'TS_F_MDS_9_QC' might be missing from headers of file: /home/portnoy/u0/sytoanngo/ONEFlux/data/US-ARc_sample_output/99_fluxnet2015/FLX_US-ARc_FLUXNET2015_FULLSET_YY_2005-2006_beta-7.csv [oneflux.pipeline.common]
2025-07-23 11:48:02.312 [INFO    ] Variable 'TS_F_MDS_10_QC' might be missing from headers of file: /home/portnoy/u0/sytoanngo/ONEFlux/data/US-ARc_sample_output/99_fluxnet2015/FLX_US-ARc_FLUXNET2015_FULLSET_YY_2005-2006_beta-7.csv [oneflux.pipeline.common]
2025-07-23 11:48:02.312 [INFO    ] Variable 'TS_F_MDS_11_QC' might be missing from headers of file: /home/portnoy/u0/sytoanngo/ONEFlux/data/US-ARc_sample_output/99_fluxnet2015/FLX_US-ARc_FLUXNET2015_FULLSET_YY_2005-2006_beta-7.csv [oneflux.pipeline.common]
2025-07-23 11:48:02.313 [INFO    ] Variable 'TS_F_MDS_12_QC' might be missing from headers of file: /home/portnoy/u0/sytoanngo/ONEFlux/data/US-ARc_sample_output/99_fluxnet2015/FLX_US-ARc_FLUXNET2015_FULLSET_YY_2005-2006_beta-7.csv [oneflux.pipeline.common]
2025-07-23 11:48:02.313 [INFO    ] Variable 'TS_F_MDS_13_QC' might be missing from headers of file: /home/portnoy/u0/sytoanngo/ONEFlux/data/US-ARc_sample_output/99_fluxnet2015/FLX_US-ARc_FLUXNET2015_FULLSET_YY_2005-2006_beta-7.csv [oneflux.pipeline.common]
2025-07-23 11:48:02.313 [INFO    ] Variable 'TS_F_MDS_14_QC' might be missing from headers of file: /home/portnoy/u0/sytoanngo/ONEFlux/data/US-ARc_sample_output/99_fluxnet2015/FLX_US-ARc_FLUXNET2015_FULLSET_YY_2005-2006_beta-7.csv [oneflux.pipeline.common]
2025-07-23 11:48:02.313 [INFO    ] Variable 'TS_F_MDS_15_QC' might be missing from headers of file: /home/portnoy/u0/sytoanngo/ONEFlux/data/US-ARc_sample_output/99_fluxnet2015/FLX_US-ARc_FLUXNET2015_FULLSET_YY_2005-2006_beta-7.csv [oneflux.pipeline.common]
2025-07-23 11:48:02.314 [INFO    ] Variable 'TS_F_MDS_16_QC' might be missing from headers of file: /home/portnoy/u0/sytoanngo/ONEFlux/data/US-ARc_sample_output/99_fluxnet2015/FLX_US-ARc_FLUXNET2015_FULLSET_YY_2005-2006_beta-7.csv [oneflux.pipeline.common]
2025-07-23 11:48:02.314 [INFO    ] Variable 'TS_F_MDS_17_QC' might be missing from headers of file: /home/portnoy/u0/sytoanngo/ONEFlux/data/US-ARc_sample_output/99_fluxnet2015/FLX_US-ARc_FLUXNET2015_FULLSET_YY_2005-2006_beta-7.csv [oneflux.pipeline.common]
2025-07-23 11:48:02.314 [INFO    ] Variable 'TS_F_MDS_18_QC' might be missing from headers of file: /home/portnoy/u0/sytoanngo/ONEFlux/data/US-ARc_sample_output/99_fluxnet2015/FLX_US-ARc_FLUXNET2015_FULLSET_YY_2005-2006_beta-7.csv [oneflux.pipeline.common]
2025-07-23 11:48:02.314 [INFO    ] Variable 'TS_F_MDS_19_QC' might be missing from headers of file: /home/portnoy/u0/sytoanngo/ONEFlux/data/US-ARc_sample_output/99_fluxnet2015/FLX_US-ARc_FLUXNET2015_FULLSET_YY_2005-2006_beta-7.csv [oneflux.pipeline.common]
2025-07-23 11:48:02.315 [INFO    ] Variable 'SWC_F_MDS_2' might be missing from headers of file: /home/portnoy/u0/sytoanngo/ONEFlux/data/US-ARc_sample_output/99_fluxnet2015/FLX_US-ARc_FLUXNET2015_FULLSET_YY_2005-2006_beta-7.csv [oneflux.pipeline.common]
2025-07-23 11:48:02.315 [INFO    ] Variable 'SWC_F_MDS_3' might be missing from headers of file: /home/portnoy/u0/sytoanngo/ONEFlux/data/US-ARc_sample_output/99_fluxnet2015/FLX_US-ARc_FLUXNET2015_FULLSET_YY_2005-2006_beta-7.csv [oneflux.pipeline.common]
2025-07-23 11:48:02.315 [INFO    ] Variable 'SWC_F_MDS_4' might be missing from headers of file: /home/portnoy/u0/sytoanngo/ONEFlux/data/US-ARc_sample_output/99_fluxnet2015/FLX_US-ARc_FLUXNET2015_FULLSET_YY_2005-2006_beta-7.csv [oneflux.pipeline.common]
2025-07-23 11:48:02.315 [INFO    ] Variable 'SWC_F_MDS_5' might be missing from headers of file: /home/portnoy/u0/sytoanngo/ONEFlux/data/US-ARc_sample_output/99_fluxnet2015/FLX_US-ARc_FLUXNET2015_FULLSET_YY_2005-2006_beta-7.csv [oneflux.pipeline.common]
2025-07-23 11:48:02.316 [INFO    ] Variable 'SWC_F_MDS_6' might be missing from headers of file: /home/portnoy/u0/sytoanngo/ONEFlux/data/US-ARc_sample_output/99_fluxnet2015/FLX_US-ARc_FLUXNET2015_FULLSET_YY_2005-2006_beta-7.csv [oneflux.pipeline.common]
2025-07-23 11:48:02.316 [INFO    ] Variable 'SWC_F_MDS_7' might be missing from headers of file: /home/portnoy/u0/sytoanngo/ONEFlux/data/US-ARc_sample_output/99_fluxnet2015/FLX_US-ARc_FLUXNET2015_FULLSET_YY_2005-2006_beta-7.csv [oneflux.pipeline.common]
2025-07-23 11:48:02.316 [INFO    ] Variable 'SWC_F_MDS_8' might be missing from headers of file: /home/portnoy/u0/sytoanngo/ONEFlux/data/US-ARc_sample_output/99_fluxnet2015/FLX_US-ARc_FLUXNET2015_FULLSET_YY_2005-2006_beta-7.csv [oneflux.pipeline.common]
2025-07-23 11:48:02.316 [INFO    ] Variable 'SWC_F_MDS_9' might be missing from headers of file: /home/portnoy/u0/sytoanngo/ONEFlux/data/US-ARc_sample_output/99_fluxnet2015/FLX_US-ARc_FLUXNET2015_FULLSET_YY_2005-2006_beta-7.csv [oneflux.pipeline.common]
2025-07-23 11:48:02.317 [INFO    ] Variable 'SWC_F_MDS_10' might be missing from headers of file: /home/portnoy/u0/sytoanngo/ONEFlux/data/US-ARc_sample_output/99_fluxnet2015/FLX_US-ARc_FLUXNET2015_FULLSET_YY_2005-2006_beta-7.csv [oneflux.pipeline.common]
2025-07-23 11:48:02.317 [INFO    ] Variable 'SWC_F_MDS_11' might be missing from headers of file: /home/portnoy/u0/sytoanngo/ONEFlux/data/US-ARc_sample_output/99_fluxnet2015/FLX_US-ARc_FLUXNET2015_FULLSET_YY_2005-2006_beta-7.csv [oneflux.pipeline.common]
2025-07-23 11:48:02.317 [INFO    ] Variable 'SWC_F_MDS_12' might be missing from headers of file: /home/portnoy/u0/sytoanngo/ONEFlux/data/US-ARc_sample_output/99_fluxnet2015/FLX_US-ARc_FLUXNET2015_FULLSET_YY_2005-2006_beta-7.csv [oneflux.pipeline.common]
2025-07-23 11:48:02.317 [INFO    ] Variable 'SWC_F_MDS_13' might be missing from headers of file: /home/portnoy/u0/sytoanngo/ONEFlux/data/US-ARc_sample_output/99_fluxnet2015/FLX_US-ARc_FLUXNET2015_FULLSET_YY_2005-2006_beta-7.csv [oneflux.pipeline.common]
2025-07-23 11:48:02.318 [INFO    ] Variable 'SWC_F_MDS_14' might be missing from headers of file: /home/portnoy/u0/sytoanngo/ONEFlux/data/US-ARc_sample_output/99_fluxnet2015/FLX_US-ARc_FLUXNET2015_FULLSET_YY_2005-2006_beta-7.csv [oneflux.pipeline.common]
2025-07-23 11:48:02.318 [INFO    ] Variable 'SWC_F_MDS_15' might be missing from headers of file: /home/portnoy/u0/sytoanngo/ONEFlux/data/US-ARc_sample_output/99_fluxnet2015/FLX_US-ARc_FLUXNET2015_FULLSET_YY_2005-2006_beta-7.csv [oneflux.pipeline.common]
2025-07-23 11:48:02.318 [INFO    ] Variable 'SWC_F_MDS_16' might be missing from headers of file: /home/portnoy/u0/sytoanngo/ONEFlux/data/US-ARc_sample_output/99_fluxnet2015/FLX_US-ARc_FLUXNET2015_FULLSET_YY_2005-2006_beta-7.csv [oneflux.pipeline.common]
2025-07-23 11:48:02.318 [INFO    ] Variable 'SWC_F_MDS_17' might be missing from headers of file: /home/portnoy/u0/sytoanngo/ONEFlux/data/US-ARc_sample_output/99_fluxnet2015/FLX_US-ARc_FLUXNET2015_FULLSET_YY_2005-2006_beta-7.csv [oneflux.pipeline.common]
2025-07-23 11:48:02.319 [INFO    ] Variable 'SWC_F_MDS_18' might be missing from headers of file: /home/portnoy/u0/sytoanngo/ONEFlux/data/US-ARc_sample_output/99_fluxnet2015/FLX_US-ARc_FLUXNET2015_FULLSET_YY_2005-2006_beta-7.csv [oneflux.pipeline.common]
2025-07-23 11:48:02.319 [INFO    ] Variable 'SWC_F_MDS_19' might be missing from headers of file: /home/portnoy/u0/sytoanngo/ONEFlux/data/US-ARc_sample_output/99_fluxnet2015/FLX_US-ARc_FLUXNET2015_FULLSET_YY_2005-2006_beta-7.csv [oneflux.pipeline.common]
2025-07-23 11:48:02.319 [INFO    ] Variable 'SWC_F_MDS_2_QC' might be missing from headers of file: /home/portnoy/u0/sytoanngo/ONEFlux/data/US-ARc_sample_output/99_fluxnet2015/FLX_US-ARc_FLUXNET2015_FULLSET_YY_2005-2006_beta-7.csv [oneflux.pipeline.common]
2025-07-23 11:48:02.319 [INFO    ] Variable 'SWC_F_MDS_3_QC' might be missing from headers of file: /home/portnoy/u0/sytoanngo/ONEFlux/data/US-ARc_sample_output/99_fluxnet2015/FLX_US-ARc_FLUXNET2015_FULLSET_YY_2005-2006_beta-7.csv [oneflux.pipeline.common]
2025-07-23 11:48:02.320 [INFO    ] Variable 'SWC_F_MDS_4_QC' might be missing from headers of file: /home/portnoy/u0/sytoanngo/ONEFlux/data/US-ARc_sample_output/99_fluxnet2015/FLX_US-ARc_FLUXNET2015_FULLSET_YY_2005-2006_beta-7.csv [oneflux.pipeline.common]
2025-07-23 11:48:02.320 [INFO    ] Variable 'SWC_F_MDS_5_QC' might be missing from headers of file: /home/portnoy/u0/sytoanngo/ONEFlux/data/US-ARc_sample_output/99_fluxnet2015/FLX_US-ARc_FLUXNET2015_FULLSET_YY_2005-2006_beta-7.csv [oneflux.pipeline.common]
2025-07-23 11:48:02.320 [INFO    ] Variable 'SWC_F_MDS_6_QC' might be missing from headers of file: /home/portnoy/u0/sytoanngo/ONEFlux/data/US-ARc_sample_output/99_fluxnet2015/FLX_US-ARc_FLUXNET2015_FULLSET_YY_2005-2006_beta-7.csv [oneflux.pipeline.common]
2025-07-23 11:48:02.320 [INFO    ] Variable 'SWC_F_MDS_7_QC' might be missing from headers of file: /home/portnoy/u0/sytoanngo/ONEFlux/data/US-ARc_sample_output/99_fluxnet2015/FLX_US-ARc_FLUXNET2015_FULLSET_YY_2005-2006_beta-7.csv [oneflux.pipeline.common]
2025-07-23 11:48:02.321 [INFO    ] Variable 'SWC_F_MDS_8_QC' might be missing from headers of file: /home/portnoy/u0/sytoanngo/ONEFlux/data/US-ARc_sample_output/99_fluxnet2015/FLX_US-ARc_FLUXNET2015_FULLSET_YY_2005-2006_beta-7.csv [oneflux.pipeline.common]
2025-07-23 11:48:02.321 [INFO    ] Variable 'SWC_F_MDS_9_QC' might be missing from headers of file: /home/portnoy/u0/sytoanngo/ONEFlux/data/US-ARc_sample_output/99_fluxnet2015/FLX_US-ARc_FLUXNET2015_FULLSET_YY_2005-2006_beta-7.csv [oneflux.pipeline.common]
2025-07-23 11:48:02.321 [INFO    ] Variable 'SWC_F_MDS_10_QC' might be missing from headers of file: /home/portnoy/u0/sytoanngo/ONEFlux/data/US-ARc_sample_output/99_fluxnet2015/FLX_US-ARc_FLUXNET2015_FULLSET_YY_2005-2006_beta-7.csv [oneflux.pipeline.common]
2025-07-23 11:48:02.321 [INFO    ] Variable 'SWC_F_MDS_11_QC' might be missing from headers of file: /home/portnoy/u0/sytoanngo/ONEFlux/data/US-ARc_sample_output/99_fluxnet2015/FLX_US-ARc_FLUXNET2015_FULLSET_YY_2005-2006_beta-7.csv [oneflux.pipeline.common]
2025-07-23 11:48:02.322 [INFO    ] Variable 'SWC_F_MDS_12_QC' might be missing from headers of file: /home/portnoy/u0/sytoanngo/ONEFlux/data/US-ARc_sample_output/99_fluxnet2015/FLX_US-ARc_FLUXNET2015_FULLSET_YY_2005-2006_beta-7.csv [oneflux.pipeline.common]
2025-07-23 11:48:02.322 [INFO    ] Variable 'SWC_F_MDS_13_QC' might be missing from headers of file: /home/portnoy/u0/sytoanngo/ONEFlux/data/US-ARc_sample_output/99_fluxnet2015/FLX_US-ARc_FLUXNET2015_FULLSET_YY_2005-2006_beta-7.csv [oneflux.pipeline.common]
2025-07-23 11:48:02.322 [INFO    ] Variable 'SWC_F_MDS_14_QC' might be missing from headers of file: /home/portnoy/u0/sytoanngo/ONEFlux/data/US-ARc_sample_output/99_fluxnet2015/FLX_US-ARc_FLUXNET2015_FULLSET_YY_2005-2006_beta-7.csv [oneflux.pipeline.common]
2025-07-23 11:48:02.322 [INFO    ] Variable 'SWC_F_MDS_15_QC' might be missing from headers of file: /home/portnoy/u0/sytoanngo/ONEFlux/data/US-ARc_sample_output/99_fluxnet2015/FLX_US-ARc_FLUXNET2015_FULLSET_YY_2005-2006_beta-7.csv [oneflux.pipeline.common]
2025-07-23 11:48:02.323 [INFO    ] Variable 'SWC_F_MDS_16_QC' might be missing from headers of file: /home/portnoy/u0/sytoanngo/ONEFlux/data/US-ARc_sample_output/99_fluxnet2015/FLX_US-ARc_FLUXNET2015_FULLSET_YY_2005-2006_beta-7.csv [oneflux.pipeline.common]
2025-07-23 11:48:02.323 [INFO    ] Variable 'SWC_F_MDS_17_QC' might be missing from headers of file: /home/portnoy/u0/sytoanngo/ONEFlux/data/US-ARc_sample_output/99_fluxnet2015/FLX_US-ARc_FLUXNET2015_FULLSET_YY_2005-2006_beta-7.csv [oneflux.pipeline.common]
2025-07-23 11:48:02.323 [INFO    ] Variable 'SWC_F_MDS_18_QC' might be missing from headers of file: /home/portnoy/u0/sytoanngo/ONEFlux/data/US-ARc_sample_output/99_fluxnet2015/FLX_US-ARc_FLUXNET2015_FULLSET_YY_2005-2006_beta-7.csv [oneflux.pipeline.common]
2025-07-23 11:48:02.323 [INFO    ] Variable 'SWC_F_MDS_19_QC' might be missing from headers of file: /home/portnoy/u0/sytoanngo/ONEFlux/data/US-ARc_sample_output/99_fluxnet2015/FLX_US-ARc_FLUXNET2015_FULLSET_YY_2005-2006_beta-7.csv [oneflux.pipeline.common]
2025-07-23 11:48:02.324 [INFO    ] Variable 'NEE_CUT_05' might be missing from headers of file: /home/portnoy/u0/sytoanngo/ONEFlux/data/US-ARc_sample_output/99_fluxnet2015/FLX_US-ARc_FLUXNET2015_FULLSET_YY_2005-2006_beta-7.csv [oneflux.pipeline.common]
2025-07-23 11:48:02.324 [INFO    ] Variable 'NEE_CUT_16' might be missing from headers of file: /home/portnoy/u0/sytoanngo/ONEFlux/data/US-ARc_sample_output/99_fluxnet2015/FLX_US-ARc_FLUXNET2015_FULLSET_YY_2005-2006_beta-7.csv [oneflux.pipeline.common]
2025-07-23 11:48:02.324 [INFO    ] Variable 'NEE_CUT_25' might be missing from headers of file: /home/portnoy/u0/sytoanngo/ONEFlux/data/US-ARc_sample_output/99_fluxnet2015/FLX_US-ARc_FLUXNET2015_FULLSET_YY_2005-2006_beta-7.csv [oneflux.pipeline.common]
2025-07-23 11:48:02.324 [INFO    ] Variable 'NEE_CUT_50' might be missing from headers of file: /home/portnoy/u0/sytoanngo/ONEFlux/data/US-ARc_sample_output/99_fluxnet2015/FLX_US-ARc_FLUXNET2015_FULLSET_YY_2005-2006_beta-7.csv [oneflux.pipeline.common]
2025-07-23 11:48:02.325 [INFO    ] Variable 'NEE_CUT_75' might be missing from headers of file: /home/portnoy/u0/sytoanngo/ONEFlux/data/US-ARc_sample_output/99_fluxnet2015/FLX_US-ARc_FLUXNET2015_FULLSET_YY_2005-2006_beta-7.csv [oneflux.pipeline.common]
2025-07-23 11:48:02.325 [INFO    ] Variable 'NEE_CUT_84' might be missing from headers of file: /home/portnoy/u0/sytoanngo/ONEFlux/data/US-ARc_sample_output/99_fluxnet2015/FLX_US-ARc_FLUXNET2015_FULLSET_YY_2005-2006_beta-7.csv [oneflux.pipeline.common]
2025-07-23 11:48:02.325 [INFO    ] Variable 'NEE_CUT_95' might be missing from headers of file: /home/portnoy/u0/sytoanngo/ONEFlux/data/US-ARc_sample_output/99_fluxnet2015/FLX_US-ARc_FLUXNET2015_FULLSET_YY_2005-2006_beta-7.csv [oneflux.pipeline.common]
2025-07-23 11:48:02.325 [INFO    ] Variable 'NEE_CUT_05_QC' might be missing from headers of file: /home/portnoy/u0/sytoanngo/ONEFlux/data/US-ARc_sample_output/99_fluxnet2015/FLX_US-ARc_FLUXNET2015_FULLSET_YY_2005-2006_beta-7.csv [oneflux.pipeline.common]
2025-07-23 11:48:02.326 [INFO    ] Variable 'NEE_CUT_16_QC' might be missing from headers of file: /home/portnoy/u0/sytoanngo/ONEFlux/data/US-ARc_sample_output/99_fluxnet2015/FLX_US-ARc_FLUXNET2015_FULLSET_YY_2005-2006_beta-7.csv [oneflux.pipeline.common]
2025-07-23 11:48:02.326 [INFO    ] Variable 'NEE_CUT_25_QC' might be missing from headers of file: /home/portnoy/u0/sytoanngo/ONEFlux/data/US-ARc_sample_output/99_fluxnet2015/FLX_US-ARc_FLUXNET2015_FULLSET_YY_2005-2006_beta-7.csv [oneflux.pipeline.common]
2025-07-23 11:48:02.326 [INFO    ] Variable 'NEE_CUT_50_QC' might be missing from headers of file: /home/portnoy/u0/sytoanngo/ONEFlux/data/US-ARc_sample_output/99_fluxnet2015/FLX_US-ARc_FLUXNET2015_FULLSET_YY_2005-2006_beta-7.csv [oneflux.pipeline.common]
2025-07-23 11:48:02.326 [INFO    ] Variable 'NEE_CUT_75_QC' might be missing from headers of file: /home/portnoy/u0/sytoanngo/ONEFlux/data/US-ARc_sample_output/99_fluxnet2015/FLX_US-ARc_FLUXNET2015_FULLSET_YY_2005-2006_beta-7.csv [oneflux.pipeline.common]
2025-07-23 11:48:02.327 [INFO    ] Variable 'NEE_CUT_84_QC' might be missing from headers of file: /home/portnoy/u0/sytoanngo/ONEFlux/data/US-ARc_sample_output/99_fluxnet2015/FLX_US-ARc_FLUXNET2015_FULLSET_YY_2005-2006_beta-7.csv [oneflux.pipeline.common]
2025-07-23 11:48:02.327 [INFO    ] Variable 'NEE_CUT_95_QC' might be missing from headers of file: /home/portnoy/u0/sytoanngo/ONEFlux/data/US-ARc_sample_output/99_fluxnet2015/FLX_US-ARc_FLUXNET2015_FULLSET_YY_2005-2006_beta-7.csv [oneflux.pipeline.common]
2025-07-23 11:48:02.327 [INFO    ] Variable 'RECO_NT_CUT_05' might be missing from headers of file: /home/portnoy/u0/sytoanngo/ONEFlux/data/US-ARc_sample_output/99_fluxnet2015/FLX_US-ARc_FLUXNET2015_FULLSET_YY_2005-2006_beta-7.csv [oneflux.pipeline.common]
2025-07-23 11:48:02.327 [INFO    ] Variable 'RECO_NT_CUT_16' might be missing from headers of file: /home/portnoy/u0/sytoanngo/ONEFlux/data/US-ARc_sample_output/99_fluxnet2015/FLX_US-ARc_FLUXNET2015_FULLSET_YY_2005-2006_beta-7.csv [oneflux.pipeline.common]
2025-07-23 11:48:02.328 [INFO    ] Variable 'RECO_NT_CUT_25' might be missing from headers of file: /home/portnoy/u0/sytoanngo/ONEFlux/data/US-ARc_sample_output/99_fluxnet2015/FLX_US-ARc_FLUXNET2015_FULLSET_YY_2005-2006_beta-7.csv [oneflux.pipeline.common]
2025-07-23 11:48:02.328 [INFO    ] Variable 'RECO_NT_CUT_50' might be missing from headers of file: /home/portnoy/u0/sytoanngo/ONEFlux/data/US-ARc_sample_output/99_fluxnet2015/FLX_US-ARc_FLUXNET2015_FULLSET_YY_2005-2006_beta-7.csv [oneflux.pipeline.common]
2025-07-23 11:48:02.328 [INFO    ] Variable 'RECO_NT_CUT_75' might be missing from headers of file: /home/portnoy/u0/sytoanngo/ONEFlux/data/US-ARc_sample_output/99_fluxnet2015/FLX_US-ARc_FLUXNET2015_FULLSET_YY_2005-2006_beta-7.csv [oneflux.pipeline.common]
2025-07-23 11:48:02.328 [INFO    ] Variable 'RECO_NT_CUT_84' might be missing from headers of file: /home/portnoy/u0/sytoanngo/ONEFlux/data/US-ARc_sample_output/99_fluxnet2015/FLX_US-ARc_FLUXNET2015_FULLSET_YY_2005-2006_beta-7.csv [oneflux.pipeline.common]
2025-07-23 11:48:02.329 [INFO    ] Variable 'RECO_NT_CUT_95' might be missing from headers of file: /home/portnoy/u0/sytoanngo/ONEFlux/data/US-ARc_sample_output/99_fluxnet2015/FLX_US-ARc_FLUXNET2015_FULLSET_YY_2005-2006_beta-7.csv [oneflux.pipeline.common]
2025-07-23 11:48:02.329 [INFO    ] Variable 'GPP_NT_CUT_05' might be missing from headers of file: /home/portnoy/u0/sytoanngo/ONEFlux/data/US-ARc_sample_output/99_fluxnet2015/FLX_US-ARc_FLUXNET2015_FULLSET_YY_2005-2006_beta-7.csv [oneflux.pipeline.common]
2025-07-23 11:48:02.329 [INFO    ] Variable 'GPP_NT_CUT_16' might be missing from headers of file: /home/portnoy/u0/sytoanngo/ONEFlux/data/US-ARc_sample_output/99_fluxnet2015/FLX_US-ARc_FLUXNET2015_FULLSET_YY_2005-2006_beta-7.csv [oneflux.pipeline.common]
2025-07-23 11:48:02.329 [INFO    ] Variable 'GPP_NT_CUT_25' might be missing from headers of file: /home/portnoy/u0/sytoanngo/ONEFlux/data/US-ARc_sample_output/99_fluxnet2015/FLX_US-ARc_FLUXNET2015_FULLSET_YY_2005-2006_beta-7.csv [oneflux.pipeline.common]
2025-07-23 11:48:02.330 [INFO    ] Variable 'GPP_NT_CUT_50' might be missing from headers of file: /home/portnoy/u0/sytoanngo/ONEFlux/data/US-ARc_sample_output/99_fluxnet2015/FLX_US-ARc_FLUXNET2015_FULLSET_YY_2005-2006_beta-7.csv [oneflux.pipeline.common]
2025-07-23 11:48:02.330 [INFO    ] Variable 'GPP_NT_CUT_75' might be missing from headers of file: /home/portnoy/u0/sytoanngo/ONEFlux/data/US-ARc_sample_output/99_fluxnet2015/FLX_US-ARc_FLUXNET2015_FULLSET_YY_2005-2006_beta-7.csv [oneflux.pipeline.common]
2025-07-23 11:48:02.330 [INFO    ] Variable 'GPP_NT_CUT_84' might be missing from headers of file: /home/portnoy/u0/sytoanngo/ONEFlux/data/US-ARc_sample_output/99_fluxnet2015/FLX_US-ARc_FLUXNET2015_FULLSET_YY_2005-2006_beta-7.csv [oneflux.pipeline.common]
2025-07-23 11:48:02.330 [INFO    ] Variable 'GPP_NT_CUT_95' might be missing from headers of file: /home/portnoy/u0/sytoanngo/ONEFlux/data/US-ARc_sample_output/99_fluxnet2015/FLX_US-ARc_FLUXNET2015_FULLSET_YY_2005-2006_beta-7.csv [oneflux.pipeline.common]
2025-07-23 11:48:02.331 [INFO    ] Variable 'RECO_DT_CUT_05' might be missing from headers of file: /home/portnoy/u0/sytoanngo/ONEFlux/data/US-ARc_sample_output/99_fluxnet2015/FLX_US-ARc_FLUXNET2015_FULLSET_YY_2005-2006_beta-7.csv [oneflux.pipeline.common]
2025-07-23 11:48:02.331 [INFO    ] Variable 'RECO_DT_CUT_16' might be missing from headers of file: /home/portnoy/u0/sytoanngo/ONEFlux/data/US-ARc_sample_output/99_fluxnet2015/FLX_US-ARc_FLUXNET2015_FULLSET_YY_2005-2006_beta-7.csv [oneflux.pipeline.common]
2025-07-23 11:48:02.331 [INFO    ] Variable 'RECO_DT_CUT_25' might be missing from headers of file: /home/portnoy/u0/sytoanngo/ONEFlux/data/US-ARc_sample_output/99_fluxnet2015/FLX_US-ARc_FLUXNET2015_FULLSET_YY_2005-2006_beta-7.csv [oneflux.pipeline.common]
2025-07-23 11:48:02.331 [INFO    ] Variable 'RECO_DT_CUT_50' might be missing from headers of file: /home/portnoy/u0/sytoanngo/ONEFlux/data/US-ARc_sample_output/99_fluxnet2015/FLX_US-ARc_FLUXNET2015_FULLSET_YY_2005-2006_beta-7.csv [oneflux.pipeline.common]
2025-07-23 11:48:02.332 [INFO    ] Variable 'RECO_DT_CUT_75' might be missing from headers of file: /home/portnoy/u0/sytoanngo/ONEFlux/data/US-ARc_sample_output/99_fluxnet2015/FLX_US-ARc_FLUXNET2015_FULLSET_YY_2005-2006_beta-7.csv [oneflux.pipeline.common]
2025-07-23 11:48:02.332 [INFO    ] Variable 'RECO_DT_CUT_84' might be missing from headers of file: /home/portnoy/u0/sytoanngo/ONEFlux/data/US-ARc_sample_output/99_fluxnet2015/FLX_US-ARc_FLUXNET2015_FULLSET_YY_2005-2006_beta-7.csv [oneflux.pipeline.common]
2025-07-23 11:48:02.332 [INFO    ] Variable 'RECO_DT_CUT_95' might be missing from headers of file: /home/portnoy/u0/sytoanngo/ONEFlux/data/US-ARc_sample_output/99_fluxnet2015/FLX_US-ARc_FLUXNET2015_FULLSET_YY_2005-2006_beta-7.csv [oneflux.pipeline.common]
2025-07-23 11:48:02.332 [INFO    ] Variable 'GPP_DT_CUT_05' might be missing from headers of file: /home/portnoy/u0/sytoanngo/ONEFlux/data/US-ARc_sample_output/99_fluxnet2015/FLX_US-ARc_FLUXNET2015_FULLSET_YY_2005-2006_beta-7.csv [oneflux.pipeline.common]
2025-07-23 11:48:02.333 [INFO    ] Variable 'GPP_DT_CUT_16' might be missing from headers of file: /home/portnoy/u0/sytoanngo/ONEFlux/data/US-ARc_sample_output/99_fluxnet2015/FLX_US-ARc_FLUXNET2015_FULLSET_YY_2005-2006_beta-7.csv [oneflux.pipeline.common]
2025-07-23 11:48:02.333 [INFO    ] Variable 'GPP_DT_CUT_25' might be missing from headers of file: /home/portnoy/u0/sytoanngo/ONEFlux/data/US-ARc_sample_output/99_fluxnet2015/FLX_US-ARc_FLUXNET2015_FULLSET_YY_2005-2006_beta-7.csv [oneflux.pipeline.common]
2025-07-23 11:48:02.333 [INFO    ] Variable 'GPP_DT_CUT_50' might be missing from headers of file: /home/portnoy/u0/sytoanngo/ONEFlux/data/US-ARc_sample_output/99_fluxnet2015/FLX_US-ARc_FLUXNET2015_FULLSET_YY_2005-2006_beta-7.csv [oneflux.pipeline.common]
2025-07-23 11:48:02.333 [INFO    ] Variable 'GPP_DT_CUT_75' might be missing from headers of file: /home/portnoy/u0/sytoanngo/ONEFlux/data/US-ARc_sample_output/99_fluxnet2015/FLX_US-ARc_FLUXNET2015_FULLSET_YY_2005-2006_beta-7.csv [oneflux.pipeline.common]
2025-07-23 11:48:02.334 [INFO    ] Variable 'GPP_DT_CUT_84' might be missing from headers of file: /home/portnoy/u0/sytoanngo/ONEFlux/data/US-ARc_sample_output/99_fluxnet2015/FLX_US-ARc_FLUXNET2015_FULLSET_YY_2005-2006_beta-7.csv [oneflux.pipeline.common]
2025-07-23 11:48:02.334 [INFO    ] Variable 'GPP_DT_CUT_95' might be missing from headers of file: /home/portnoy/u0/sytoanngo/ONEFlux/data/US-ARc_sample_output/99_fluxnet2015/FLX_US-ARc_FLUXNET2015_FULLSET_YY_2005-2006_beta-7.csv [oneflux.pipeline.common]
2025-07-23 11:48:02.334 [INFO    ] Pipeline fluxnet2015 execution finished [oneflux.pipeline.wrappers]
2025-07-23 11:48:02.355 [INFO    ] US-ARc Pipeline run time 3:51:16.776769 (2025-07-23 07:56:45.558154 --- 2025-07-23 11:48:02.334923) [oneflux.pipeline.wrappers]
2025-07-23 11:48:02.360 [INFO    ] US-ARc Pipeline: execution finished [oneflux.pipeline.wrappers]
2025-07-23 11:48:02.360 [INFO    ] Finished processing site dir /home/portnoy/u0/sytoanngo/ONEFlux/data/US-ARc_sample_output [oneflux.tools.pipeline]
2025-07-23 11:48:02.360 [INFO    ] Finished execution: all [__main__]
