2025-07-23 13:32:33.181 [INFO    ] Variable 'SWC_F_MDS_6_QC' might be missing from headers of file: /global/scratch/users/sytoanngo/data/RoundRobin_input/RR-002/99_fluxnet2015/FLX_RR-002_FLUXNET2015_FULLSET_YY_2020-2024_1-RR.csv [oneflux.pipeline.common]
2025-07-23 13:32:33.181 [INFO    ] Variable 'SWC_F_MDS_7_QC' might be missing from headers of file: /global/scratch/users/sytoanngo/data/RoundRobin_input/RR-002/99_fluxnet2015/FLX_RR-002_FLUXNET2015_FULLSET_YY_2020-2024_1-RR.csv [oneflux.pipeline.common]
2025-07-23 13:32:33.181 [INFO    ] Variable 'SWC_F_MDS_8_QC' might be missing from headers of file: /global/scratch/users/sytoanngo/data/RoundRobin_input/RR-002/99_fluxnet2015/FLX_RR-002_FLUXNET2015_FULLSET_YY_2020-2024_1-RR.csv [oneflux.pipeline.common]
2025-07-23 13:32:33.181 [INFO    ] Variable 'SWC_F_MDS_9_QC' might be missing from headers of file: /global/scratch/users/sytoanngo/data/RoundRobin_input/RR-002/99_fluxnet2015/FLX_RR-002_FLUXNET2015_FULLSET_YY_2020-2024_1-RR.csv [oneflux.pipeline.common]
2025-07-23 13:32:33.181 [INFO    ] Variable 'SWC_F_MDS_10_QC' might be missing from headers of file: /global/scratch/users/sytoanngo/data/RoundRobin_input/RR-002/99_fluxnet2015/FLX_RR-002_FLUXNET2015_FULLSET_YY_2020-2024_1-RR.csv [oneflux.pipeline.common]
2025-07-23 13:32:33.181 [INFO    ] Variable 'SWC_F_MDS_11_QC' might be missing from headers of file: /global/scratch/users/sytoanngo/data/RoundRobin_input/RR-002/99_fluxnet2015/FLX_RR-002_FLUXNET2015_FULLSET_YY_2020-2024_1-RR.csv [oneflux.pipeline.common]
2025-07-23 13:32:33.181 [INFO    ] Variable 'SWC_F_MDS_12_QC' might be missing from headers of file: /global/scratch/users/sytoanngo/data/RoundRobin_input/RR-002/99_fluxnet2015/FLX_RR-002_FLUXNET2015_FULLSET_YY_2020-2024_1-RR.csv [oneflux.pipeline.common]
2025-07-23 13:32:33.181 [INFO    ] Variable 'SWC_F_MDS_13_QC' might be missing from headers of file: /global/scratch/users/sytoanngo/data/RoundRobin_input/RR-002/99_fluxnet2015/FLX_RR-002_FLUXNET2015_FULLSET_YY_2020-2024_1-RR.csv [oneflux.pipeline.common]
2025-07-23 13:32:33.181 [INFO    ] Variable 'SWC_F_MDS_14_QC' might be missing from headers of file: /global/scratch/users/sytoanngo/data/RoundRobin_input/RR-002/99_fluxnet2015/FLX_RR-002_FLUXNET2015_FULLSET_YY_2020-2024_1-RR.csv [oneflux.pipeline.common]
2025-07-23 13:32:33.182 [INFO    ] Variable 'SWC_F_MDS_15_QC' might be missing from headers of file: /global/scratch/users/sytoanngo/data/RoundRobin_input/RR-002/99_fluxnet2015/FLX_RR-002_FLUXNET2015_FULLSET_YY_2020-2024_1-RR.csv [oneflux.pipeline.common]
2025-07-23 13:32:33.182 [INFO    ] Variable 'SWC_F_MDS_16_QC' might be missing from headers of file: /global/scratch/users/sytoanngo/data/RoundRobin_input/RR-002/99_fluxnet2015/FLX_RR-002_FLUXNET2015_FULLSET_YY_2020-2024_1-RR.csv [oneflux.pipeline.common]
2025-07-23 13:32:33.182 [INFO    ] Variable 'SWC_F_MDS_17_QC' might be missing from headers of file: /global/scratch/users/sytoanngo/data/RoundRobin_input/RR-002/99_fluxnet2015/FLX_RR-002_FLUXNET2015_FULLSET_YY_2020-2024_1-RR.csv [oneflux.pipeline.common]
2025-07-23 13:32:33.182 [INFO    ] Variable 'SWC_F_MDS_18_QC' might be missing from headers of file: /global/scratch/users/sytoanngo/data/RoundRobin_input/RR-002/99_fluxnet2015/FLX_RR-002_FLUXNET2015_FULLSET_YY_2020-2024_1-RR.csv [oneflux.pipeline.common]
2025-07-23 13:32:33.182 [INFO    ] Variable 'SWC_F_MDS_19_QC' might be missing from headers of file: /global/scratch/users/sytoanngo/data/RoundRobin_input/RR-002/99_fluxnet2015/FLX_RR-002_FLUXNET2015_FULLSET_YY_2020-2024_1-RR.csv [oneflux.pipeline.common]
2025-07-23 13:32:33.183 [ERROR   ] Variable 'NETRAD' missing from headers of file: /global/scratch/users/sytoanngo/data/RoundRobin_input/RR-002/99_fluxnet2015/FLX_RR-002_FLUXNET2015_FULLSET_YY_2020-2024_1-RR.csv [oneflux.pipeline.common]
2025-07-23 13:32:33.184 [INFO    ] Variable 'NETRAD_QC' might be missing from headers of file: /global/scratch/users/sytoanngo/data/RoundRobin_input/RR-002/99_fluxnet2015/FLX_RR-002_FLUXNET2015_FULLSET_YY_2020-2024_1-RR.csv [oneflux.pipeline.common]
2025-07-23 13:32:33.184 [INFO    ] Variable 'PPFD_DIF' might be missing from headers of file: /global/scratch/users/sytoanngo/data/RoundRobin_input/RR-002/99_fluxnet2015/FLX_RR-002_FLUXNET2015_FULLSET_YY_2020-2024_1-RR.csv [oneflux.pipeline.common]
2025-07-23 13:32:33.184 [INFO    ] Variable 'PPFD_DIF_QC' might be missing from headers of file: /global/scratch/users/sytoanngo/data/RoundRobin_input/RR-002/99_fluxnet2015/FLX_RR-002_FLUXNET2015_FULLSET_YY_2020-2024_1-RR.csv [oneflux.pipeline.common]
2025-07-23 13:32:33.184 [INFO    ] Variable 'PA' might be missing from headers of file: /global/scratch/users/sytoanngo/data/RoundRobin_input/RR-002/99_fluxnet2015/FLX_RR-002_FLUXNET2015_FULLSET_YY_2020-2024_1-RR.csv [oneflux.pipeline.common]
2025-07-23 13:32:33.184 [INFO    ] Variable 'SW_IN_POT' might be missing from headers of file: /global/scratch/users/sytoanngo/data/RoundRobin_input/RR-002/99_fluxnet2015/FLX_RR-002_FLUXNET2015_FULLSET_YY_2020-2024_1-RR.csv [oneflux.pipeline.common]
2025-07-23 13:32:33.184 [INFO    ] Variable 'P' might be missing from headers of file: /global/scratch/users/sytoanngo/data/RoundRobin_input/RR-002/99_fluxnet2015/FLX_RR-002_FLUXNET2015_FULLSET_YY_2020-2024_1-RR.csv [oneflux.pipeline.common]
2025-07-23 13:32:33.184 [INFO    ] Variable 'WS' might be missing from headers of file: /global/scratch/users/sytoanngo/data/RoundRobin_input/RR-002/99_fluxnet2015/FLX_RR-002_FLUXNET2015_FULLSET_YY_2020-2024_1-RR.csv [oneflux.pipeline.common]
2025-07-23 13:32:33.184 [INFO    ] Variable 'WD' might be missing from headers of file: /global/scratch/users/sytoanngo/data/RoundRobin_input/RR-002/99_fluxnet2015/FLX_RR-002_FLUXNET2015_FULLSET_YY_2020-2024_1-RR.csv [oneflux.pipeline.common]
2025-07-23 13:32:33.184 [INFO    ] Variable 'RH' might be missing from headers of file: /global/scratch/users/sytoanngo/data/RoundRobin_input/RR-002/99_fluxnet2015/FLX_RR-002_FLUXNET2015_FULLSET_YY_2020-2024_1-RR.csv [oneflux.pipeline.common]
2025-07-23 13:32:33.185 [INFO    ] Variable 'LE_CORR_25' might be missing from headers of file: /global/scratch/users/sytoanngo/data/RoundRobin_input/RR-002/99_fluxnet2015/FLX_RR-002_FLUXNET2015_FULLSET_YY_2020-2024_1-RR.csv [oneflux.pipeline.common]
2025-07-23 13:32:33.185 [INFO    ] Variable 'LE_CORR_75' might be missing from headers of file: /global/scratch/users/sytoanngo/data/RoundRobin_input/RR-002/99_fluxnet2015/FLX_RR-002_FLUXNET2015_FULLSET_YY_2020-2024_1-RR.csv [oneflux.pipeline.common]
2025-07-23 13:32:33.185 [INFO    ] Variable 'LE_RANDUNC_METHOD' might be missing from headers of file: /global/scratch/users/sytoanngo/data/RoundRobin_input/RR-002/99_fluxnet2015/FLX_RR-002_FLUXNET2015_FULLSET_YY_2020-2024_1-RR.csv [oneflux.pipeline.common]
2025-07-23 13:32:33.185 [INFO    ] Variable 'LE_RANDUNC_N' might be missing from headers of file: /global/scratch/users/sytoanngo/data/RoundRobin_input/RR-002/99_fluxnet2015/FLX_RR-002_FLUXNET2015_FULLSET_YY_2020-2024_1-RR.csv [oneflux.pipeline.common]
2025-07-23 13:32:33.185 [INFO    ] Variable 'LE_CORR_JOINTUNC' might be missing from headers of file: /global/scratch/users/sytoanngo/data/RoundRobin_input/RR-002/99_fluxnet2015/FLX_RR-002_FLUXNET2015_FULLSET_YY_2020-2024_1-RR.csv [oneflux.pipeline.common]
2025-07-23 13:32:33.185 [INFO    ] Variable 'H_CORR_25' might be missing from headers of file: /global/scratch/users/sytoanngo/data/RoundRobin_input/RR-002/99_fluxnet2015/FLX_RR-002_FLUXNET2015_FULLSET_YY_2020-2024_1-RR.csv [oneflux.pipeline.common]
2025-07-23 13:32:33.185 [INFO    ] Variable 'H_CORR_75' might be missing from headers of file: /global/scratch/users/sytoanngo/data/RoundRobin_input/RR-002/99_fluxnet2015/FLX_RR-002_FLUXNET2015_FULLSET_YY_2020-2024_1-RR.csv [oneflux.pipeline.common]
2025-07-23 13:32:33.185 [INFO    ] Variable 'H_RANDUNC_METHOD' might be missing from headers of file: /global/scratch/users/sytoanngo/data/RoundRobin_input/RR-002/99_fluxnet2015/FLX_RR-002_FLUXNET2015_FULLSET_YY_2020-2024_1-RR.csv [oneflux.pipeline.common]
2025-07-23 13:32:33.185 [INFO    ] Variable 'H_RANDUNC_N' might be missing from headers of file: /global/scratch/users/sytoanngo/data/RoundRobin_input/RR-002/99_fluxnet2015/FLX_RR-002_FLUXNET2015_FULLSET_YY_2020-2024_1-RR.csv [oneflux.pipeline.common]
2025-07-23 13:32:33.185 [INFO    ] Variable 'H_CORR_JOINTUNC' might be missing from headers of file: /global/scratch/users/sytoanngo/data/RoundRobin_input/RR-002/99_fluxnet2015/FLX_RR-002_FLUXNET2015_FULLSET_YY_2020-2024_1-RR.csv [oneflux.pipeline.common]
2025-07-23 13:32:33.186 [INFO    ] Variable 'TS_F_MDS_6' might be missing from headers of file: /global/scratch/users/sytoanngo/data/RoundRobin_input/RR-002/99_fluxnet2015/FLX_RR-002_FLUXNET2015_FULLSET_YY_2020-2024_1-RR.csv [oneflux.pipeline.common]
2025-07-23 13:32:33.186 [INFO    ] Variable 'TS_F_MDS_7' might be missing from headers of file: /global/scratch/users/sytoanngo/data/RoundRobin_input/RR-002/99_fluxnet2015/FLX_RR-002_FLUXNET2015_FULLSET_YY_2020-2024_1-RR.csv [oneflux.pipeline.common]
2025-07-23 13:32:33.186 [INFO    ] Variable 'TS_F_MDS_8' might be missing from headers of file: /global/scratch/users/sytoanngo/data/RoundRobin_input/RR-002/99_fluxnet2015/FLX_RR-002_FLUXNET2015_FULLSET_YY_2020-2024_1-RR.csv [oneflux.pipeline.common]
2025-07-23 13:32:33.186 [INFO    ] Variable 'TS_F_MDS_9' might be missing from headers of file: /global/scratch/users/sytoanngo/data/RoundRobin_input/RR-002/99_fluxnet2015/FLX_RR-002_FLUXNET2015_FULLSET_YY_2020-2024_1-RR.csv [oneflux.pipeline.common]
2025-07-23 13:32:33.186 [INFO    ] Variable 'TS_F_MDS_10' might be missing from headers of file: /global/scratch/users/sytoanngo/data/RoundRobin_input/RR-002/99_fluxnet2015/FLX_RR-002_FLUXNET2015_FULLSET_YY_2020-2024_1-RR.csv [oneflux.pipeline.common]
2025-07-23 13:32:33.186 [INFO    ] Variable 'TS_F_MDS_11' might be missing from headers of file: /global/scratch/users/sytoanngo/data/RoundRobin_input/RR-002/99_fluxnet2015/FLX_RR-002_FLUXNET2015_FULLSET_YY_2020-2024_1-RR.csv [oneflux.pipeline.common]
2025-07-23 13:32:33.186 [INFO    ] Variable 'TS_F_MDS_12' might be missing from headers of file: /global/scratch/users/sytoanngo/data/RoundRobin_input/RR-002/99_fluxnet2015/FLX_RR-002_FLUXNET2015_FULLSET_YY_2020-2024_1-RR.csv [oneflux.pipeline.common]
2025-07-23 13:32:33.186 [INFO    ] Variable 'TS_F_MDS_13' might be missing from headers of file: /global/scratch/users/sytoanngo/data/RoundRobin_input/RR-002/99_fluxnet2015/FLX_RR-002_FLUXNET2015_FULLSET_YY_2020-2024_1-RR.csv [oneflux.pipeline.common]
2025-07-23 13:32:33.186 [INFO    ] Variable 'TS_F_MDS_14' might be missing from headers of file: /global/scratch/users/sytoanngo/data/RoundRobin_input/RR-002/99_fluxnet2015/FLX_RR-002_FLUXNET2015_FULLSET_YY_2020-2024_1-RR.csv [oneflux.pipeline.common]
2025-07-23 13:32:33.186 [INFO    ] Variable 'TS_F_MDS_15' might be missing from headers of file: /global/scratch/users/sytoanngo/data/RoundRobin_input/RR-002/99_fluxnet2015/FLX_RR-002_FLUXNET2015_FULLSET_YY_2020-2024_1-RR.csv [oneflux.pipeline.common]
2025-07-23 13:32:33.187 [INFO    ] Variable 'TS_F_MDS_16' might be missing from headers of file: /global/scratch/users/sytoanngo/data/RoundRobin_input/RR-002/99_fluxnet2015/FLX_RR-002_FLUXNET2015_FULLSET_YY_2020-2024_1-RR.csv [oneflux.pipeline.common]
2025-07-23 13:32:33.187 [INFO    ] Variable 'TS_F_MDS_17' might be missing from headers of file: /global/scratch/users/sytoanngo/data/RoundRobin_input/RR-002/99_fluxnet2015/FLX_RR-002_FLUXNET2015_FULLSET_YY_2020-2024_1-RR.csv [oneflux.pipeline.common]
2025-07-23 13:32:33.187 [INFO    ] Variable 'TS_F_MDS_18' might be missing from headers of file: /global/scratch/users/sytoanngo/data/RoundRobin_input/RR-002/99_fluxnet2015/FLX_RR-002_FLUXNET2015_FULLSET_YY_2020-2024_1-RR.csv [oneflux.pipeline.common]
2025-07-23 13:32:33.187 [INFO    ] Variable 'TS_F_MDS_19' might be missing from headers of file: /global/scratch/users/sytoanngo/data/RoundRobin_input/RR-002/99_fluxnet2015/FLX_RR-002_FLUXNET2015_FULLSET_YY_2020-2024_1-RR.csv [oneflux.pipeline.common]
2025-07-23 13:32:33.187 [INFO    ] Variable 'TS_F_MDS_6_QC' might be missing from headers of file: /global/scratch/users/sytoanngo/data/RoundRobin_input/RR-002/99_fluxnet2015/FLX_RR-002_FLUXNET2015_FULLSET_YY_2020-2024_1-RR.csv [oneflux.pipeline.common]
2025-07-23 13:32:33.187 [INFO    ] Variable 'TS_F_MDS_7_QC' might be missing from headers of file: /global/scratch/users/sytoanngo/data/RoundRobin_input/RR-002/99_fluxnet2015/FLX_RR-002_FLUXNET2015_FULLSET_YY_2020-2024_1-RR.csv [oneflux.pipeline.common]
2025-07-23 13:32:33.187 [INFO    ] Variable 'TS_F_MDS_8_QC' might be missing from headers of file: /global/scratch/users/sytoanngo/data/RoundRobin_input/RR-002/99_fluxnet2015/FLX_RR-002_FLUXNET2015_FULLSET_YY_2020-2024_1-RR.csv [oneflux.pipeline.common]
2025-07-23 13:32:33.187 [INFO    ] Variable 'TS_F_MDS_9_QC' might be missing from headers of file: /global/scratch/users/sytoanngo/data/RoundRobin_input/RR-002/99_fluxnet2015/FLX_RR-002_FLUXNET2015_FULLSET_YY_2020-2024_1-RR.csv [oneflux.pipeline.common]
2025-07-23 13:32:33.187 [INFO    ] Variable 'TS_F_MDS_10_QC' might be missing from headers of file: /global/scratch/users/sytoanngo/data/RoundRobin_input/RR-002/99_fluxnet2015/FLX_RR-002_FLUXNET2015_FULLSET_YY_2020-2024_1-RR.csv [oneflux.pipeline.common]
2025-07-23 13:32:33.187 [INFO    ] Variable 'TS_F_MDS_11_QC' might be missing from headers of file: /global/scratch/users/sytoanngo/data/RoundRobin_input/RR-002/99_fluxnet2015/FLX_RR-002_FLUXNET2015_FULLSET_YY_2020-2024_1-RR.csv [oneflux.pipeline.common]
2025-07-23 13:32:33.188 [INFO    ] Variable 'TS_F_MDS_12_QC' might be missing from headers of file: /global/scratch/users/sytoanngo/data/RoundRobin_input/RR-002/99_fluxnet2015/FLX_RR-002_FLUXNET2015_FULLSET_YY_2020-2024_1-RR.csv [oneflux.pipeline.common]
2025-07-23 13:32:33.188 [INFO    ] Variable 'TS_F_MDS_13_QC' might be missing from headers of file: /global/scratch/users/sytoanngo/data/RoundRobin_input/RR-002/99_fluxnet2015/FLX_RR-002_FLUXNET2015_FULLSET_YY_2020-2024_1-RR.csv [oneflux.pipeline.common]
2025-07-23 13:32:33.188 [INFO    ] Variable 'TS_F_MDS_14_QC' might be missing from headers of file: /global/scratch/users/sytoanngo/data/RoundRobin_input/RR-002/99_fluxnet2015/FLX_RR-002_FLUXNET2015_FULLSET_YY_2020-2024_1-RR.csv [oneflux.pipeline.common]
2025-07-23 13:32:33.188 [INFO    ] Variable 'TS_F_MDS_15_QC' might be missing from headers of file: /global/scratch/users/sytoanngo/data/RoundRobin_input/RR-002/99_fluxnet2015/FLX_RR-002_FLUXNET2015_FULLSET_YY_2020-2024_1-RR.csv [oneflux.pipeline.common]
2025-07-23 13:32:33.188 [INFO    ] Variable 'TS_F_MDS_16_QC' might be missing from headers of file: /global/scratch/users/sytoanngo/data/RoundRobin_input/RR-002/99_fluxnet2015/FLX_RR-002_FLUXNET2015_FULLSET_YY_2020-2024_1-RR.csv [oneflux.pipeline.common]
2025-07-23 13:32:33.188 [INFO    ] Variable 'TS_F_MDS_17_QC' might be missing from headers of file: /global/scratch/users/sytoanngo/data/RoundRobin_input/RR-002/99_fluxnet2015/FLX_RR-002_FLUXNET2015_FULLSET_YY_2020-2024_1-RR.csv [oneflux.pipeline.common]
2025-07-23 13:32:33.188 [INFO    ] Variable 'TS_F_MDS_18_QC' might be missing from headers of file: /global/scratch/users/sytoanngo/data/RoundRobin_input/RR-002/99_fluxnet2015/FLX_RR-002_FLUXNET2015_FULLSET_YY_2020-2024_1-RR.csv [oneflux.pipeline.common]
2025-07-23 13:32:33.188 [INFO    ] Variable 'TS_F_MDS_19_QC' might be missing from headers of file: /global/scratch/users/sytoanngo/data/RoundRobin_input/RR-002/99_fluxnet2015/FLX_RR-002_FLUXNET2015_FULLSET_YY_2020-2024_1-RR.csv [oneflux.pipeline.common]
2025-07-23 13:32:33.188 [INFO    ] Variable 'SWC_F_MDS_4' might be missing from headers of file: /global/scratch/users/sytoanngo/data/RoundRobin_input/RR-002/99_fluxnet2015/FLX_RR-002_FLUXNET2015_FULLSET_YY_2020-2024_1-RR.csv [oneflux.pipeline.common]
2025-07-23 13:32:33.189 [INFO    ] Variable 'SWC_F_MDS_5' might be missing from headers of file: /global/scratch/users/sytoanngo/data/RoundRobin_input/RR-002/99_fluxnet2015/FLX_RR-002_FLUXNET2015_FULLSET_YY_2020-2024_1-RR.csv [oneflux.pipeline.common]
2025-07-23 13:32:33.189 [INFO    ] Variable 'SWC_F_MDS_6' might be missing from headers of file: /global/scratch/users/sytoanngo/data/RoundRobin_input/RR-002/99_fluxnet2015/FLX_RR-002_FLUXNET2015_FULLSET_YY_2020-2024_1-RR.csv [oneflux.pipeline.common]
2025-07-23 13:32:33.189 [INFO    ] Variable 'SWC_F_MDS_7' might be missing from headers of file: /global/scratch/users/sytoanngo/data/RoundRobin_input/RR-002/99_fluxnet2015/FLX_RR-002_FLUXNET2015_FULLSET_YY_2020-2024_1-RR.csv [oneflux.pipeline.common]
2025-07-23 13:32:33.189 [INFO    ] Variable 'SWC_F_MDS_8' might be missing from headers of file: /global/scratch/users/sytoanngo/data/RoundRobin_input/RR-002/99_fluxnet2015/FLX_RR-002_FLUXNET2015_FULLSET_YY_2020-2024_1-RR.csv [oneflux.pipeline.common]
2025-07-23 13:32:33.189 [INFO    ] Variable 'SWC_F_MDS_9' might be missing from headers of file: /global/scratch/users/sytoanngo/data/RoundRobin_input/RR-002/99_fluxnet2015/FLX_RR-002_FLUXNET2015_FULLSET_YY_2020-2024_1-RR.csv [oneflux.pipeline.common]
2025-07-23 13:32:33.189 [INFO    ] Variable 'SWC_F_MDS_10' might be missing from headers of file: /global/scratch/users/sytoanngo/data/RoundRobin_input/RR-002/99_fluxnet2015/FLX_RR-002_FLUXNET2015_FULLSET_YY_2020-2024_1-RR.csv [oneflux.pipeline.common]
2025-07-23 13:32:33.189 [INFO    ] Variable 'SWC_F_MDS_11' might be missing from headers of file: /global/scratch/users/sytoanngo/data/RoundRobin_input/RR-002/99_fluxnet2015/FLX_RR-002_FLUXNET2015_FULLSET_YY_2020-2024_1-RR.csv [oneflux.pipeline.common]
2025-07-23 13:32:33.189 [INFO    ] Variable 'SWC_F_MDS_12' might be missing from headers of file: /global/scratch/users/sytoanngo/data/RoundRobin_input/RR-002/99_fluxnet2015/FLX_RR-002_FLUXNET2015_FULLSET_YY_2020-2024_1-RR.csv [oneflux.pipeline.common]
2025-07-23 13:32:33.189 [INFO    ] Variable 'SWC_F_MDS_13' might be missing from headers of file: /global/scratch/users/sytoanngo/data/RoundRobin_input/RR-002/99_fluxnet2015/FLX_RR-002_FLUXNET2015_FULLSET_YY_2020-2024_1-RR.csv [oneflux.pipeline.common]
2025-07-23 13:32:33.189 [INFO    ] Variable 'SWC_F_MDS_14' might be missing from headers of file: /global/scratch/users/sytoanngo/data/RoundRobin_input/RR-002/99_fluxnet2015/FLX_RR-002_FLUXNET2015_FULLSET_YY_2020-2024_1-RR.csv [oneflux.pipeline.common]
2025-07-23 13:32:33.190 [INFO    ] Variable 'SWC_F_MDS_15' might be missing from headers of file: /global/scratch/users/sytoanngo/data/RoundRobin_input/RR-002/99_fluxnet2015/FLX_RR-002_FLUXNET2015_FULLSET_YY_2020-2024_1-RR.csv [oneflux.pipeline.common]
2025-07-23 13:32:33.190 [INFO    ] Variable 'SWC_F_MDS_16' might be missing from headers of file: /global/scratch/users/sytoanngo/data/RoundRobin_input/RR-002/99_fluxnet2015/FLX_RR-002_FLUXNET2015_FULLSET_YY_2020-2024_1-RR.csv [oneflux.pipeline.common]
2025-07-23 13:32:33.190 [INFO    ] Variable 'SWC_F_MDS_17' might be missing from headers of file: /global/scratch/users/sytoanngo/data/RoundRobin_input/RR-002/99_fluxnet2015/FLX_RR-002_FLUXNET2015_FULLSET_YY_2020-2024_1-RR.csv [oneflux.pipeline.common]
2025-07-23 13:32:33.190 [INFO    ] Variable 'SWC_F_MDS_18' might be missing from headers of file: /global/scratch/users/sytoanngo/data/RoundRobin_input/RR-002/99_fluxnet2015/FLX_RR-002_FLUXNET2015_FULLSET_YY_2020-2024_1-RR.csv [oneflux.pipeline.common]
2025-07-23 13:32:33.190 [INFO    ] Variable 'SWC_F_MDS_19' might be missing from headers of file: /global/scratch/users/sytoanngo/data/RoundRobin_input/RR-002/99_fluxnet2015/FLX_RR-002_FLUXNET2015_FULLSET_YY_2020-2024_1-RR.csv [oneflux.pipeline.common]
2025-07-23 13:32:33.190 [INFO    ] Variable 'SWC_F_MDS_4_QC' might be missing from headers of file: /global/scratch/users/sytoanngo/data/RoundRobin_input/RR-002/99_fluxnet2015/FLX_RR-002_FLUXNET2015_FULLSET_YY_2020-2024_1-RR.csv [oneflux.pipeline.common]
2025-07-23 13:32:33.190 [INFO    ] Variable 'SWC_F_MDS_5_QC' might be missing from headers of file: /global/scratch/users/sytoanngo/data/RoundRobin_input/RR-002/99_fluxnet2015/FLX_RR-002_FLUXNET2015_FULLSET_YY_2020-2024_1-RR.csv [oneflux.pipeline.common]
2025-07-23 13:32:33.190 [INFO    ] Variable 'SWC_F_MDS_6_QC' might be missing from headers of file: /global/scratch/users/sytoanngo/data/RoundRobin_input/RR-002/99_fluxnet2015/FLX_RR-002_FLUXNET2015_FULLSET_YY_2020-2024_1-RR.csv [oneflux.pipeline.common]
2025-07-23 13:32:33.190 [INFO    ] Variable 'SWC_F_MDS_7_QC' might be missing from headers of file: /global/scratch/users/sytoanngo/data/RoundRobin_input/RR-002/99_fluxnet2015/FLX_RR-002_FLUXNET2015_FULLSET_YY_2020-2024_1-RR.csv [oneflux.pipeline.common]
2025-07-23 13:32:33.190 [INFO    ] Variable 'SWC_F_MDS_8_QC' might be missing from headers of file: /global/scratch/users/sytoanngo/data/RoundRobin_input/RR-002/99_fluxnet2015/FLX_RR-002_FLUXNET2015_FULLSET_YY_2020-2024_1-RR.csv [oneflux.pipeline.common]
2025-07-23 13:32:33.191 [INFO    ] Variable 'SWC_F_MDS_9_QC' might be missing from headers of file: /global/scratch/users/sytoanngo/data/RoundRobin_input/RR-002/99_fluxnet2015/FLX_RR-002_FLUXNET2015_FULLSET_YY_2020-2024_1-RR.csv [oneflux.pipeline.common]
2025-07-23 13:32:33.191 [INFO    ] Variable 'SWC_F_MDS_10_QC' might be missing from headers of file: /global/scratch/users/sytoanngo/data/RoundRobin_input/RR-002/99_fluxnet2015/FLX_RR-002_FLUXNET2015_FULLSET_YY_2020-2024_1-RR.csv [oneflux.pipeline.common]
2025-07-23 13:32:33.191 [INFO    ] Variable 'SWC_F_MDS_11_QC' might be missing from headers of file: /global/scratch/users/sytoanngo/data/RoundRobin_input/RR-002/99_fluxnet2015/FLX_RR-002_FLUXNET2015_FULLSET_YY_2020-2024_1-RR.csv [oneflux.pipeline.common]
2025-07-23 13:32:33.191 [INFO    ] Variable 'SWC_F_MDS_12_QC' might be missing from headers of file: /global/scratch/users/sytoanngo/data/RoundRobin_input/RR-002/99_fluxnet2015/FLX_RR-002_FLUXNET2015_FULLSET_YY_2020-2024_1-RR.csv [oneflux.pipeline.common]
2025-07-23 13:32:33.191 [INFO    ] Variable 'SWC_F_MDS_13_QC' might be missing from headers of file: /global/scratch/users/sytoanngo/data/RoundRobin_input/RR-002/99_fluxnet2015/FLX_RR-002_FLUXNET2015_FULLSET_YY_2020-2024_1-RR.csv [oneflux.pipeline.common]
2025-07-23 13:32:33.191 [INFO    ] Variable 'SWC_F_MDS_14_QC' might be missing from headers of file: /global/scratch/users/sytoanngo/data/RoundRobin_input/RR-002/99_fluxnet2015/FLX_RR-002_FLUXNET2015_FULLSET_YY_2020-2024_1-RR.csv [oneflux.pipeline.common]
2025-07-23 13:32:33.191 [INFO    ] Variable 'SWC_F_MDS_15_QC' might be missing from headers of file: /global/scratch/users/sytoanngo/data/RoundRobin_input/RR-002/99_fluxnet2015/FLX_RR-002_FLUXNET2015_FULLSET_YY_2020-2024_1-RR.csv [oneflux.pipeline.common]
2025-07-23 13:32:33.191 [INFO    ] Variable 'SWC_F_MDS_16_QC' might be missing from headers of file: /global/scratch/users/sytoanngo/data/RoundRobin_input/RR-002/99_fluxnet2015/FLX_RR-002_FLUXNET2015_FULLSET_YY_2020-2024_1-RR.csv [oneflux.pipeline.common]
2025-07-23 13:32:33.191 [INFO    ] Variable 'SWC_F_MDS_17_QC' might be missing from headers of file: /global/scratch/users/sytoanngo/data/RoundRobin_input/RR-002/99_fluxnet2015/FLX_RR-002_FLUXNET2015_FULLSET_YY_2020-2024_1-RR.csv [oneflux.pipeline.common]
2025-07-23 13:32:33.191 [INFO    ] Variable 'SWC_F_MDS_18_QC' might be missing from headers of file: /global/scratch/users/sytoanngo/data/RoundRobin_input/RR-002/99_fluxnet2015/FLX_RR-002_FLUXNET2015_FULLSET_YY_2020-2024_1-RR.csv [oneflux.pipeline.common]
2025-07-23 13:32:33.192 [INFO    ] Variable 'SWC_F_MDS_19_QC' might be missing from headers of file: /global/scratch/users/sytoanngo/data/RoundRobin_input/RR-002/99_fluxnet2015/FLX_RR-002_FLUXNET2015_FULLSET_YY_2020-2024_1-RR.csv [oneflux.pipeline.common]
2025-07-23 13:32:33.192 [CRITICAL] Missing variables in FLUXNET2015 FULLSET output for site RR-002 [oneflux.pipeline.wrappers]
2025-07-23 13:32:33.192 [INFO    ] Pipeline fluxnet2015 execution finished [oneflux.pipeline.wrappers]
2025-07-23 13:32:33.192 [INFO    ] RR-002 Pipeline run time 4:38:23.108478 (2025-07-23 08:54:10.083995 --- 2025-07-23 13:32:33.192473) [oneflux.pipeline.wrappers]
2025-07-23 13:32:33.193 [INFO    ] RR-002 Pipeline: execution finished [oneflux.pipeline.wrappers]
2025-07-23 13:32:33.193 [INFO    ] Finished processing site dir /global/scratch/users/sytoanngo/data/RoundRobin_input/RR-002 [oneflux.tools.pipeline]
2025-07-23 13:32:33.193 [INFO    ] Finished execution: all [__main__]
